 ClubServer

 Timestamp is 651e7f9e (Thu Oct  5 17:19:26 2023)

 Preferred load address is 00400000

 Start         Length     Name                   Class
 0001:00000000 00000050H .text$di                CODE
 0001:00000050 00020b20H .text$mn                CODE
 0001:00020b70 000016d0H .text$x                 CODE
 0001:00022240 00000025H .text$yd                CODE
 0002:00000000 000005a0H .idata$5                DATA
 0002:000005a0 00000004H .00cfg                  DATA
 0002:000005a4 00000004H .CRT$XCA                DATA
 0002:000005a8 00000004H .CRT$XCAA               DATA
 0002:000005ac 00000008H .CRT$XCL                DATA
 0002:000005b4 00000004H .CRT$XCU                DATA
 0002:000005b8 00000004H .CRT$XCZ                DATA
 0002:000005bc 00000004H .CRT$XIA                DATA
 0002:000005c0 00000004H .CRT$XIAA               DATA
 0002:000005c4 00000004H .CRT$XIAC               DATA
 0002:000005c8 00000004H .CRT$XIC                DATA
 0002:000005cc 00000004H .CRT$XIZ                DATA
 0002:000005d0 00000004H .CRT$XLA                DATA
 0002:000005d4 00000004H .CRT$XLZ                DATA
 0002:000005d8 00000004H .CRT$XPA                DATA
 0002:000005dc 00000004H .CRT$XPZ                DATA
 0002:000005e0 00000004H .CRT$XTA                DATA
 0002:000005e4 0000000cH .CRT$XTZ                DATA
 0002:000005f0 000053b4H .rdata                  DATA
 0002:000059a4 00000018H .rdata$T                DATA
 0002:000059bc 00000f54H .rdata$r                DATA
 0002:00006910 0000018cH .rdata$sxdata           DATA
 0002:00006a9c 000003ecH .rdata$zzzdbg           DATA
 0002:00006e88 00000004H .rtc$IAA                DATA
 0002:00006e8c 00000004H .rtc$IZZ                DATA
 0002:00006e90 00000004H .rtc$TAA                DATA
 0002:00006e94 00000004H .rtc$TZZ                DATA
 0002:00006e98 000020a4H .xdata$x                DATA
 0002:00008f3c 00000000H ATL$__a                 DATA
 0002:00008f3c 00000000H ATL$__z                 DATA
 0002:00008f3c 00000000H .edata                  DATA
 0002:00008f3c 00000168H .idata$2                DATA
 0002:000090a4 00000014H .idata$3                DATA
 0002:000090b8 000005a0H .idata$4                DATA
 0002:00009658 00000f8cH .idata$6                DATA
 0003:00000000 00000220H .data                   DATA
 0003:00000220 00000888H .data$r                 DATA
 0003:00000aa8 000014dcH .bss                    DATA
 0004:00000000 00000038H .gfids$y                DATA
 0005:00000000 00000004H .tls                    DATA
 0005:00000004 00000004H .tls$                   DATA
 0005:00000008 00000001H .tls$ZZZ                DATA
 0006:00000000 00000390H .rsrc$01                DATA
 0006:00000390 000593d8H .rsrc$02                DATA

  Address         Publics by Value              Rva+Base       Lib:Object

 0000:00000000       ___guard_fids_count        00000000     <absolute>
 0000:00000000       ___guard_longjmp_table     00000000     <absolute>
 0000:00000000       ___guard_iat_table         00000000     <absolute>
 0000:00000000       ___guard_iat_count         00000000     <absolute>
 0000:00000000       ___guard_longjmp_count     00000000     <absolute>
 0000:00000000       ___guard_fids_table        00000000     <absolute>
 0000:00000000       ___dynamic_value_reloc_table 00000000     <absolute>
 0000:0000002c       __tls_array                0000002c     <absolute>
 0000:00000063       ___safe_se_handler_count   00000063     <absolute>
 0000:00000100       ___guard_flags             00000100     <absolute>
 0000:00000000       ___ImageBase               00400000     <linker-defined>
 0001:00000050       ??_GCAccessServerApp@@UAEPAXI@Z 00401050 f i AccessServer.obj
 0001:00000050       ??_ECAccessServerApp@@UAEPAXI@Z 00401050 f i AccessServer.obj
 0001:00000090       ?Serialize@CObject@@UAEXAAVCArchive@@@Z 00401090 f i AccessServer.obj
 0001:00000090       ?Dump@CObject@@UBEXAAVCDumpContext@@@Z 00401090 f i AccessServer.obj
 0001:00000090       ?DoDataExchange@CWnd@@MAEXPAVCDataExchange@@@Z 00401090 f i AccessServerDlg.obj
 0001:000000a0       ?GetApplicationRecoveryPingInterval@CWinApp@@UAEKXZ 004010a0 f i AccessServer.obj
 0001:000000b0       ?GetMessageMap@CAccessServerApp@@MBEPBUAFX_MSGMAP@@XZ 004010b0 f   AccessServer.obj
 0001:000000c0       ?InitInstance@CAccessServerApp@@UAEHXZ 004010c0 f   AccessServer.obj
 0001:00000170       ?ReopenPreviousFilesAtRestart@CWinApp@@UBEHXZ 00401170 f i AccessServer.obj
 0001:00000180       ?RestoreAutosavedFilesAtRestart@CWinApp@@UBEHXZ 00401180 f i AccessServer.obj
 0001:00000190       ?SupportsApplicationRecovery@CWinApp@@UBEHXZ 00401190 f i AccessServer.obj
 0001:000001a0       ?SupportsAutosaveAtInterval@CWinApp@@UBEHXZ 004011a0 f i AccessServer.obj
 0001:000001b0       ?SupportsAutosaveAtRestart@CWinApp@@UBEHXZ 004011b0 f i AccessServer.obj
 0001:000001c0       ?SupportsRestartManager@CWinApp@@UBEHXZ 004011c0 f i AccessServer.obj
 0001:000001d0       ??$_snwprintf_s@$0IA@@@YAHAAY0IA@_WIPB_WZZ 004011d0 f i AccessServerDlg.obj
 0001:00000210       ??0CAccessServerDlg@@QAE@XZ 00401210 f   AccessServerDlg.obj
 0001:00000290       ??1CAccessServerDlg@@UAE@XZ 00401290 f   AccessServerDlg.obj
 0001:000002d0       ??_GCAccessServerDlg@@UAEPAXI@Z 004012d0 f i AccessServerDlg.obj
 0001:000002d0       ??_ECAccessServerDlg@@UAEPAXI@Z 004012d0 f i AccessServerDlg.obj
 0001:00000340       ?BeginModalState@CWnd@@UAEXXZ 00401340 f i AccessServerDlg.obj
 0001:00000350       ?Create@CDialog@@UAEHIPAVCWnd@@@Z 00401350 f i AccessServerDlg.obj
 0001:00000360       ?DoDataExchange@CAccessServerDlg@@MAEXPAVCDataExchange@@@Z 00401360 f   AccessServerDlg.obj
 0001:00000380       ?EndModalState@CWnd@@UAEXXZ 00401380 f i AccessServerDlg.obj
 0001:00000390       ?GetMessageMap@CAccessServerDlg@@MBEPBUAFX_MSGMAP@@XZ 00401390 f   AccessServerDlg.obj
 0001:000003a0       ?OnBnClickedStartService@CAccessServerDlg@@IAEXXZ 004013a0 f   AccessServerDlg.obj
 0001:00000440       ?OnBnClickedStopService@CAccessServerDlg@@IAEXXZ 00401440 f   AccessServerDlg.obj
 0001:000004a0       ?OnCancel@CAccessServerDlg@@MAEXXZ 004014a0 f   AccessServerDlg.obj
 0001:000004f0       ?OnInitDialog@CAccessServerDlg@@MAEHXZ 004014f0 f   AccessServerDlg.obj
 0001:00000550       ?AssertValid@CObject@@UBEXXZ 00401550 f   AccessServer.obj
 0001:00000550       __initialize_denormal_control 00401550 f   msvcrt:denormal_control.obj
 0001:00000550       ?OnOK@CAccessServerDlg@@MAEXXZ 00401550 f   AccessServerDlg.obj
 0001:00000550       ?__empty_global_delete@@YAXPAXI@Z 00401550 f   AccessServer.obj
 0001:00000550       ?Release@CAttemperEngineSink@@UAEXXZ 00401550 f   AttemperEngineSink.obj
 0001:00000550       ?OnBnClickedLoadOption@CAccessServerDlg@@IAEXXZ 00401550 f   AccessServerDlg.obj
 0001:00000550       __initialize_invalid_parameter_handler 00401550 f   msvcrt:invalid_parameter_handler.obj
 0001:00000550       ?__global_delete@@YAXPAXI@Z 00401550 f   AccessServer.obj
 0001:00000550       @_guard_check_icall_nop@4  00401550 f   msvcrt:guard_support.obj
 0001:00000550       ?Release@CDataBaseEngineSink@@UAEXXZ 00401550 f   DataBaseEngineSink.obj
 0001:00000560       ?OnQueryEndSession@CAccessServerDlg@@QAEHXZ 00401560 f   AccessServerDlg.obj
 0001:000005a0       ?OnServiceUnitsStatus@CAccessServerDlg@@UAEXW4enServiceStatus@@@Z 004015a0 f   AccessServerDlg.obj
 0001:000007a0       ?PreTranslateMessage@CAccessServerDlg@@MAEHPAUtagMSG@@@Z 004017a0 f   AccessServerDlg.obj
 0001:000007d0       ___local_stdio_printf_options 004017d0 f i AccessServerDlg.obj
 0001:000007e0       ??$_snwprintf_s@$0BAE@@@YAHAAY0BAE@_WIPB_WZZ 004017e0 f i AttemperEngineSink.obj
 0001:00000820       ??$_snwprintf_s@$0CAA@@@YAHAAY0CAA@_WIPB_WZZ 00401820 f i AttemperEngineSink.obj
 0001:00000860       ??$swprintf_s@$0BAE@@@YAHAAY0BAE@_WPB_WZZ 00401860 f i AttemperEngineSink.obj
 0001:000008a0       ??0CAttemperEngineSink@@QAE@XZ 004018a0 f   AttemperEngineSink.obj
 0001:00000a10       ??1?$CWHArray@UtagIMGroupOption@@ABU1@@@UAE@XZ 00401a10 f i AttemperEngineSink.obj
 0001:00000a40       ??1CAttemperEngineSink@@UAE@XZ 00401a40 f   AttemperEngineSink.obj
 0001:00000aa0       ??_E?$CWHArray@UtagIMGroupOption@@ABU1@@@UAEPAXI@Z 00401aa0 f i AttemperEngineSink.obj
 0001:00000aa0       ??_G?$CWHArray@UtagIMGroupOption@@ABU1@@@UAEPAXI@Z 00401aa0 f i AttemperEngineSink.obj
 0001:00000ae0       ??_ECAttemperEngineSink@@UAEPAXI@Z 00401ae0 f i AttemperEngineSink.obj
 0001:00000ae0       ??_GCAttemperEngineSink@@UAEPAXI@Z 00401ae0 f i AttemperEngineSink.obj
 0001:00000b10       ?AllocMemory@?$CWHArray@UtagIMGroupOption@@ABU1@@@QAEXH@Z 00401b10 f i AttemperEngineSink.obj
 0001:00000ba0       ?AtlThrowImpl@ATL@@YGXJ@Z  00401ba0 f i AttemperEngineSink.obj
 0001:00000bc0       ?CheckClubName@CAttemperEngineSink@@IAEHPB_W@Z 00401bc0 f   AttemperEngineSink.obj
 0001:00000ca0       ?CheckClubUser@CAttemperEngineSink@@IAE_NKK@Z 00401ca0 f   AttemperEngineSink.obj
 0001:00000de0       ?GetAssocAt@?$CMap@KKUtagClubTableInfo@@AAU1@@@IBEPAVCAssoc@1@KAAI0@Z 00401de0 f i AttemperEngineSink.obj
 0001:00000e50       ?GetBindParameter@CAttemperEngineSink@@IAEPAUtagBindParameter@@G@Z 00401e50 f   AttemperEngineSink.obj
 0001:00000e90       ?GetLocalTm@CTime@ATL@@QBEPAUtm@@PAU3@@Z 00401e90 f i AttemperEngineSink.obj
 0001:00000f00       ?GetNextAssoc@?$CMap@KKUtagClubTableInfo@@AAU1@@@QBEXAAPAU__POSITION@@AAKAAUtagClubTableInfo@@@Z 00401f00 f i AttemperEngineSink.obj
 0001:00000fa0       ?Lookup@?$CMap@KKUtagClubTableInfo@@AAU1@@@QBEHKAAUtagClubTableInfo@@@Z 00401fa0 f i AttemperEngineSink.obj
 0001:00000fe0       ?OnAttemperEngineConclude@CAttemperEngineSink@@UAE_NPAUIUnknownEx@@@Z 00401fe0 f   AttemperEngineSink.obj
 0001:00001140       ?OnAttemperEngineStart@CAttemperEngineSink@@UAE_NPAUIUnknownEx@@@Z 00402140 f   AttemperEngineSink.obj
 0001:000011f0       ?OnDBAddTeamer@CAttemperEngineSink@@IAE_NKPAXG@Z 004021f0 f   AttemperEngineSink.obj
 0001:00001450       ?OnDBAppendConfig@CAttemperEngineSink@@IAE_NKPAXG@Z 00402450 f   AttemperEngineSink.obj
 0001:00001660       ?OnDBApplyDelResult@CAttemperEngineSink@@IAE_NKPAXG@Z 00402660 f   AttemperEngineSink.obj
 0001:00001810       ?OnDBApplyMessage@CAttemperEngineSink@@IAE_NKPAXG@Z 00402810 f   AttemperEngineSink.obj
 0001:000018c0       ?OnDBBattleResult@CAttemperEngineSink@@IAE_NKPAXG@Z 004028c0 f   AttemperEngineSink.obj
 0001:00001960       ?OnDBBigWinnerShow@CAttemperEngineSink@@IAE_NKPAXG@Z 00402960 f   AttemperEngineSink.obj
 0001:000019c0       ?OnDBBlindCode@CAttemperEngineSink@@IAE_NKPAXG@Z 004029c0 f   AttemperEngineSink.obj
 0001:00001b00       ?OnDBBoxInfo@CAttemperEngineSink@@IAE_NKPAXG@Z 00402b00 f   AttemperEngineSink.obj
 0001:00001b60       ?OnDBCaptainList@CAttemperEngineSink@@IAE_NKPAXG@Z 00402b60 f   AttemperEngineSink.obj
 0001:00001bc0       ?OnDBCaptainPoint@CAttemperEngineSink@@IAE_NKPAXG@Z 00402bc0 f   AttemperEngineSink.obj
 0001:00001cc0       ?OnDBClearMedal@CAttemperEngineSink@@IAE_NKPAXG@Z 00402cc0 f   AttemperEngineSink.obj
 0001:00001d50       ?OnDBCreateGroup@CAttemperEngineSink@@IAE_NKPAXG@Z 00402d50 f   AttemperEngineSink.obj
 0001:00001f20       ?OnDBDayRecordList@CAttemperEngineSink@@IAE_NKPAXG@Z 00402f20 f   AttemperEngineSink.obj
 0001:00001f80       ?OnDBDeleteConfig@CAttemperEngineSink@@IAE_NKPAXG@Z 00402f80 f   AttemperEngineSink.obj
 0001:00002180       ?OnDBDeleteGroup@CAttemperEngineSink@@IAE_NKPAXG@Z 00403180 f   AttemperEngineSink.obj
 0001:000022c0       ?OnDBDeleteMember@CAttemperEngineSink@@IAE_NKPAXG@Z 004032c0 f   AttemperEngineSink.obj
 0001:00002520       ?OnDBFavoriteConfig@CAttemperEngineSink@@IAE_NKPAXG@Z 00403520 f   AttemperEngineSink.obj
 0001:000025c0       ?OnDBForbidWords@CAttemperEngineSink@@IAE_NKPAXG@Z 004035c0 f   AttemperEngineSink.obj
 0001:000026a0       ?OnDBFreeTableLImit@CAttemperEngineSink@@IAE_NKPAXG@Z 004036a0 f   AttemperEngineSink.obj
 0001:00002700       ?OnDBGetAwardScore@CAttemperEngineSink@@IAE_NKPAXG@Z 00403700 f   AttemperEngineSink.obj
 0001:00002810       ?OnDBGroupCommonInfo@CAttemperEngineSink@@IAE_NKPAXG@Z 00403810 f   AttemperEngineSink.obj
 0001:00002880       ?OnDBGroupConfig@CAttemperEngineSink@@IAE_NKPAXG@Z 00403880 f   AttemperEngineSink.obj
 0001:00002990       ?OnDBGroupDayDetailList@CAttemperEngineSink@@IAE_NKPAXG@Z 00403990 f   AttemperEngineSink.obj
 0001:000029f0       ?OnDBGroupItem@CAttemperEngineSink@@IAE_NKPAXG@Z 004039f0 f   AttemperEngineSink.obj
 0001:00002a50       ?OnDBGroupList@CAttemperEngineSink@@IAE_NKPAXG@Z 00403a50 f   AttemperEngineSink.obj
 0001:00002b30       ?OnDBGroupListFinish@CAttemperEngineSink@@IAE_NKPAXG@Z 00403b30 f   AttemperEngineSink.obj
 0001:00002c00       ?OnDBGroupMember@CAttemperEngineSink@@IAE_NKPAXG@Z 00403c00 f   AttemperEngineSink.obj
 0001:00002e30       ?OnDBGroupName@CAttemperEngineSink@@IAE_NKPAXG@Z 00403e30 f   AttemperEngineSink.obj
 0001:00002eb0       ?OnDBGroupOption@CAttemperEngineSink@@IAE_NKPAXG@Z 00403eb0 f   AttemperEngineSink.obj
 0001:00002fc0       ?OnDBGroupPrivacy@CAttemperEngineSink@@IAE_NKPAXG@Z 00403fc0 f   AttemperEngineSink.obj
 0001:00003020       ?OnDBGroupStatus@CAttemperEngineSink@@IAE_NKPAXG@Z 00404020 f   AttemperEngineSink.obj
 0001:00003080       ?OnDBInOutMode@CAttemperEngineSink@@IAE_NKPAXG@Z 00404080 f   AttemperEngineSink.obj
 0001:00003100       ?OnDBInsertMember@CAttemperEngineSink@@IAE_NKPAXG@Z 00404100 f   AttemperEngineSink.obj
 0001:000033f0       ?OnDBInvitationCode@CAttemperEngineSink@@IAE_NKPAXG@Z 004043f0 f   AttemperEngineSink.obj
 0001:00003450       ?OnDBLogonFailure@CAttemperEngineSink@@IAE_NKPAXG@Z 00404450 f   AttemperEngineSink.obj
 0001:00003520       ?OnDBLogonSuccess@CAttemperEngineSink@@IAE_NKPAXG@Z 00404520 f   AttemperEngineSink.obj
 0001:00003830       ?OnDBMedalMode@CAttemperEngineSink@@IAE_NKPAXG@Z 00404830 f   AttemperEngineSink.obj
 0001:00003a10       ?OnDBModifyConfig@CAttemperEngineSink@@IAE_NKPAXG@Z 00404a10 f   AttemperEngineSink.obj
 0001:00003b70       ?OnDBModifyInfo@CAttemperEngineSink@@IAE_NKPAXG@Z 00404b70 f   AttemperEngineSink.obj
 0001:00003d90       ?OnDBModifyRight@CAttemperEngineSink@@IAE_NKPAXG@Z 00404d90 f   AttemperEngineSink.obj
 0001:00003f80       ?OnDBOperateFailure@CAttemperEngineSink@@IAE_NKPAXG@Z 00404f80 f   AttemperEngineSink.obj
 0001:00004090       ?OnDBOperateSuccess@CAttemperEngineSink@@IAE_NKPAXG@Z 00405090 f   AttemperEngineSink.obj
 0001:00004180       ?OnDBPresentList@CAttemperEngineSink@@IAE_NKPAXG@Z 00405180 f   AttemperEngineSink.obj
 0001:000041e0       ?OnDBPresentSuccess@CAttemperEngineSink@@IAE_NKPAXG@Z 004051e0 f   AttemperEngineSink.obj
 0001:00004400       ?OnDBQueryCreateResult@CAttemperEngineSink@@IAE_NKPAXG@Z 00405400 f   AttemperEngineSink.obj
 0001:000044e0       ?OnDBQueryManagerRight@CAttemperEngineSink@@IAE_NKPAXG@Z 004054e0 f   AttemperEngineSink.obj
 0001:000045a0       ?OnDBQueryScore@CAttemperEngineSink@@IAE_NKPAXG@Z 004055a0 f   AttemperEngineSink.obj
 0001:00004600       ?OnDBRevenueList@CAttemperEngineSink@@IAE_NKPAXG@Z 00405600 f   AttemperEngineSink.obj
 0001:00004660       ?OnDBRollMsg@CAttemperEngineSink@@IAE_NKPAXG@Z 00405660 f   AttemperEngineSink.obj
 0001:00004810       ?OnDBRoomDetailInfo@CAttemperEngineSink@@IAE_NKPAXG@Z 00405810 f   AttemperEngineSink.obj
 0001:00004880       ?OnDBSetFlag@CAttemperEngineSink@@IAE_NKPAXG@Z 00405880 f   AttemperEngineSink.obj
 0001:00004970       ?OnDBSetManagerRight@CAttemperEngineSink@@IAE_NKPAXG@Z 00405970 f   AttemperEngineSink.obj
 0001:00004a70       ?OnDBTeamDayRecord@CAttemperEngineSink@@IAE_NKPAXG@Z 00405a70 f   AttemperEngineSink.obj
 0001:00004ad0       ?OnDBTeamerDayRecord@CAttemperEngineSink@@IAE_NKPAXG@Z 00405ad0 f   AttemperEngineSink.obj
 0001:00004b30       ?OnDBUpdateGroup@CAttemperEngineSink@@IAE_NKPAXG@Z 00405b30 f   AttemperEngineSink.obj
 0001:00004ce0       ?OnDBUpdateMember@CAttemperEngineSink@@IAE_NKPAXG@Z 00405ce0 f   AttemperEngineSink.obj
 0001:00004d40       ?OnDBUserDayDetailList@CAttemperEngineSink@@IAE_NKPAXG@Z 00405d40 f   AttemperEngineSink.obj
 0001:00004da0       ?OnDBWealthUpdate@CAttemperEngineSink@@IAE_NKPAXG@Z 00405da0 f   AttemperEngineSink.obj
 0001:00004e60       ?OnEventAttemperData@CAttemperEngineSink@@UAE_NGPAXG@Z 00405e60 f   AttemperEngineSink.obj
 0001:00004e60       ?OnDataBaseEngineControl@CDataBaseEngineSink@@UAE_NGPAXG@Z 00405e60 f   DataBaseEngineSink.obj
 0001:00004e70       ?OnEventControl@CAttemperEngineSink@@UAE_NGPAXG@Z 00405e70 f   AttemperEngineSink.obj
 0001:000050b0       ?OnEventDataBase@CAttemperEngineSink@@UAE_NGKPAXG@Z 004060b0 f   AttemperEngineSink.obj
 0001:00005c60       ?OnEventTCPNetworkBind@CAttemperEngineSink@@UAE_NKK@Z 00406c60 f   AttemperEngineSink.obj
 0001:00005d30       ?OnEventTCPNetworkRead@CAttemperEngineSink@@UAE_NUTCP_Command@@PAXGK@Z 00406d30 f   AttemperEngineSink.obj
 0001:00005ea0       ?OnEventTCPNetworkShut@CAttemperEngineSink@@UAE_NKKK@Z 00406ea0 f   AttemperEngineSink.obj
 0001:000060c0       ?OnEventTCPSocketLink@CAttemperEngineSink@@UAE_NGH@Z 004070c0 f   AttemperEngineSink.obj
 0001:00006410       ?OnEventTCPSocketRead@CAttemperEngineSink@@UAE_NGUTCP_Command@@PAXG@Z 00407410 f   AttemperEngineSink.obj
 0001:00006760       ?OnEventTCPSocketShut@CAttemperEngineSink@@UAE_NGE@Z 00407760 f   AttemperEngineSink.obj
 0001:00006960       ?OnEventTimer@CAttemperEngineSink@@UAE_NKI@Z 00407960 f   AttemperEngineSink.obj
 0001:00006d80       ?OnEventUserLogon@CAttemperEngineSink@@IAE_NPAVCLocalUserItem@@@Z 00407d80 f   AttemperEngineSink.obj
 0001:00007250       ?OnTCPNetworkMainBattleService@CAttemperEngineSink@@IAE_NGPAXGK@Z 00408250 f   AttemperEngineSink.obj
 0001:00007690       ?OnTCPNetworkMainGroupService@CAttemperEngineSink@@IAE_NGPAXGK@Z 00408690 f   AttemperEngineSink.obj
 0001:00007be0       ?OnTCPNetworkMainLogicService@CAttemperEngineSink@@IAE_NGPAXGK@Z 00408be0 f   AttemperEngineSink.obj
 0001:00009ef0       ?OnTCPSocketAIMainRegister@CAttemperEngineSink@@IAE_NGPAXG@Z 0040aef0 f   AttemperEngineSink.obj
 0001:0000a150       ?OnTCPSocketBattleMainBattleService@CAttemperEngineSink@@IAE_NGPAXG@Z 0040b150 f   AttemperEngineSink.obj
 0001:0000ae50       ?OnTCPSocketBattleMainRegister@CAttemperEngineSink@@IAE_NGPAXG@Z 0040be50 f   AttemperEngineSink.obj
 0001:0000aee0       ?OnTCPSocketClubInfo@CAttemperEngineSink@@IAE_NGPAXG@Z 0040bee0 f   AttemperEngineSink.obj
 0001:0000af50       ?OnTCPSocketMainRegister@CAttemperEngineSink@@IAE_NGPAXG@Z 0040bf50 f   AttemperEngineSink.obj
 0001:0000afe0       ?OnTCPSocketMainServiceInfo@CAttemperEngineSink@@IAE_NGPAXG@Z 0040bfe0 f   AttemperEngineSink.obj
 0001:0000b150       ?OnTCPSocketWebInfo@CAttemperEngineSink@@IAE_NGPAXG@Z 0040c150 f   AttemperEngineSink.obj
 0001:0000b1e0       ?QueryInterface@CAttemperEngineSink@@UAEPAXABU_GUID@@K@Z 0040c1e0 f   AttemperEngineSink.obj
 0001:0000b290       ?SendDataToGroupManager@CAttemperEngineSink@@IAE_NKGGPAXG@Z 0040c290 f   AttemperEngineSink.obj
 0001:0000b360       ?SendDataToGroupMember@CAttemperEngineSink@@IAE_NKGGPAXG_N@Z 0040c360 f   AttemperEngineSink.obj
 0001:0000b510       ?SendDataToGroupTeamer@CAttemperEngineSink@@IAE_NKKGGPAXG@Z 0040c510 f   AttemperEngineSink.obj
 0001:0000b5e0       ?SendGroupConfigToUser@CAttemperEngineSink@@IAE_NKK@Z 0040c5e0 f   AttemperEngineSink.obj
 0001:0000b730       ?SendGroupMemberToUser@CAttemperEngineSink@@IAE_NKK@Z 0040c730 f   AttemperEngineSink.obj
 0001:0000b8b0       ?SendLogData@CAttemperEngineSink@@IAAXPB_WZZ 0040c8b0 f   AttemperEngineSink.obj
 0001:0000be00       ?UpdateGroupExtraInfo@CAttemperEngineSink@@IAE_NKK@Z 0040ce00 f   AttemperEngineSink.obj
 0001:0000bfc0       ?WHCrashHandler@@YAJPAU_EXCEPTION_POINTERS@@@Z 0040cfc0 f   AttemperEngineSink.obj
 0001:0000c0a0       __swprintf                 0040d0a0 f i AttemperEngineSink.obj
 0001:0000c170       ??$_snprintf_s@$0CAA@@@YAHAAY0CAA@DIPBDZZ 0040d170 f i DataBaseEngineSink.obj
 0001:0000c1b0       ??0CDataBaseEngineSink@@QAE@XZ 0040d1b0 f   DataBaseEngineSink.obj
 0001:0000c260       ??1CDataBaseEngineSink@@UAE@XZ 0040d260 f   DataBaseEngineSink.obj
 0001:0000c300       ??1_variant_t@@QAE@XZ      0040d300 f i DataBaseEngineSink.obj
 0001:0000c310       ??_GCDataBaseEngineSink@@UAEPAXI@Z 0040d310 f i DataBaseEngineSink.obj
 0001:0000c310       ??_ECDataBaseEngineSink@@UAEPAXI@Z 0040d310 f i DataBaseEngineSink.obj
 0001:0000c340       ??_GCDataBaseHelper@@UAEPAXI@Z 0040d340 f i DataBaseEngineSink.obj
 0001:0000c340       ??_G?$CTempldateHelper@UIDataBase@@@@UAEPAXI@Z 0040d340 f i DataBaseEngineSink.obj
 0001:0000c340       ??_ECDataBaseHelper@@UAEPAXI@Z 0040d340 f i DataBaseEngineSink.obj
 0001:0000c340       ??_E?$CTempldateHelper@UIDataBase@@@@UAEPAXI@Z 0040d340 f i DataBaseEngineSink.obj
 0001:0000c3e0       ?ExtractGroupID@CDataBaseEngineSink@@IAEGPB_WAAVCDWordArray@@@Z 0040d3e0 f   DataBaseEngineSink.obj
 0001:0000c500       ?OnDataBaseEngineConclude@CDataBaseEngineSink@@UAE_NPAUIUnknownEx@@@Z 0040d500 f   DataBaseEngineSink.obj
 0001:0000c580       ?OnDataBaseEngineRequest@CDataBaseEngineSink@@UAE_NGKPAXG@Z 0040d580 f   DataBaseEngineSink.obj
 0001:0000cac0       ?OnDataBaseEngineStart@CDataBaseEngineSink@@UAE_NPAUIUnknownEx@@@Z 0040dac0 f   DataBaseEngineSink.obj
 0001:0000cbb0       ?OnDataBaseEngineTimer@CDataBaseEngineSink@@UAE_NKI@Z 0040dbb0 f   DataBaseEngineSink.obj
 0001:0000cbc0       ?OnRequestAddTeamer@CDataBaseEngineSink@@IAE_NKPAXG@Z 0040dbc0 f   DataBaseEngineSink.obj
 0001:0000cf10       ?OnRequestAppendConfig@CDataBaseEngineSink@@IAE_NKPAXG@Z 0040df10 f   DataBaseEngineSink.obj
 0001:0000d3e0       ?OnRequestApplyDelete@CDataBaseEngineSink@@IAE_NKPAXG@Z 0040e3e0 f   DataBaseEngineSink.obj
 0001:0000d6a0       ?OnRequestApplyRequest@CDataBaseEngineSink@@IAE_NKPAXG@Z 0040e6a0 f   DataBaseEngineSink.obj
 0001:0000ddc0       ?OnRequestApplyRespond@CDataBaseEngineSink@@IAE_NKPAXG@Z 0040edc0 f   DataBaseEngineSink.obj
 0001:0000e4b0       ?OnRequestBlindCode@CDataBaseEngineSink@@IAE_NKPAXG@Z 0040f4b0 f   DataBaseEngineSink.obj
 0001:0000e6d0       ?OnRequestCaptainList@CDataBaseEngineSink@@IAE_NKPAXG@Z 0040f6d0 f   DataBaseEngineSink.obj
 0001:0000eab0       ?OnRequestCheckNewUser@CDataBaseEngineSink@@IAE_NKPAXG@Z 0040fab0 f   DataBaseEngineSink.obj
 0001:0000f040       ?OnRequestClearMedal@CDataBaseEngineSink@@IAE_NKPAXG@Z 00410040 f   DataBaseEngineSink.obj
 0001:0000f140       ?OnRequestCreateGroup@CDataBaseEngineSink@@IAE_NKPAXG@Z 00410140 f   DataBaseEngineSink.obj
 0001:0000f860       ?OnRequestDeleteConfig@CDataBaseEngineSink@@IAE_NKPAXG@Z 00410860 f   DataBaseEngineSink.obj
 0001:0000fad0       ?OnRequestDeleteGroup@CDataBaseEngineSink@@IAE_NKPAXG@Z 00410ad0 f   DataBaseEngineSink.obj
 0001:0000fdb0       ?OnRequestDeleteMember@CDataBaseEngineSink@@IAE_NKPAXG@Z 00410db0 f   DataBaseEngineSink.obj
 0001:00010220       ?OnRequestGetAwardScore@CDataBaseEngineSink@@IAE_NKPAXG@Z 00411220 f   DataBaseEngineSink.obj
 0001:00010490       ?OnRequestGroupDayDetail@CDataBaseEngineSink@@IAE_NKPAXG@Z 00411490 f   DataBaseEngineSink.obj
 0001:00010820       ?OnRequestInvitationCode@CDataBaseEngineSink@@IAE_NKPAXG@Z 00411820 f   DataBaseEngineSink.obj
 0001:00010a50       ?OnRequestLoadForbidWords@CDataBaseEngineSink@@IAE_NKPAXG@Z 00411a50 f   DataBaseEngineSink.obj
 0001:00010c10       ?OnRequestLoadGroupConfig@CDataBaseEngineSink@@IAE_NKPAXG@Z 00411c10 f   DataBaseEngineSink.obj
 0001:00010ff0       ?OnRequestLoadGroupItem@CDataBaseEngineSink@@IAE_NKPAXG@Z 00411ff0 f   DataBaseEngineSink.obj
 0001:00011250       ?OnRequestLoadGroupList@CDataBaseEngineSink@@IAE_NKPAXG@Z 00412250 f   DataBaseEngineSink.obj
 0001:00011640       ?OnRequestLoadGroupMember@CDataBaseEngineSink@@IAE_NKPAXG@Z 00412640 f   DataBaseEngineSink.obj
 0001:000119e0       ?OnRequestLoadSingleGroup@CDataBaseEngineSink@@IAE_NKPAXG@Z 004129e0 f   DataBaseEngineSink.obj
 0001:00011e00       ?OnRequestLogonServer@CDataBaseEngineSink@@IAE_NKPAXG@Z 00412e00 f   DataBaseEngineSink.obj
 0001:000123f0       ?OnRequestModifyConfig@CDataBaseEngineSink@@IAE_NKPAXG@Z 004133f0 f   DataBaseEngineSink.obj
 0001:00012860       ?OnRequestModifyGroupName@CDataBaseEngineSink@@IAE_NKPAXG@Z 00413860 f   DataBaseEngineSink.obj
 0001:00012a80       ?OnRequestModifyInfo@CDataBaseEngineSink@@IAE_NKPAXG@Z 00413a80 f   DataBaseEngineSink.obj
 0001:00012d90       ?OnRequestModifyRight@CDataBaseEngineSink@@IAE_NKPAXG@Z 00413d90 f   DataBaseEngineSink.obj
 0001:00013090       ?OnRequestOpenBox@CDataBaseEngineSink@@IAE_NKPAXG@Z 00414090 f   DataBaseEngineSink.obj
 0001:00013470       ?OnRequestPresentScore@CDataBaseEngineSink@@IAE_NKPAXG@Z 00414470 f   DataBaseEngineSink.obj
 0001:00013890       ?OnRequestQueryBattle@CDataBaseEngineSink@@IAE_NKPAXG@Z 00414890 f   DataBaseEngineSink.obj
 0001:00013bb0       ?OnRequestQueryCreate@CDataBaseEngineSink@@IAE_NKPAXG@Z 00414bb0 f   DataBaseEngineSink.obj
 0001:00013dd0       ?OnRequestQueryDayDetail@CDataBaseEngineSink@@IAE_NKPAXG@Z 00414dd0 f   DataBaseEngineSink.obj
 0001:00014290       ?OnRequestQueryDayRecord@CDataBaseEngineSink@@IAE_NKPAXG@Z 00415290 f   DataBaseEngineSink.obj
 0001:000145e0       ?OnRequestQueryMedalMode@CDataBaseEngineSink@@IAE_NKPAXG@Z 004155e0 f   DataBaseEngineSink.obj
 0001:000147d0       ?OnRequestQueryPresent@CDataBaseEngineSink@@IAE_NKPAXG@Z 004157d0 f   DataBaseEngineSink.obj
 0001:00014b90       ?OnRequestQueryRevenue@CDataBaseEngineSink@@IAE_NKPAXG@Z 00415b90 f   DataBaseEngineSink.obj
 0001:00014e80       ?OnRequestQueryScore@CDataBaseEngineSink@@IAE_NKPAXG@Z 00415e80 f   DataBaseEngineSink.obj
 0001:000150b0       ?OnRequestQueryTotalBattle@CDataBaseEngineSink@@IAE_NKPAXG@Z 004160b0 f   DataBaseEngineSink.obj
 0001:000152f0       ?OnRequestRightManagement@CDataBaseEngineSink@@IAE_NKPAXG@Z 004162f0 f   DataBaseEngineSink.obj
 0001:00015600       ?OnRequestRoomDetail@CDataBaseEngineSink@@IAE_NKPAXG@Z 00416600 f   DataBaseEngineSink.obj
 0001:00015af0       ?OnRequestSetBigWinner@CDataBaseEngineSink@@IAE_NKPAXG@Z 00416af0 f   DataBaseEngineSink.obj
 0001:00015dc0       ?OnRequestSetCaptainPoint@CDataBaseEngineSink@@IAE_NKPAXG@Z 00416dc0 f   DataBaseEngineSink.obj
 0001:00015fd0       ?OnRequestSetFavoriteConfig@CDataBaseEngineSink@@IAE_NKPAXG@Z 00416fd0 f   DataBaseEngineSink.obj
 0001:000161b0       ?OnRequestSetFlag@CDataBaseEngineSink@@IAE_NKPAXG@Z 004171b0 f   DataBaseEngineSink.obj
 0001:00016420       ?OnRequestSetFreeTableLimit@CDataBaseEngineSink@@IAE_NKPAXG@Z 00417420 f   DataBaseEngineSink.obj
 0001:000166f0       ?OnRequestSetGroupStatus@CDataBaseEngineSink@@IAE_NKPAXG@Z 004176f0 f   DataBaseEngineSink.obj
 0001:00016970       ?OnRequestSetInOut@CDataBaseEngineSink@@IAE_NKPAXG@Z 00417970 f   DataBaseEngineSink.obj
 0001:00016c80       ?OnRequestSetMedal@CDataBaseEngineSink@@IAE_NKPAXG@Z 00417c80 f   DataBaseEngineSink.obj
 0001:00016fc0       ?OnRequestSetPrivacy@CDataBaseEngineSink@@IAE_NKPAXG@Z 00417fc0 f   DataBaseEngineSink.obj
 0001:000171b0       ?OnRequestSetRollMSg@CDataBaseEngineSink@@IAE_NKPAXG@Z 004181b0 f   DataBaseEngineSink.obj
 0001:00017490       ?OnRequestSettleBattle@CDataBaseEngineSink@@IAE_NKPAXG@Z 00418490 f   DataBaseEngineSink.obj
 0001:00017750       ?OnRequestTeamerDayRecord@CDataBaseEngineSink@@IAE_NKPAXG@Z 00418750 f   DataBaseEngineSink.obj
 0001:00017ac0       ?OnRequestUpdateGroup@CDataBaseEngineSink@@IAE_NKPAXG@Z 00418ac0 f   DataBaseEngineSink.obj
 0001:00018160       ?OnRequestUpdateMember@CDataBaseEngineSink@@IAE_NKPAXG@Z 00419160 f   DataBaseEngineSink.obj
 0001:000182f0       ?OnRequestUpdateOnlineStatus@CDataBaseEngineSink@@IAE_NKPAXG@Z 004192f0 f   DataBaseEngineSink.obj
 0001:00018450       ?QueryInterface@CDataBaseEngineSink@@UAEPAXABU_GUID@@K@Z 00419450 f   DataBaseEngineSink.obj
 0001:00018500       ?TraceDatabaseException@CDataBaseEngineSink@@IAEXPAD0HPAUIDataBaseException@@@Z 00419500 f   DataBaseEngineSink.obj
 0001:00018650       ??0CGroupInfoManager@@QAE@XZ 00419650 f   GroupInfoManager.obj
 0001:00018750       ??0CGroupItem@@IAE@XZ      00419750 f   GroupInfoManager.obj
 0001:00018890       ??1?$CMap@KKPAVCGroupItem@@PAV1@@@UAE@XZ 00419890 f i GroupInfoManager.obj
 0001:000188d0       ??1?$CWHArray@PAVCGroupItem@@ABQAV1@@@UAE@XZ 004198d0 f i GroupInfoManager.obj
 0001:00018900       ??1CGroupInfoManager@@UAE@XZ 00419900 f   GroupInfoManager.obj
 0001:00018ab0       ??1CGroupItem@@MAE@XZ      00419ab0 f   GroupInfoManager.obj
 0001:00018bc0       ??A?$CMap@KKPAVCGroupItem@@PAV1@@@QAEAAPAVCGroupItem@@K@Z 00419bc0 f i GroupInfoManager.obj
 0001:00018bc0       ??A?$CMap@KKPAVCServerUserItem@@PAV1@@@QAEAAPAVCServerUserItem@@K@Z 00419bc0 f i ServerUserManager.obj
 0001:00018bc0       ??A?$CMap@KKPAV?$CWHArray@KABK@@PAV1@@@QAEAAPAV?$CWHArray@KABK@@K@Z 00419bc0 f i ServiceUnits.obj
 0001:00018c70       ??A?$CMap@KKUtagClubTableInfo@@AAU1@@@QAEAAUtagClubTableInfo@@K@Z 00419c70 f i GroupInfoManager.obj
 0001:00018d20       ??_E?$CMap@KKPAVCGroupItem@@PAV1@@@UAEPAXI@Z 00419d20 f i GroupInfoManager.obj
 0001:00018d20       ??_G?$CMap@KKPAVCGroupItem@@PAV1@@@UAEPAXI@Z 00419d20 f i GroupInfoManager.obj
 0001:00018da0       ??_G?$CMap@KKUtagClubTableInfo@@AAU1@@@UAEPAXI@Z 00419da0 f i GroupInfoManager.obj
 0001:00018da0       ??_E?$CMap@KKUtagClubTableInfo@@AAU1@@@UAEPAXI@Z 00419da0 f i GroupInfoManager.obj
 0001:00018e20       ??_G?$CWHArray@PAVCGroupItem@@ABQAV1@@@UAEPAXI@Z 00419e20 f i GroupInfoManager.obj
 0001:00018e20       ??_E?$CWHArray@PAVCGroupItem@@ABQAV1@@@UAEPAXI@Z 00419e20 f i GroupInfoManager.obj
 0001:00018e60       ??_G?$CWHArray@UtagClubRollMsg@@ABU1@@@UAEPAXI@Z 00419e60 f i GroupInfoManager.obj
 0001:00018e60       ??_E?$CWHArray@UtagClubRollMsg@@ABU1@@@UAEPAXI@Z 00419e60 f i GroupInfoManager.obj
 0001:00018ea0       ??_G?$CWHArray@UtagGroupConfigInfo@@ABU1@@@UAEPAXI@Z 00419ea0 f i GroupInfoManager.obj
 0001:00018ea0       ??_E?$CWHArray@UtagGroupConfigInfo@@ABU1@@@UAEPAXI@Z 00419ea0 f i GroupInfoManager.obj
 0001:00018ee0       ??_G?$CWHArray@UtagIMGroupMember@@ABU1@@@UAEPAXI@Z 00419ee0 f i GroupInfoManager.obj
 0001:00018ee0       ??_E?$CWHArray@UtagIMGroupMember@@ABU1@@@UAEPAXI@Z 00419ee0 f i GroupInfoManager.obj
 0001:00018f20       ??_ECGroupInfoManager@@UAEPAXI@Z 00419f20 f i GroupInfoManager.obj
 0001:00018f20       ??_GCGroupInfoManager@@UAEPAXI@Z 00419f20 f i GroupInfoManager.obj
 0001:00018f50       ??_ECGroupItem@@MAEPAXI@Z  00419f50 f i GroupInfoManager.obj
 0001:00018f50       ??_GCGroupItem@@MAEPAXI@Z  00419f50 f i GroupInfoManager.obj
 0001:00018f80       ?ActiveGroupItem@CGroupInfoManager@@UAE_NAAUtagIMGroupItem@@@Z 00419f80 f   GroupInfoManager.obj
 0001:000190b0       ?AddConfig@CGroupItem@@UAE_NAAUtagGroupConfigInfo@@@Z 0041a0b0 f   GroupInfoManager.obj
 0001:00019120       ?AddMember@CGroupItem@@UAE_NAAUtagIMGroupMember@@@Z 0041a120 f   GroupInfoManager.obj
 0001:00019160       ?AddPersonalTable@CGroupItem@@UAE_NKUtagClubTableInfo@@@Z 0041a160 f   GroupInfoManager.obj
 0001:000191b0       ?AddRollMsg@CGroupItem@@UAEXAAUtagClubRollMsg@@@Z 0041a1b0 f   GroupInfoManager.obj
 0001:000191f0       ?AllocMemory@?$CWHArray@UtagClubRollMsg@@ABU1@@@QAEXH@Z 0041a1f0 f i GroupInfoManager.obj
 0001:00019280       ?AllocMemory@?$CWHArray@UtagGroupConfigInfo@@ABU1@@@QAEXH@Z 0041a280 f i GroupInfoManager.obj
 0001:00019310       ?AllocMemory@?$CWHArray@UtagIMGroupMember@@ABU1@@@QAEXH@Z 0041a310 f i GroupInfoManager.obj
 0001:000193a0       ?CheckValid@CGroupInfoManager@@UAEHXZ 0041a3a0 f   GroupInfoManager.obj
 0001:000193b0       ?EnumConfig@CGroupItem@@UAEPAUtagGroupConfigInfo@@H@Z 0041a3b0 f   GroupInfoManager.obj
 0001:000193f0       ?EnumGroupItem@CGroupInfoManager@@UAEPAVCGroupItem@@AAPAU__POSITION@@@Z 0041a3f0 f   GroupInfoManager.obj
 0001:00019440       ?EnumMember@CGroupItem@@UAEPAUtagIMGroupMember@@H@Z 0041a440 f   GroupInfoManager.obj
 0001:00019480       ?EnumTable@CGroupItem@@UAE?AUtagClubTableInfo@@AAPAU__POSITION@@@Z 0041a480 f   GroupInfoManager.obj
 0001:000194d0       ?GetCMapClubTableInfo@CGroupItem@@UAEPAV?$CMap@KKUtagClubTableInfo@@AAU1@@@XZ 0041a4d0 f i GroupInfoManager.obj
 0001:000194e0       ?GetConfigCount@CGroupItem@@UAEKXZ 0041a4e0 f i GroupInfoManager.obj
 0001:000194f0       ?GetConfigID@CGroupItem@@UAEKK@Z 0041a4f0 f   GroupInfoManager.obj
 0001:00019540       ?GetGroupBattleRule@CGroupItem@@UAEPAUtagIMGroupBattleRule@@XZ 0041a540 f i GroupInfoManager.obj
 0001:00019550       ?GetGroupCreaterID@CGroupItem@@UAEKXZ 0041a550 f i GroupInfoManager.obj
 0001:00019560       ?GetGroupID@CGroupItem@@UAEKXZ 0041a560 f i GroupInfoManager.obj
 0001:00019570       ?GetGroupWealth@CGroupItem@@UAEPAUtagIMGroupWealth@@XZ 0041a570 f i GroupInfoManager.obj
 0001:00019570       ?GetGroupItem@CGroupItem@@UAEPAUtagIMGroupItem@@XZ 0041a570 f i GroupInfoManager.obj
 0001:00019580       ?GetGroupProperty@CGroupItem@@UAEPAUtagIMGroupProperty@@XZ 0041a580 f i GroupInfoManager.obj
 0001:00019590       ?GetNextAssoc@?$CMap@KKPAVCGroupItem@@PAV1@@@QBEXAAPAU__POSITION@@AAKAAPAVCGroupItem@@@Z 0041a590 f i GroupInfoManager.obj
 0001:00019620       ?GetNotice@CGroupItem@@UAEPA_WXZ 0041a620 f i GroupInfoManager.obj
 0001:00019630       ?GetNullTableCount@CGroupItem@@UAEHK@Z 0041a630 f   GroupInfoManager.obj
 0001:000196f0       ?GetRecommendGroup@CGroupInfoManager@@UAEGKGPAUtagIMGroupProperty@@@Z 0041a6f0 f   GroupInfoManager.obj
 0001:00019850       ?GetTableInfo@CGroupItem@@UAE_NKAAUtagClubTableInfo@@@Z 0041a850 f   GroupInfoManager.obj
 0001:000198a0       ?IsUserInGame@CGroupItem@@UAE_NKAAUtagClubTableInfo@@_N@Z 0041a8a0 f   GroupInfoManager.obj
 0001:000198e0       ?ModifyConfig@CGroupItem@@UAE_NAAUtagGroupConfigInfo@@@Z 0041a8e0 f   GroupInfoManager.obj
 0001:000198f0       ?NewAssoc@?$CMap@KKUtagClubTableInfo@@AAU1@@@IAEPAVCAssoc@1@K@Z 0041a8f0 f i GroupInfoManager.obj
 0001:000199b0       ?RemoveConfig@CGroupItem@@UAE_NH@Z 0041a9b0 f   GroupInfoManager.obj
 0001:00019a20       ?RemoveConfig@CGroupItem@@UAE_NK@Z 0041aa20 f   GroupInfoManager.obj
 0001:00019ab0       ?RemoveGroupItem@CGroupInfoManager@@UAE_NK@Z 0041aab0 f   GroupInfoManager.obj
 0001:00019b10       ?RemoveGroupItem@CGroupInfoManager@@UAE_NXZ 0041ab10 f   GroupInfoManager.obj
 0001:00019bb0       ?RemoveKey@?$CMap@KKPAVCGroupItem@@PAV1@@@QAEHK@Z 0041abb0 f i GroupInfoManager.obj
 0001:00019bb0       ?RemoveKey@?$CMap@KKPAVCServerUserItem@@PAV1@@@QAEHK@Z 0041abb0 f i ServerUserManager.obj
 0001:00019c40       ?RemoveKey@?$CMap@KKUtagClubTableInfo@@AAU1@@@QAEHK@Z 0041ac40 f i GroupInfoManager.obj
 0001:00019ce0       ?RemoveMember@CGroupItem@@UAE_NK@Z 0041ace0 f   GroupInfoManager.obj
 0001:00019d70       ?RemovePersonalTable@CGroupItem@@UAE_NG@Z 0041ad70 f   GroupInfoManager.obj
 0001:00019e50       ?RemovePersonalTable@CGroupItem@@UAE_NK@Z 0041ae50 f   GroupInfoManager.obj
 0001:00019e70       ?ResetGroupItem@CGroupItem@@MAEXXZ 0041ae70 f   GroupInfoManager.obj
 0001:00019ec0       ?SearchConfig@CGroupItem@@UAEPAUtagGroupConfigInfo@@K@Z 0041aec0 f   GroupInfoManager.obj
 0001:00019f20       ?SearchUserItem@CServerUserManager@@UAEPAVCServerUserItem@@K@Z 0041af20 f   ServerUserManager.obj
 0001:00019f20       ?SearchGroupItem@CGroupInfoManager@@UAEPAVCGroupItem@@K@Z 0041af20 f   GroupInfoManager.obj
 0001:00019f50       ?SearchMember@CGroupItem@@UAEPAUtagIMGroupMember@@K@Z 0041af50 f   GroupInfoManager.obj
 0001:00019fb0       ?SearchRollMsg@CGroupItem@@UAEPAUtagClubRollMsg@@K@Z 0041afb0 f   GroupInfoManager.obj
 0001:0001a010       ?Serialize@?$CMap@KKPAVCServerUserItem@@PAV1@@@UAEXAAVCArchive@@@Z 0041b010 f i ServerUserManager.obj
 0001:0001a010       ?Serialize@?$CMap@KKPAV?$CWHArray@KABK@@PAV1@@@UAEXAAVCArchive@@@Z 0041b010 f i ServiceUnits.obj
 0001:0001a010       ?Serialize@?$CMap@KKPAVCGroupItem@@PAV1@@@UAEXAAVCArchive@@@Z 0041b010 f i GroupInfoManager.obj
 0001:0001a320       ?Serialize@?$CMap@KKUtagClubTableInfo@@AAU1@@@UAEXAAVCArchive@@@Z 0041b320 f i GroupInfoManager.obj
 0001:0001a730       ?SetAtGrow@?$CWHArray@UtagClubRollMsg@@ABU1@@@QAEXHABUtagClubRollMsg@@@Z 0041b730 f i GroupInfoManager.obj
 0001:0001a7a0       ?SetAtGrow@?$CWHArray@UtagIMGroupMember@@ABU1@@@QAEXHABUtagIMGroupMember@@@Z 0041b7a0 f i GroupInfoManager.obj
 0001:0001a810       ?SetNotice@CGroupItem@@UAEXPA_W@Z 0041b810 f i GroupInfoManager.obj
 0001:0001a820       ?SetSize@?$CWHArray@UtagGroupConfigInfo@@ABU1@@@QAEXH@Z 0041b820 f i GroupInfoManager.obj
 0001:0001a8c0       ?UpdateTableUserInfo@CGroupItem@@UAE_NPAUCMD_CS_S_UpdateTable@@@Z 0041b8c0 f   GroupInfoManager.obj
 0001:0001a930       ??0CInitParameter@@QAE@XZ  0041b930 f   InitParameter.obj
 0001:0001a950       ??1CInitParameter@@UAE@XZ  0041b950 f   InitParameter.obj
 0001:0001a960       ??_ECInitParameter@@UAEPAXI@Z 0041b960 f i InitParameter.obj
 0001:0001a960       ??_GCInitParameter@@UAEPAXI@Z 0041b960 f i InitParameter.obj
 0001:0001a990       ?InitParameter@CInitParameter@@QAEXXZ 0041b990 f   InitParameter.obj
 0001:0001aa50       ?LoadInitParameter@CInitParameter@@QAEXXZ 0041ba50 f   InitParameter.obj
 0001:0001adb0       ??0CServerListManager@NServerListManager@@QAE@XZ 0041bdb0 f   ServerListManager.obj
 0001:0001aeb0       ??1?$CMap@GGPAVCGameServerItem@NServerListManager@@AAPAV12@@@UAE@XZ 0041beb0 f i ServerListManager.obj
 0001:0001aef0       ??1?$CWHArray@PAVCGameServerItem@NServerListManager@@ABQAV12@@@UAE@XZ 0041bef0 f i ServerListManager.obj
 0001:0001af20       ??1CServerListManager@NServerListManager@@UAE@XZ 0041bf20 f   ServerListManager.obj
 0001:0001b0d0       ??A?$CMap@GGPAVCGameServerItem@NServerListManager@@AAPAV12@@@QAEAAPAVCGameServerItem@NServerListManager@@G@Z 0041c0d0 f i ServerListManager.obj
 0001:0001b180       ??_E?$CMap@GGPAVCGameServerItem@NServerListManager@@AAPAV12@@@UAEPAXI@Z 0041c180 f i ServerListManager.obj
 0001:0001b180       ??_G?$CMap@GGPAVCGameServerItem@NServerListManager@@AAPAV12@@@UAEPAXI@Z 0041c180 f i ServerListManager.obj
 0001:0001b200       ??_E?$CWHArray@PAVCGameServerItem@NServerListManager@@ABQAV12@@@UAEPAXI@Z 0041c200 f i ServerListManager.obj
 0001:0001b200       ??_G?$CWHArray@PAVCGameServerItem@NServerListManager@@ABQAV12@@@UAEPAXI@Z 0041c200 f i ServerListManager.obj
 0001:0001b240       ??_GCServerListManager@NServerListManager@@UAEPAXI@Z 0041c240 f i ServerListManager.obj
 0001:0001b240       ??_ECServerListManager@NServerListManager@@UAEPAXI@Z 0041c240 f i ServerListManager.obj
 0001:0001b270       ?Add@?$CWHArray@PAVCGroupItem@@ABQAV1@@@QAEHABQAVCGroupItem@@@Z 0041c270 f i GroupInfoManager.obj
 0001:0001b270       ?Add@?$CWHArray@PAVCGameServerItem@NServerListManager@@ABQAV12@@@QAEHABQAVCGameServerItem@NServerListManager@@@Z 0041c270 f i ServerListManager.obj
 0001:0001b2d0       ?AllocMemory@?$CWHArray@PAVCServerUserItem@@ABQAV1@@@QAEXH@Z 0041c2d0 f i ServerUserManager.obj
 0001:0001b2d0       ?AllocMemory@?$CWHArray@PAVCGroupItem@@ABQAV1@@@QAEXH@Z 0041c2d0 f i GroupInfoManager.obj
 0001:0001b2d0       ?AllocMemory@?$CWHArray@PAVCGameServerItem@NServerListManager@@ABQAV12@@@QAEXH@Z 0041c2d0 f i ServerListManager.obj
 0001:0001b360       ?CleanServerItem@CServerListManager@NServerListManager@@QAEXXZ 0041c360 f   ServerListManager.obj
 0001:0001b420       ?DeleteGameServer@CServerListManager@NServerListManager@@QAE_NG@Z 0041c420 f   ServerListManager.obj
 0001:0001b470       ?DisuseServerItem@CServerListManager@NServerListManager@@QAEXXZ 0041c470 f   ServerListManager.obj
 0001:0001b510       ?GetAssocAt@?$CMap@GGPAVCGameServerItem@NServerListManager@@AAPAV12@@@IBEPAVCAssoc@1@GAAI0@Z 0041c510 f i ServerListManager.obj
 0001:0001b580       ?GetNextAssoc@?$CMap@GGPAVCGameServerItem@NServerListManager@@AAPAV12@@@QBEXAAPAU__POSITION@@AAGAAPAVCGameServerItem@NServerListManager@@@Z 0041c580 f i ServerListManager.obj
 0001:0001b610       ?InsertGameServer@CServerListManager@NServerListManager@@QAE_NPAUtagGameServer@@@Z 0041c610 f   ServerListManager.obj
 0001:0001b770       ?IsGroupPersonalMaxChairGame@CServerListManager@NServerListManager@@QAE_NG@Z 0041c770 f   ServerListManager.obj
 0001:0001b7f0       ?NewAssoc@?$CMap@GGPAVCGameServerItem@NServerListManager@@AAPAV12@@@IAEPAVCAssoc@1@G@Z 0041c7f0 f i ServerListManager.obj
 0001:0001b870       ?RemoveKey@?$CMap@GGPAVCGameServerItem@NServerListManager@@AAPAV12@@@QAEHG@Z 0041c870 f i ServerListManager.obj
 0001:0001b910       ?ResetServerList@CServerListManager@NServerListManager@@QAEXXZ 0041c910 f   ServerListManager.obj
 0001:0001b920       ?SearchGameServer@CServerListManager@NServerListManager@@QAEPAVCGameServerItem@2@G@Z 0041c920 f   ServerListManager.obj
 0001:0001b950       ?Serialize@?$CMap@GGPAVCGameServerItem@NServerListManager@@AAPAV12@@@UAEXAAVCArchive@@@Z 0041c950 f i ServerListManager.obj
 0001:0001bc50       ??0CLocalUserItem@@IAE@XZ  0041cc50 f   ServerUserManager.obj
 0001:0001bcf0       ??0CServerUserManager@@QAE@XZ 0041ccf0 f   ServerUserManager.obj
 0001:0001be10       ??1?$CMap@KKPAVCServerUserItem@@PAV1@@@UAE@XZ 0041ce10 f i ServerUserManager.obj
 0001:0001be50       ??1?$CWHArray@PAVCServerUserItem@@ABQAV1@@@UAE@XZ 0041ce50 f i ServerUserManager.obj
 0001:0001be80       ??1CServerUserItem@@MAE@XZ 0041ce80 f   ServerUserManager.obj
 0001:0001be90       ??1CServerUserManager@@UAE@XZ 0041ce90 f   ServerUserManager.obj
 0001:0001c060       ??_G?$CMap@KKPAVCServerUserItem@@PAV1@@@UAEPAXI@Z 0041d060 f i ServerUserManager.obj
 0001:0001c060       ??_E?$CMap@KKPAVCServerUserItem@@PAV1@@@UAEPAXI@Z 0041d060 f i ServerUserManager.obj
 0001:0001c0e0       ??_G?$CWHArray@PAVCServerUserItem@@ABQAV1@@@UAEPAXI@Z 0041d0e0 f i ServerUserManager.obj
 0001:0001c0e0       ??_E?$CWHArray@PAVCServerUserItem@@ABQAV1@@@UAEPAXI@Z 0041d0e0 f i ServerUserManager.obj
 0001:0001c120       ??_ECLocalUserItem@@MAEPAXI@Z 0041d120 f i ServerUserManager.obj
 0001:0001c120       ??_GCLocalUserItem@@MAEPAXI@Z 0041d120 f i ServerUserManager.obj
 0001:0001c160       ??_ECRemoteUserItem@@MAEPAXI@Z 0041d160 f i ServerUserManager.obj
 0001:0001c160       ??_GCServerUserItem@@MAEPAXI@Z 0041d160 f i ServerUserManager.obj
 0001:0001c160       ??_GCRemoteUserItem@@MAEPAXI@Z 0041d160 f i ServerUserManager.obj
 0001:0001c160       ??_ECServerUserItem@@MAEPAXI@Z 0041d160 f i ServerUserManager.obj
 0001:0001c190       ??_ECServerUserManager@@UAEPAXI@Z 0041d190 f i ServerUserManager.obj
 0001:0001c190       ??_GCServerUserManager@@UAEPAXI@Z 0041d190 f i ServerUserManager.obj
 0001:0001c1c0       ?Append@?$CWHArray@PAVCServerUserItem@@ABQAV1@@@QAEHABV1@@Z 0041d1c0 f i ServerUserManager.obj
 0001:0001c220       ?ContrastLogonPass@CLocalUserItem@@UAE_NPB_W@Z 0041d220 f   ServerUserManager.obj
 0001:0001c270       ?ContrastNickName@CLocalUserItem@@UAE_NPB_W@Z 0041d270 f   ServerUserManager.obj
 0001:0001c2c0       ?DeleteUserItem@CServerUserManager@@UAE_NK@Z 0041d2c0 f   ServerUserManager.obj
 0001:0001c3a0       ?DeleteUserItem@CServerUserManager@@UAE_NXZ 0041d3a0 f   ServerUserManager.obj
 0001:0001c3e0       ?EnumUserItem@CServerUserManager@@UAEPAVCServerUserItem@@G@Z 0041d3e0 f   ServerUserManager.obj
 0001:0001c400       ?GetActiveGroupID@CServerUserItem@@UAEKXZ 0041d400 f i ServerUserManager.obj
 0001:0001c410       ?GetGameID@CServerUserItem@@UAEKXZ 0041d410 f i ServerUserManager.obj
 0001:0001c410       ?GetGroupItemCount@CGroupInfoManager@@UAEKXZ 0041d410 f i GroupInfoManager.obj
 0001:0001c420       ?GetGender@CServerUserItem@@UAEEXZ 0041d420 f i ServerUserManager.obj
 0001:0001c430       ?GetGroupCount@CLocalUserItem@@UAEGXZ 0041d430 f i ServerUserManager.obj
 0001:0001c440       ?GetGroupData@CLocalUserItem@@UAEPAKXZ 0041d440 f i ServerUserManager.obj
 0001:0001c450       ?GetLogonTime@CLocalUserItem@@UAEKXZ 0041d450 f i ServerUserManager.obj
 0001:0001c460       ?GetNickName@CServerUserItem@@UAEPB_WXZ 0041d460 f i ServerUserManager.obj
 0001:0001c470       ?GetSocketID@CServerUserItem@@UAEKXZ 0041d470 f i ServerUserManager.obj
 0001:0001c480       ?GetUserID@CServerUserItem@@UAEKXZ 0041d480 f i ServerUserManager.obj
 0001:0001c490       ?GetUserInfo@CServerUserItem@@UAEPAUtagIMUserInfo@@XZ 0041d490 f i ServerUserManager.obj
 0001:0001c4a0       ?GetUserItemCount@CServerUserManager@@UAEKXZ 0041d4a0 f i ServerUserManager.obj
 0001:0001c4b0       ?GetUserStatus@CServerUserItem@@UAEEXZ 0041d4b0 f i ServerUserManager.obj
 0001:0001c4c0       ?InsertGroupID@CLocalUserItem@@UAE_NK@Z 0041d4c0 f   ServerUserManager.obj
 0001:0001c510       ?InsertLocalUserItem@CServerUserManager@@UAEPAVCLocalUserItem@@AAUtagIMUserInfo@@PB_W@Z 0041d510 f   ServerUserManager.obj
 0001:0001c6b0       ?InsertRemoteUserItem@CServerUserManager@@UAEPAVCRemoteUserItem@@AAUtagIMUserInfo@@@Z 0041d6b0 f   ServerUserManager.obj
 0001:0001c850       ?ModifyLogonPassword@CLocalUserItem@@QAEXPB_W@Z 0041d850 f   ServerUserManager.obj
 0001:0001c870       ?RemoveAll@?$CMap@KKUtagClubTableInfo@@AAU1@@@QAEXXZ 0041d870 f i GroupInfoManager.obj
 0001:0001c870       ?RemoveAll@?$CMap@KKPAVCServerUserItem@@PAV1@@@QAEXXZ 0041d870 f i ServerUserManager.obj
 0001:0001c870       ?RemoveAll@?$CMap@KKPAV?$CWHArray@KABK@@PAV1@@@QAEXXZ 0041d870 f i ServiceUnits.obj
 0001:0001c870       ?RemoveAll@?$CMap@KKPAVCGroupItem@@PAV1@@@QAEXXZ 0041d870 f i GroupInfoManager.obj
 0001:0001c870       ?RemoveAll@?$CMap@GGPAVCGameServerItem@NServerListManager@@AAPAV12@@@QAEXXZ 0041d870 f i ServerListManager.obj
 0001:0001c870       ?RemoveAll@?$CMap@DDPAVCWordNode@@PAV1@@@QAEXXZ 0041d870 f i WordFilter.obj
 0001:0001c8d0       ?RemoveGroupID@CLocalUserItem@@UAEXXZ 0041d8d0 f i ServerUserManager.obj
 0001:0001c8e0       ?RemoveGroupID@CLocalUserItem@@UAE_NK@Z 0041d8e0 f   ServerUserManager.obj
 0001:0001c930       ?ResetUserItem@CLocalUserItem@@MAEXXZ 0041d930 f   ServerUserManager.obj
 0001:0001c970       ?ResetUserItem@CServerUserItem@@MAEXXZ 0041d970 f   ServerUserManager.obj
 0001:0001c970       ?ResetUserItem@CRemoteUserItem@@MAEXXZ 0041d970 f   ServerUserManager.obj
 0001:0001c990       ?SetActiveGroupID@CServerUserItem@@UAEXK@Z 0041d990 f i ServerUserManager.obj
 0001:0001c9a0       ?SetLogonTime@CLocalUserItem@@UAEXK@Z 0041d9a0 f i ServerUserManager.obj
 0001:0001c9b0       ?SetSocketID@CServerUserItem@@UAEXK@Z 0041d9b0 f i ServerUserManager.obj
 0001:0001c9c0       ?SetUserStatus@CServerUserItem@@UAEXE@Z 0041d9c0 f i ServerUserManager.obj
 0001:0001c9d0       ??0CServiceUnits@@QAE@XZ   0041d9d0 f   ServiceUnits.obj
 0001:0001ce30       ??1CServiceUnits@@UAE@XZ   0041de30 f   ServiceUnits.obj
 0001:0001d160       ??_G?$CMap@KKPAV?$CWHArray@KABK@@PAV1@@@UAEPAXI@Z 0041e160 f i ServiceUnits.obj
 0001:0001d160       ??_E?$CMap@KKPAV?$CWHArray@KABK@@PAV1@@@UAEPAXI@Z 0041e160 f i ServiceUnits.obj
 0001:0001d1e0       ??_E?$CTempldateHelper@UIAttemperEngine@@@@UAEPAXI@Z 0041e1e0 f i ServiceUnits.obj
 0001:0001d1e0       ??_GCAttemperEngineHelper@@UAEPAXI@Z 0041e1e0 f i ServiceUnits.obj
 0001:0001d1e0       ??_ECAttemperEngineHelper@@UAEPAXI@Z 0041e1e0 f i ServiceUnits.obj
 0001:0001d1e0       ??_G?$CTempldateHelper@UIAttemperEngine@@@@UAEPAXI@Z 0041e1e0 f i ServiceUnits.obj
 0001:0001d280       ??_GCCriticalSection@@UAEPAXI@Z 0041e280 f i ServiceUnits.obj
 0001:0001d280       ??_ECCriticalSection@@UAEPAXI@Z 0041e280 f i ServiceUnits.obj
 0001:0001d2d0       ??_G?$CTempldateHelper@UIDataBaseEngine@@@@UAEPAXI@Z 0041e2d0 f i ServiceUnits.obj
 0001:0001d2d0       ??_GCDataBaseEngineHelper@@UAEPAXI@Z 0041e2d0 f i ServiceUnits.obj
 0001:0001d2d0       ??_E?$CTempldateHelper@UIDataBaseEngine@@@@UAEPAXI@Z 0041e2d0 f i ServiceUnits.obj
 0001:0001d2d0       ??_ECDataBaseEngineHelper@@UAEPAXI@Z 0041e2d0 f i ServiceUnits.obj
 0001:0001d370       ??_GCServiceUnits@@UAEPAXI@Z 0041e370 f i ServiceUnits.obj
 0001:0001d370       ??_ECServiceUnits@@UAEPAXI@Z 0041e370 f i ServiceUnits.obj
 0001:0001d3b0       ??_G?$CTempldateHelper@UITCPNetworkEngine@@@@UAEPAXI@Z 0041e3b0 f i ServiceUnits.obj
 0001:0001d3b0       ??_E?$CTempldateHelper@UITCPNetworkEngine@@@@UAEPAXI@Z 0041e3b0 f i ServiceUnits.obj
 0001:0001d3b0       ??_GCTCPNetworkEngineHelper@@UAEPAXI@Z 0041e3b0 f i ServiceUnits.obj
 0001:0001d3b0       ??_ECTCPNetworkEngineHelper@@UAEPAXI@Z 0041e3b0 f i ServiceUnits.obj
 0001:0001d450       ??_GCTCPSocketServiceHelper@@UAEPAXI@Z 0041e450 f i ServiceUnits.obj
 0001:0001d450       ??_ECTCPSocketServiceHelper@@UAEPAXI@Z 0041e450 f i ServiceUnits.obj
 0001:0001d450       ??_E?$CTempldateHelper@UITCPSocketService@@@@UAEPAXI@Z 0041e450 f i ServiceUnits.obj
 0001:0001d450       ??_G?$CTempldateHelper@UITCPSocketService@@@@UAEPAXI@Z 0041e450 f i ServiceUnits.obj
 0001:0001d4f0       ??_ECTimerEngineHelper@@UAEPAXI@Z 0041e4f0 f i ServiceUnits.obj
 0001:0001d4f0       ??_E?$CTempldateHelper@UITimerEngine@@@@UAEPAXI@Z 0041e4f0 f i ServiceUnits.obj
 0001:0001d4f0       ??_G?$CTempldateHelper@UITimerEngine@@@@UAEPAXI@Z 0041e4f0 f i ServiceUnits.obj
 0001:0001d4f0       ??_GCTimerEngineHelper@@UAEPAXI@Z 0041e4f0 f i ServiceUnits.obj
 0001:0001d590       ?ConcludeService@CServiceUnits@@UAA_NXZ 0041e590 f   ServiceUnits.obj
 0001:0001d650       ?CreateInstance@?$CTempldateHelper@UIDataBaseEngine@@@@QAE_NXZ 0041e650 f i ServiceUnits.obj
 0001:0001d650       ?CreateInstance@?$CTempldateHelper@UITCPNetworkEngine@@@@QAE_NXZ 0041e650 f i ServiceUnits.obj
 0001:0001d650       ?CreateInstance@?$CTempldateHelper@UITCPSocketService@@@@QAE_NXZ 0041e650 f i ServiceUnits.obj
 0001:0001d650       ?CreateInstance@?$CTempldateHelper@UITimerEngine@@@@QAE_NXZ 0041e650 f i ServiceUnits.obj
 0001:0001d650       ?CreateInstance@?$CTempldateHelper@UIDataBase@@@@QAE_NXZ 0041e650 f i DataBaseEngineSink.obj
 0001:0001d650       ?CreateInstance@?$CTempldateHelper@UIAttemperEngine@@@@QAE_NXZ 0041e650 f i ServiceUnits.obj
 0001:0001d7d0       ?GetAssocAt@?$CMap@KKPAVCGroupItem@@PAV1@@@IBEPAVCAssoc@1@KAAI0@Z 0041e7d0 f i GroupInfoManager.obj
 0001:0001d7d0       ?GetAssocAt@?$CMap@KKPAVCServerUserItem@@PAV1@@@IBEPAVCAssoc@1@KAAI0@Z 0041e7d0 f i ServerUserManager.obj
 0001:0001d7d0       ?GetAssocAt@?$CMap@KKPAV?$CWHArray@KABK@@PAV1@@@IBEPAVCAssoc@1@KAAI0@Z 0041e7d0 f i ServiceUnits.obj
 0001:0001d840       ?GetMessageMap@CServiceUnits@@MBEPBUAFX_MSGMAP@@XZ 0041e840 f   ServiceUnits.obj
 0001:0001d850       ?GetServiceStatus@CServiceUnits@@UAA?AW4enServiceStatus@@XZ 0041e850 f i ServiceUnits.obj
 0001:0001d860       ?InitializeService@CServiceUnits@@IAE_NXZ 0041e860 f   ServiceUnits.obj
 0001:0001dbb0       ?Lock@CCriticalSection@@UAEHK@Z 0041ebb0 f i ServiceUnits.obj
 0001:0001dbd0       ?NewAssoc@?$CMap@KKPAVCGroupItem@@PAV1@@@IAEPAVCAssoc@1@K@Z 0041ebd0 f i GroupInfoManager.obj
 0001:0001dbd0       ?NewAssoc@?$CMap@KKPAV?$CWHArray@KABK@@PAV1@@@IAEPAVCAssoc@1@K@Z 0041ebd0 f i ServiceUnits.obj
 0001:0001dbd0       ?NewAssoc@?$CMap@KKPAVCServerUserItem@@PAV1@@@IAEPAVCAssoc@1@K@Z 0041ebd0 f i ServerUserManager.obj
 0001:0001dc50       ?OnUIControlRequest@CServiceUnits@@IAEJIJ@Z 0041ec50 f   ServiceUnits.obj
 0001:0001de20       ?PostControlRequest@CServiceUnits@@UAA_NGPAXG@Z 0041ee20 f   ServiceUnits.obj
 0001:0001dee0       ?SendControlPacket@CServiceUnits@@AAE_NGPAXG@Z 0041eee0 f   ServiceUnits.obj
 0001:0001df10       ?SetServiceUnitsSink@CServiceUnits@@UAA_NPAUIServiceUnitsSink@@@Z 0041ef10 f   ServiceUnits.obj
 0001:0001df30       ?StartKernelService@CServiceUnits@@IAE_NXZ 0041ef30 f   ServiceUnits.obj
 0001:0001dfa0       ?StartNetworkService@CServiceUnits@@IAE_NXZ 0041efa0 f   ServiceUnits.obj
 0001:0001dfc0       ?StartService@CServiceUnits@@UAA_NXZ 0041efc0 f   ServiceUnits.obj
 0001:0001e0a0       ?Unlock@CCriticalSection@@UAEHXZ 0041f0a0 f i ServiceUnits.obj
 0001:0001e0b0       ?Unlock@CSyncObject@@UAEHJPAJ@Z 0041f0b0 f i ServiceUnits.obj
 0001:0001e0c0       ??$AtlConvAllocMemory@D@ATL@@YAXPAPADHPADH@Z 0041f0c0 f i WordFilter.obj
 0001:0001e160       ??$_snprintf_s@$0IB@@@YAHAAY0IB@DIPBDZZ 0041f160 f i WordFilter.obj
 0001:0001e1a0       ??0CWordFilter@@QAE@XZ     0041f1a0 f   WordFilter.obj
 0001:0001e210       ??0CWordNode@@QAE@D@Z      0041f210 f   WordFilter.obj
 0001:0001e270       ??1?$CMap@DDPAVCWordNode@@PAV1@@@UAE@XZ 0041f270 f i WordFilter.obj
 0001:0001e2b0       ??1?$CW2AEX@$0IA@@ATL@@QAE@XZ 0041f2b0 f i WordFilter.obj
 0001:0001e2d0       ??1CWordFilter@@UAE@XZ     0041f2d0 f   WordFilter.obj
 0001:0001e2e0       ??1CWordNode@@UAE@XZ       0041f2e0 f   WordFilter.obj
 0001:0001e3f0       ??1CWordTree@@UAE@XZ       0041f3f0 f   WordFilter.obj
 0001:0001e410       ??A?$CMap@DDPAVCWordNode@@PAV1@@@QAEAAPAVCWordNode@@D@Z 0041f410 f i WordFilter.obj
 0001:0001e4c0       ??_E?$CMap@DDPAVCWordNode@@PAV1@@@UAEPAXI@Z 0041f4c0 f i WordFilter.obj
 0001:0001e4c0       ??_G?$CMap@DDPAVCWordNode@@PAV1@@@UAEPAXI@Z 0041f4c0 f i WordFilter.obj
 0001:0001e540       ??_GCWordFilter@@UAEPAXI@Z 0041f540 f i WordFilter.obj
 0001:0001e540       ??_ECWordFilter@@UAEPAXI@Z 0041f540 f i WordFilter.obj
 0001:0001e570       ??_GCWordNode@@UAEPAXI@Z   0041f570 f i WordFilter.obj
 0001:0001e570       ??_ECWordNode@@UAEPAXI@Z   0041f570 f i WordFilter.obj
 0001:0001e5a0       ??_ECWordTree@@UAEPAXI@Z   0041f5a0 f i WordFilter.obj
 0001:0001e5a0       ??_GCWordTree@@UAEPAXI@Z   0041f5a0 f i WordFilter.obj
 0001:0001e5d0       ?AtlThrowLastWin32@ATL@@YGXXZ 0041f5d0 f i WordFilter.obj
 0001:0001e5f0       ?FilterWords@CWordFilter@@QAE_NPBD@Z 0041f5f0 f   WordFilter.obj
 0001:0001e650       ?FilterWords@CWordFilter@@QAE_NPB_W@Z 0041f650 f   WordFilter.obj
 0001:0001e6f0       ?Find@CWordTree@@AAEPAVCWordNode@@PAV2@PBD1@Z 0041f6f0 f   WordFilter.obj
 0001:0001e800       ?FindKeyword@CWordNode@@QAE_NPBD@Z 0041f800 f   WordFilter.obj
 0001:0001e860       ?GetAssocAt@?$CMap@DDPAVCWordNode@@PAV1@@@IBEPAVCAssoc@1@DAAI0@Z 0041f860 f i WordFilter.obj
 0001:0001e8d0       ?Init@?$CW2AEX@$0IA@@ATL@@AAEXPB_WI@Z 0041f8d0 f i WordFilter.obj
 0001:0001e9c0       ?Insert@CWordTree@@AAEPAVCWordNode@@PAV2@PBD1@Z 0041f9c0 f   WordFilter.obj
 0001:0001eac0       ?InsertBranch@CWordTree@@AAEPAVCWordNode@@PAV2@PBD1@Z 0041fac0 f   WordFilter.obj
 0001:0001eb80       ?InsertChild@CWordNode@@QAEPAV1@D@Z 0041fb80 f   WordFilter.obj
 0001:0001ec40       ?InsertKeyword@CWordFilter@@QAE_NPB_W@Z 0041fc40 f   WordFilter.obj
 0001:0001ed00       ?NewAssoc@?$CMap@DDPAVCWordNode@@PAV1@@@IAEPAVCAssoc@1@D@Z 0041fd00 f i WordFilter.obj
 0001:0001ed80       ?RebuildTree@CWordTree@@IAEXXZ 0041fd80 f   WordFilter.obj
 0001:0001ee50       ?ResetFilter@CWordFilter@@QAEXXZ 0041fe50 f   WordFilter.obj
 0001:0001ee60       ?Serialize@?$CMap@DDPAVCWordNode@@PAV1@@@UAEXAAVCArchive@@@Z 0041fe60 f i WordFilter.obj
 0001:0001f106       ??3@YAXPAX@Z               00420106 f   mfc140u:mfc140u.dll
 0001:0001f10c       ?OnCmdMsg@CCmdTarget@@UAEHIHPAXPAUAFX_CMDHANDLERINFO@@@Z 0042010c f   mfc140u:mfc140u.dll
 0001:0001f112       ?OnFinalRelease@CCmdTarget@@UAEXXZ 00420112 f   mfc140u:mfc140u.dll
 0001:0001f118       ?IsInvokeAllowed@CCmdTarget@@UAEHJ@Z 00420118 f   mfc140u:mfc140u.dll
 0001:0001f11e       ?GetDispatchIID@CCmdTarget@@UAEHPAU_GUID@@@Z 0042011e f   mfc140u:mfc140u.dll
 0001:0001f124       ?GetTypeInfoCount@CCmdTarget@@UAEIXZ 00420124 f   mfc140u:mfc140u.dll
 0001:0001f12a       ?GetTypeLibCache@CCmdTarget@@UAEPAVCTypeLibCache@@XZ 0042012a f   mfc140u:mfc140u.dll
 0001:0001f130       ?GetTypeLib@CCmdTarget@@UAEJKPAPAUITypeLib@@@Z 00420130 f   mfc140u:mfc140u.dll
 0001:0001f136       ?GetCommandMap@CCmdTarget@@MBEPBUAFX_OLECMDMAP@@XZ 00420136 f   mfc140u:mfc140u.dll
 0001:0001f13c       ?GetDispatchMap@CCmdTarget@@MBEPBUAFX_DISPMAP@@XZ 0042013c f   mfc140u:mfc140u.dll
 0001:0001f142       ?GetConnectionMap@CCmdTarget@@MBEPBUAFX_CONNECTIONMAP@@XZ 00420142 f   mfc140u:mfc140u.dll
 0001:0001f148       ?GetInterfaceMap@CCmdTarget@@MBEPBUAFX_INTERFACEMAP@@XZ 00420148 f   mfc140u:mfc140u.dll
 0001:0001f14e       ?GetEventSinkMap@CCmdTarget@@MBEPBUAFX_EVENTSINKMAP@@XZ 0042014e f   mfc140u:mfc140u.dll
 0001:0001f154       ?OnCreateAggregates@CCmdTarget@@UAEHXZ 00420154 f   mfc140u:mfc140u.dll
 0001:0001f15a       ?GetInterfaceHook@CCmdTarget@@UAEPAUIUnknown@@PBX@Z 0042015a f   mfc140u:mfc140u.dll
 0001:0001f160       ?GetExtraConnectionPoints@CCmdTarget@@MAEHPAVCPtrArray@@@Z 00420160 f   mfc140u:mfc140u.dll
 0001:0001f166       ?GetConnectionHook@CCmdTarget@@MAEPAUIConnectionPoint@@ABU_GUID@@@Z 00420166 f   mfc140u:mfc140u.dll
 0001:0001f16c       ?AfxInitRichEdit2@@YGHXZ   0042016c f   mfc140u:mfc140u.dll
 0001:0001f172       ?DoModal@CDialog@@UAEHXZ   00420172 f   mfc140u:mfc140u.dll
 0001:0001f178       ?PreTranslateMessage@CWinThread@@UAEHPAUtagMSG@@@Z 00420178 f   mfc140u:mfc140u.dll
 0001:0001f17e       ?PumpMessage@CWinThread@@UAEHXZ 0042017e f   mfc140u:mfc140u.dll
 0001:0001f184       ?IsIdleMessage@CWinThread@@UAEHPAUtagMSG@@@Z 00420184 f   mfc140u:mfc140u.dll
 0001:0001f18a       ?ProcessMessageFilter@CWinThread@@UAEHHPAUtagMSG@@@Z 0042018a f   mfc140u:mfc140u.dll
 0001:0001f190       ?GetMainWnd@CWinThread@@UAEPAVCWnd@@XZ 00420190 f   mfc140u:mfc140u.dll
 0001:0001f196       ?Delete@CWinThread@@UAEXXZ 00420196 f   mfc140u:mfc140u.dll
 0001:0001f19c       ?GetRuntimeClass@CWinApp@@UBEPAUCRuntimeClass@@XZ 0042019c f   mfc140u:mfc140u.dll
 0001:0001f1a2       ??0CWinApp@@QAE@PB_W@Z     004201a2 f   mfc140u:mfc140u.dll
 0001:0001f1a8       ?SetRegistryKey@CWinApp@@IAEXPB_W@Z 004201a8 f   mfc140u:mfc140u.dll
 0001:0001f1ae       ?GetProfileIntW@CWinApp@@UAEIPB_W0H@Z 004201ae f   mfc140u:mfc140u.dll
 0001:0001f1b4       ?WriteProfileInt@CWinApp@@UAEHPB_W0H@Z 004201b4 f   mfc140u:mfc140u.dll
 0001:0001f1ba       ?GetProfileStringW@CWinApp@@UAE?AV?$CStringT@_WV?$StrTraitMFC_DLL@_WV?$ChTraitsCRT@_W@ATL@@@@@ATL@@PB_W00@Z 004201ba f   mfc140u:mfc140u.dll
 0001:0001f1c0       ?WriteProfileStringW@CWinApp@@UAEHPB_W00@Z 004201c0 f   mfc140u:mfc140u.dll
 0001:0001f1c6       ?GetProfileBinary@CWinApp@@UAEHPB_W0PAPAEPAI@Z 004201c6 f   mfc140u:mfc140u.dll
 0001:0001f1cc       ?WriteProfileBinary@CWinApp@@UAEHPB_W0PAEI@Z 004201cc f   mfc140u:mfc140u.dll
 0001:0001f1d2       ?InitLibId@CWinApp@@UAEXXZ 004201d2 f   mfc140u:mfc140u.dll
 0001:0001f1d8       ?Register@CWinApp@@UAEHXZ  004201d8 f   mfc140u:mfc140u.dll
 0001:0001f1de       ?Unregister@CWinApp@@UAEHXZ 004201de f   mfc140u:mfc140u.dll
 0001:0001f1e4       ?OpenDocumentFile@CWinApp@@UAEPAVCDocument@@PB_W@Z 004201e4 f   mfc140u:mfc140u.dll
 0001:0001f1ea       ?OpenDocumentFile@CWinApp@@UAEPAVCDocument@@PB_WH@Z 004201ea f   mfc140u:mfc140u.dll
 0001:0001f1f0       ?AddToRecentFileList@CWinApp@@UAEXPB_W@Z 004201f0 f   mfc140u:mfc140u.dll
 0001:0001f1f6       ?InitApplication@CWinApp@@UAEHXZ 004201f6 f   mfc140u:mfc140u.dll
 0001:0001f1fc       ?SaveAllModified@CWinApp@@UAEHXZ 004201fc f   mfc140u:mfc140u.dll
 0001:0001f202       ?DoMessageBox@CWinApp@@UAEHPB_WII@Z 00420202 f   mfc140u:mfc140u.dll
 0001:0001f208       ?DoWaitCursor@CWinApp@@UAEXH@Z 00420208 f   mfc140u:mfc140u.dll
 0001:0001f20e       ?OnDDECommand@CWinApp@@UAEHPA_W@Z 0042020e f   mfc140u:mfc140u.dll
 0001:0001f214       ?WinHelpW@CWinApp@@UAEXKI@Z 00420214 f   mfc140u:mfc140u.dll
 0001:0001f21a       ?HtmlHelpW@CWinApp@@UAEXKI@Z 0042021a f   mfc140u:mfc140u.dll
 0001:0001f220       ?WinHelpInternal@CWinApp@@UAEXKI@Z 00420220 f   mfc140u:mfc140u.dll
 0001:0001f226       ?RegisterWithRestartManager@CWinApp@@UAEJHABV?$CStringT@_WV?$StrTraitMFC_DLL@_WV?$ChTraitsCRT@_W@ATL@@@@@ATL@@@Z 00420226 f   mfc140u:mfc140u.dll
 0001:0001f22c       ?RegisterWithRestartManager@CWinApp@@UAEJPB_WKP6GKPAX@Z1KK@Z 0042022c f   mfc140u:mfc140u.dll
 0001:0001f232       ?ApplicationRecoveryCallback@CWinApp@@UAEKPAX@Z 00420232 f   mfc140u:mfc140u.dll
 0001:0001f238       ?GetDataRecoveryHandler@CWinApp@@UAEPAVCDataRecoveryHandler@@XZ 00420238 f   mfc140u:mfc140u.dll
 0001:0001f23e       ?IsTaskbarInteractionEnabled@CWinApp@@UAEHXZ 0042023e f   mfc140u:mfc140u.dll
 0001:0001f244       ?InitInstance@CWinApp@@UAEHXZ 00420244 f   mfc140u:mfc140u.dll
 0001:0001f24a       ?ExitInstance@CWinApp@@UAEHXZ 0042024a f   mfc140u:mfc140u.dll
 0001:0001f250       ?RestartInstance@CWinApp@@UAEHXZ 00420250 f   mfc140u:mfc140u.dll
 0001:0001f256       ?Run@CWinApp@@UAEHXZ       00420256 f   mfc140u:mfc140u.dll
 0001:0001f25c       ?OnIdle@CWinApp@@UAEHJ@Z   0042025c f   mfc140u:mfc140u.dll
 0001:0001f262       ?ProcessWndProcException@CWinApp@@UAEJPAVCException@@PBUtagMSG@@@Z 00420262 f   mfc140u:mfc140u.dll
 0001:0001f268       ?LoadAppLangResourceDLL@CWinApp@@UAEPAUHINSTANCE__@@XZ 00420268 f   mfc140u:mfc140u.dll
 0001:0001f26e       ??1CWinApp@@UAE@XZ         0042026e f   mfc140u:mfc140u.dll
 0001:0001f274       ?GetThisMessageMap@CWinApp@@KGPBUAFX_MSGMAP@@XZ 00420274 f   mfc140u:mfc140u.dll
 0001:0001f27a       ?LoadSysPolicies@CWinApp@@UAEHXZ 0042027a f   mfc140u:mfc140u.dll
 0001:0001f280       ?AfxEnableControlContainer@@YAXPAVCOccManager@@@Z 00420280 f   mfc140u:mfc140u.dll
 0001:0001f286       ?AfxGetModuleState@@YGPAVAFX_MODULE_STATE@@XZ 00420286 f   mfc140u:mfc140u.dll
 0001:0001f28c       ?DDX_Control@@YGXPAVCDataExchange@@HAAVCWnd@@@Z 0042028c f   mfc140u:mfc140u.dll
 0001:0001f292       ?PreSubclassWindow@CWnd@@UAEXXZ 00420292 f   mfc140u:mfc140u.dll
 0001:0001f298       ?Create@CWnd@@UAEHPB_W0KABUtagRECT@@PAV1@IPAUCCreateContext@@@Z 00420298 f   mfc140u:mfc140u.dll
 0001:0001f29e       ?CreateEx@CWnd@@UAEHKPB_W0KHHHHPAUHWND__@@PAUHMENU__@@PAX@Z 0042029e f   mfc140u:mfc140u.dll
 0001:0001f2a4       ?CreateEx@CWnd@@UAEHKPB_W0KABUtagRECT@@PAV1@IPAX@Z 004202a4 f   mfc140u:mfc140u.dll
 0001:0001f2aa       ?DestroyWindow@CWnd@@UAEHXZ 004202aa f   mfc140u:mfc140u.dll
 0001:0001f2b0       ?PreCreateWindow@CWnd@@UAEHAAUtagCREATESTRUCTW@@@Z 004202b0 f   mfc140u:mfc140u.dll
 0001:0001f2b6       ?CalcWindowRect@CWnd@@UAEXPAUtagRECT@@I@Z 004202b6 f   mfc140u:mfc140u.dll
 0001:0001f2bc       ?GetDlgItem@CWnd@@QBEPAV1@H@Z 004202bc f   mfc140u:mfc140u.dll
 0001:0001f2c2       ?SetWindowTextW@CWnd@@QAEXPB_W@Z 004202c2 f   mfc140u:mfc140u.dll
 0001:0001f2c8       ?GetMenu@CWnd@@UBEPAVCMenu@@XZ 004202c8 f   mfc140u:mfc140u.dll
 0001:0001f2ce       ?SetMenu@CWnd@@UAEHPAVCMenu@@@Z 004202ce f   mfc140u:mfc140u.dll
 0001:0001f2d4       ?OnToolHitTest@CWnd@@UBEHVCPoint@@PAUtagTOOLINFOW@@@Z 004202d4 f   mfc140u:mfc140u.dll
 0001:0001f2da       ?EnableWindow@CWnd@@QAEHH@Z 004202da f   mfc140u:mfc140u.dll
 0001:0001f2e0       ?GetScrollBarCtrl@CWnd@@UBEPAVCScrollBar@@H@Z 004202e0 f   mfc140u:mfc140u.dll
 0001:0001f2e6       ?WinHelpW@CWnd@@UAEXKI@Z   004202e6 f   mfc140u:mfc140u.dll
 0001:0001f2ec       ?HtmlHelpW@CWnd@@UAEXKI@Z  004202ec f   mfc140u:mfc140u.dll
 0001:0001f2f2       ?WinHelpInternal@CWnd@@UAEXKI@Z 004202f2 f   mfc140u:mfc140u.dll
 0001:0001f2f8       ?ContinueModal@CWnd@@UAEHXZ 004202f8 f   mfc140u:mfc140u.dll
 0001:0001f2fe       ?EndModalLoop@CWnd@@UAEXH@Z 004202fe f   mfc140u:mfc140u.dll
 0001:0001f304       ?OnDrawIconicThumbnailOrLivePreview@CWnd@@UAEXAAVCDC@@VCRect@@VCSize@@HAAH@Z 00420304 f   mfc140u:mfc140u.dll
 0001:0001f30a       ?GetInterfaceMap@CWnd@@MBEPBUAFX_INTERFACEMAP@@XZ 0042030a f   mfc140u:mfc140u.dll
 0001:0001f310       ?EnsureStdObj@CWnd@@UAEJXZ 00420310 f   mfc140u:mfc140u.dll
 0001:0001f316       ?get_accParent@CWnd@@UAEJPAPAUIDispatch@@@Z 00420316 f   mfc140u:mfc140u.dll
 0001:0001f31c       ?get_accChildCount@CWnd@@UAEJPAJ@Z 0042031c f   mfc140u:mfc140u.dll
 0001:0001f322       ?get_accChild@CWnd@@UAEJUtagVARIANT@@PAPAUIDispatch@@@Z 00420322 f   mfc140u:mfc140u.dll
 0001:0001f328       ?get_accName@CWnd@@UAEJUtagVARIANT@@PAPA_W@Z 00420328 f   mfc140u:mfc140u.dll
 0001:0001f32e       ?get_accValue@CWnd@@UAEJUtagVARIANT@@PAPA_W@Z 0042032e f   mfc140u:mfc140u.dll
 0001:0001f334       ?get_accDescription@CWnd@@UAEJUtagVARIANT@@PAPA_W@Z 00420334 f   mfc140u:mfc140u.dll
 0001:0001f33a       ?get_accRole@CWnd@@UAEJUtagVARIANT@@PAU2@@Z 0042033a f   mfc140u:mfc140u.dll
 0001:0001f340       ?get_accState@CWnd@@UAEJUtagVARIANT@@PAU2@@Z 00420340 f   mfc140u:mfc140u.dll
 0001:0001f346       ?get_accHelp@CWnd@@UAEJUtagVARIANT@@PAPA_W@Z 00420346 f   mfc140u:mfc140u.dll
 0001:0001f34c       ?get_accHelpTopic@CWnd@@UAEJPAPA_WUtagVARIANT@@PAJ@Z 0042034c f   mfc140u:mfc140u.dll
 0001:0001f352       ?get_accKeyboardShortcut@CWnd@@UAEJUtagVARIANT@@PAPA_W@Z 00420352 f   mfc140u:mfc140u.dll
 0001:0001f358       ?get_accFocus@CWnd@@UAEJPAUtagVARIANT@@@Z 00420358 f   mfc140u:mfc140u.dll
 0001:0001f35e       ?get_accSelection@CWnd@@UAEJPAUtagVARIANT@@@Z 0042035e f   mfc140u:mfc140u.dll
 0001:0001f364       ?get_accDefaultAction@CWnd@@UAEJUtagVARIANT@@PAPA_W@Z 00420364 f   mfc140u:mfc140u.dll
 0001:0001f36a       ?accSelect@CWnd@@UAEJJUtagVARIANT@@@Z 0042036a f   mfc140u:mfc140u.dll
 0001:0001f370       ?accLocation@CWnd@@UAEJPAJ000UtagVARIANT@@@Z 00420370 f   mfc140u:mfc140u.dll
 0001:0001f376       ?accNavigate@CWnd@@UAEJJUtagVARIANT@@PAU2@@Z 00420376 f   mfc140u:mfc140u.dll
 0001:0001f37c       ?accHitTest@CWnd@@UAEJJJPAUtagVARIANT@@@Z 0042037c f   mfc140u:mfc140u.dll
 0001:0001f382       ?accDoDefaultAction@CWnd@@UAEJUtagVARIANT@@@Z 00420382 f   mfc140u:mfc140u.dll
 0001:0001f388       ?put_accName@CWnd@@UAEJUtagVARIANT@@PA_W@Z 00420388 f   mfc140u:mfc140u.dll
 0001:0001f38e       ?put_accValue@CWnd@@UAEJUtagVARIANT@@PA_W@Z 0042038e f   mfc140u:mfc140u.dll
 0001:0001f394       ?SetProxy@CWnd@@UAEJPAUIAccessibleProxy@@@Z 00420394 f   mfc140u:mfc140u.dll
 0001:0001f39a       ?CreateAccessibleProxy@CWnd@@UAEJIJPAJ@Z 0042039a f   mfc140u:mfc140u.dll
 0001:0001f3a0       ?OnCommand@CWnd@@MAEHIJ@Z  004203a0 f   mfc140u:mfc140u.dll
 0001:0001f3a6       ?OnNotify@CWnd@@MAEHIJPAJ@Z 004203a6 f   mfc140u:mfc140u.dll
 0001:0001f3ac       ?GetSuperWndProcAddr@CWnd@@MAEPAP6GJPAUHWND__@@IIJ@ZXZ 004203ac f   mfc140u:mfc140u.dll
 0001:0001f3b2       ?OnAmbientProperty@CWnd@@UAEHPAVCOleControlSite@@JPAUtagVARIANT@@@Z 004203b2 f   mfc140u:mfc140u.dll
 0001:0001f3b8       ?WindowProc@CWnd@@MAEJIIJ@Z 004203b8 f   mfc140u:mfc140u.dll
 0001:0001f3be       ?OnWndMsg@CWnd@@MAEHIIJPAJ@Z 004203be f   mfc140u:mfc140u.dll
 0001:0001f3c4       ?DefWindowProcW@CWnd@@MAEJIIJ@Z 004203c4 f   mfc140u:mfc140u.dll
 0001:0001f3ca       ?PostNcDestroy@CWnd@@MAEXXZ 004203ca f   mfc140u:mfc140u.dll
 0001:0001f3d0       ?OnChildNotify@CWnd@@MAEHIIJPAJ@Z 004203d0 f   mfc140u:mfc140u.dll
 0001:0001f3d6       ?OnTouchInputs@CWnd@@MAEHIPAUtagTOUCHINPUT@@@Z 004203d6 f   mfc140u:mfc140u.dll
 0001:0001f3dc       ?OnTouchInput@CWnd@@MAEHVCPoint@@HHPAUtagTOUCHINPUT@@@Z 004203dc f   mfc140u:mfc140u.dll
 0001:0001f3e2       ?GetGestureStatus@CWnd@@MAEKVCPoint@@@Z 004203e2 f   mfc140u:mfc140u.dll
 0001:0001f3e8       ?OnGestureZoom@CWnd@@MAEHVCPoint@@J@Z 004203e8 f   mfc140u:mfc140u.dll
 0001:0001f3ee       ?OnGesturePan@CWnd@@MAEHVCPoint@@0@Z 004203ee f   mfc140u:mfc140u.dll
 0001:0001f3f4       ?OnGestureRotate@CWnd@@MAEHVCPoint@@N@Z 004203f4 f   mfc140u:mfc140u.dll
 0001:0001f3fa       ?OnGestureTwoFingerTap@CWnd@@MAEHVCPoint@@@Z 004203fa f   mfc140u:mfc140u.dll
 0001:0001f400       ?OnGesturePressAndTap@CWnd@@MAEHVCPoint@@J@Z 00420400 f   mfc140u:mfc140u.dll
 0001:0001f406       ?ResizeDynamicLayout@CWnd@@MAEXXZ 00420406 f   mfc140u:mfc140u.dll
 0001:0001f40c       ?IsFrameWnd@CWnd@@UBEHXZ   0042040c f   mfc140u:mfc140u.dll
 0001:0001f412       ?OnFinalRelease@CWnd@@UAEXXZ 00420412 f   mfc140u:mfc140u.dll
 0001:0001f418       ?CreateControlContainer@CWnd@@MAEHPAPAVCOleControlContainer@@@Z 00420418 f   mfc140u:mfc140u.dll
 0001:0001f41e       ?CreateControlSite@CWnd@@MAEHPAVCOleControlContainer@@PAPAVCOleControlSite@@IABU_GUID@@@Z 0042041e f   mfc140u:mfc140u.dll
 0001:0001f424       ?GetRuntimeClass@CDialog@@UBEPAUCRuntimeClass@@XZ 00420424 f   mfc140u:mfc140u.dll
 0001:0001f42a       ?Create@CDialog@@UAEHPB_WPAVCWnd@@@Z 0042042a f   mfc140u:mfc140u.dll
 0001:0001f430       ?CreateIndirect@CDialog@@UAEHPBUDLGTEMPLATE@@PAVCWnd@@PAX@Z 00420430 f   mfc140u:mfc140u.dll
 0001:0001f436       ?CreateIndirect@CDialog@@UAEHPAXPAVCWnd@@@Z 00420436 f   mfc140u:mfc140u.dll
 0001:0001f43c       ??0CDialog@@QAE@IPAVCWnd@@@Z 0042043c f   mfc140u:mfc140u.dll
 0001:0001f442       ?OnInitDialog@CDialog@@UAEHXZ 00420442 f   mfc140u:mfc140u.dll
 0001:0001f448       ?OnSetFont@CDialog@@UAEXPAVCFont@@@Z 00420448 f   mfc140u:mfc140u.dll
 0001:0001f44e       ?OnCancel@CDialog@@MAEXXZ  0042044e f   mfc140u:mfc140u.dll
 0001:0001f454       ??1CDialog@@UAE@XZ         00420454 f   mfc140u:mfc140u.dll
 0001:0001f45a       ?PreTranslateMessage@CDialog@@UAEHPAUtagMSG@@@Z 0042045a f   mfc140u:mfc140u.dll
 0001:0001f460       ?OnCmdMsg@CDialog@@UAEHIHPAXPAUAFX_CMDHANDLERINFO@@@Z 00420460 f   mfc140u:mfc140u.dll
 0001:0001f466       ?CheckAutoCenter@CDialog@@UAEHXZ 00420466 f   mfc140u:mfc140u.dll
 0001:0001f46c       ?SetOccDialogInfo@CDialog@@MAEHPAU_AFX_OCC_DIALOG_INFO@@@Z 0042046c f   mfc140u:mfc140u.dll
 0001:0001f472       ?GetOccDialogInfo@CDialog@@MAEPAU_AFX_OCC_DIALOG_INFO@@XZ 00420472 f   mfc140u:mfc140u.dll
 0001:0001f478       ?PreInitDialog@CDialog@@MAEXXZ 00420478 f   mfc140u:mfc140u.dll
 0001:0001f47e       ?GetThisMessageMap@CDialog@@KGPBUAFX_MSGMAP@@XZ 0042047e f   mfc140u:mfc140u.dll
 0001:0001f484       ?AfxMessageBox@@YGHPB_WII@Z 00420484 f   mfc140u:mfc140u.dll
 0001:0001f48a       ??_U@YAPAXI@Z              0042048a f   mfc140u:mfc140u.dll
 0001:0001f490       ??_V@YAXPAX@Z              00420490 f   mfc140u:mfc140u.dll
 0001:0001f496       ?AfxThrowMemoryException@@YGXXZ 00420496 f   mfc140u:mfc140u.dll
 0001:0001f49c       ?AfxThrowInvalidArgException@@YGXXZ 0042049c f   mfc140u:mfc140u.dll
 0001:0001f4a2       ?AfxThrowOleException@@YGXJ@Z 004204a2 f   mfc140u:mfc140u.dll
 0001:0001f4a8       ??0CStdioFile@@QAE@XZ      004204a8 f   mfc140u:mfc140u.dll
 0001:0001f4ae       ?WriteString@CStdioFile@@UAEXPB_W@Z 004204ae f   mfc140u:mfc140u.dll
 0001:0001f4b4       ??1CStdioFile@@UAE@XZ      004204b4 f   mfc140u:mfc140u.dll
 0001:0001f4ba       ?GetLength@CStdioFile@@UBE_KXZ 004204ba f   mfc140u:mfc140u.dll
 0001:0001f4c0       ?Open@CStdioFile@@UAEHPB_WIPAVCFileException@@@Z 004204c0 f   mfc140u:mfc140u.dll
 0001:0001f4c6       ?Flush@CStdioFile@@UAEXXZ  004204c6 f   mfc140u:mfc140u.dll
 0001:0001f4cc       ?Close@CStdioFile@@UAEXXZ  004204cc f   mfc140u:mfc140u.dll
 0001:0001f4d2       ??0CDWordArray@@QAE@XZ     004204d2 f   mfc140u:mfc140u.dll
 0001:0001f4d8       ?SetSize@CDWordArray@@QAEXHH@Z 004204d8 f   mfc140u:mfc140u.dll
 0001:0001f4de       ?SetAtGrow@CDWordArray@@QAEXHK@Z 004204de f   mfc140u:mfc140u.dll
 0001:0001f4e4       ??1CDWordArray@@UAE@XZ     004204e4 f   mfc140u:mfc140u.dll
 0001:0001f4ea       ?AfxLoadLibrary@@YGPAUHINSTANCE__@@PB_W@Z 004204ea f   mfc140u:mfc140u.dll
 0001:0001f4f0       ?AfxFreeLibrary@@YGHPAUHINSTANCE__@@@Z 004204f0 f   mfc140u:mfc140u.dll
 0001:0001f4f6       ??2@YAPAXI@Z               004204f6 f   mfc140u:mfc140u.dll
 0001:0001f4fc       ?AfxThrowArchiveException@@YGXHPB_W@Z 004204fc f   mfc140u:mfc140u.dll
 0001:0001f502       ?GetRuntimeClass@CObject@@UBEPAUCRuntimeClass@@XZ 00420502 f   mfc140u:mfc140u.dll
 0001:0001f508       ?Read@CArchive@@QAEIPAXI@Z 00420508 f   mfc140u:mfc140u.dll
 0001:0001f50e       ?Write@CArchive@@QAEXPBXI@Z 0042050e f   mfc140u:mfc140u.dll
 0001:0001f514       ?ReadCount@CArchive@@QAEKXZ 00420514 f   mfc140u:mfc140u.dll
 0001:0001f51a       ?WriteCount@CArchive@@QAEXK@Z 0042051a f   mfc140u:mfc140u.dll
 0001:0001f520       ?Create@CPlex@@SGPAU1@AAPAU1@II@Z 00420520 f   mfc140u:mfc140u.dll
 0001:0001f526       ?FreeDataChain@CPlex@@QAEXXZ 00420526 f   mfc140u:mfc140u.dll
 0001:0001f52c       ?RemoveAt@CDWordArray@@QAEXHH@Z 0042052c f   mfc140u:mfc140u.dll
 0001:0001f532       ?GetRuntimeClass@CWnd@@UBEPAUCRuntimeClass@@XZ 00420532 f   mfc140u:mfc140u.dll
 0001:0001f538       ??0CWnd@@QAE@XZ            00420538 f   mfc140u:mfc140u.dll
 0001:0001f53e       ?PreTranslateMessage@CWnd@@UAEHPAUtagMSG@@@Z 0042053e f   mfc140u:mfc140u.dll
 0001:0001f544       ??1CWnd@@UAE@XZ            00420544 f   mfc140u:mfc140u.dll
 0001:0001f54a       ?CheckAutoCenter@CWnd@@UAEHXZ 0042054a f   mfc140u:mfc140u.dll
 0001:0001f550       ?SetOccDialogInfo@CWnd@@MAEHPAU_AFX_OCC_DIALOG_INFO@@@Z 00420550 f   mfc140u:mfc140u.dll
 0001:0001f556       ?GetOccDialogInfo@CWnd@@MAEPAU_AFX_OCC_DIALOG_INFO@@XZ 00420556 f   mfc140u:mfc140u.dll
 0001:0001f55c       ?GetThisMessageMap@CWnd@@KGPBUAFX_MSGMAP@@XZ 0042055c f   mfc140u:mfc140u.dll
 0001:0001f562       ?AfxGetThread@@YGPAVCWinThread@@XZ 00420562 f   mfc140u:mfc140u.dll
 0001:0001f568       ??0CSyncObject@@QAE@PB_W@Z 00420568 f   mfc140u:mfc140u.dll
 0001:0001f56e       ??1CSyncObject@@UAE@XZ     0042056e f   mfc140u:mfc140u.dll
 0001:0001f574       ?GetRuntimeClass@CCriticalSection@@UBEPAUCRuntimeClass@@XZ 00420574 f   mfc140u:mfc140u.dll
 0001:0001f57a       ?Init@CComCriticalSection@ATL@@QAEJXZ 0042057a f i mfcs140u:nolib.obj
 0001:0001f7c8       _wWinMainCRTStartup        004207c8 f   msvcrt:exe_wwinmain.obj
 0001:0001f816       ___scrt_acquire_startup_lock 00420816 f   msvcrt:utility.obj
 0001:0001f84b       ___scrt_initialize_crt     0042084b f   msvcrt:utility.obj
 0001:0001f884       ___scrt_initialize_onexit_tables 00420884 f   msvcrt:utility.obj
 0001:0001f91b       ___scrt_is_nonwritable_in_current_image 0042091b f   msvcrt:utility.obj
 0001:0001f9a5       ___scrt_release_startup_lock 004209a5 f   msvcrt:utility.obj
 0001:0001f9c2       ___scrt_uninitialize_crt   004209c2 f   msvcrt:utility.obj
 0001:0001f9ea       __onexit                   004209ea f   msvcrt:utility.obj
 0001:0001fa25       _atexit                    00420a25 f   msvcrt:utility.obj
 0001:0001fa3a       @__security_check_cookie@4 00420a3a f   msvcrt:_secchk_.obj
 0001:0001fa50       __chkstk                   00420a50 f   msvcrt:chkstk.obj
 0001:0001fa50       __alloca_probe             00420a50 f   msvcrt:chkstk.obj
 0001:0001fa7d       ??_Gtype_info@@UAEPAXI@Z   00420a7d f i msvcrt:std_type_info_static.obj
 0001:0001fa7d       ??_Etype_info@@UAEPAXI@Z   00420a7d f i msvcrt:std_type_info_static.obj
 0001:0001faa0       ??3@YAXPAXI@Z              00420aa0 f   msvcrt:delete_scalar_size.obj
 0001:0001fb6e       ??$__crt_fast_encode_pointer@P6GXPAU_RTL_CONDITION_VARIABLE@@@Z@@YAP6GXPAU_RTL_CONDITION_VARIABLE@@@ZQ6GX0@Z@Z 00420b6e f i msvcrt:thread_safe_statics.obj
 0001:0001fb6e       ??$__crt_fast_encode_pointer@P6GHPAU_RTL_CONDITION_VARIABLE@@PAU_RTL_CRITICAL_SECTION@@K@Z@@YAP6GHPAU_RTL_CONDITION_VARIABLE@@PAU_RTL_CRITICAL_SECTION@@K@ZQ6GH01K@Z@Z 00420b6e f i msvcrt:thread_safe_statics.obj
 0001:0001fba7       __Init_thread_footer       00420ba7 f   msvcrt:thread_safe_statics.obj
 0001:0001fbe6       __Init_thread_header       00420be6 f   msvcrt:thread_safe_statics.obj
 0001:0001fc2c       __Init_thread_lock         00420c2c f   msvcrt:thread_safe_statics.obj
 0001:0001fc38       __Init_thread_notify       00420c38 f   msvcrt:thread_safe_statics.obj
 0001:0001fc79       __Init_thread_unlock       00420c79 f   msvcrt:thread_safe_statics.obj
 0001:0001fc85       __Init_thread_wait         00420c85 f   msvcrt:thread_safe_statics.obj
 0001:0001fcf0       __ftoui3                   00420cf0 f   msvcrt:_ftol3_.obj
 0001:0001fcff       __ftoul3                   00420cff f   msvcrt:_ftol3_.obj
 0001:0001fd0e       __ftol3                    00420d0e f   msvcrt:_ftol3_.obj
 0001:0001fd1b       __ftol3_NaN                00420d1b f   msvcrt:_ftol3_.obj
 0001:0001fd33       __ftol3_work               00420d33 f   msvcrt:_ftol3_.obj
 0001:0001fdb9       __ftol3_common             00420db9 f   msvcrt:_ftol3_.obj
 0001:0001fe7b       __ftol3_arg_error          00420e7b f   msvcrt:_ftol3_.obj
 0001:0001fe8d       __ftol3_except             00420e8d f   msvcrt:_ftol3_.obj
 0001:0001fed1       __dtoui3                   00420ed1 f   msvcrt:_ftol3_.obj
 0001:0001fee0       __dtoul3                   00420ee0 f   msvcrt:_ftol3_.obj
 0001:0001feef       __dtol3                    00420eef f   msvcrt:_ftol3_.obj
 0001:0001fefc       __dtol3_NaN                00420efc f   msvcrt:_ftol3_.obj
 0001:0001ff19       __dtol3_work               00420f19 f   msvcrt:_ftol3_.obj
 0001:00020000       __ultod3                   00421000 f   msvcrt:_ftol3_.obj
 0001:00020040       __ltod3                    00421040 f   msvcrt:_ftol3_.obj
 0001:00020070       __ftol2_sse                00421070 f   msvcrt:_ftol2_.obj
 0001:00020079       __ftol2_pentium4           00421079 f   msvcrt:_ftol2_.obj
 0001:0002008c       __ftol2_sse_excpt          0042108c f   msvcrt:_ftol2_.obj
 0001:000200b0       __ftol2                    004210b0 f   msvcrt:_ftol2_.obj
 0001:00020130       __allmul                   00421130 f   msvcrt:llmul.obj
 0001:00020164       ??_L@YGXPAXIIP6EX0@Z1@Z    00421164 f   msvcrt:ehvecctr.obj
 0001:000201cd       ??_M@YGXPAXIIP6EX0@Z@Z     004211cd f   msvcrt:ehvecdtr.obj
 0001:00020247       ?__ArrayUnwind@@YGXPAXIIP6EX0@Z@Z 00421247 f   msvcrt:ehvecdtr.obj
 0001:000202b4       @_guard_check_icall@4      004212b4 f i msvcrt:checkcfg.obj
 0001:000202c0       __SEH_prolog4              004212c0 f   msvcrt:_sehprolg4_.obj
 0001:00020306       __SEH_epilog4              00421306 f   msvcrt:_sehprolg4_.obj
 0001:00020320       __SEH_prolog4_GS           00421320 f   msvcrt:_sehprolg4gs_.obj
 0001:00020369       __SEH_epilog4_GS           00421369 f   msvcrt:_sehprolg4gs_.obj
 0001:0002037a       __except_handler4          0042137a f   msvcrt:_chandler4gs_.obj
 0001:0002039d       ___security_init_cookie    0042139d f   msvcrt:gs_support.obj
 0001:00020439       __get_startup_argv_mode    00421439 f   msvcrt:argv_mode.obj
 0001:0002043d       __get_startup_file_mode    0042143d f   msvcrt:file_mode.obj
 0001:00020450       __matherr                  00421450 f   msvcrt:matherr.obj
 0001:00020450       ___scrt_initialize_winrt   00421450 f   msvcrt:utility_desktop.obj
 0001:00020450       ?GetApplicationRestartFlags@CWinApp@@UAEKXZ 00421450 f   AccessServer.obj
 0001:00020450       __get_startup_new_mode     00421450 f   msvcrt:new_mode.obj
 0001:00020450       __get_startup_thread_locale_mode 00421450 f   msvcrt:thread_locale.obj
 0001:00020450       __get_startup_commit_mode  00421450 f   msvcrt:commit_mode.obj
 0001:00020450       ?GetApplicationRecoveryParameter@CWinApp@@UAEPAXXZ 00421450 f   AccessServer.obj
 0001:00020453       ?__scrt_initialize_type_info@@YAXXZ 00421453 f   msvcrt:tncleanup.obj
 0001:0002045f       __initialize_default_precision 0042145f f   msvcrt:default_precision.obj
 0001:00020480       ___local_stdio_scanf_options 00421480 f i msvcrt:default_local_stdio_options.obj
 0001:00020486       ___scrt_initialize_default_local_stdio_options 00421486 f   msvcrt:default_local_stdio_options.obj
 0001:000204a3       ___scrt_is_user_matherr_present 004214a3 f   msvcrt:matherr_detection.obj
 0001:000204af       ___scrt_get_dyn_tls_init_callback 004214af f   msvcrt:dyn_tls_init.obj
 0001:000204b5       ___scrt_get_dyn_tls_dtor_callback 004214b5 f   msvcrt:dyn_tls_dtor.obj
 0001:000204bb       ___scrt_fastfail           004214bb f   msvcrt:utility_desktop.obj
 0001:000205d6       ___scrt_get_show_window_mode 004215d6 f   msvcrt:utility_desktop.obj
 0001:00020609       ___scrt_is_managed_app     00421609 f   msvcrt:utility_desktop.obj
 0001:0002064d       ___scrt_set_unhandled_exception_filter 0042164d f   msvcrt:utility_desktop.obj
 0001:00020659       ___scrt_unhandled_exception_filter@4 00421659 f   msvcrt:utility_desktop.obj
 0001:0002069a       __RTC_Initialize           0042169a f   msvcrt:_initsect_.obj
 0001:000206c5       __RTC_Terminate            004216c5 f   msvcrt:_initsect_.obj
 0001:000206f0       ___isa_available_init      004216f0 f   msvcrt:_cpu_disp_.obj
 0001:00020894       ___scrt_is_ucrt_dll_in_use 00421894 f   msvcrt:ucrt_detection.obj
 0001:000208a0       ___raise_securityfailure   004218a0 f   msvcrt:gs_report.obj
 0001:000208c8       ___report_gsfailure        004218c8 f   msvcrt:gs_report.obj
 0001:000209c4       _IsProcessorFeaturePresent@4 004219c4 f   kernel32:KERNEL32.dll
 0001:000209ca       ??0CAtlBaseModule@ATL@@QAE@XZ 004219ca f   atls:atlbase.obj
 0001:00020a1d       ??0_ATL_BASE_MODULE70@ATL@@QAE@XZ 00421a1d f i atls:atlbase.obj
[...]
 0002:000084d8       __tryblocktable$?OnRequestLoadSingleGroup@CDataBaseEngineSink@@IAE_NKPAXG@Z 0042c4d8     DataBaseEngineSink.obj
 0002:000084ec       __ehfuncinfo$?OnRequestLoadSingleGroup@CDataBaseEngineSink@@IAE_NKPAXG@Z 0042c4ec     DataBaseEngineSink.obj
 0002:00008510       __catchsym$?OnRequestModifyInfo@CDataBaseEngineSink@@IAE_NKPAXG@Z$3 0042c510     DataBaseEngineSink.obj
 0002:00008520       __tryblocktable$?OnRequestModifyInfo@CDataBaseEngineSink@@IAE_NKPAXG@Z 0042c520     DataBaseEngineSink.obj
 0002:00008534       __unwindtable$?OnRequestModifyInfo@CDataBaseEngineSink@@IAE_NKPAXG@Z 0042c534     DataBaseEngineSink.obj
 0002:0000854c       __ehfuncinfo$?OnRequestModifyInfo@CDataBaseEngineSink@@IAE_NKPAXG@Z 0042c54c     DataBaseEngineSink.obj
 0002:00008570       __catchsym$?OnRequestUpdateMember@CDataBaseEngineSink@@IAE_NKPAXG@Z$2 0042c570     DataBaseEngineSink.obj
 0002:00008580       __unwindtable$?OnRequestUpdateMember@CDataBaseEngineSink@@IAE_NKPAXG@Z 0042c580     DataBaseEngineSink.obj
 0002:00008590       __tryblocktable$?OnRequestUpdateMember@CDataBaseEngineSink@@IAE_NKPAXG@Z 0042c590     DataBaseEngineSink.obj
 0002:000085a4       __ehfuncinfo$?OnRequestUpdateMember@CDataBaseEngineSink@@IAE_NKPAXG@Z 0042c5a4     DataBaseEngineSink.obj
 0002:000085c8       __catchsym$?OnRequestLoadGroupList@CDataBaseEngineSink@@IAE_NKPAXG@Z$2 0042c5c8     DataBaseEngineSink.obj
 0002:000085d8       __unwindtable$?OnRequestLoadGroupList@CDataBaseEngineSink@@IAE_NKPAXG@Z 0042c5d8     DataBaseEngineSink.obj
 0002:000085e8       __tryblocktable$?OnRequestLoadGroupList@CDataBaseEngineSink@@IAE_NKPAXG@Z 0042c5e8     DataBaseEngineSink.obj
 0002:000085fc       __ehfuncinfo$?OnRequestLoadGroupList@CDataBaseEngineSink@@IAE_NKPAXG@Z 0042c5fc     DataBaseEngineSink.obj
 0002:00008620       __catchsym$?OnRequestLoadGroupItem@CDataBaseEngineSink@@IAE_NKPAXG@Z$2 0042c620     DataBaseEngineSink.obj
 0002:00008630       __unwindtable$?OnRequestLoadGroupItem@CDataBaseEngineSink@@IAE_NKPAXG@Z 0042c630     DataBaseEngineSink.obj
 0002:00008640       __tryblocktable$?OnRequestLoadGroupItem@CDataBaseEngineSink@@IAE_NKPAXG@Z 0042c640     DataBaseEngineSink.obj
 0002:00008654       __ehfuncinfo$?OnRequestLoadGroupItem@CDataBaseEngineSink@@IAE_NKPAXG@Z 0042c654     DataBaseEngineSink.obj
 0002:00008678       __catchsym$?OnRequestLoadGroupMember@CDataBaseEngineSink@@IAE_NKPAXG@Z$2 0042c678     DataBaseEngineSink.obj
 0002:00008688       __unwindtable$?OnRequestLoadGroupMember@CDataBaseEngineSink@@IAE_NKPAXG@Z 0042c688     DataBaseEngineSink.obj
 0002:00008698       __tryblocktable$?OnRequestLoadGroupMember@CDataBaseEngineSink@@IAE_NKPAXG@Z 0042c698     DataBaseEngineSink.obj
 0002:000086ac       __ehfuncinfo$?OnRequestLoadGroupMember@CDataBaseEngineSink@@IAE_NKPAXG@Z 0042c6ac     DataBaseEngineSink.obj
 0002:000086d0       __catchsym$?OnRequestLoadGroupConfig@CDataBaseEngineSink@@IAE_NKPAXG@Z$2 0042c6d0     DataBaseEngineSink.obj
 0002:000086e0       __unwindtable$?OnRequestLoadGroupConfig@CDataBaseEngineSink@@IAE_NKPAXG@Z 0042c6e0     DataBaseEngineSink.obj
 0002:000086f0       __tryblocktable$?OnRequestLoadGroupConfig@CDataBaseEngineSink@@IAE_NKPAXG@Z 0042c6f0     DataBaseEngineSink.obj
 0002:00008704       __ehfuncinfo$?OnRequestLoadGroupConfig@CDataBaseEngineSink@@IAE_NKPAXG@Z 0042c704     DataBaseEngineSink.obj
 0002:00008728       __unwindtable$?ExtractGroupID@CDataBaseEngineSink@@IAEGPB_WAAVCDWordArray@@@Z 0042c728     DataBaseEngineSink.obj
 0002:00008740       __ehfuncinfo$?ExtractGroupID@CDataBaseEngineSink@@IAEGPB_WAAVCDWordArray@@@Z 0042c740     DataBaseEngineSink.obj
 0002:00008764       __unwindtable$?TraceDatabaseException@CDataBaseEngineSink@@IAEXPAD0HPAUIDataBaseException@@@Z 0042c764     DataBaseEngineSink.obj
 0002:0000876c       __ehfuncinfo$?TraceDatabaseException@CDataBaseEngineSink@@IAEXPAD0HPAUIDataBaseException@@@Z 0042c76c     DataBaseEngineSink.obj
 0002:00008790       __unwindtable$??0CGroupInfoManager@@QAE@XZ 0042c790     GroupInfoManager.obj
 0002:000087a0       __ehfuncinfo$??0CGroupInfoManager@@QAE@XZ 0042c7a0     GroupInfoManager.obj
 0002:000087c4       __ehfuncinfo$??1CGroupInfoManager@@UAE@XZ 0042c7c4     GroupInfoManager.obj
 0002:000087e8       __unwindtable$??1CGroupInfoManager@@UAE@XZ 0042c7e8     GroupInfoManager.obj
 0002:00008820       __catchsym$?ActiveGroupItem@CGroupInfoManager@@UAE_NAAUtagIMGroupItem@@@Z$3 0042c820     GroupInfoManager.obj
 0002:00008830       __unwindtable$?ActiveGroupItem@CGroupInfoManager@@UAE_NAAUtagIMGroupItem@@@Z 0042c830     GroupInfoManager.obj
 0002:00008840       __tryblocktable$?ActiveGroupItem@CGroupInfoManager@@UAE_NAAUtagIMGroupItem@@@Z 0042c840     GroupInfoManager.obj
 0002:00008854       __ehfuncinfo$?ActiveGroupItem@CGroupInfoManager@@UAE_NAAUtagIMGroupItem@@@Z 0042c854     GroupInfoManager.obj
 0002:000088cc       __unwindtable$?LoadInitParameter@CInitParameter@@QAEXXZ 0042c8cc     InitParameter.obj
 0002:000088d4       __ehfuncinfo$?LoadInitParameter@CInitParameter@@QAEXXZ 0042c8d4     InitParameter.obj
 0002:000088f8       __unwindtable$??0CServerListManager@NServerListManager@@QAE@XZ 0042c8f8     ServerListManager.obj
 0002:00008908       __ehfuncinfo$??0CServerListManager@NServerListManager@@QAE@XZ 0042c908     ServerListManager.obj
 0002:0000892c       __ehfuncinfo$??1CServerListManager@NServerListManager@@UAE@XZ 0042c92c     ServerListManager.obj
 0002:00008950       __unwindtable$??1CServerListManager@NServerListManager@@UAE@XZ 0042c950     ServerListManager.obj
 0002:00008988       __catchsym$?InsertGameServer@CServerListManager@NServerListManager@@QAE_NPAUtagGameServer@@@Z$3 0042c988     ServerListManager.obj
 0002:00008998       __unwindtable$?InsertGameServer@CServerListManager@NServerListManager@@QAE_NPAUtagGameServer@@@Z 0042c998     ServerListManager.obj
 0002:000089a8       __tryblocktable$?InsertGameServer@CServerListManager@NServerListManager@@QAE_NPAUtagGameServer@@@Z 0042c9a8     ServerListManager.obj
 0002:000089bc       __ehfuncinfo$?InsertGameServer@CServerListManager@NServerListManager@@QAE_NPAUtagGameServer@@@Z 0042c9bc     ServerListManager.obj
 0002:000089e0       __unwindtable$??0CLocalUserItem@@IAE@XZ 0042c9e0     ServerUserManager.obj
 0002:000089f0       __ehfuncinfo$??0CLocalUserItem@@IAE@XZ 0042c9f0     ServerUserManager.obj
 0002:00008a14       __ehfuncinfo$??1?$CMap@KKPAVCGroupItem@@PAV1@@@UAE@XZ 0042ca14     GroupInfoManager.obj
 0002:00008a14       __ehfuncinfo$??1?$CMap@KKPAVCServerUserItem@@PAV1@@@UAE@XZ 0042ca14     ServerUserManager.obj
 0002:00008a14       __ehfuncinfo$??1?$CMap@GGPAVCGameServerItem@NServerListManager@@AAPAV12@@@UAE@XZ 0042ca14     ServerListManager.obj
 0002:00008a14       __ehfuncinfo$??1?$CMap@DDPAVCWordNode@@PAV1@@@UAE@XZ 0042ca14     WordFilter.obj
 0002:00008a38       __unwindtable$??0CServerUserManager@@QAE@XZ 0042ca38     ServerUserManager.obj
 0002:00008a50       __ehfuncinfo$??0CServerUserManager@@QAE@XZ 0042ca50     ServerUserManager.obj
 0002:00008a74       __ehfuncinfo$??1CServerUserManager@@UAE@XZ 0042ca74     ServerUserManager.obj
 0002:00008a98       __unwindtable$??1CServerUserManager@@UAE@XZ 0042ca98     ServerUserManager.obj
 0002:00008ad8       __catchsym$?InsertRemoteUserItem@CServerUserManager@@UAEPAVCRemoteUserItem@@AAUtagIMUserInfo@@@Z$3 0042cad8     ServerUserManager.obj
 0002:00008ae8       __unwindtable$?InsertRemoteUserItem@CServerUserManager@@UAEPAVCRemoteUserItem@@AAUtagIMUserInfo@@@Z 0042cae8     ServerUserManager.obj
 0002:00008af8       __tryblocktable$?InsertRemoteUserItem@CServerUserManager@@UAEPAVCRemoteUserItem@@AAUtagIMUserInfo@@@Z 0042caf8     ServerUserManager.obj
 0002:00008b0c       __ehfuncinfo$?InsertRemoteUserItem@CServerUserManager@@UAEPAVCRemoteUserItem@@AAUtagIMUserInfo@@@Z 0042cb0c     ServerUserManager.obj
 0002:00008b30       __catchsym$?InsertLocalUserItem@CServerUserManager@@UAEPAVCLocalUserItem@@AAUtagIMUserInfo@@PB_W@Z$3 0042cb30     ServerUserManager.obj
 0002:00008b40       __tryblocktable$?InsertLocalUserItem@CServerUserManager@@UAEPAVCLocalUserItem@@AAUtagIMUserInfo@@PB_W@Z 0042cb40     ServerUserManager.obj
 0002:00008b54       __unwindtable$?InsertLocalUserItem@CServerUserManager@@UAEPAVCLocalUserItem@@AAUtagIMUserInfo@@PB_W@Z 0042cb54     ServerUserManager.obj
 0002:00008b6c       __ehfuncinfo$?InsertLocalUserItem@CServerUserManager@@UAEPAVCLocalUserItem@@AAUtagIMUserInfo@@PB_W@Z 0042cb6c     ServerUserManager.obj
 0002:00008b90       __unwindtable$?CreateInstance@?$CTempldateHelper@UITCPNetworkEngine@@@@QAE_NXZ 0042cb90     ServiceUnits.obj
 0002:00008b90       __unwindtable$?CreateInstance@?$CTempldateHelper@UIAttemperEngine@@@@QAE_NXZ 0042cb90     ServiceUnits.obj
 0002:00008b90       __unwindtable$?CreateInstance@?$CTempldateHelper@UITCPSocketService@@@@QAE_NXZ 0042cb90     ServiceUnits.obj
 0002:00008b90       __unwindtable$?CreateInstance@?$CTempldateHelper@UIDataBase@@@@QAE_NXZ 0042cb90     DataBaseEngineSink.obj
 0002:00008b90       __unwindtable$?CreateInstance@?$CTempldateHelper@UITimerEngine@@@@QAE_NXZ 0042cb90     ServiceUnits.obj
 0002:00008b90       __unwindtable$?CreateInstance@?$CTempldateHelper@UIDataBaseEngine@@@@QAE_NXZ 0042cb90     ServiceUnits.obj
 0002:00008ba0       __tryblocktable$?CreateInstance@?$CTempldateHelper@UIDataBase@@@@QAE_NXZ 0042cba0     DataBaseEngineSink.obj
 0002:00008ba0       __tryblocktable$?CreateInstance@?$CTempldateHelper@UITCPNetworkEngine@@@@QAE_NXZ 0042cba0     ServiceUnits.obj
 0002:00008ba0       __tryblocktable$?CreateInstance@?$CTempldateHelper@UITimerEngine@@@@QAE_NXZ 0042cba0     ServiceUnits.obj
 0002:00008ba0       __tryblocktable$?CreateInstance@?$CTempldateHelper@UIDataBaseEngine@@@@QAE_NXZ 0042cba0     ServiceUnits.obj
 0002:00008ba0       __tryblocktable$?CreateInstance@?$CTempldateHelper@UITCPSocketService@@@@QAE_NXZ 0042cba0     ServiceUnits.obj
 0002:00008ba0       __tryblocktable$?CreateInstance@?$CTempldateHelper@UIAttemperEngine@@@@QAE_NXZ 0042cba0     ServiceUnits.obj
 0002:00008bb4       __catchsym$?CreateInstance@?$CTempldateHelper@UIDataBase@@@@QAE_NXZ$3 0042cbb4     DataBaseEngineSink.obj
 0002:00008bb4       __catchsym$?CreateInstance@?$CTempldateHelper@UIDataBaseEngine@@@@QAE_NXZ$3 0042cbb4     ServiceUnits.obj
 0002:00008bb4       __catchsym$?CreateInstance@?$CTempldateHelper@UITCPSocketService@@@@QAE_NXZ$3 0042cbb4     ServiceUnits.obj
 0002:00008bb4       __catchsym$?CreateInstance@?$CTempldateHelper@UITimerEngine@@@@QAE_NXZ$3 0042cbb4     ServiceUnits.obj
 0002:00008bb4       __catchsym$?CreateInstance@?$CTempldateHelper@UIAttemperEngine@@@@QAE_NXZ$3 0042cbb4     ServiceUnits.obj
 0002:00008bb4       __catchsym$?CreateInstance@?$CTempldateHelper@UITCPNetworkEngine@@@@QAE_NXZ$3 0042cbb4     ServiceUnits.obj
 0002:00008bd4       __ehfuncinfo$?CreateInstance@?$CTempldateHelper@UIDataBase@@@@QAE_NXZ 0042cbd4     DataBaseEngineSink.obj
 0002:00008bd4       __ehfuncinfo$?CreateInstance@?$CTempldateHelper@UIAttemperEngine@@@@QAE_NXZ 0042cbd4     ServiceUnits.obj
 0002:00008bd4       __ehfuncinfo$?CreateInstance@?$CTempldateHelper@UITCPNetworkEngine@@@@QAE_NXZ 0042cbd4     ServiceUnits.obj
 0002:00008bd4       __ehfuncinfo$?CreateInstance@?$CTempldateHelper@UIDataBaseEngine@@@@QAE_NXZ 0042cbd4     ServiceUnits.obj
 0002:00008bd4       __ehfuncinfo$?CreateInstance@?$CTempldateHelper@UITimerEngine@@@@QAE_NXZ 0042cbd4     ServiceUnits.obj
 0002:00008bd4       __ehfuncinfo$?CreateInstance@?$CTempldateHelper@UITCPSocketService@@@@QAE_NXZ 0042cbd4     ServiceUnits.obj
 0002:00008bf8       __ehfuncinfo$??0CServiceUnits@@QAE@XZ 0042cbf8     ServiceUnits.obj
 0002:00008c1c       __unwindtable$??0CServiceUnits@@QAE@XZ 0042cc1c     ServiceUnits.obj
 0002:00008c4c       __ehfuncinfo$??1CServiceUnits@@UAE@XZ 0042cc4c     ServiceUnits.obj
 0002:00008c70       __unwindtable$??1CServiceUnits@@UAE@XZ 0042cc70     ServiceUnits.obj
 0002:00008cb8       __unwindtable$?PostControlRequest@CServiceUnits@@UAA_NGPAXG@Z 0042ccb8     ServiceUnits.obj
 0002:00008cc0       __ehfuncinfo$?PostControlRequest@CServiceUnits@@UAA_NGPAXG@Z 0042ccc0     ServiceUnits.obj
 0002:00008ce4       __unwindtable$?OnUIControlRequest@CServiceUnits@@IAEJIJ@Z 0042cce4     ServiceUnits.obj
 0002:00008cec       __ehfuncinfo$?OnUIControlRequest@CServiceUnits@@IAEJIJ@Z 0042ccec     ServiceUnits.obj
 0002:00008d10       __ehfuncinfo$??1CWordNode@@UAE@XZ 0042cd10     WordFilter.obj
 0002:00008d34       __unwindtable$??1CWordNode@@UAE@XZ 0042cd34     WordFilter.obj
 0002:00008d5c       __catchsym$?InsertChild@CWordNode@@QAEPAV1@D@Z$3 0042cd5c     WordFilter.obj
 0002:00008d6c       __unwindtable$?InsertChild@CWordNode@@QAEPAV1@D@Z 0042cd6c     WordFilter.obj
 0002:00008d7c       __tryblocktable$?InsertChild@CWordNode@@QAEPAV1@D@Z 0042cd7c     WordFilter.obj
 0002:00008d90       __ehfuncinfo$?InsertChild@CWordNode@@QAEPAV1@D@Z 0042cd90     WordFilter.obj
 0002:00008db4       __catchsym$?RebuildTree@CWordTree@@IAEXXZ$5 0042cdb4     WordFilter.obj
 0002:00008dc4       __tryblocktable$?RebuildTree@CWordTree@@IAEXXZ 0042cdc4     WordFilter.obj
 0002:00008dd8       __unwindtable$?RebuildTree@CWordTree@@IAEXXZ 0042cdd8     WordFilter.obj
 0002:00008df8       __ehfuncinfo$?RebuildTree@CWordTree@@IAEXXZ 0042cdf8     WordFilter.obj
 0002:00008e1c       __unwindtable$??0CWordFilter@@QAE@XZ 0042ce1c     WordFilter.obj
 0002:00008e24       __ehfuncinfo$??0CWordFilter@@QAE@XZ 0042ce24     WordFilter.obj
 0002:00008e48       __unwindtable$?InsertKeyword@CWordFilter@@QAE_NPB_W@Z 0042ce48     WordFilter.obj
 0002:00008e50       __ehfuncinfo$?InsertKeyword@CWordFilter@@QAE_NPB_W@Z 0042ce50     WordFilter.obj
 0002:00008e74       __unwindtable$?FilterWords@CWordFilter@@QAE_NPB_W@Z 0042ce74     WordFilter.obj
 0002:00008e7c       __ehfuncinfo$?FilterWords@CWordFilter@@QAE_NPB_W@Z 0042ce7c     WordFilter.obj
 0002:00008ea0       __sehtable$?__scrt_common_main_seh@@YAHXZ 0042cea0     msvcrt:exe_wwinmain.obj
 0002:00008ec0       __sehtable$___scrt_is_nonwritable_in_current_image 0042cec0     msvcrt:utility.obj
 0002:00008ee0       __sehtable$??_L@YGXPAXIIP6EX0@Z1@Z 0042cee0     msvcrt:ehvecctr.obj
 0002:00008f00       __sehtable$??_M@YGXPAXIIP6EX0@Z@Z 0042cf00     msvcrt:ehvecdtr.obj
 0002:00008f20       __sehtable$?__ArrayUnwind@@YGXPAXIIP6EX0@Z@Z 0042cf20     msvcrt:ehvecdtr.obj
 0002:00009658       .idata$6                   0042d658     mfc140u:mfc140u.dll
 0002:00009958       .idata$6                   0042d958     kernel32:KERNEL32.dll
 0002:000099ba       .idata$6                   0042d9ba     user32:USER32.dll
 0002:000099c6       .idata$6                   0042d9c6     comctl32:COMCTL32.dll
 0002:000099d4       .idata$6                   0042d9d4     oleaut32:OLEAUT32.dll
 0002:00009ba8       .idata$6                   0042dba8     ServiceCore:ServiceCore.dll
 0002:0000a0d2       .idata$6                   0042e0d2     KernelEngine:KernelEngine.dll
 0002:0000a0f8       .idata$6                   0042e0f8     DbgHelp:dbghelp.dll
 0002:0000a1b6       .idata$6                   0042e1b6     vcruntime:VCRUNTIME140.dll
 0002:0000a4a4       .idata$6                   0042e4a4     ucrt:api-ms-win-crt-stdio-l1-1-0.dll
 0002:0000a4c4       .idata$6                   0042e4c4     ucrt:api-ms-win-crt-runtime-l1-1-0.dll
 0002:0000a4e6       .idata$6                   0042e4e6     ucrt:api-ms-win-crt-string-l1-1-0.dll
 0002:0000a508       .idata$6                   0042e508     ucrt:api-ms-win-crt-convert-l1-1-0.dll
 0002:0000a52a       .idata$6                   0042e52a     ucrt:api-ms-win-crt-heap-l1-1-0.dll
 0002:0000a54a       .idata$6                   0042e54a     ucrt:api-ms-win-crt-utility-l1-1-0.dll
 0002:0000a56c       .idata$6                   0042e56c     ucrt:api-ms-win-crt-time-l1-1-0.dll
 0002:0000a58c       .idata$6                   0042e58c     ucrt:api-ms-win-crt-locale-l1-1-0.dll
 0002:0000a5ae       .idata$6                   0042e5ae     ucrt:api-ms-win-crt-math-l1-1-0.dll
 0003:00000b80       ?strFile@?1??SendLogData@CAttemperEngineSink@@IAAXPB_WZZ@4V?$CStringT@_WV?$StrTraitMFC_DLL@_WV?$ChTraitsCRT@_W@ATL@@@@@ATL@@A 0042fb80     AttemperEngineSink.obj
 0003:00000b84       ?$TSS0@?1??SendLogData@CAttemperEngineSink@@IAAXPB_WZZ@4HA 0042fb84     AttemperEngineSink.obj
 0003:00000b98       ?g_sResult@@3PADA          0042fb98     Stdafx.obj
 0003:000013a0       ?g_wsResult@@3PA_WA        004303a0     Stdafx.obj
 0003:00001bb4       ?module_local_atexit_table@@3U_onexit_table_t@@A 00430bb4     msvcrt:utility.obj
 0003:00001bc0       ?module_local_at_quick_exit_table@@3U_onexit_table_t@@A 00430bc0     msvcrt:utility.obj
 0003:00001bcc       ?is_initialized_as_dll@@3_NA 00430bcc     msvcrt:utility.obj
 0003:00001bd0       ?_Tss_mutex@@3U_RTL_CRITICAL_SECTION@@A 00430bd0     msvcrt:thread_safe_statics.obj
 0003:00001be8       ?_Tss_cv@@3U_RTL_CONDITION_VARIABLE@@A 00430be8     msvcrt:thread_safe_statics.obj
 0003:00001bec       ?_Tss_event@@3PAXA         00430bec     msvcrt:thread_safe_statics.obj
 0003:00001bf0       ?encoded_sleep_condition_variable_cs@@3P6GHPAU_RTL_CONDITION_VARIABLE@@PAU_RTL_CRITICAL_SECTION@@K@ZA 00430bf0     msvcrt:thread_safe_statics.obj
 0003:00001bf4       ?encoded_wake_all_condition_variable@@3P6GXPAU_RTL_CONDITION_VARIABLE@@@ZA 00430bf4     msvcrt:thread_safe_statics.obj
 0003:00001c20       _GS_ExceptionRecord        00430c20     msvcrt:gs_report.obj
 0003:00001c70       _GS_ContextRecord          00430c70     msvcrt:gs_report.obj
 0004:00000000       __guard_fids__             00431000     msvcrt:exe_wwinmain.obj
 0004:00000004       __guard_fids__             00431004     msvcrt:exe_wwinmain.obj
 0004:00000008       __guard_fids__             00431008     msvcrt:exe_wwinmain.obj
 0004:0000000c       __guard_fids_?pre_c_initialization@@YAHXZ 0043100c     msvcrt:exe_wwinmain.obj
 0004:00000014       __guard_fids__             00431014     msvcrt:std_type_info_static.obj
 0004:00000018       __guard_fids__             00431018     msvcrt:thread_safe_statics.obj
 0004:0000001c       __guard_fids_?__scrt_initialize_thread_safe_statics@@YAHXZ 0043101c     msvcrt:thread_safe_statics.obj
 0004:00000020       __guard_fids___except_handler4 00431020     msvcrt:_chandler4gs_.obj
 0004:00000024       __guard_fids____scrt_set_unhandled_exception_filter 00431024     msvcrt:utility_desktop.obj
 0004:00000028       __guard_fids__             00431028     msvcrt:guard_support.obj
 0004:0000002c       __guard_fids_??__E_AtlBaseModule@ATL@@YAXXZ 0043102c     atls:atlbase.obj
 0004:00000030       __guard_fids__             00431030     atls:atlbase.obj
 0004:00000034       __guard_fids__             00431034     mfcs140u:appmodul.obj
 0006:00000390       $R000000                   00433390     AccessServer.res
 0006:000009f8       $R000668                   004339f8     AccessServer.res
 0006:00000ce0       $R000950                   00433ce0     AccessServer.res
 0006:00000e08       $R000A78                   00433e08     AccessServer.res
 0006:00001cb0       $R001920                   00434cb0     AccessServer.res
 0006:00002558       $R0021C8                   00435558     AccessServer.res
 0006:00002ac0       $R002730                   00435ac0     AccessServer.res
 0006:00044ae8       $R044758                   00477ae8     AccessServer.res
 0006:00055310       $R054F80                   00488310     AccessServer.res
 0006:000578b8       $R057528                   0048a8b8     AccessServer.res
 0006:00058960       $R0585D0                   0048b960     AccessServer.res
 0006:00058dc8       $R058A38                   0048bdc8     AccessServer.res
 0006:00058e68       $R058AD8                   0048be68     AccessServer.res
 0006:00058f68       $R058BD8                   0048bf68     AccessServer.res
 0006:00059240       $R058EB0                   0048c240     AccessServer.res
 0006:00059540       $R0591B0                   0048c540     AccessServer.res
