 AndroidDistribute

 Timestamp is 651e7f8d (Thu Oct  5 17:19:09 2023)

 Preferred load address is 00400000

 Start         Length     Name                   Class
 0001:00000000 00000050H .text$di                CODE
 0001:00000050 00017f60H .text$mn                CODE
 0001:00017fb0 00000b00H .text$x                 CODE
 0001:00018ab0 00000019H .text$yd                CODE
 0002:00000000 00000508H .idata$5                DATA
 0002:00000508 00000004H .00cfg                  DATA
 0002:0000050c 00000004H .CRT$XCA                DATA
 0002:00000510 00000004H .CRT$XCAA               DATA
 0002:00000514 00000008H .CRT$XCL                DATA
 0002:0000051c 00000004H .CRT$XCU                DATA
 0002:00000520 00000004H .CRT$XCZ                DATA
 0002:00000524 00000004H .CRT$XIA                DATA
 0002:00000528 00000004H .CRT$XIAA               DATA
 0002:0000052c 00000004H .CRT$XIAC               DATA
 0002:00000530 00000004H .CRT$XIC                DATA
 0002:00000534 00000004H .CRT$XIZ                DATA
 0002:00000538 00000004H .CRT$XLA                DATA
 0002:0000053c 00000004H .CRT$XLZ                DATA
 0002:00000540 00000004H .CRT$XPA                DATA
 0002:00000544 00000004H .CRT$XPZ                DATA
 0002:00000548 00000004H .CRT$XTA                DATA
 0002:0000054c 00000004H .CRT$XTZ                DATA
 0002:00000550 00008fd4H .rdata                  DATA
 0002:00009524 00000018H .rdata$T                DATA
 0002:0000953c 00001434H .rdata$r                DATA
 0002:0000a970 000000d0H .rdata$sxdata           DATA
 0002:0000aa40 00000408H .rdata$zzzdbg           DATA
 0002:0000ae48 00000004H .rtc$IAA                DATA
 0002:0000ae4c 00000004H .rtc$IZZ                DATA
 0002:0000ae50 00000004H .rtc$TAA                DATA
 0002:0000ae54 00000004H .rtc$TZZ                DATA
 0002:0000ae58 00001134H .xdata$x                DATA
 0002:0000bf8c 00000000H ATL$__a                 DATA
 0002:0000bf8c 00000000H ATL$__z                 DATA
 0002:0000bf8c 00000000H .edata                  DATA
 0002:0000bf8c 0000017cH .idata$2                DATA
 0002:0000c108 00000014H .idata$3                DATA
 0002:0000c11c 00000508H .idata$4                DATA
 0002:0000c624 00000e00H .idata$6                DATA
 0003:00000000 00000078H .data                   DATA
 0003:00000078 00000ca0H .data$r                 DATA
 0003:00000d18 00002ce4H .bss                    DATA
 0004:00000000 00000064H .gfids$y                DATA
 0005:00000000 00000004H .tls                    DATA
 0005:00000004 00000004H .tls$                   DATA
 0005:00000008 00000001H .tls$ZZZ                DATA
 0006:00000000 00000180H .rsrc$01                DATA
 0006:00000180 00002bb0H .rsrc$02                DATA

  Address         Publics by Value              Rva+Base       Lib:Object

 0000:00000000       ___guard_fids_table        00000000     <absolute>
 0000:00000000       ___guard_longjmp_count     00000000     <absolute>
 0000:00000000       ___guard_fids_count        00000000     <absolute>
 0000:00000000       ___guard_longjmp_table     00000000     <absolute>
 0000:00000000       ___dynamic_value_reloc_table 00000000     <absolute>
 0000:00000000       ___guard_iat_count         00000000     <absolute>
 0000:00000000       ___guard_iat_table         00000000     <absolute>
 0000:0000002c       __tls_array                0000002c     <absolute>
 0000:00000034       ___safe_se_handler_count   00000034     <absolute>
 0000:00000100       ___guard_flags             00000100     <absolute>
 0000:00000000       ___ImageBase               00400000     <linker-defined>
 0001:00000050       ??0WHLogControl@@QAE@XZ    00401050 f   Log.obj
 0001:00000060       ??1WHLogControl@@QAE@XZ    00401060 f   Log.obj
 0001:00000070       ?SetLogStatus@WHLogControl@@SAXE@Z 00401070 f   Log.obj
 0001:00000080       ?GetLogStatus@WHLogControl@@SAEXZ 00401080 f   Log.obj
 0001:00000090       ?LogPrintf@WHLogControl@@SAXGPADPBDZZ 00401090 f   Log.obj
 0001:000002c0       ?LogPrintf@WHLogControl@@SAXGPA_WPB_WZZ 004012c0 f   Log.obj
 0001:000005d0       ??$__vcrt_va_start_verify_argument_type@PB_W@@YAXXZ 004015d0 f i Log.obj
 0001:000005d0       ??$__vcrt_va_start_verify_argument_type@QB_W@@YAXXZ 004015d0 f i Log.obj
 0001:000005d0       ??3@YAXPAX0@Z              004015d0 f i AIManager.obj
 0001:000005d0       ??$__vcrt_va_start_verify_argument_type@PBD@@YAXXZ 004015d0 f i Log.obj
 0001:000005d0       ?__global_delete@@YAXPAXI@Z 004015d0 f i AttemperEngineSink.obj
 0001:000005d0       ?__empty_global_delete@@YAXPAXI@Z 004015d0 f i AttemperEngineSink.obj
 0001:000005e0       ??$sprintf_s@$0BAE@@@YAHAAY0BAE@DPBDZZ 004015e0 f i Log.obj
 0001:00000610       ??$sprintf_s@$0EAA@@@YAHAAY0EAA@DPBDZZ 00401610 f i Log.obj
 0001:00000640       ___local_stdio_printf_options 00401640 f i Log.obj
 0001:00000650       __vfwprintf_s_l            00401650 f i Log.obj
 0001:00000680       __vsnprintf                00401680 f i Log.obj
 0001:000006a0       __vsnprintf_l              004016a0 f i Log.obj
 0001:00000700       __vsnwprintf               00401700 f i Log.obj
 0001:00000720       __vsnwprintf_l             00401720 f i Log.obj
 0001:00000780       __vsprintf_s_l             00401780 f i Log.obj
 0001:000007d0       _fwprintf_s                004017d0 f i Log.obj
 0001:00000810       _vsprintf_s                00401810 f i Log.obj
 0001:00000960       ??0CAttemperEngineSink@@QAE@XZ 00401960 f   AttemperEngineSink.obj
 0001:00000ab0       ??1CAttemperEngineSink@@UAE@XZ 00401ab0 f   AttemperEngineSink.obj
 0001:00000ae0       ?QueryInterface@CAttemperEngineSink@@UAEPAXABU_GUID@@K@Z 00401ae0 f   AttemperEngineSink.obj
 0001:00000b60       ?OnAttemperEngineStart@CAttemperEngineSink@@UAE_NPAUIUnknownEx@@@Z 00401b60 f   AttemperEngineSink.obj
 0001:00000bf0       ?OnAttemperEngineConclude@CAttemperEngineSink@@UAE_NPAUIUnknownEx@@@Z 00401bf0 f   AttemperEngineSink.obj
 0001:00000c80       ?OnEventControl@CAttemperEngineSink@@UAE_NGPAXG@Z 00401c80 f   AttemperEngineSink.obj
 0001:00000e60       ?OnEventAttemperData@CAttemperEngineSink@@UAE_NGPAXG@Z 00401e60 f   AttemperEngineSink.obj
 0001:00000e70       ?OnEventTimer@CAttemperEngineSink@@UAE_NKI@Z 00401e70 f   AttemperEngineSink.obj
 0001:00001160       ?OnEventDataBase@CAttemperEngineSink@@UAE_NGKPAXG@Z 00402160 f   AttemperEngineSink.obj
 0001:00001310       ?OnEventTCPSocketLink@CAttemperEngineSink@@UAE_NGH@Z 00402310 f   AttemperEngineSink.obj
 0001:000014a0       ?OnEventTCPSocketShut@CAttemperEngineSink@@UAE_NGE@Z 004024a0 f   AttemperEngineSink.obj
 0001:00001570       ?OnEventTCPSocketRead@CAttemperEngineSink@@UAE_NGUTCP_Command@@PAXG@Z 00402570 f   AttemperEngineSink.obj
 0001:000015d0       ?OnEventTCPNetworkBind@CAttemperEngineSink@@UAE_NKK@Z 004025d0 f   AttemperEngineSink.obj
 0001:000016c0       ?OnEventTCPNetworkShut@CAttemperEngineSink@@UAE_NKKK@Z 004026c0 f   AttemperEngineSink.obj
 0001:000017a0       ?OnEventTCPNetworkRead@CAttemperEngineSink@@UAE_NUTCP_Command@@PAXGK@Z 004027a0 f   AttemperEngineSink.obj
 0001:00001890       ?SendData@CAttemperEngineSink@@UAE_NEGGPAXG@Z 00402890 f   AttemperEngineSink.obj
 0001:00001940       ?SendData@CAttemperEngineSink@@UAE_NKGGPAXG@Z 00402940 f   AttemperEngineSink.obj
 0001:000019a0       ?SendData@CAttemperEngineSink@@UAE_NPAUIServerUserItem@@GGPAXG@Z 004029a0 f   AttemperEngineSink.obj
 0001:000019c0       ?SendLogData@CAttemperEngineSink@@UAAXPAUIServerUserItem@@PB_WZZ 004029c0 f   AttemperEngineSink.obj
 0001:00001b70       ?SendLogData@CAttemperEngineSink@@UAEXUtagLogUserInfo@@@Z 00402b70 f   AttemperEngineSink.obj
 0001:00001d10       ?SendLogData@CAttemperEngineSink@@UAAXPB_WZZ 00402d10 f   AttemperEngineSink.obj
 0001:00001e60       ?SendLogData@CAttemperEngineSink@@UAEXPAUIServerUserItem@@QB_WPB_W@Z 00402e60 f   AttemperEngineSink.obj
 0001:00001fc0       ?DisconnectCorrespond@CAttemperEngineSink@@UAE_NXZ 00402fc0 f   AttemperEngineSink.obj
 0001:00002020       ?InsertDistribute@CAttemperEngineSink@@UAE_NPAUIServerUserItem@@@Z 00403020 f   AttemperEngineSink.obj
 0001:00002030       ?OnDBGroupAIParameter@CAttemperEngineSink@@IAE_NKPAXG@Z 00403030 f   AttemperEngineSink.obj
 0001:00002260       ?OnDBGroupAIParameterEnd@CAttemperEngineSink@@IAE_NKPAXG@Z 00403260 f   AttemperEngineSink.obj
 0001:00002280       ?OnDBLoadAIUser@CAttemperEngineSink@@IAE_NKPAXG@Z 00403280 f   AttemperEngineSink.obj
 0001:000024c0       ?OnDBLoadAIUserEnd@CAttemperEngineSink@@IAE_NKPAXG@Z 004034c0 f   AttemperEngineSink.obj
 0001:00002650       ?OnDBLoadAITimeChange@CAttemperEngineSink@@IAE_NKPAXG@Z 00403650 f   AttemperEngineSink.obj
 0001:00002740       ?OnDBLoadAITimeWeightIn@CAttemperEngineSink@@IAE_NKPAXG@Z 00403740 f   AttemperEngineSink.obj
 0001:00002850       ?OnDBLoadAITimeWeightOut@CAttemperEngineSink@@IAE_NKPAXG@Z 00403850 f   AttemperEngineSink.obj
 0001:00002960       ?OnDBAIOperateResult@CAttemperEngineSink@@IAE_NKPAXG@Z 00403960 f   AttemperEngineSink.obj
 0001:00002a70       ?OnDBClearAIResult@CAttemperEngineSink@@IAE_NKPAXG@Z 00403a70 f   AttemperEngineSink.obj
 0001:00002b00       ?OnTCPNetworkService@CAttemperEngineSink@@IAE_NGPAXGK@Z 00403b00 f   AttemperEngineSink.obj
 0001:00002c50       ?OnTCPNetworkSubRegister@CAttemperEngineSink@@IAE_NPAXGK@Z 00403c50 f   AttemperEngineSink.obj
 0001:00002e70       ?OnTCPNetworkSubGroupGameRule@CAttemperEngineSink@@IAE_NPAXGK@Z 00403e70 f   AttemperEngineSink.obj
 0001:000030b0       ?OnTCPSocketMainRegister@CAttemperEngineSink@@IAE_NGPAXG@Z 004040b0 f   AttemperEngineSink.obj
 0001:000030f0       ?OnTCPSocketMainWebMessage@CAttemperEngineSink@@IAE_NGPAXG@Z 004040f0 f   AttemperEngineSink.obj
 0001:000038c0       ?OnTCPNetworkSubGroupRegister@CAttemperEngineSink@@IAE_NPAXGK@Z 004048c0 f   AttemperEngineSink.obj
 0001:00003900       ?OnTCPNetworkSubUpdateGroupGameRule@CAttemperEngineSink@@IAE_NPAXGK@Z 00404900 f   AttemperEngineSink.obj
 0001:00003a90       ?OnTCPNetworkSubUpdateGroupUserScore@CAttemperEngineSink@@IAE_NPAXGK@Z 00404a90 f   AttemperEngineSink.obj
 0001:00003bc0       ?OnTCPNetworkAIAction@CAttemperEngineSink@@IAE_NGPAXGK@Z 00404bc0 f   AttemperEngineSink.obj
 0001:00003cb0       ?OnTCPNetworkSubAIParameter@CAttemperEngineSink@@IAE_NPAXGK@Z 00404cb0 f   AttemperEngineSink.obj
 0001:00003db0       ?OnTCPNetworkSubAIPrsnlRoomCreateSuccess@CAttemperEngineSink@@IAE_NPAXGK@Z 00404db0 f   AttemperEngineSink.obj
 0001:00003e10       ?OnTCPNetworkSubAILogonResult@CAttemperEngineSink@@IAE_NPAXGK@Z 00404e10 f   AttemperEngineSink.obj
 0001:00003f30       ?OnTCPNetworkSubAIUpdateStatus@CAttemperEngineSink@@IAE_NPAXGK@Z 00404f30 f   AttemperEngineSink.obj
 0001:00003f90       ?OnTCPNetworkSubAITableChange@CAttemperEngineSink@@IAE_NPAXGK@Z 00404f90 f   AttemperEngineSink.obj
 0001:00004000       ?OnTCPNetworkSubAISitFailure@CAttemperEngineSink@@IAE_NPAXGK@Z 00405000 f   AttemperEngineSink.obj
 0001:00004100       ?GetBindParameter@CAttemperEngineSink@@UAEPAUtagBindParameter@@G@Z 00405100 f   AttemperEngineSink.obj
 0001:00004150       ?SendUIControlPacket@CAttemperEngineSink@@IAE_NGPAXG@Z 00405150 f   AttemperEngineSink.obj
 0001:00004180       ??$_snwprintf_s@$0CAA@@@YAHAAY0CAA@_WIPB_WZZ 00405180 f i AttemperEngineSink.obj
 0001:000041b0       ??$_snwprintf_s@$0IA@@@YAHAAY0IA@_WIPB_WZZ 004051b0 f i AttemperEngineSink.obj
 0001:000041e0       ??0?$CWHArray@KABK@@QAE@XZ 004051e0 f i AttemperEngineSink.obj
 0001:00004220       ??0IAttemperEngineSink@@QAE@XZ 00405220 f i AttemperEngineSink.obj
 0001:00004240       ??0IUnknownEx@@QAE@XZ      00405240 f i AttemperEngineSink.obj
 0001:00004260       ??0TimeChange@@QAE@XZ      00405260 f i AttemperEngineSink.obj
 0001:00004280       ??1?$CWHArray@KABK@@UAE@XZ 00405280 f i AttemperEngineSink.obj
 0001:000042e0       ??2@YAPAXIPAX@Z            004052e0 f i AttemperEngineSink.obj
 0001:000042f0       ??_G?$CWHArray@KABK@@UAEPAXI@Z 004052f0 f i AttemperEngineSink.obj
 0001:000042f0       ??_E?$CWHArray@KABK@@UAEPAXI@Z 004052f0 f i AttemperEngineSink.obj
 0001:00004320       ??_ECAttemperEngineSink@@UAEPAXI@Z 00405320 f i AttemperEngineSink.obj
 0001:00004320       ??_GCAttemperEngineSink@@UAEPAXI@Z 00405320 f i AttemperEngineSink.obj
 0001:00004360       ?GetBuildVer@@YAEK@Z       00405360 f i AttemperEngineSink.obj
 0001:00004380       ?GetMainVer@@YAEK@Z        00405380 f i AttemperEngineSink.obj
 0001:00004390       ?GetProductVer@@YAEK@Z     00405390 f i AttemperEngineSink.obj
 0001:000043b0       ?GetSubVer@@YAEK@Z         004053b0 f i AttemperEngineSink.obj
 0001:000043d0       ?InterfaceVersionCompare@@YA_NKK@Z 004053d0 f i AttemperEngineSink.obj
 0001:00004480       _==                        00405480 f i AttemperEngineSink.obj
 0001:000044b0       _IsEqualGUID               004054b0 f i AttemperEngineSink.obj
 0001:000044f0       __vsnwprintf_s             004054f0 f i AttemperEngineSink.obj
 0001:00004520       __vsnwprintf_s_l           00405520 f i AttemperEngineSink.obj
 0001:00004580       __vswprintf_s_l            00405580 f i AttemperEngineSink.obj
 0001:000045d0       _vswprintf_s               004055d0 f i AttemperEngineSink.obj
 0001:00004660       ??0CDataBaseEngineSink@@QAE@XZ 00405660 f   DataBaseEngineSink.obj
 0001:000047c0       ??1CDataBaseEngineSink@@UAE@XZ 004057c0 f   DataBaseEngineSink.obj
 0001:00004890       ?QueryInterface@CDataBaseEngineSink@@UAEPAXABU_GUID@@K@Z 00405890 f   DataBaseEngineSink.obj
 0001:00004960       ?GetDataBase@CDataBaseEngineSink@@UAEPAXABU_GUID@@K@Z 00405960 f   DataBaseEngineSink.obj
 0001:00004970       ?GetDataBaseEngine@CDataBaseEngineSink@@UAEPAXABU_GUID@@K@Z 00405970 f   DataBaseEngineSink.obj
 0001:000049c0       ?PostGameDataBaseResult@CDataBaseEngineSink@@UAE_NGPAXG@Z 004059c0 f   DataBaseEngineSink.obj
 0001:000049d0       ?OnDataBaseEngineStart@CDataBaseEngineSink@@UAE_NPAUIUnknownEx@@@Z 004059d0 f   DataBaseEngineSink.obj
 0001:00004e60       ?OnDataBaseEngineConclude@CDataBaseEngineSink@@UAE_NPAUIUnknownEx@@@Z 00405e60 f   DataBaseEngineSink.obj
 0001:00004f70       ?OnDataBaseEngineTimer@CDataBaseEngineSink@@UAE_NKI@Z 00405f70 f   DataBaseEngineSink.obj
 0001:00004f80       ?OnDataBaseEngineControl@CDataBaseEngineSink@@UAE_NGPAXG@Z 00405f80 f   DataBaseEngineSink.obj
 0001:00004f90       ?OnDataBaseEngineRequest@CDataBaseEngineSink@@UAE_NGKPAXG@Z 00405f90 f   DataBaseEngineSink.obj
 0001:00005170       ?OnRequestAIParameter@CDataBaseEngineSink@@IAE_NKPAXGAAK@Z 00406170 f   DataBaseEngineSink.obj
 0001:000057c0       ?OnRequestLoadAIParameter@CDataBaseEngineSink@@IAE_NKPAXGAAK@Z 004067c0 f   DataBaseEngineSink.obj
 0001:000060f0       ?OnRequestLoadAIUser@CDataBaseEngineSink@@IAE_NKPAXGAAK@Z 004070f0 f   DataBaseEngineSink.obj
 0001:000065e0       ?OnRequestUnLockAIUser@CDataBaseEngineSink@@IAE_NKPAXGAAK@Z 004075e0 f   DataBaseEngineSink.obj
 0001:000066b0       ?OnRequestAIQuitGroup@CDataBaseEngineSink@@IAE_NKPAXGAAK@Z 004076b0 f   DataBaseEngineSink.obj
 0001:00006860       ?OnRequestLoadSingleAI@CDataBaseEngineSink@@IAE_NKPAXGAAK@Z 00407860 f   DataBaseEngineSink.obj
 0001:00006b40       ?OnRequestLoadAllAIOption@CDataBaseEngineSink@@IAE_NKPAXGAAK@Z 00407b40 f   DataBaseEngineSink.obj
 0001:000071d0       ?OnAIOperateResult@CDataBaseEngineSink@@IAEXK_NKGPB_W@Z 004081d0 f   DataBaseEngineSink.obj
 0001:000072b0       ?OnAIOperateClear@CDataBaseEngineSink@@IAE_NKPAXGAAK@Z 004082b0 f   DataBaseEngineSink.obj
 0001:00007370       ?SendLogData@CDataBaseEngineSink@@AAAXPB_WZZ 00408370 f   DataBaseEngineSink.obj
 0001:00007490       ??0?$CTempldateHelper@UIDataBase@@@@QAE@ABU_GUID@@KPB_WPBD@Z 00408490 f i DataBaseEngineSink.obj
 0001:00007520       ??0?$CW2CWEX@$0IA@@ATL@@QAE@PB_W@Z 00408520 f i DataBaseEngineSink.obj
 0001:00007520       ??0CPair@?$CMap@KKPAV?$CMap@GGPAV?$CMap@KKPAUtagAIUserInfo@@PAU1@@@PAV1@@@PAV1@@@IAE@K@Z 00408520 f i AIManager.obj
 0001:00007520       ??0CPair@?$CMap@KKHH@@IAE@K@Z 00408520 f i AIManager.obj
 0001:00007520       ??0CPair@?$CMap@KKPAUtagAIUserInfo@@PAU1@@@IAE@K@Z 00408520 f i AIManager.obj
 0001:00007520       ??0CPair@?$CMap@KKPAV?$CMap@GGPAUtagGroupAIParameter@@PAU1@@@PAV1@@@IAE@K@Z 00408520 f i AIManager.obj
 0001:00007540       ??0CDataBaseHelper@@QAE@XZ 00408540 f i DataBaseEngineSink.obj
 0001:00007580       ??0IDataBaseEngineSink@@QAE@XZ 00408580 f i DataBaseEngineSink.obj
 0001:000075a0       ??0IGameDataBaseEngine@@QAE@XZ 004085a0 f i DataBaseEngineSink.obj
 0001:000075c0       ??0_variant_t@@QAE@XZ      004085c0 f i DataBaseEngineSink.obj
 0001:000075e0       ??1?$CTempldateHelper@UIDataBase@@@@UAE@XZ 004085e0 f i DataBaseEngineSink.obj
 0001:00007630       ??1CDataBaseHelper@@UAE@XZ 00408630 f i DataBaseEngineSink.obj
 0001:00007650       ??1_variant_t@@QAE@XZ      00408650 f i DataBaseEngineSink.obj
 0001:00007670       ??B?$CW2CWEX@$0IA@@ATL@@QBEPB_WXZ 00408670 f i DataBaseEngineSink.obj
 0001:00007680       ??_E?$CTempldateHelper@UIDataBase@@@@UAEPAXI@Z 00408680 f i DataBaseEngineSink.obj
 0001:00007680       ??_G?$CTempldateHelper@UIDataBase@@@@UAEPAXI@Z 00408680 f i DataBaseEngineSink.obj
 0001:000076c0       ??_ECDataBaseEngineSink@@UAEPAXI@Z 004086c0 f i DataBaseEngineSink.obj
 0001:000076c0       ??_GCDataBaseEngineSink@@UAEPAXI@Z 004086c0 f i DataBaseEngineSink.obj
 0001:00007700       ??_GCDataBaseHelper@@UAEPAXI@Z 00408700 f i DataBaseEngineSink.obj
 0001:00007700       ??_ECDataBaseHelper@@UAEPAXI@Z 00408700 f i DataBaseEngineSink.obj
 0001:00007740       ?CreateInstance@?$CTempldateHelper@UIDataBase@@@@QAE_NXZ 00408740 f i DataBaseEngineSink.obj
 0001:00007920       ?GetCustomRule@CDataBaseEngineSink@@UAEPAXXZ 00408920 f i DataBaseEngineSink.obj
 0001:00007940       ?GetGameServiceAttrib@CDataBaseEngineSink@@UAEPAUtagGameServiceAttrib@@XZ 00408940 f i DataBaseEngineSink.obj
 0001:00007960       ?GetGameServiceOption@CDataBaseEngineSink@@UAEPAUtagGameServiceOption@@XZ 00408960 f i DataBaseEngineSink.obj
 0001:00007974       ?QueryInterface@CDataBaseEngineSink@@W3AEPAXABU_GUID@@K@Z 00408974 f i DataBaseEngineSink.obj
 0001:00007980       ?Release@CDataBaseEngineSink@@UAEXXZ 00408980 f i DataBaseEngineSink.obj
 0001:00007980       ??1CObject@@UAE@XZ         00408980 f i DBCorrespondManager.obj
 0001:00007980       ??1?$CW2CWEX@$0IA@@ATL@@QAE@XZ 00408980 f i DataBaseEngineSink.obj
 0001:00007980       ?Release@CAttemperEngineSink@@UAEXXZ 00408980 f i AttemperEngineSink.obj
 0001:00007980       ?AssertValid@CObject@@UBEXXZ 00408980 f i DBCorrespondManager.obj
 0001:0000798b       ?Release@CDataBaseEngineSink@@W3AEXXZ 0040898b f i DataBaseEngineSink.obj
 0001:000079a0       ??0CDBCorrespondManager@@QAE@XZ 004089a0 f   DBCorrespondManager.obj
 0001:00007a30       ??1CDBCorrespondManager@@QAE@XZ 00408a30 f   DBCorrespondManager.obj
 0001:00007ab0       ?QueryInterface@CDBCorrespondManager@@UAEPAXABU_GUID@@K@Z 00408ab0 f   DBCorrespondManager.obj
 0001:00007b30       ?StartService@CDBCorrespondManager@@UAE_NXZ 00408b30 f   DBCorrespondManager.obj
 0001:00007b50       ?ConcludeService@CDBCorrespondManager@@UAE_NXZ 00408b50 f   DBCorrespondManager.obj
 0001:00007be0       ?InitDBCorrespondManager@CDBCorrespondManager@@UAA_NPAUIDataBaseEngine@@@Z 00408be0 f   DBCorrespondManager.obj
 0001:00007bf0       ?PostDataBaseRequest@CDBCorrespondManager@@UAA_NKGKPAXGE@Z 00408bf0 f   DBCorrespondManager.obj
 0001:00007c80       ?OnPostRequestComplete@CDBCorrespondManager@@UAA_NK_N@Z 00408c80 f   DBCorrespondManager.obj
 0001:00007d90       ?OnTimerNotify@CDBCorrespondManager@@UAA_NXZ 00408d90 f   DBCorrespondManager.obj
 0001:00007e00       ?IsPostDBRequest@CDBCorrespondManager@@QAE_NK@Z 00408e00 f   DBCorrespondManager.obj
 0001:00007e50       ?GetUserArrayIndex@CDBCorrespondManager@@QAEHK@Z 00408e50 f   DBCorrespondManager.obj
 0001:00007eb0       ?AmortizeSyncData@CDBCorrespondManager@@QAE_NKGKPAXGE@Z 00408eb0 f   DBCorrespondManager.obj
 0001:00007fb0       ?PerformAmortisation@CDBCorrespondManager@@QAEXXZ 00408fb0 f   DBCorrespondManager.obj
 0001:00008090       ?ClearAmortizeData@CDBCorrespondManager@@QAEXXZ 00409090 f   DBCorrespondManager.obj
 0001:000080e0       ??0?$CList@PAUtagDBRequestHead@@ABQAU1@@@QAE@H@Z 004090e0 f i DBCorrespondManager.obj
 0001:00008140       ??0CCriticalSection@@QAE@XZ 00409140 f i DBCorrespondManager.obj
 0001:000081c0       ??0CObject@@IAE@XZ         004091c0 f i DBCorrespondManager.obj
 0001:000081d0       ??0IDBCorrespondManager@@QAE@XZ 004091d0 f i DBCorrespondManager.obj
 0001:000081f0       ??0IServiceModule@@QAE@XZ  004091f0 f i DBCorrespondManager.obj
 0001:00008210       ??1?$CList@PAUtagDBRequestHead@@ABQAU1@@@UAE@XZ 00409210 f i DBCorrespondManager.obj
 0001:00008260       ??1CCriticalSection@@UAE@XZ 00409260 f i DBCorrespondManager.obj
 0001:00008290       ??3CObject@@SGXPAX@Z       00409290 f i DBCorrespondManager.obj
 0001:000082b0       ??_G?$CList@PAUtagDBRequestHead@@ABQAU1@@@UAEPAXI@Z 004092b0 f i DBCorrespondManager.obj
 0001:000082b0       ??_E?$CList@PAUtagDBRequestHead@@ABQAU1@@@UAEPAXI@Z 004092b0 f i DBCorrespondManager.obj
 0001:00008300       ??_ECCriticalSection@@UAEPAXI@Z 00409300 f i DBCorrespondManager.obj
 0001:00008300       ??_GCCriticalSection@@UAEPAXI@Z 00409300 f i DBCorrespondManager.obj
 0001:00008350       ??_GCDBCorrespondManager@@QAEPAXI@Z 00409350 f i DBCorrespondManager.obj
 0001:00008380       ?AddTail@?$CList@PAUtagDBRequestHead@@ABQAU1@@@QAEPAU__POSITION@@ABQAUtagDBRequestHead@@@Z 00409380 f i DBCorrespondManager.obj
 0001:000083e0       ?AtlThrowImpl@ATL@@YGXJ@Z  004093e0 f i DBCorrespondManager.obj
 0001:00008400       ?Dump@CObject@@UBEXAAVCDumpContext@@@Z 00409400 f i DBCorrespondManager.obj
 0001:00008400       ?Serialize@CObject@@UAEXAAVCArchive@@@Z 00409400 f i DBCorrespondManager.obj
 0001:00008400       ?DoDataExchange@CWnd@@MAEXPAVCDataExchange@@@Z 00409400 f i AIDistributeDlg.obj
 0001:00008410       ?EnsureRead@CArchive@@QAEXPAXI@Z 00409410 f i DBCorrespondManager.obj
 0001:00008450       ?FreeNode@?$CList@PAUtagDBRequestHead@@ABQAU1@@@IAEXPAUCNode@1@@Z 00409450 f i DBCorrespondManager.obj
 0001:000084a0       ?GetHeadPosition@?$CList@PAUtagDBRequestHead@@ABQAU1@@@QBEPAU__POSITION@@XZ 004094a0 f i DBCorrespondManager.obj
 0001:000084c0       ?GetNext@?$CList@PAUtagDBRequestHead@@ABQAU1@@@QAEAAPAUtagDBRequestHead@@AAPAU__POSITION@@@Z 004094c0 f i DBCorrespondManager.obj
 0001:000084f0       ?Init@CCriticalSection@@AAEJXZ 004094f0 f i DBCorrespondManager.obj
 0001:00008530       ?IsStoring@CArchive@@QBEHXZ 00409530 f i DBCorrespondManager.obj
 0001:00008560       ?Lock@CCriticalSection@@QAEHXZ 00409560 f i DBCorrespondManager.obj
 0001:00008580       ?Lock@CCriticalSection@@UAEHK@Z 00409580 f i DBCorrespondManager.obj
 0001:000085a0       ?NewNode@?$CList@PAUtagDBRequestHead@@ABQAU1@@@IAEPAUCNode@1@PAU21@0@Z 004095a0 f i DBCorrespondManager.obj
 0001:000086b0       ?Release@CDBCorrespondManager@@UAEXXZ 004096b0 f i DBCorrespondManager.obj
 0001:000086f0       ?RemoveAll@?$CList@PAUtagDBRequestHead@@ABQAU1@@@QAEXXZ 004096f0 f i DBCorrespondManager.obj
 0001:00008760       ?RemoveAt@?$CList@PAUtagDBRequestHead@@ABQAU1@@@QAEXPAU__POSITION@@@Z 00409760 f i DBCorrespondManager.obj
 0001:000087d0       ?RemoveHead@?$CList@PAUtagDBRequestHead@@ABQAU1@@@QAEPAUtagDBRequestHead@@XZ 004097d0 f i DBCorrespondManager.obj
 0001:00008860       ?Serialize@?$CList@PAUtagDBRequestHead@@ABQAU1@@@UAEXAAVCArchive@@@Z 00409860 f i DBCorrespondManager.obj
 0001:00008920       ?Unlock@CCriticalSection@@UAEHXZ 00409920 f i DBCorrespondManager.obj
 0001:00008940       ?Unlock@CSyncObject@@UAEHJPAJ@Z 00409940 f i DBCorrespondManager.obj
 0001:00008960       ?data@CPlex@@QAEPAXXZ      00409960 f i DBCorrespondManager.obj
 0001:00008980       _HRESULT_FROM_WIN32        00409980 f i DBCorrespondManager.obj
 0001:00008b10       ??0CAIManager@@QAE@XZ      00409b10 f   AIManager.obj
 0001:00008c10       ??1CAIManager@@UAE@XZ      00409c10 f   AIManager.obj
 0001:00008cb0       ?SetWeightOutOption@CAIManager@@QAEXUWeightOutOption@@@Z 00409cb0 f   AIManager.obj
 0001:00008ce0       ?SetWeightInOption@CAIManager@@QAEXUWeightInOption@@@Z 00409ce0 f   AIManager.obj
 0001:00008d10       ?SetWeightOutOption@CAIManager@@QAEXHUtagWeightOutRatio@@@Z 00409d10 f   AIManager.obj
 0001:00008d50       ?SetWeightInOption@CAIManager@@QAEXHUtagWeightInRatio@@@Z 00409d50 f   AIManager.obj
 0001:00008d80       ?SetAITimeChange@CAIManager@@QAE_NPAUTimeChange@@@Z 00409d80 f   AIManager.obj
 0001:00008db0       ?SetAITimeChange@CAIManager@@QAE_NHH@Z 00409db0 f   AIManager.obj
 0001:00008de0       ?InsertGroupParameter@CAIManager@@QAEEUtagGroupAIParameter@@@Z 00409de0 f   AIManager.obj
 0001:00009040       ?GetGroupParameter@CAIManager@@QAEPAUtagGroupAIParameter@@KG@Z 0040a040 f   AIManager.obj
 0001:000090a0       ?SetDBCorrespondManager@CAIManager@@QAEXPAUIDBCorrespondManager@@PAUITCPNetworkEngine@@@Z 0040a0a0 f   AIManager.obj
 0001:000090d0       ?SendLoadOneKindAIAction@CAIManager@@QAEXKG@Z 0040a0d0 f   AIManager.obj
 0001:00009190       ?SendLoadAllAIAction@CAIManager@@QAEXXZ 0040a190 f   AIManager.obj
 0001:00009290       ?InsertAIUser@CAIManager@@QAEXKGPAUtagAIUserInfo@@@Z 0040a290 f   AIManager.obj
 0001:00009740       ?SendAIToGameServer@CAIManager@@QAEXPAUCMD_SS_G_PersonalRoomCreateSuccess@@K@Z 0040a740 f   AIManager.obj
 0001:00009b80       ?SendOneAIToGameServer@CAIManager@@QAEXPAUtagAISitFailure@@K@Z 0040ab80 f   AIManager.obj
 0001:0000a010       ?SendAIToGroupServer@CAIManager@@QAEXKGK@Z 0040b010 f   AIManager.obj
 0001:0000a290       ?InsertServerItem@CAIManager@@QAE_NKAAUtagGameServer@@@Z 0040b290 f   AIManager.obj
 0001:0000a420       ?UpdateAIStatusInfo@CAIManager@@QAE_NPAUtagAIStatusInfo@@@Z 0040b420 f   AIManager.obj
 0001:0000a5d0       ?UpdateAIScore@CAIManager@@QAE_NPAUtagAIStatusInfo@@@Z 0040b5d0 f   AIManager.obj
 0001:0000a7d0       ?GetAIWeightIn@CAIManager@@QAEKK@Z 0040b7d0 f   AIManager.obj
 0001:0000a870       ?GetAIWeightOut@CAIManager@@QAEKK@Z 0040b870 f   AIManager.obj
 0001:0000a920       ?GetTimeAICount@CAIManager@@QAEKK@Z 0040b920 f   AIManager.obj
 0001:0000a950       ?GetAIWaitTimeCount@CAIManager@@QAEK_J@Z 0040b950 f   AIManager.obj
 0001:0000a9b0       ?AIInOrOut@CAIManager@@QAEKK@Z 0040b9b0 f   AIManager.obj
 0001:0000aed0       ?GetAICount@CAIManager@@QAEKXZ 0040bed0 f   AIManager.obj
 0001:0000af80       ?CreateRoom@CAIManager@@QAEKGGUCMD_GR_AICreateTable@@@Z 0040bf80 f   AIManager.obj
 0001:0000b1e0       ?GetSingleAICount@CAIManager@@QAEPAUtagAIUserInfo@@KG@Z 0040c1e0 f   AIManager.obj
 0001:0000b3a0       ?DeleteServer@CAIManager@@QAE_NK@Z 0040c3a0 f   AIManager.obj
 0001:0000b6b0       ?UpdateAITableChange@CAIManager@@QAE_NPAUCMD_SS_G_AI_Update_Table_Count@@@Z 0040c6b0 f   AIManager.obj
 0001:0000bc40       ?GroupCreateRoomCount@CAIManager@@QAE_NKG@Z 0040cc40 f   AIManager.obj
 0001:0000bc50       ?InsertGroupGameRule@CAIManager@@QAE_NUtagGroupConfigInfo@@@Z 0040cc50 f   AIManager.obj
 0001:0000bdd0       ?DeleteGroupGameRule@CAIManager@@QAE_NUtagGroupConfigInfo@@@Z 0040cdd0 f   AIManager.obj
 0001:0000bf00       ?ModifyGroupGameRule@CAIManager@@QAE_NUtagGroupConfigInfo@@@Z 0040cf00 f   AIManager.obj
 0001:0000c050       ?CheckGroupRoomIsNull@CAIManager@@QAE_NXZ 0040d050 f   AIManager.obj
 0001:0000c7b0       ?SetUserLeave@CAIManager@@QAE_NUCMD_CS_C_DeleteAI@@@Z 0040d7b0 f   AIManager.obj
 0001:0000cab0       ?LetUserLeave@CAIManager@@QAE_NXZ 0040dab0 f   AIManager.obj
 0001:0000ce80       ?ResetUserStatus@CAIManager@@QAE_NG@Z 0040de80 f   AIManager.obj
 0001:0000d050       ??$CompareElements@GG@@YGHPBG0@Z 0040e050 f i AIManager.obj
 0001:0000d0b0       ??$CompareElements@KK@@YGHPBK0@Z 0040e0b0 f i AIManager.obj
 0001:0000d110       ??$HashKey@G@@YGIG@Z       0040e110 f i AIManager.obj
 0001:0000d170       ??$HashKey@K@@YGIK@Z       0040e170 f i AIManager.obj
 0001:0000d1d0       ??$SerializeElements@G@@YGXAAVCArchive@@PAGH@Z 0040e1d0 f i AIManager.obj
 0001:0000d2d0       ??$SerializeElements@PAVCGameKindItem@NServerListManager@@@@YGXAAVCArchive@@PAPAVCGameKindItem@NServerListManager@@H@Z 0040e2d0 f i ServerListManager.obj
 0001:0000d2d0       ??$SerializeElements@PAUtagServerItem@@@@YGXAAVCArchive@@PAPAUtagServerItem@@H@Z 0040e2d0 f i AIManager.obj
 0001:0000d2d0       ??$SerializeElements@PAVCGameNodeItem@NServerListManager@@@@YGXAAVCArchive@@PAPAVCGameNodeItem@NServerListManager@@H@Z 0040e2d0 f i ServerListManager.obj
 0001:0000d2d0       ??$SerializeElements@PAVCGamePageItem@NServerListManager@@@@YGXAAVCArchive@@PAPAVCGamePageItem@NServerListManager@@H@Z 0040e2d0 f i ServerListManager.obj
 0001:0000d2d0       ??$SerializeElements@PAUtagGroupAIParameter@@@@YGXAAVCArchive@@PAPAUtagGroupAIParameter@@H@Z 0040e2d0 f i AIManager.obj
 0001:0000d2d0       ??$SerializeElements@PAV?$CMap@GGPAV?$CMap@KKPAUtagAIUserInfo@@PAU1@@@PAV1@@@@@YGXAAVCArchive@@PAPAV?$CMap@GGPAV?$CMap@KKPAUtagAIUserInfo@@PAU1@@@PAV1@@@H@Z 0040e2d0 f i AIManager.obj
 0001:0000d2d0       ??$SerializeElements@PAUtagAIUserInfo@@@@YGXAAVCArchive@@PAPAUtagAIUserInfo@@H@Z 0040e2d0 f i AIManager.obj
 0001:0000d2d0       ??$SerializeElements@PAVCGameServerItem@NServerListManager@@@@YGXAAVCArchive@@PAPAVCGameServerItem@NServerListManager@@H@Z 0040e2d0 f i ServerListManager.obj
 0001:0000d2d0       ??$SerializeElements@K@@YGXAAVCArchive@@PAKH@Z 0040e2d0 f i AIManager.obj
 0001:0000d2d0       ??$SerializeElements@H@@YGXAAVCArchive@@PAHH@Z 0040e2d0 f i AIManager.obj
 0001:0000d2d0       ??$SerializeElements@PAV?$CMap@KKPAUtagAIUserInfo@@PAU1@@@@@YGXAAVCArchive@@PAPAV?$CMap@KKPAUtagAIUserInfo@@PAU1@@@H@Z 0040e2d0 f i AIManager.obj
 0001:0000d2d0       ??$SerializeElements@PAUtagDBRequestHead@@@@YGXAAVCArchive@@PAPAUtagDBRequestHead@@H@Z 0040e2d0 f i DBCorrespondManager.obj
 0001:0000d2d0       ??$SerializeElements@PAVCGameTypeItem@NServerListManager@@@@YGXAAVCArchive@@PAPAVCGameTypeItem@NServerListManager@@H@Z 0040e2d0 f i ServerListManager.obj
 0001:0000d2d0       ??$SerializeElements@PAV?$CMap@GGPAUtagGroupAIParameter@@PAU1@@@@@YGXAAVCArchive@@PAPAV?$CMap@GGPAUtagGroupAIParameter@@PAU1@@@H@Z 0040e2d0 f i AIManager.obj
 0001:0000d3d0       ??0?$CMap@GGPAUtagGroupAIParameter@@PAU1@@@QAE@H@Z 0040e3d0 f i AIManager.obj
 0001:0000d430       ??0?$CMap@GGPAUtagServerItem@@PAU1@@@QAE@H@Z 0040e430 f i AIManager.obj
 0001:0000d490       ??0?$CMap@GGPAV?$CMap@KKPAUtagAIUserInfo@@PAU1@@@PAV1@@@QAE@H@Z 0040e490 f i AIManager.obj
 0001:0000d4f0       ??0?$CMap@KKHH@@QAE@H@Z    0040e4f0 f i AIManager.obj
 0001:0000d550       ??0?$CMap@KKPAUtagAIUserInfo@@PAU1@@@QAE@H@Z 0040e550 f i AIManager.obj
 0001:0000d5b0       ??0?$CMap@KKPAV?$CMap@GGPAUtagGroupAIParameter@@PAU1@@@PAV1@@@QAE@H@Z 0040e5b0 f i AIManager.obj
 0001:0000d610       ??0?$CMap@KKPAV?$CMap@GGPAV?$CMap@KKPAUtagAIUserInfo@@PAU1@@@PAV1@@@PAV1@@@QAE@H@Z 0040e610 f i AIManager.obj
 0001:0000d670       ??0?$CWHArray@UtagAreadyCheckKind@?1??CheckGroupRoomIsNull@CAIManager@@QAE_NXZ@ABU1?1??23@QAE_NXZ@@@QAE@XZ 0040e670 f i AIManager.obj
 0001:0000d6b0       ??0?$CWHArray@UtagDeleteGroupUser@@ABU1@@@QAE@XZ 0040e6b0 f i AIManager.obj
 0001:0000d6f0       ??0?$CWHArray@UtagGroupConfigInfo@@ABU1@@@QAE@XZ 0040e6f0 f i AIManager.obj
 0001:0000d730       ??0CAssoc@?$CMap@GGPAUtagServerItem@@PAU1@@@QAE@G@Z 0040e730 f i AIManager.obj
 0001:0000d730       ??0CAssoc@?$CMap@GGPAVCGameNodeItem@NServerListManager@@AAPAV12@@@QAE@G@Z 0040e730 f i ServerListManager.obj
 0001:0000d730       ??0CAssoc@?$CMap@GGPAVCGameKindItem@NServerListManager@@AAPAV12@@@QAE@G@Z 0040e730 f i ServerListManager.obj
 0001:0000d730       ??0CAssoc@?$CMap@GGPAVCGameServerItem@NServerListManager@@AAPAV12@@@QAE@G@Z 0040e730 f i ServerListManager.obj
 0001:0000d730       ??0CAssoc@?$CMap@GGPAV?$CMap@KKPAUtagAIUserInfo@@PAU1@@@PAV1@@@QAE@G@Z 0040e730 f i AIManager.obj
 0001:0000d730       ??0CAssoc@?$CMap@GGPAUtagGroupAIParameter@@PAU1@@@QAE@G@Z 0040e730 f i AIManager.obj
 0001:0000d730       ??0CAssoc@?$CMap@GGPAVCGameTypeItem@NServerListManager@@AAPAV12@@@QAE@G@Z 0040e730 f i ServerListManager.obj
 0001:0000d730       ??0CAssoc@?$CMap@GGPAVCGamePageItem@NServerListManager@@AAPAV12@@@QAE@G@Z 0040e730 f i ServerListManager.obj
 0001:0000d750       ??0CAssoc@?$CMap@KKPAUtagAIUserInfo@@PAU1@@@QAE@K@Z 0040e750 f i AIManager.obj
 0001:0000d750       ??0CAssoc@?$CMap@KKPAV?$CMap@GGPAUtagGroupAIParameter@@PAU1@@@PAV1@@@QAE@K@Z 0040e750 f i AIManager.obj
 0001:0000d750       ??0CAssoc@?$CMap@KKPAV?$CMap@GGPAV?$CMap@KKPAUtagAIUserInfo@@PAU1@@@PAV1@@@PAV1@@@QAE@K@Z 0040e750 f i AIManager.obj
 0001:0000d750       ??0CAssoc@?$CMap@KKHH@@QAE@K@Z 0040e750 f i AIManager.obj
 0001:0000d770       ??0tagGroupConfigInfo@@QAE@XZ 0040e770 f i AIManager.obj
 0001:0000d7a0       ??0tagServerItem@@QAE@XZ   0040e7a0 f i AIManager.obj
 0001:0000d7d0       ??1?$CMap@GGPAUtagGroupAIParameter@@PAU1@@@UAE@XZ 0040e7d0 f i AIManager.obj
 0001:0000d820       ??1?$CMap@GGPAUtagServerItem@@PAU1@@@UAE@XZ 0040e820 f i AIManager.obj
 0001:0000d870       ??1?$CMap@GGPAV?$CMap@KKPAUtagAIUserInfo@@PAU1@@@PAV1@@@UAE@XZ 0040e870 f i AIManager.obj
 0001:0000d8c0       ??1?$CMap@KKHH@@UAE@XZ     0040e8c0 f i AIManager.obj
 0001:0000d910       ??1?$CMap@KKPAUtagAIUserInfo@@PAU1@@@UAE@XZ 0040e910 f i AIManager.obj
 0001:0000d960       ??1?$CMap@KKPAV?$CMap@GGPAUtagGroupAIParameter@@PAU1@@@PAV1@@@UAE@XZ 0040e960 f i AIManager.obj
 0001:0000d9b0       ??1?$CMap@KKPAV?$CMap@GGPAV?$CMap@KKPAUtagAIUserInfo@@PAU1@@@PAV1@@@PAV1@@@UAE@XZ 0040e9b0 f i AIManager.obj
 0001:0000da00       ??1?$CWHArray@UtagAreadyCheckKind@?1??CheckGroupRoomIsNull@CAIManager@@QAE_NXZ@ABU1?1??23@QAE_NXZ@@@UAE@XZ 0040ea00 f i AIManager.obj
 0001:0000da60       ??1?$CWHArray@UtagDeleteGroupUser@@ABU1@@@UAE@XZ 0040ea60 f i AIManager.obj
 0001:0000dac0       ??1?$CWHArray@UtagGroupConfigInfo@@ABU1@@@UAE@XZ 0040eac0 f i AIManager.obj
 0001:0000db20       ??2CObject@@SGPAXI@Z       0040eb20 f i AIManager.obj
 0001:0000db40       ??A?$CMap@KKPAV?$CMap@GGPAV?$CMap@KKPAUtagAIUserInfo@@PAU1@@@PAV1@@@PAV1@@@QAEAAPAV?$CMap@GGPAV?$CMap@KKPAUtagAIUserInfo@@PAU1@@@PAV1@@@K@Z 0040eb40 f i AIManager.obj
 0001:0000db40       ??A?$CMap@KKPAUtagAIUserInfo@@PAU1@@@QAEAAPAUtagAIUserInfo@@K@Z 0040eb40 f i AIManager.obj
 0001:0000db40       ??A?$CMap@KKPAV?$CMap@GGPAUtagGroupAIParameter@@PAU1@@@PAV1@@@QAEAAPAV?$CMap@GGPAUtagGroupAIParameter@@PAU1@@@K@Z 0040eb40 f i AIManager.obj
 0001:0000db40       ??A?$CMap@KKHH@@QAEAAHK@Z  0040eb40 f i AIManager.obj
 0001:0000dc00       ??A?$CWHArray@UtagDeleteGroupUser@@ABU1@@@QAEAAUtagDeleteGroupUser@@H@Z 0040ec00 f i AIManager.obj
 0001:0000dc20       ??A?$CWHArray@UtagGroupConfigInfo@@ABU1@@@QAEAAUtagGroupConfigInfo@@H@Z 0040ec20 f i AIManager.obj
 0001:0000dc40       ??_G?$CMap@GGPAUtagGroupAIParameter@@PAU1@@@UAEPAXI@Z 0040ec40 f i AIManager.obj
 0001:0000dc40       ??_E?$CMap@GGPAUtagGroupAIParameter@@PAU1@@@UAEPAXI@Z 0040ec40 f i AIManager.obj
 0001:0000dc90       ??_G?$CMap@GGPAUtagServerItem@@PAU1@@@UAEPAXI@Z 0040ec90 f i AIManager.obj
 0001:0000dc90       ??_E?$CMap@GGPAUtagServerItem@@PAU1@@@UAEPAXI@Z 0040ec90 f i AIManager.obj
 0001:0000dce0       ??_E?$CMap@GGPAV?$CMap@KKPAUtagAIUserInfo@@PAU1@@@PAV1@@@UAEPAXI@Z 0040ece0 f i AIManager.obj
 0001:0000dce0       ??_G?$CMap@GGPAV?$CMap@KKPAUtagAIUserInfo@@PAU1@@@PAV1@@@UAEPAXI@Z 0040ece0 f i AIManager.obj
 0001:0000dd30       ??_G?$CMap@KKHH@@UAEPAXI@Z 0040ed30 f i AIManager.obj
 0001:0000dd30       ??_E?$CMap@KKHH@@UAEPAXI@Z 0040ed30 f i AIManager.obj
 0001:0000dd80       ??_E?$CMap@KKPAUtagAIUserInfo@@PAU1@@@UAEPAXI@Z 0040ed80 f i AIManager.obj
 0001:0000dd80       ??_G?$CMap@KKPAUtagAIUserInfo@@PAU1@@@UAEPAXI@Z 0040ed80 f i AIManager.obj
 0001:0000ddd0       ??_G?$CMap@KKPAV?$CMap@GGPAUtagGroupAIParameter@@PAU1@@@PAV1@@@UAEPAXI@Z 0040edd0 f i AIManager.obj
 0001:0000ddd0       ??_E?$CMap@KKPAV?$CMap@GGPAUtagGroupAIParameter@@PAU1@@@PAV1@@@UAEPAXI@Z 0040edd0 f i AIManager.obj
 0001:0000de20       ??_E?$CMap@KKPAV?$CMap@GGPAV?$CMap@KKPAUtagAIUserInfo@@PAU1@@@PAV1@@@PAV1@@@UAEPAXI@Z 0040ee20 f i AIManager.obj
 0001:0000de20       ??_G?$CMap@KKPAV?$CMap@GGPAV?$CMap@KKPAUtagAIUserInfo@@PAU1@@@PAV1@@@PAV1@@@UAEPAXI@Z 0040ee20 f i AIManager.obj
 0001:0000de70       ??_G?$CWHArray@UtagAreadyCheckKind@?1??CheckGroupRoomIsNull@CAIManager@@QAE_NXZ@ABU1?1??23@QAE_NXZ@@@UAEPAXI@Z 0040ee70 f i AIManager.obj
 0001:0000de70       ??_E?$CWHArray@UtagAreadyCheckKind@?1??CheckGroupRoomIsNull@CAIManager@@QAE_NXZ@ABU1?1??23@QAE_NXZ@@@UAEPAXI@Z 0040ee70 f i AIManager.obj
 0001:0000dea0       ??_E?$CWHArray@UtagDeleteGroupUser@@ABU1@@@UAEPAXI@Z 0040eea0 f i AIManager.obj
 0001:0000dea0       ??_G?$CWHArray@UtagDeleteGroupUser@@ABU1@@@UAEPAXI@Z 0040eea0 f i AIManager.obj
 0001:0000ded0       ??_G?$CWHArray@UtagGroupConfigInfo@@ABU1@@@UAEPAXI@Z 0040eed0 f i AIManager.obj
 0001:0000ded0       ??_E?$CWHArray@UtagGroupConfigInfo@@ABU1@@@UAEPAXI@Z 0040eed0 f i AIManager.obj
 0001:0000df00       ??_ECAIManager@@UAEPAXI@Z  0040ef00 f i AIManager.obj
 0001:0000df00       ??_GCAIManager@@UAEPAXI@Z  0040ef00 f i AIManager.obj
 0001:0000df40       ?Add@?$CWHArray@UtagAreadyCheckKind@?1??CheckGroupRoomIsNull@CAIManager@@QAE_NXZ@ABU1?1??23@QAE_NXZ@@@QAEHABUtagAreadyCheckKind@?1??CheckGroupRoomIsNull@CAIManager@@QAE_NXZ@@Z 0040ef40 f i AIManager.obj
 0001:0000df70       ?Add@?$CWHArray@UtagDeleteGroupUser@@ABU1@@@QAEHABUtagDeleteGroupUser@@@Z 0040ef70 f i AIManager.obj
 0001:0000dfa0       ?Add@?$CWHArray@UtagGroupConfigInfo@@ABU1@@@QAEHABUtagGroupConfigInfo@@@Z 0040efa0 f i AIManager.obj
 0001:0000dfd0       ?AllocMemory@?$CWHArray@UtagAreadyCheckKind@?1??CheckGroupRoomIsNull@CAIManager@@QAE_NXZ@ABU1?1??23@QAE_NXZ@@@QAEXH@Z 0040efd0 f i AIManager.obj
 0001:0000e0d0       ?AllocMemory@?$CWHArray@UtagDeleteGroupUser@@ABU1@@@QAEXH@Z 0040f0d0 f i AIManager.obj
 0001:0000e1d0       ?AllocMemory@?$CWHArray@UtagGroupConfigInfo@@ABU1@@@QAEXH@Z 0040f1d0 f i AIManager.obj
 0001:0000e2e0       ?ElementAt@?$CWHArray@UtagDeleteGroupUser@@ABU1@@@QAEAAUtagDeleteGroupUser@@H@Z 0040f2e0 f i AIManager.obj
 0001:0000e310       ?ElementAt@?$CWHArray@UtagGroupConfigInfo@@ABU1@@@QAEAAUtagGroupConfigInfo@@H@Z 0040f310 f i AIManager.obj
 0001:0000e340       ?FreeMemory@?$CWHArray@UtagAreadyCheckKind@?1??CheckGroupRoomIsNull@CAIManager@@QAE_NXZ@ABU1?1??23@QAE_NXZ@@@QAEXXZ 0040f340 f i AIManager.obj
 0001:0000e3d0       ?GetAssocAt@?$CMap@KKPAV?$CMap@GGPAV?$CMap@KKPAUtagAIUserInfo@@PAU1@@@PAV1@@@PAV1@@@IBEPAVCAssoc@1@KAAI0@Z 0040f3d0 f i AIManager.obj
 0001:0000e3d0       ?GetAssocAt@?$CMap@KKPAV?$CMap@GGPAUtagGroupAIParameter@@PAU1@@@PAV1@@@IBEPAVCAssoc@1@KAAI0@Z 0040f3d0 f i AIManager.obj
 0001:0000e3d0       ?GetAssocAt@?$CMap@KKPAUtagAIUserInfo@@PAU1@@@IBEPAVCAssoc@1@KAAI0@Z 0040f3d0 f i AIManager.obj
 0001:0000e3d0       ?GetAssocAt@?$CMap@KKHH@@IBEPAVCAssoc@1@KAAI0@Z 0040f3d0 f i AIManager.obj
 0001:0000e460       ?GetCount@?$CMap@KKPAUtagAIUserInfo@@PAU1@@@QBEHXZ 0040f460 f i AIManager.obj
 0001:0000e460       ?GetCount@?$CList@PAUtagDBRequestHead@@ABQAU1@@@QBEHXZ 0040f460 f i DBCorrespondManager.obj
 0001:0000e460       ?GetCount@?$CMap@KKHH@@QBEHXZ 0040f460 f i AIManager.obj
 0001:0000e480       ?GetCount@?$CWHArray@PAVCGameTypeItem@NServerListManager@@ABQAV12@@@QBEHXZ 0040f480 f i ServerListManager.obj
 0001:0000e480       ?GetCount@?$CWHArray@PAVCGameKindItem@NServerListManager@@ABQAV12@@@QBEHXZ 0040f480 f i ServerListManager.obj
 0001:0000e480       ?GetCount@?$CWHArray@UtagDeleteGroupUser@@ABU1@@@QBEHXZ 0040f480 f i AIManager.obj
 0001:0000e480       ?GetCount@?$CWHArray@KABK@@QBEHXZ 0040f480 f i AttemperEngineSink.obj
 0001:0000e480       ?GetCount@?$CWHArray@PAVCGamePageItem@NServerListManager@@ABQAV12@@@QBEHXZ 0040f480 f i ServerListManager.obj
 0001:0000e480       ?GetCount@?$CWHArray@PAVCGameServerItem@NServerListManager@@ABQAV12@@@QBEHXZ 0040f480 f i ServerListManager.obj
 0001:0000e480       ?GetCount@?$CWHArray@UtagGroupConfigInfo@@ABU1@@@QBEHXZ 0040f480 f i AIManager.obj
 0001:0000e480       ?GetCount@?$CWHArray@PAVCGameNodeItem@NServerListManager@@ABQAV12@@@QBEHXZ 0040f480 f i ServerListManager.obj
 0001:0000e4a0       ?GetNextAssoc@?$CMap@GGPAUtagServerItem@@PAU1@@@QBEXAAPAU__POSITION@@AAGAAPAUtagServerItem@@@Z 0040f4a0 f i AIManager.obj
 0001:0000e4a0       ?GetNextAssoc@?$CMap@GGPAVCGameTypeItem@NServerListManager@@AAPAV12@@@QBEXAAPAU__POSITION@@AAGAAPAVCGameTypeItem@NServerListManager@@@Z 0040f4a0 f i ServerListManager.obj
 0001:0000e4a0       ?GetNextAssoc@?$CMap@GGPAVCGameNodeItem@NServerListManager@@AAPAV12@@@QBEXAAPAU__POSITION@@AAGAAPAVCGameNodeItem@NServerListManager@@@Z 0040f4a0 f i ServerListManager.obj
 0001:0000e4a0       ?GetNextAssoc@?$CMap@GGPAVCGameKindItem@NServerListManager@@AAPAV12@@@QBEXAAPAU__POSITION@@AAGAAPAVCGameKindItem@NServerListManager@@@Z 0040f4a0 f i ServerListManager.obj
 0001:0000e4a0       ?GetNextAssoc@?$CMap@GGPAUtagGroupAIParameter@@PAU1@@@QBEXAAPAU__POSITION@@AAGAAPAUtagGroupAIParameter@@@Z 0040f4a0 f i AIManager.obj
 0001:0000e4a0       ?GetNextAssoc@?$CMap@GGPAVCGamePageItem@NServerListManager@@AAPAV12@@@QBEXAAPAU__POSITION@@AAGAAPAVCGamePageItem@NServerListManager@@@Z 0040f4a0 f i ServerListManager.obj
 0001:0000e4a0       ?GetNextAssoc@?$CMap@GGPAVCGameServerItem@NServerListManager@@AAPAV12@@@QBEXAAPAU__POSITION@@AAGAAPAVCGameServerItem@NServerListManager@@@Z 0040f4a0 f i ServerListManager.obj
 0001:0000e4a0       ?GetNextAssoc@?$CMap@GGPAV?$CMap@KKPAUtagAIUserInfo@@PAU1@@@PAV1@@@QBEXAAPAU__POSITION@@AAGAAPAV?$CMap@KKPAUtagAIUserInfo@@PAU1@@@@Z 0040f4a0 f i AIManager.obj
 0001:0000e5f0       ?GetNextAssoc@?$CMap@KKPAV?$CMap@GGPAUtagGroupAIParameter@@PAU1@@@PAV1@@@QBEXAAPAU__POSITION@@AAKAAPAV?$CMap@GGPAUtagGroupAIParameter@@PAU1@@@@Z 0040f5f0 f i AIManager.obj
 0001:0000e5f0       ?GetNextAssoc@?$CMap@KKPAV?$CMap@GGPAV?$CMap@KKPAUtagAIUserInfo@@PAU1@@@PAV1@@@PAV1@@@QBEXAAPAU__POSITION@@AAKAAPAV?$CMap@GGPAV?$CMap@KKPAUtagAIUserInfo@@PAU1@@@PAV1@@@@Z 0040f5f0 f i AIManager.obj
 0001:0000e5f0       ?GetNextAssoc@?$CMap@KKPAUtagAIUserInfo@@PAU1@@@QBEXAAPAU__POSITION@@AAKAAPAUtagAIUserInfo@@@Z 0040f5f0 f i AIManager.obj
 0001:0000e5f0       ?GetNextAssoc@?$CMap@KKHH@@QBEXAAPAU__POSITION@@AAKAAH@Z 0040f5f0 f i AIManager.obj
 0001:0000e740       ?GetStartPosition@?$CMap@GGPAVCGamePageItem@NServerListManager@@AAPAV12@@@QBEPAU__POSITION@@XZ 0040f740 f i ServerListManager.obj
 0001:0000e740       ?GetStartPosition@?$CMap@KKPAV?$CMap@GGPAV?$CMap@KKPAUtagAIUserInfo@@PAU1@@@PAV1@@@PAV1@@@QBEPAU__POSITION@@XZ 0040f740 f i AIManager.obj
 0001:0000e740       ?GetStartPosition@?$CMap@GGPAVCGameNodeItem@NServerListManager@@AAPAV12@@@QBEPAU__POSITION@@XZ 0040f740 f i ServerListManager.obj
 0001:0000e740       ?GetStartPosition@?$CMap@KKHH@@QBEPAU__POSITION@@XZ 0040f740 f i AIManager.obj
 0001:0000e740       ?GetStartPosition@?$CMap@GGPAVCGameKindItem@NServerListManager@@AAPAV12@@@QBEPAU__POSITION@@XZ 0040f740 f i ServerListManager.obj
 0001:0000e740       ?GetStartPosition@?$CMap@GGPAVCGameServerItem@NServerListManager@@AAPAV12@@@QBEPAU__POSITION@@XZ 0040f740 f i ServerListManager.obj
 0001:0000e740       ?GetStartPosition@?$CMap@GGPAVCGameTypeItem@NServerListManager@@AAPAV12@@@QBEPAU__POSITION@@XZ 0040f740 f i ServerListManager.obj
 0001:0000e740       ?GetStartPosition@?$CMap@GGPAV?$CMap@KKPAUtagAIUserInfo@@PAU1@@@PAV1@@@QBEPAU__POSITION@@XZ 0040f740 f i AIManager.obj
 0001:0000e740       ?GetStartPosition@?$CMap@GGPAUtagServerItem@@PAU1@@@QBEPAU__POSITION@@XZ 0040f740 f i AIManager.obj
 0001:0000e740       ?GetStartPosition@?$CMap@KKPAV?$CMap@GGPAUtagGroupAIParameter@@PAU1@@@PAV1@@@QBEPAU__POSITION@@XZ 0040f740 f i AIManager.obj
 0001:0000e740       ?GetStartPosition@?$CMap@GGPAUtagGroupAIParameter@@PAU1@@@QBEPAU__POSITION@@XZ 0040f740 f i AIManager.obj
 0001:0000e770       ?Lookup@?$CMap@KKPAUtagAIUserInfo@@PAU1@@@QBEHKAAPAUtagAIUserInfo@@@Z 0040f770 f i AIManager.obj
 0001:0000e770       ?Lookup@?$CMap@KKPAV?$CMap@GGPAUtagGroupAIParameter@@PAU1@@@PAV1@@@QBEHKAAPAV?$CMap@GGPAUtagGroupAIParameter@@PAU1@@@@Z 0040f770 f i AIManager.obj
 0001:0000e770       ?Lookup@?$CMap@KKHH@@QBEHKAAH@Z 0040f770 f i AIManager.obj
 0001:0000e770       ?Lookup@?$CMap@KKPAV?$CMap@GGPAV?$CMap@KKPAUtagAIUserInfo@@PAU1@@@PAV1@@@PAV1@@@QBEHKAAPAV?$CMap@GGPAV?$CMap@KKPAUtagAIUserInfo@@PAU1@@@PAV1@@@@Z 0040f770 f i AIManager.obj
 0001:0000e7b0       ?NewAssoc@?$CMap@GGPAVCGamePageItem@NServerListManager@@AAPAV12@@@IAEPAVCAssoc@1@G@Z 0040f7b0 f i ServerListManager.obj
 0001:0000e7b0       ?NewAssoc@?$CMap@GGPAVCGameTypeItem@NServerListManager@@AAPAV12@@@IAEPAVCAssoc@1@G@Z 0040f7b0 f i ServerListManager.obj
 0001:0000e7b0       ?NewAssoc@?$CMap@GGPAV?$CMap@KKPAUtagAIUserInfo@@PAU1@@@PAV1@@@IAEPAVCAssoc@1@G@Z 0040f7b0 f i AIManager.obj
 0001:0000e7b0       ?NewAssoc@?$CMap@GGPAUtagGroupAIParameter@@PAU1@@@IAEPAVCAssoc@1@G@Z 0040f7b0 f i AIManager.obj
 0001:0000e7b0       ?NewAssoc@?$CMap@GGPAVCGameKindItem@NServerListManager@@AAPAV12@@@IAEPAVCAssoc@1@G@Z 0040f7b0 f i ServerListManager.obj
 0001:0000e7b0       ?NewAssoc@?$CMap@GGPAVCGameServerItem@NServerListManager@@AAPAV12@@@IAEPAVCAssoc@1@G@Z 0040f7b0 f i ServerListManager.obj
 0001:0000e7b0       ?NewAssoc@?$CMap@GGPAVCGameNodeItem@NServerListManager@@AAPAV12@@@IAEPAVCAssoc@1@G@Z 0040f7b0 f i ServerListManager.obj
 0001:0000e7b0       ?NewAssoc@?$CMap@GGPAUtagServerItem@@PAU1@@@IAEPAVCAssoc@1@G@Z 0040f7b0 f i AIManager.obj
 0001:0000e930       ?NewAssoc@?$CMap@KKPAV?$CMap@GGPAUtagGroupAIParameter@@PAU1@@@PAV1@@@IAEPAVCAssoc@1@K@Z 0040f930 f i AIManager.obj
 0001:0000e930       ?NewAssoc@?$CMap@KKPAUtagAIUserInfo@@PAU1@@@IAEPAVCAssoc@1@K@Z 0040f930 f i AIManager.obj
 0001:0000e930       ?NewAssoc@?$CMap@KKPAV?$CMap@GGPAV?$CMap@KKPAUtagAIUserInfo@@PAU1@@@PAV1@@@PAV1@@@IAEPAVCAssoc@1@K@Z 0040f930 f i AIManager.obj
 0001:0000e930       ?NewAssoc@?$CMap@KKHH@@IAEPAVCAssoc@1@K@Z 0040f930 f i AIManager.obj
 0001:0000eab0       ?RemoveAll@?$CMap@GGPAVCGameKindItem@NServerListManager@@AAPAV12@@@QAEXXZ 0040fab0 f i ServerListManager.obj
 0001:0000eab0       ?RemoveAll@?$CMap@GGPAVCGameServerItem@NServerListManager@@AAPAV12@@@QAEXXZ 0040fab0 f i ServerListManager.obj
 0001:0000eab0       ?RemoveAll@?$CMap@GGPAV?$CMap@KKPAUtagAIUserInfo@@PAU1@@@PAV1@@@QAEXXZ 0040fab0 f i AIManager.obj
 0001:0000eab0       ?RemoveAll@?$CMap@KKPAV?$CMap@GGPAV?$CMap@KKPAUtagAIUserInfo@@PAU1@@@PAV1@@@PAV1@@@QAEXXZ 0040fab0 f i AIManager.obj
 0001:0000eab0       ?RemoveAll@?$CMap@KKPAV?$CMap@GGPAUtagGroupAIParameter@@PAU1@@@PAV1@@@QAEXXZ 0040fab0 f i AIManager.obj
 0001:0000eab0       ?RemoveAll@?$CMap@KKPAUtagAIUserInfo@@PAU1@@@QAEXXZ 0040fab0 f i AIManager.obj
 0001:0000eab0       ?RemoveAll@?$CMap@GGPAVCGameNodeItem@NServerListManager@@AAPAV12@@@QAEXXZ 0040fab0 f i ServerListManager.obj
 0001:0000eab0       ?RemoveAll@?$CMap@GGPAUtagServerItem@@PAU1@@@QAEXXZ 0040fab0 f i AIManager.obj
 0001:0000eab0       ?RemoveAll@?$CMap@KKHH@@QAEXXZ 0040fab0 f i AIManager.obj
 0001:0000eab0       ?RemoveAll@?$CMap@GGPAVCGamePageItem@NServerListManager@@AAPAV12@@@QAEXXZ 0040fab0 f i ServerListManager.obj
 0001:0000eab0       ?RemoveAll@?$CMap@GGPAUtagGroupAIParameter@@PAU1@@@QAEXXZ 0040fab0 f i AIManager.obj
 0001:0000eab0       ?RemoveAll@?$CMap@GGPAVCGameTypeItem@NServerListManager@@AAPAV12@@@QAEXXZ 0040fab0 f i ServerListManager.obj
 0001:0000eb50       ?RemoveAll@?$CWHArray@UtagAreadyCheckKind@?1??CheckGroupRoomIsNull@CAIManager@@QAE_NXZ@ABU1?1??23@QAE_NXZ@@@QAEXXZ 0040fb50 f i AIManager.obj
 0001:0000ebb0       ?RemoveAt@?$CWHArray@UtagDeleteGroupUser@@ABU1@@@QAEXHH@Z 0040fbb0 f i AIManager.obj
 0001:0000ec50       ?RemoveAt@?$CWHArray@UtagGroupConfigInfo@@ABU1@@@QAEXHH@Z 0040fc50 f i AIManager.obj
 0001:0000ed00       ?RemoveKey@?$CMap@KKPAUtagAIUserInfo@@PAU1@@@QAEHK@Z 0040fd00 f i AIManager.obj
 0001:0000edb0       ?Serialize@?$CMap@GGPAUtagServerItem@@PAU1@@@UAEXAAVCArchive@@@Z 0040fdb0 f i AIManager.obj
 0001:0000edb0       ?Serialize@?$CMap@GGPAV?$CMap@KKPAUtagAIUserInfo@@PAU1@@@PAV1@@@UAEXAAVCArchive@@@Z 0040fdb0 f i AIManager.obj
 0001:0000edb0       ?Serialize@?$CMap@GGPAUtagGroupAIParameter@@PAU1@@@UAEXAAVCArchive@@@Z 0040fdb0 f i AIManager.obj
 0001:0000eee0       ?Serialize@?$CMap@KKPAV?$CMap@GGPAUtagGroupAIParameter@@PAU1@@@PAV1@@@UAEXAAVCArchive@@@Z 0040fee0 f i AIManager.obj
 0001:0000eee0       ?Serialize@?$CMap@KKHH@@UAEXAAVCArchive@@@Z 0040fee0 f i AIManager.obj
 0001:0000eee0       ?Serialize@?$CMap@KKPAV?$CMap@GGPAV?$CMap@KKPAUtagAIUserInfo@@PAU1@@@PAV1@@@PAV1@@@UAEXAAVCArchive@@@Z 0040fee0 f i AIManager.obj
 0001:0000eee0       ?Serialize@?$CMap@KKPAUtagAIUserInfo@@PAU1@@@UAEXAAVCArchive@@@Z 0040fee0 f i AIManager.obj
 0001:0000f010       ?SetAt@?$CMap@GGPAUtagGroupAIParameter@@PAU1@@@QAEXGPAUtagGroupAIParameter@@@Z 00410010 f i AIManager.obj
 0001:0000f010       ?SetAt@?$CMap@GGPAV?$CMap@KKPAUtagAIUserInfo@@PAU1@@@PAV1@@@QAEXGPAV?$CMap@KKPAUtagAIUserInfo@@PAU1@@@@Z 00410010 f i AIManager.obj
 0001:0000f010       ?SetAt@?$CMap@GGPAUtagServerItem@@PAU1@@@QAEXGPAUtagServerItem@@@Z 00410010 f i AIManager.obj
 0001:0000f030       ?SetAt@?$CMap@KKPAUtagAIUserInfo@@PAU1@@@QAEXKPAUtagAIUserInfo@@@Z 00410030 f i AIManager.obj
 0001:0000f030       ?SetAt@?$CMap@KKHH@@QAEXKH@Z 00410030 f i AIManager.obj
 0001:0000f030       ?SetAt@?$CMap@KKPAV?$CMap@GGPAUtagGroupAIParameter@@PAU1@@@PAV1@@@QAEXKPAV?$CMap@GGPAUtagGroupAIParameter@@PAU1@@@@Z 00410030 f i AIManager.obj
 0001:0000f030       ?SetAt@?$CMap@KKPAV?$CMap@GGPAV?$CMap@KKPAUtagAIUserInfo@@PAU1@@@PAV1@@@PAV1@@@QAEXKPAV?$CMap@GGPAV?$CMap@KKPAUtagAIUserInfo@@PAU1@@@PAV1@@@@Z 00410030 f i AIManager.obj
 0001:0000f050       ?SetAtGrow@?$CWHArray@UtagAreadyCheckKind@?1??CheckGroupRoomIsNull@CAIManager@@QAE_NXZ@ABU1?1??23@QAE_NXZ@@@QAEXHABUtagAreadyCheckKind@?1??CheckGroupRoomIsNull@CAIManager@@QAE_NXZ@@Z 00410050 f i AIManager.obj
 0001:0000f0a0       ?SetAtGrow@?$CWHArray@UtagDeleteGroupUser@@ABU1@@@QAEXHABUtagDeleteGroupUser@@@Z 004100a0 f i AIManager.obj
 0001:0000f100       ?SetAtGrow@?$CWHArray@UtagGroupConfigInfo@@ABU1@@@QAEXHABUtagGroupConfigInfo@@@Z 00410100 f i AIManager.obj
 0001:0000f160       ?SetSize@?$CWHArray@UtagAreadyCheckKind@?1??CheckGroupRoomIsNull@CAIManager@@QAE_NXZ@ABU1?1??23@QAE_NXZ@@@QAEXH@Z 00410160 f i AIManager.obj
 0001:0000f230       ?SetSize@?$CWHArray@UtagDeleteGroupUser@@ABU1@@@QAEXH@Z 00410230 f i AIManager.obj
 0001:0000f2f0       ?SetSize@?$CWHArray@UtagGroupConfigInfo@@ABU1@@@QAEXH@Z 004102f0 f i AIManager.obj
 0001:0000f420       ??0CAIDistributeApp@@QAE@XZ 00410420 f   AIDistribute.obj
 0001:0000f450       ?InitInstance@CAIDistributeApp@@UAEHXZ 00410450 f   AIDistribute.obj
 0001:0000f520       ?GetThisMessageMap@CAIDistributeApp@@KGPBUAFX_MSGMAP@@XZ 00410520 f   AIDistribute.obj
 0001:0000f530       ?GetMessageMap@CAIDistributeApp@@MBEPBUAFX_MSGMAP@@XZ 00410530 f   AIDistribute.obj
 0001:0000f540       ??1CAIDistributeApp@@UAE@XZ 00410540 f i AIDistribute.obj
 0001:0000f560       ??_GCAIDistributeApp@@UAEPAXI@Z 00410560 f i AIDistribute.obj
 0001:0000f560       ??_ECAIDistributeApp@@UAEPAXI@Z 00410560 f i AIDistribute.obj
 0001:0000f5b0       ?GetApplicationRecoveryPingInterval@CWinApp@@UAEKXZ 004105b0 f i AIDistribute.obj
 0001:0000f5c0       ?GetApplicationRecoveryParameter@CWinApp@@UAEPAXXZ 004105c0 f i AIDistribute.obj
 0001:0000f5c0       ?GetApplicationRestartFlags@CWinApp@@UAEKXZ 004105c0 f i AIDistribute.obj
 0001:0000f5d0       ?ReopenPreviousFilesAtRestart@CWinApp@@UBEHXZ 004105d0 f i AIDistribute.obj
 0001:0000f5f0       ?RestoreAutosavedFilesAtRestart@CWinApp@@UBEHXZ 004105f0 f i AIDistribute.obj
 0001:0000f610       ?SupportsApplicationRecovery@CWinApp@@UBEHXZ 00410610 f i AIDistribute.obj
 0001:0000f630       ?SupportsAutosaveAtInterval@CWinApp@@UBEHXZ 00410630 f i AIDistribute.obj
 0001:0000f650       ?SupportsAutosaveAtRestart@CWinApp@@UBEHXZ 00410650 f i AIDistribute.obj
 0001:0000f670       ?SupportsRestartManager@CWinApp@@UBEHXZ 00410670 f i AIDistribute.obj
 0001:0000f6a0       ??0CAIDistributeDlg@@QAE@XZ 004106a0 f   AIDistributeDlg.obj
 0001:0000f780       ??1CAIDistributeDlg@@UAE@XZ 00410780 f   AIDistributeDlg.obj
 0001:0000f7d0       ?DoDataExchange@CAIDistributeDlg@@MAEXPAVCDataExchange@@@Z 004107d0 f   AIDistributeDlg.obj
 0001:0000f810       ?OnInitDialog@CAIDistributeDlg@@MAEHXZ 00410810 f   AIDistributeDlg.obj
 0001:0000f8d0       ?OnOK@CAIDistributeDlg@@MAEXXZ 004108d0 f   AIDistributeDlg.obj
 0001:0000f8e0       ?OnCancel@CAIDistributeDlg@@MAEXXZ 004108e0 f   AIDistributeDlg.obj
 0001:0000f910       ?PreTranslateMessage@CAIDistributeDlg@@MAEHPAUtagMSG@@@Z 00410910 f   AIDistributeDlg.obj
 0001:0000f950       ?OnServiceUnitsStatus@CAIDistributeDlg@@UAEXW4enServiceStatus@@@Z 00410950 f   AIDistributeDlg.obj
 0001:0000fab0       ?UpdateServerLogo@CAIDistributeDlg@@IAEXPB_W@Z 00410ab0 f   AIDistributeDlg.obj
 0001:0000fac0       ?UpdateServerTitle@CAIDistributeDlg@@IAEXW4enServiceStatus@@@Z 00410ac0 f   AIDistributeDlg.obj
 0001:0000fbd0       ?UpdateParameterStatus@CAIDistributeDlg@@IAEXAAUtagModuleInitParameter@@@Z 00410bd0 f   AIDistributeDlg.obj
 0001:0000fbe0       ?StartServerService@CAIDistributeDlg@@IAE_NG@Z 00410be0 f   AIDistributeDlg.obj
 0001:0000fc50       ?GetPlatformDBParameter@CAIDistributeDlg@@IAE_NAAUtagDataBaseParameter@@@Z 00410c50 f   AIDistributeDlg.obj
 0001:0000fe10       ?OnBnClickedStartService@CAIDistributeDlg@@IAEXXZ 00410e10 f   AIDistributeDlg.obj
 0001:0000fed0       ?OnBnClickedStopService@CAIDistributeDlg@@IAEXXZ 00410ed0 f   AIDistributeDlg.obj
 0001:0000ff50       ?OnMessageProcessCmdLine@CAIDistributeDlg@@QAEJIJ@Z 00410f50 f   AIDistributeDlg.obj
 0001:00010040       ?GetThisMessageMap@CAIDistributeDlg@@KGPBUAFX_MSGMAP@@XZ 00411040 f   AIDistributeDlg.obj
 0001:00010050       ?GetMessageMap@CAIDistributeDlg@@MBEPBUAFX_MSGMAP@@XZ 00411050 f   AIDistributeDlg.obj
 0001:00010060       ?ExceptionCrashHandler@@YAJPAU_EXCEPTION_POINTERS@@@Z 00411060 f   AIDistributeDlg.obj
 0001:000100d0       ??$_snwprintf_s@$0BAE@@@YAHAAY0BAE@_WIPB_WZZ 004110d0 f i AIDistributeDlg.obj
 0001:00010100       ??0CreateRoomPayFee@@QAE@XZ 00411100 f i AIDistributeDlg.obj
 0001:00010150       ??0IServiceUnitsSink@@QAE@XZ 00411150 f i AIDistributeDlg.obj
 0001:00010170       ??0tagModuleInitParameter@@QAE@XZ 00411170 f i AIDistributeDlg.obj
 0001:00010190       ??0tagPersonalRoomOptionRightAndFee@@QAE@XZ 00411190 f i AIDistributeDlg.obj
 0001:000101c0       ??_ECAIDistributeDlg@@UAEPAXI@Z 004111c0 f i AIDistributeDlg.obj
 0001:000101c0       ??_GCAIDistributeDlg@@UAEPAXI@Z 004111c0 f i AIDistributeDlg.obj
 0001:00010210       ??_H@YGXPAXIIP6EPAX0@Z@Z   00411210 f i AIDistributeDlg.obj
 0001:00010240       ?AfxGetApp@@YGPAVCWinApp@@XZ 00411240 f i AIDistributeDlg.obj
 0001:00010250       ?AfxGetInstanceHandle@@YGPAUHINSTANCE__@@XZ 00411250 f i AIDistributeDlg.obj
 0001:00010260       ?BeginModalState@CWnd@@UAEXXZ 00411260 f i AIDistributeDlg.obj
 0001:00010280       ?Create@CDialog@@UAEHIPAVCWnd@@@Z 00411280 f i AIDistributeDlg.obj
 0001:000102a0       ?EndModalState@CWnd@@UAEXXZ 004112a0 f i AIDistributeDlg.obj
 0001:000102c0       ?PostMessageW@CWnd@@QAEHIIJ@Z 004112c0 f i AIDistributeDlg.obj
 0001:000102f0       ?SetIcon@CWnd@@QAEPAUHICON__@@PAU2@H@Z 004112f0 f i AIDistributeDlg.obj
 0001:00010320       ??0CInitParameter@@QAE@XZ  00411320 f   InitParameter.obj
 0001:00010340       ??1CInitParameter@@UAE@XZ  00411340 f   InitParameter.obj
 0001:00010360       ?InitParameter@CInitParameter@@QAEXXZ 00411360 f   InitParameter.obj
 0001:00010490       ?LoadInitParameter@CInitParameter@@QAEXXZ 00411490 f   InitParameter.obj
 0001:000109d0       ?SetServerParameter@CInitParameter@@QAEXPAUtagGameServiceAttrib@@PAUtagGameServiceOption@@@Z 004119d0 f   InitParameter.obj
 0001:000109e0       ?ReadMobileParameter@CInitParameter@@QAEXXZ 004119e0 f   InitParameter.obj
 0001:000109f0       ??_GCInitParameter@@UAEPAXI@Z 004119f0 f i InitParameter.obj
 0001:000109f0       ??_ECInitParameter@@UAEPAXI@Z 004119f0 f i InitParameter.obj
 0001:00010a30       ??0CGameTypeItem@NServerListManager@@QAE@XZ 00411a30 f   ServerListManager.obj
 0001:00010a60       ??0CGameKindItem@NServerListManager@@QAE@XZ 00411a60 f   ServerListManager.obj
 0001:00010a90       ??0CGameNodeItem@NServerListManager@@QAE@XZ 00411a90 f   ServerListManager.obj
 0001:00010ac0       ??0CGamePageItem@NServerListManager@@QAE@XZ 00411ac0 f   ServerListManager.obj
 0001:00010af0       ??0CGameServerItem@NServerListManager@@QAE@XZ 00411af0 f   ServerListManager.obj
 0001:00010b20       ??0CServerListManager@NServerListManager@@QAE@XZ 00411b20 f   ServerListManager.obj
 0001:00010c70       ??1CServerListManager@NServerListManager@@UAE@XZ 00411c70 f   ServerListManager.obj
 0001:00011260       ?ResetServerList@CServerListManager@NServerListManager@@QAEXXZ 00412260 f   ServerListManager.obj
 0001:00011290       ?CleanKernelItem@CServerListManager@NServerListManager@@QAEXXZ 00412290 f   ServerListManager.obj
 0001:00011440       ?CleanServerItem@CServerListManager@NServerListManager@@QAEXXZ 00412440 f   ServerListManager.obj
 0001:00011510       ?DisuseKernelItem@CServerListManager@NServerListManager@@QAEXXZ 00412510 f   ServerListManager.obj
 0001:00011620       ?DisuseServerItem@CServerListManager@NServerListManager@@QAEXXZ 00412620 f   ServerListManager.obj
 0001:00011670       ?CollectOnlineInfo@CServerListManager@NServerListManager@@QAEKXZ 00412670 f   ServerListManager.obj
 0001:000116e0       ?CollectOnlineInfo@CServerListManager@NServerListManager@@QAEKG@Z 004126e0 f   ServerListManager.obj
 0001:00011750       ?InsertGameType@CServerListManager@NServerListManager@@QAE_NPAUtagGameType@@@Z 00412750 f   ServerListManager.obj
 0001:000118e0       ?InsertGameKind@CServerListManager@NServerListManager@@QAE_NPAUtagGameKind@@@Z 004128e0 f   ServerListManager.obj
 0001:00011a80       ?InsertGameNode@CServerListManager@NServerListManager@@QAE_NPAUtagGameNode@@@Z 00412a80 f   ServerListManager.obj
 0001:00011c10       ?InsertGamePage@CServerListManager@NServerListManager@@QAE_NPAUtagGamePage@@@Z 00412c10 f   ServerListManager.obj
 0001:00011da0       ?InsertGameServer@CServerListManager@NServerListManager@@QAE_NPAUtagGameServer@@@Z 00412da0 f   ServerListManager.obj
 0001:00012080       ?DeleteGameType@CServerListManager@NServerListManager@@QAE_NG@Z 00413080 f   ServerListManager.obj
 0001:000120e0       ?DeleteGameKind@CServerListManager@NServerListManager@@QAE_NG@Z 004130e0 f   ServerListManager.obj
 0001:00012150       ?DeleteGameNode@CServerListManager@NServerListManager@@QAE_NG@Z 00413150 f   ServerListManager.obj
 0001:000121c0       ?DeleteGamePage@CServerListManager@NServerListManager@@QAE_NG@Z 004131c0 f   ServerListManager.obj
 0001:00012230       ?DeleteGameServer@CServerListManager@NServerListManager@@QAE_NG@Z 00413230 f   ServerListManager.obj
 0001:000122e0       ?EmunGameTypeItem@CServerListManager@NServerListManager@@QAEPAVCGameTypeItem@2@AAPAU__POSITION@@@Z 004132e0 f   ServerListManager.obj
 0001:00012340       ?EmunGameKindItem@CServerListManager@NServerListManager@@QAEPAVCGameKindItem@2@AAPAU__POSITION@@@Z 00413340 f   ServerListManager.obj
 0001:000123a0       ?EmunGameNodeItem@CServerListManager@NServerListManager@@QAEPAVCGameNodeItem@2@AAPAU__POSITION@@@Z 004133a0 f   ServerListManager.obj
 0001:00012400       ?EmunGamePageItem@CServerListManager@NServerListManager@@QAEPAVCGamePageItem@2@AAPAU__POSITION@@@Z 00413400 f   ServerListManager.obj
 0001:00012460       ?EmunGameServerItem@CServerListManager@NServerListManager@@QAEPAVCGameServerItem@2@AAPAU__POSITION@@@Z 00413460 f   ServerListManager.obj
 0001:000124c0       ?SearchGameType@CServerListManager@NServerListManager@@QAEPAVCGameTypeItem@2@G@Z 004134c0 f   ServerListManager.obj
 0001:000124f0       ?SearchGameKind@CServerListManager@NServerListManager@@QAEPAVCGameKindItem@2@G@Z 004134f0 f   ServerListManager.obj
 0001:00012520       ?SearchGameNode@CServerListManager@NServerListManager@@QAEPAVCGameNodeItem@2@G@Z 00413520 f   ServerListManager.obj
 0001:00012550       ?SearchGamePage@CServerListManager@NServerListManager@@QAEPAVCGamePageItem@2@G@Z 00413550 f   ServerListManager.obj
 0001:00012580       ?SearchGameServer@CServerListManager@NServerListManager@@QAEPAVCGameServerItem@2@G@Z 00413580 f   ServerListManager.obj
 0001:000125b0       ??0?$CMap@GGPAVCGameKindItem@NServerListManager@@AAPAV12@@@QAE@H@Z 004135b0 f i ServerListManager.obj
 0001:00012610       ??0?$CMap@GGPAVCGameNodeItem@NServerListManager@@AAPAV12@@@QAE@H@Z 00413610 f i ServerListManager.obj
 0001:00012670       ??0?$CMap@GGPAVCGamePageItem@NServerListManager@@AAPAV12@@@QAE@H@Z 00413670 f i ServerListManager.obj
 0001:000126d0       ??0?$CMap@GGPAVCGameServerItem@NServerListManager@@AAPAV12@@@QAE@H@Z 004136d0 f i ServerListManager.obj
 0001:00012730       ??0?$CMap@GGPAVCGameTypeItem@NServerListManager@@AAPAV12@@@QAE@H@Z 00413730 f i ServerListManager.obj
 0001:00012790       ??0?$CWHArray@PAVCGameKindItem@NServerListManager@@ABQAV12@@@QAE@XZ 00413790 f i ServerListManager.obj
 0001:000127d0       ??0?$CWHArray@PAVCGameNodeItem@NServerListManager@@ABQAV12@@@QAE@XZ 004137d0 f i ServerListManager.obj
 0001:00012810       ??0?$CWHArray@PAVCGamePageItem@NServerListManager@@ABQAV12@@@QAE@XZ 00413810 f i ServerListManager.obj
 0001:00012850       ??0?$CWHArray@PAVCGameServerItem@NServerListManager@@ABQAV12@@@QAE@XZ 00413850 f i ServerListManager.obj
 0001:00012890       ??0?$CWHArray@PAVCGameTypeItem@NServerListManager@@ABQAV12@@@QAE@XZ 00413890 f i ServerListManager.obj
 0001:000128d0       ??0CGameListItem@NServerListManager@@IAE@XZ 004138d0 f i ServerListManager.obj
 0001:000128f0       ??0CPair@?$CMap@GGPAV?$CMap@KKPAUtagAIUserInfo@@PAU1@@@PAV1@@@IAE@G@Z 004138f0 f i AIManager.obj
 0001:000128f0       ??0CPair@?$CMap@GGPAVCGameNodeItem@NServerListManager@@AAPAV12@@@IAE@G@Z 004138f0 f i ServerListManager.obj
 0001:000128f0       ??0CPair@?$CMap@GGPAVCGamePageItem@NServerListManager@@AAPAV12@@@IAE@G@Z 004138f0 f i ServerListManager.obj
 0001:000128f0       ??0CPair@?$CMap@GGPAUtagServerItem@@PAU1@@@IAE@G@Z 004138f0 f i AIManager.obj
 0001:000128f0       ??0CPair@?$CMap@GGPAVCGameKindItem@NServerListManager@@AAPAV12@@@IAE@G@Z 004138f0 f i ServerListManager.obj
 0001:000128f0       ??0CPair@?$CMap@GGPAUtagGroupAIParameter@@PAU1@@@IAE@G@Z 004138f0 f i AIManager.obj
 0001:000128f0       ??0CPair@?$CMap@GGPAVCGameServerItem@NServerListManager@@AAPAV12@@@IAE@G@Z 004138f0 f i ServerListManager.obj
 0001:000128f0       ??0CPair@?$CMap@GGPAVCGameTypeItem@NServerListManager@@AAPAV12@@@IAE@G@Z 004138f0 f i ServerListManager.obj
 0001:00012910       ??1?$CMap@GGPAVCGameKindItem@NServerListManager@@AAPAV12@@@UAE@XZ 00413910 f i ServerListManager.obj
 0001:00012960       ??1?$CMap@GGPAVCGameNodeItem@NServerListManager@@AAPAV12@@@UAE@XZ 00413960 f i ServerListManager.obj
 0001:000129b0       ??1?$CMap@GGPAVCGamePageItem@NServerListManager@@AAPAV12@@@UAE@XZ 004139b0 f i ServerListManager.obj
 0001:00012a00       ??1?$CMap@GGPAVCGameServerItem@NServerListManager@@AAPAV12@@@UAE@XZ 00413a00 f i ServerListManager.obj
 0001:00012a50       ??1?$CMap@GGPAVCGameTypeItem@NServerListManager@@AAPAV12@@@UAE@XZ 00413a50 f i ServerListManager.obj
 0001:00012aa0       ??1?$CWHArray@PAVCGameKindItem@NServerListManager@@ABQAV12@@@UAE@XZ 00413aa0 f i ServerListManager.obj
 0001:00012b00       ??1?$CWHArray@PAVCGameNodeItem@NServerListManager@@ABQAV12@@@UAE@XZ 00413b00 f i ServerListManager.obj
 0001:00012b60       ??1?$CWHArray@PAVCGamePageItem@NServerListManager@@ABQAV12@@@UAE@XZ 00413b60 f i ServerListManager.obj
 0001:00012bc0       ??1?$CWHArray@PAVCGameServerItem@NServerListManager@@ABQAV12@@@UAE@XZ 00413bc0 f i ServerListManager.obj
 0001:00012c20       ??1?$CWHArray@PAVCGameTypeItem@NServerListManager@@ABQAV12@@@UAE@XZ 00413c20 f i ServerListManager.obj
 0001:00012c80       ??A?$CMap@GGPAUtagServerItem@@PAU1@@@QAEAAPAUtagServerItem@@G@Z 00413c80 f i AIManager.obj
 0001:00012c80       ??A?$CMap@GGPAUtagGroupAIParameter@@PAU1@@@QAEAAPAUtagGroupAIParameter@@G@Z 00413c80 f i AIManager.obj
 0001:00012c80       ??A?$CMap@GGPAV?$CMap@KKPAUtagAIUserInfo@@PAU1@@@PAV1@@@QAEAAPAV?$CMap@KKPAUtagAIUserInfo@@PAU1@@@G@Z 00413c80 f i AIManager.obj
 0001:00012c80       ??A?$CMap@GGPAVCGameKindItem@NServerListManager@@AAPAV12@@@QAEAAPAVCGameKindItem@NServerListManager@@G@Z 00413c80 f i ServerListManager.obj
 0001:00012c80       ??A?$CMap@GGPAVCGameTypeItem@NServerListManager@@AAPAV12@@@QAEAAPAVCGameTypeItem@NServerListManager@@G@Z 00413c80 f i ServerListManager.obj
 0001:00012c80       ??A?$CMap@GGPAVCGamePageItem@NServerListManager@@AAPAV12@@@QAEAAPAVCGamePageItem@NServerListManager@@G@Z 00413c80 f i ServerListManager.obj
 0001:00012c80       ??A?$CMap@GGPAVCGameServerItem@NServerListManager@@AAPAV12@@@QAEAAPAVCGameServerItem@NServerListManager@@G@Z 00413c80 f i ServerListManager.obj
 0001:00012c80       ??A?$CMap@GGPAVCGameNodeItem@NServerListManager@@AAPAV12@@@QAEAAPAVCGameNodeItem@NServerListManager@@G@Z 00413c80 f i ServerListManager.obj
 0001:00012d40       ??A?$CWHArray@PAVCGamePageItem@NServerListManager@@ABQAV12@@@QAEAAPAVCGamePageItem@NServerListManager@@H@Z 00413d40 f i ServerListManager.obj
 0001:00012d40       ??A?$CWHArray@KABK@@QAEAAKH@Z 00413d40 f i AttemperEngineSink.obj
 0001:00012d40       ??A?$CWHArray@PAVCGameNodeItem@NServerListManager@@ABQAV12@@@QAEAAPAVCGameNodeItem@NServerListManager@@H@Z 00413d40 f i ServerListManager.obj
 0001:00012d40       ??A?$CWHArray@PAVCGameServerItem@NServerListManager@@ABQAV12@@@QAEAAPAVCGameServerItem@NServerListManager@@H@Z 00413d40 f i ServerListManager.obj
 0001:00012d40       ??A?$CWHArray@PAVCGameKindItem@NServerListManager@@ABQAV12@@@QAEAAPAVCGameKindItem@NServerListManager@@H@Z 00413d40 f i ServerListManager.obj
 0001:00012d40       ??A?$CWHArray@PAVCGameTypeItem@NServerListManager@@ABQAV12@@@QAEAAPAVCGameTypeItem@NServerListManager@@H@Z 00413d40 f i ServerListManager.obj
 0001:00012d60       ??_E?$CMap@GGPAVCGameKindItem@NServerListManager@@AAPAV12@@@UAEPAXI@Z 00413d60 f i ServerListManager.obj
 0001:00012d60       ??_G?$CMap@GGPAVCGameKindItem@NServerListManager@@AAPAV12@@@UAEPAXI@Z 00413d60 f i ServerListManager.obj
 0001:00012db0       ??_E?$CMap@GGPAVCGameNodeItem@NServerListManager@@AAPAV12@@@UAEPAXI@Z 00413db0 f i ServerListManager.obj
 0001:00012db0       ??_G?$CMap@GGPAVCGameNodeItem@NServerListManager@@AAPAV12@@@UAEPAXI@Z 00413db0 f i ServerListManager.obj
 0001:00012e00       ??_E?$CMap@GGPAVCGamePageItem@NServerListManager@@AAPAV12@@@UAEPAXI@Z 00413e00 f i ServerListManager.obj
 0001:00012e00       ??_G?$CMap@GGPAVCGamePageItem@NServerListManager@@AAPAV12@@@UAEPAXI@Z 00413e00 f i ServerListManager.obj
 0001:00012e50       ??_G?$CMap@GGPAVCGameServerItem@NServerListManager@@AAPAV12@@@UAEPAXI@Z 00413e50 f i ServerListManager.obj
 0001:00012e50       ??_E?$CMap@GGPAVCGameServerItem@NServerListManager@@AAPAV12@@@UAEPAXI@Z 00413e50 f i ServerListManager.obj
 0001:00012ea0       ??_E?$CMap@GGPAVCGameTypeItem@NServerListManager@@AAPAV12@@@UAEPAXI@Z 00413ea0 f i ServerListManager.obj
 0001:00012ea0       ??_G?$CMap@GGPAVCGameTypeItem@NServerListManager@@AAPAV12@@@UAEPAXI@Z 00413ea0 f i ServerListManager.obj
 0001:00012ef0       ??_E?$CWHArray@PAVCGameKindItem@NServerListManager@@ABQAV12@@@UAEPAXI@Z 00413ef0 f i ServerListManager.obj
 0001:00012ef0       ??_G?$CWHArray@PAVCGameKindItem@NServerListManager@@ABQAV12@@@UAEPAXI@Z 00413ef0 f i ServerListManager.obj
 0001:00012f20       ??_E?$CWHArray@PAVCGameNodeItem@NServerListManager@@ABQAV12@@@UAEPAXI@Z 00413f20 f i ServerListManager.obj
 0001:00012f20       ??_G?$CWHArray@PAVCGameNodeItem@NServerListManager@@ABQAV12@@@UAEPAXI@Z 00413f20 f i ServerListManager.obj
 0001:00012f50       ??_E?$CWHArray@PAVCGamePageItem@NServerListManager@@ABQAV12@@@UAEPAXI@Z 00413f50 f i ServerListManager.obj
 0001:00012f50       ??_G?$CWHArray@PAVCGamePageItem@NServerListManager@@ABQAV12@@@UAEPAXI@Z 00413f50 f i ServerListManager.obj
 0001:00012f80       ??_G?$CWHArray@PAVCGameServerItem@NServerListManager@@ABQAV12@@@UAEPAXI@Z 00413f80 f i ServerListManager.obj
 0001:00012f80       ??_E?$CWHArray@PAVCGameServerItem@NServerListManager@@ABQAV12@@@UAEPAXI@Z 00413f80 f i ServerListManager.obj
 0001:00012fb0       ??_G?$CWHArray@PAVCGameTypeItem@NServerListManager@@ABQAV12@@@UAEPAXI@Z 00413fb0 f i ServerListManager.obj
 0001:00012fb0       ??_E?$CWHArray@PAVCGameTypeItem@NServerListManager@@ABQAV12@@@UAEPAXI@Z 00413fb0 f i ServerListManager.obj
 0001:00012fe0       ??_ECServerListManager@NServerListManager@@UAEPAXI@Z 00413fe0 f i ServerListManager.obj
 0001:00012fe0       ??_GCServerListManager@NServerListManager@@UAEPAXI@Z 00413fe0 f i ServerListManager.obj
 0001:00013020       ?Add@?$CWHArray@PAVCGameKindItem@NServerListManager@@ABQAV12@@@QAEHABQAVCGameKindItem@NServerListManager@@@Z 00414020 f i ServerListManager.obj
 0001:00013020       ?Add@?$CWHArray@PAVCGameTypeItem@NServerListManager@@ABQAV12@@@QAEHABQAVCGameTypeItem@NServerListManager@@@Z 00414020 f i ServerListManager.obj
 0001:00013020       ?Add@?$CWHArray@PAVCGameNodeItem@NServerListManager@@ABQAV12@@@QAEHABQAVCGameNodeItem@NServerListManager@@@Z 00414020 f i ServerListManager.obj
 0001:00013020       ?Add@?$CWHArray@KABK@@QAEHABK@Z 00414020 f i AttemperEngineSink.obj
 0001:00013020       ?Add@?$CWHArray@PAVCGamePageItem@NServerListManager@@ABQAV12@@@QAEHABQAVCGamePageItem@NServerListManager@@@Z 00414020 f i ServerListManager.obj
 0001:00013020       ?Add@?$CWHArray@PAVCGameServerItem@NServerListManager@@ABQAV12@@@QAEHABQAVCGameServerItem@NServerListManager@@@Z 00414020 f i ServerListManager.obj
 0001:00013050       ?AllocMemory@?$CWHArray@PAVCGameTypeItem@NServerListManager@@ABQAV12@@@QAEXH@Z 00414050 f i ServerListManager.obj
 0001:00013050       ?AllocMemory@?$CWHArray@PAVCGamePageItem@NServerListManager@@ABQAV12@@@QAEXH@Z 00414050 f i ServerListManager.obj
 0001:00013050       ?AllocMemory@?$CWHArray@KABK@@QAEXH@Z 00414050 f i AttemperEngineSink.obj
 0001:00013050       ?AllocMemory@?$CWHArray@PAVCGameServerItem@NServerListManager@@ABQAV12@@@QAEXH@Z 00414050 f i ServerListManager.obj
 0001:00013050       ?AllocMemory@?$CWHArray@PAVCGameKindItem@NServerListManager@@ABQAV12@@@QAEXH@Z 00414050 f i ServerListManager.obj
 0001:00013050       ?AllocMemory@?$CWHArray@PAVCGameNodeItem@NServerListManager@@ABQAV12@@@QAEXH@Z 00414050 f i ServerListManager.obj
 0001:00013150       ?ElementAt@?$CWHArray@KABK@@QAEAAKH@Z 00414150 f i AttemperEngineSink.obj
 0001:00013150       ?ElementAt@?$CWHArray@PAVCGameNodeItem@NServerListManager@@ABQAV12@@@QAEAAPAVCGameNodeItem@NServerListManager@@H@Z 00414150 f i ServerListManager.obj
 0001:00013150       ?ElementAt@?$CWHArray@PAVCGameServerItem@NServerListManager@@ABQAV12@@@QAEAAPAVCGameServerItem@NServerListManager@@H@Z 00414150 f i ServerListManager.obj
 0001:00013150       ?ElementAt@?$CWHArray@PAVCGameTypeItem@NServerListManager@@ABQAV12@@@QAEAAPAVCGameTypeItem@NServerListManager@@H@Z 00414150 f i ServerListManager.obj
 0001:00013150       ?ElementAt@?$CWHArray@PAVCGamePageItem@NServerListManager@@ABQAV12@@@QAEAAPAVCGamePageItem@NServerListManager@@H@Z 00414150 f i ServerListManager.obj
 0001:00013150       ?ElementAt@?$CWHArray@PAVCGameKindItem@NServerListManager@@ABQAV12@@@QAEAAPAVCGameKindItem@NServerListManager@@H@Z 00414150 f i ServerListManager.obj
 0001:00013180       ?FreeAssoc@?$CMap@GGPAUtagServerItem@@PAU1@@@IAEXPAVCAssoc@1@@Z 00414180 f i AIManager.obj
 0001:00013180       ?FreeAssoc@?$CMap@KKPAUtagAIUserInfo@@PAU1@@@IAEXPAVCAssoc@1@@Z 00414180 f i AIManager.obj
 0001:00013180       ?FreeAssoc@?$CMap@GGPAVCGameKindItem@NServerListManager@@AAPAV12@@@IAEXPAVCAssoc@1@@Z 00414180 f i ServerListManager.obj
 0001:00013180       ?FreeAssoc@?$CMap@GGPAVCGameServerItem@NServerListManager@@AAPAV12@@@IAEXPAVCAssoc@1@@Z 00414180 f i ServerListManager.obj
 0001:00013180       ?FreeAssoc@?$CMap@GGPAVCGamePageItem@NServerListManager@@AAPAV12@@@IAEXPAVCAssoc@1@@Z 00414180 f i ServerListManager.obj
 0001:00013180       ?FreeAssoc@?$CMap@GGPAVCGameTypeItem@NServerListManager@@AAPAV12@@@IAEXPAVCAssoc@1@@Z 00414180 f i ServerListManager.obj
 0001:00013180       ?FreeAssoc@?$CMap@GGPAVCGameNodeItem@NServerListManager@@AAPAV12@@@IAEXPAVCAssoc@1@@Z 00414180 f i ServerListManager.obj
 0001:000131d0       ?GetAssocAt@?$CMap@GGPAVCGameTypeItem@NServerListManager@@AAPAV12@@@IBEPAVCAssoc@1@GAAI0@Z 004141d0 f i ServerListManager.obj
 0001:000131d0       ?GetAssocAt@?$CMap@GGPAUtagServerItem@@PAU1@@@IBEPAVCAssoc@1@GAAI0@Z 004141d0 f i AIManager.obj
 0001:000131d0       ?GetAssocAt@?$CMap@GGPAVCGameKindItem@NServerListManager@@AAPAV12@@@IBEPAVCAssoc@1@GAAI0@Z 004141d0 f i ServerListManager.obj
 0001:000131d0       ?GetAssocAt@?$CMap@GGPAV?$CMap@KKPAUtagAIUserInfo@@PAU1@@@PAV1@@@IBEPAVCAssoc@1@GAAI0@Z 004141d0 f i AIManager.obj
 0001:000131d0       ?GetAssocAt@?$CMap@GGPAVCGameServerItem@NServerListManager@@AAPAV12@@@IBEPAVCAssoc@1@GAAI0@Z 004141d0 f i ServerListManager.obj
 0001:000131d0       ?GetAssocAt@?$CMap@GGPAUtagGroupAIParameter@@PAU1@@@IBEPAVCAssoc@1@GAAI0@Z 004141d0 f i AIManager.obj
 0001:000131d0       ?GetAssocAt@?$CMap@GGPAVCGamePageItem@NServerListManager@@AAPAV12@@@IBEPAVCAssoc@1@GAAI0@Z 004141d0 f i ServerListManager.obj
 0001:000131d0       ?GetAssocAt@?$CMap@GGPAVCGameNodeItem@NServerListManager@@AAPAV12@@@IBEPAVCAssoc@1@GAAI0@Z 004141d0 f i ServerListManager.obj
 0001:00013260       ?InitHashTable@?$CMap@KKPAUtagAIUserInfo@@PAU1@@@QAEXIH@Z 00414260 f i AIManager.obj
 0001:00013260       ?InitHashTable@?$CMap@KKHH@@QAEXIH@Z 00414260 f i AIManager.obj
 0001:00013260       ?InitHashTable@?$CMap@GGPAVCGameNodeItem@NServerListManager@@AAPAV12@@@QAEXIH@Z 00414260 f i ServerListManager.obj
 0001:00013260       ?InitHashTable@?$CMap@GGPAVCGameTypeItem@NServerListManager@@AAPAV12@@@QAEXIH@Z 00414260 f i ServerListManager.obj
 0001:00013260       ?InitHashTable@?$CMap@GGPAVCGamePageItem@NServerListManager@@AAPAV12@@@QAEXIH@Z 00414260 f i ServerListManager.obj
 0001:00013260       ?InitHashTable@?$CMap@KKPAV?$CMap@GGPAUtagGroupAIParameter@@PAU1@@@PAV1@@@QAEXIH@Z 00414260 f i AIManager.obj
 0001:00013260       ?InitHashTable@?$CMap@GGPAVCGameKindItem@NServerListManager@@AAPAV12@@@QAEXIH@Z 00414260 f i ServerListManager.obj
 0001:00013260       ?InitHashTable@?$CMap@GGPAUtagServerItem@@PAU1@@@QAEXIH@Z 00414260 f i AIManager.obj
 0001:00013260       ?InitHashTable@?$CMap@GGPAV?$CMap@KKPAUtagAIUserInfo@@PAU1@@@PAV1@@@QAEXIH@Z 00414260 f i AIManager.obj
 0001:00013260       ?InitHashTable@?$CMap@GGPAUtagGroupAIParameter@@PAU1@@@QAEXIH@Z 00414260 f i AIManager.obj
 0001:00013260       ?InitHashTable@?$CMap@KKPAV?$CMap@GGPAV?$CMap@KKPAUtagAIUserInfo@@PAU1@@@PAV1@@@PAV1@@@QAEXIH@Z 00414260 f i AIManager.obj
 0001:00013260       ?InitHashTable@?$CMap@GGPAVCGameServerItem@NServerListManager@@AAPAV12@@@QAEXIH@Z 00414260 f i ServerListManager.obj
 0001:00013320       ?Lookup@?$CMap@GGPAVCGameNodeItem@NServerListManager@@AAPAV12@@@QBEHGAAPAVCGameNodeItem@NServerListManager@@@Z 00414320 f i ServerListManager.obj
 0001:00013320       ?Lookup@?$CMap@GGPAVCGamePageItem@NServerListManager@@AAPAV12@@@QBEHGAAPAVCGamePageItem@NServerListManager@@@Z 00414320 f i ServerListManager.obj
 0001:00013320       ?Lookup@?$CMap@GGPAVCGameTypeItem@NServerListManager@@AAPAV12@@@QBEHGAAPAVCGameTypeItem@NServerListManager@@@Z 00414320 f i ServerListManager.obj
 0001:00013320       ?Lookup@?$CMap@GGPAV?$CMap@KKPAUtagAIUserInfo@@PAU1@@@PAV1@@@QBEHGAAPAV?$CMap@KKPAUtagAIUserInfo@@PAU1@@@@Z 00414320 f i AIManager.obj
 0001:00013320       ?Lookup@?$CMap@GGPAVCGameServerItem@NServerListManager@@AAPAV12@@@QBEHGAAPAVCGameServerItem@NServerListManager@@@Z 00414320 f i ServerListManager.obj
 0001:00013320       ?Lookup@?$CMap@GGPAUtagGroupAIParameter@@PAU1@@@QBEHGAAPAUtagGroupAIParameter@@@Z 00414320 f i AIManager.obj
 0001:00013320       ?Lookup@?$CMap@GGPAVCGameKindItem@NServerListManager@@AAPAV12@@@QBEHGAAPAVCGameKindItem@NServerListManager@@@Z 00414320 f i ServerListManager.obj
 0001:00013320       ?Lookup@?$CMap@GGPAUtagServerItem@@PAU1@@@QBEHGAAPAUtagServerItem@@@Z 00414320 f i AIManager.obj
 0001:00013370       ?RemoveAll@?$CWHArray@PAVCGamePageItem@NServerListManager@@ABQAV12@@@QAEXXZ 00414370 f i ServerListManager.obj
 0001:00013370       ?RemoveAll@?$CWHArray@PAVCGameNodeItem@NServerListManager@@ABQAV12@@@QAEXXZ 00414370 f i ServerListManager.obj
 0001:00013370       ?RemoveAll@?$CWHArray@PAVCGameTypeItem@NServerListManager@@ABQAV12@@@QAEXXZ 00414370 f i ServerListManager.obj
 0001:00013370       ?RemoveAll@?$CWHArray@KABK@@QAEXXZ 00414370 f i DBCorrespondManager.obj
 0001:00013370       ?RemoveAll@?$CWHArray@PAVCGameKindItem@NServerListManager@@ABQAV12@@@QAEXXZ 00414370 f i ServerListManager.obj
 0001:00013370       ?RemoveAll@?$CWHArray@PAVCGameServerItem@NServerListManager@@ABQAV12@@@QAEXXZ 00414370 f i ServerListManager.obj
 0001:000133d0       ?RemoveAt@?$CWHArray@PAVCGameTypeItem@NServerListManager@@ABQAV12@@@QAEXHH@Z 004143d0 f i ServerListManager.obj
 0001:000133d0       ?RemoveAt@?$CWHArray@PAVCGamePageItem@NServerListManager@@ABQAV12@@@QAEXHH@Z 004143d0 f i ServerListManager.obj
 0001:000133d0       ?RemoveAt@?$CWHArray@PAVCGameServerItem@NServerListManager@@ABQAV12@@@QAEXHH@Z 004143d0 f i ServerListManager.obj
 0001:000133d0       ?RemoveAt@?$CWHArray@PAVCGameNodeItem@NServerListManager@@ABQAV12@@@QAEXHH@Z 004143d0 f i ServerListManager.obj
 0001:000133d0       ?RemoveAt@?$CWHArray@PAVCGameKindItem@NServerListManager@@ABQAV12@@@QAEXHH@Z 004143d0 f i ServerListManager.obj
 0001:000133d0       ?RemoveAt@?$CWHArray@KABK@@QAEXHH@Z 004143d0 f i AttemperEngineSink.obj
 0001:00013470       ?RemoveKey@?$CMap@GGPAVCGameKindItem@NServerListManager@@AAPAV12@@@QAEHG@Z 00414470 f i ServerListManager.obj
 0001:00013470       ?RemoveKey@?$CMap@GGPAVCGamePageItem@NServerListManager@@AAPAV12@@@QAEHG@Z 00414470 f i ServerListManager.obj
 0001:00013470       ?RemoveKey@?$CMap@GGPAVCGameTypeItem@NServerListManager@@AAPAV12@@@QAEHG@Z 00414470 f i ServerListManager.obj
 0001:00013470       ?RemoveKey@?$CMap@GGPAUtagServerItem@@PAU1@@@QAEHG@Z 00414470 f i AIManager.obj
 0001:00013470       ?RemoveKey@?$CMap@GGPAVCGameServerItem@NServerListManager@@AAPAV12@@@QAEHG@Z 00414470 f i ServerListManager.obj
 0001:00013470       ?RemoveKey@?$CMap@GGPAVCGameNodeItem@NServerListManager@@AAPAV12@@@QAEHG@Z 00414470 f i ServerListManager.obj
 0001:00013520       ?Serialize@?$CMap@GGPAVCGameKindItem@NServerListManager@@AAPAV12@@@UAEXAAVCArchive@@@Z 00414520 f i ServerListManager.obj
 0001:00013520       ?Serialize@?$CMap@GGPAVCGameNodeItem@NServerListManager@@AAPAV12@@@UAEXAAVCArchive@@@Z 00414520 f i ServerListManager.obj
 0001:00013520       ?Serialize@?$CMap@GGPAVCGameServerItem@NServerListManager@@AAPAV12@@@UAEXAAVCArchive@@@Z 00414520 f i ServerListManager.obj
 0001:00013520       ?Serialize@?$CMap@GGPAVCGameTypeItem@NServerListManager@@AAPAV12@@@UAEXAAVCArchive@@@Z 00414520 f i ServerListManager.obj
 0001:00013520       ?Serialize@?$CMap@GGPAVCGamePageItem@NServerListManager@@AAPAV12@@@UAEXAAVCArchive@@@Z 00414520 f i ServerListManager.obj
 0001:00013650       ?SetAt@?$CMap@GGPAVCGameServerItem@NServerListManager@@AAPAV12@@@QAEXGAAPAVCGameServerItem@NServerListManager@@@Z 00414650 f i ServerListManager.obj
 0001:00013650       ?SetAt@?$CMap@GGPAVCGamePageItem@NServerListManager@@AAPAV12@@@QAEXGAAPAVCGamePageItem@NServerListManager@@@Z 00414650 f i ServerListManager.obj
 0001:00013650       ?SetAt@?$CMap@GGPAVCGameNodeItem@NServerListManager@@AAPAV12@@@QAEXGAAPAVCGameNodeItem@NServerListManager@@@Z 00414650 f i ServerListManager.obj
 0001:00013650       ?SetAt@?$CMap@GGPAVCGameKindItem@NServerListManager@@AAPAV12@@@QAEXGAAPAVCGameKindItem@NServerListManager@@@Z 00414650 f i ServerListManager.obj
 0001:00013650       ?SetAt@?$CMap@GGPAVCGameTypeItem@NServerListManager@@AAPAV12@@@QAEXGAAPAVCGameTypeItem@NServerListManager@@@Z 00414650 f i ServerListManager.obj
[...]
 0002:0000b40c       __unwindtable$?NewAssoc@?$CMap@GGPAVCGamePageItem@NServerListManager@@AAPAV12@@@IAEPAVCAssoc@1@G@Z 0042540c     ServerListManager.obj
 0002:0000b40c       __unwindtable$?NewAssoc@?$CMap@KKHH@@IAEPAVCAssoc@1@K@Z 0042540c     AIManager.obj
 0002:0000b40c       __unwindtable$?NewAssoc@?$CMap@KKPAV?$CMap@GGPAV?$CMap@KKPAUtagAIUserInfo@@PAU1@@@PAV1@@@PAV1@@@IAEPAVCAssoc@1@K@Z 0042540c     AIManager.obj
 0002:0000b40c       __unwindtable$?NewAssoc@?$CMap@GGPAV?$CMap@KKPAUtagAIUserInfo@@PAU1@@@PAV1@@@IAEPAVCAssoc@1@G@Z 0042540c     AIManager.obj
 0002:0000b40c       __unwindtable$?NewAssoc@?$CMap@GGPAVCGameNodeItem@NServerListManager@@AAPAV12@@@IAEPAVCAssoc@1@G@Z 0042540c     ServerListManager.obj
 0002:0000b40c       __unwindtable$?NewAssoc@?$CMap@GGPAUtagServerItem@@PAU1@@@IAEPAVCAssoc@1@G@Z 0042540c     AIManager.obj
 0002:0000b40c       __unwindtable$?NewAssoc@?$CMap@KKPAUtagAIUserInfo@@PAU1@@@IAEPAVCAssoc@1@K@Z 0042540c     AIManager.obj
 0002:0000b40c       __unwindtable$?NewAssoc@?$CMap@GGPAVCGameTypeItem@NServerListManager@@AAPAV12@@@IAEPAVCAssoc@1@G@Z 0042540c     ServerListManager.obj
 0002:0000b40c       __unwindtable$?NewAssoc@?$CMap@KKPAV?$CMap@GGPAUtagGroupAIParameter@@PAU1@@@PAV1@@@IAEPAVCAssoc@1@K@Z 0042540c     AIManager.obj
 0002:0000b40c       __unwindtable$?NewAssoc@?$CMap@GGPAVCGameKindItem@NServerListManager@@AAPAV12@@@IAEPAVCAssoc@1@G@Z 0042540c     ServerListManager.obj
 0002:0000b414       __ehfuncinfo$?NewAssoc@?$CMap@KKHH@@IAEPAVCAssoc@1@K@Z 00425414     AIManager.obj
 0002:0000b414       __ehfuncinfo$?NewAssoc@?$CMap@GGPAVCGameNodeItem@NServerListManager@@AAPAV12@@@IAEPAVCAssoc@1@G@Z 00425414     ServerListManager.obj
 0002:0000b414       __ehfuncinfo$?NewAssoc@?$CMap@KKPAUtagAIUserInfo@@PAU1@@@IAEPAVCAssoc@1@K@Z 00425414     AIManager.obj
 0002:0000b414       __ehfuncinfo$?NewAssoc@?$CMap@GGPAUtagServerItem@@PAU1@@@IAEPAVCAssoc@1@G@Z 00425414     AIManager.obj
 0002:0000b414       __ehfuncinfo$?NewAssoc@?$CMap@GGPAVCGameKindItem@NServerListManager@@AAPAV12@@@IAEPAVCAssoc@1@G@Z 00425414     ServerListManager.obj
 0002:0000b414       __ehfuncinfo$?NewAssoc@?$CMap@GGPAV?$CMap@KKPAUtagAIUserInfo@@PAU1@@@PAV1@@@IAEPAVCAssoc@1@G@Z 00425414     AIManager.obj
 0002:0000b414       __ehfuncinfo$?NewAssoc@?$CMap@KKPAV?$CMap@GGPAV?$CMap@KKPAUtagAIUserInfo@@PAU1@@@PAV1@@@PAV1@@@IAEPAVCAssoc@1@K@Z 00425414     AIManager.obj
 0002:0000b414       __ehfuncinfo$?NewAssoc@?$CMap@GGPAUtagGroupAIParameter@@PAU1@@@IAEPAVCAssoc@1@G@Z 00425414     AIManager.obj
 0002:0000b414       __ehfuncinfo$?NewAssoc@?$CMap@GGPAVCGameTypeItem@NServerListManager@@AAPAV12@@@IAEPAVCAssoc@1@G@Z 00425414     ServerListManager.obj
 0002:0000b414       __ehfuncinfo$?NewAssoc@?$CMap@KKPAV?$CMap@GGPAUtagGroupAIParameter@@PAU1@@@PAV1@@@IAEPAVCAssoc@1@K@Z 00425414     AIManager.obj
 0002:0000b414       __ehfuncinfo$?NewAssoc@?$CMap@GGPAVCGameServerItem@NServerListManager@@AAPAV12@@@IAEPAVCAssoc@1@G@Z 00425414     ServerListManager.obj
 0002:0000b414       __ehfuncinfo$?NewAssoc@?$CMap@GGPAVCGamePageItem@NServerListManager@@AAPAV12@@@IAEPAVCAssoc@1@G@Z 00425414     ServerListManager.obj
 0002:0000b438       __unwindtable$?SetSize@?$CWHArray@UtagGroupConfigInfo@@ABU1@@@QAEXH@Z 00425438     AIManager.obj
 0002:0000b440       __ehfuncinfo$?SetSize@?$CWHArray@UtagGroupConfigInfo@@ABU1@@@QAEXH@Z 00425440     AIManager.obj
 0002:0000b464       __unwindtable$?InitInstance@CAIDistributeApp@@UAEHXZ 00425464     AIDistribute.obj
 0002:0000b46c       __ehfuncinfo$?InitInstance@CAIDistributeApp@@UAEHXZ 0042546c     AIDistribute.obj
 0002:0000b490       __unwindtable$?OnMessageProcessCmdLine@CAIDistributeDlg@@QAEJIJ@Z 00425490     AIDistributeDlg.obj
 0002:0000b498       __unwindtable$?GetPlatformDBParameter@CAIDistributeDlg@@IAE_NAAUtagDataBaseParameter@@@Z 00425498     AIDistributeDlg.obj
 0002:0000b4a0       __catchsym$?OnBnClickedStopService@CAIDistributeDlg@@IAEXXZ$2 004254a0     AIDistributeDlg.obj
 0002:0000b4b0       __unwindtable$?OnBnClickedStopService@CAIDistributeDlg@@IAEXXZ 004254b0     AIDistributeDlg.obj
 0002:0000b4c0       __catchsym$?OnBnClickedStartService@CAIDistributeDlg@@IAEXXZ$2 004254c0     AIDistributeDlg.obj
 0002:0000b4d0       __unwindtable$?OnBnClickedStartService@CAIDistributeDlg@@IAEXXZ 004254d0     AIDistributeDlg.obj
 0002:0000b4e0       __catchsym$?StartServerService@CAIDistributeDlg@@IAE_NG@Z$2 004254e0     AIDistributeDlg.obj
 0002:0000b4f0       __unwindtable$?StartServerService@CAIDistributeDlg@@IAE_NG@Z 004254f0     AIDistributeDlg.obj
 0002:0000b500       __tryblocktable$?OnBnClickedStopService@CAIDistributeDlg@@IAEXXZ 00425500     AIDistributeDlg.obj
 0002:0000b514       __tryblocktable$?OnBnClickedStartService@CAIDistributeDlg@@IAEXXZ 00425514     AIDistributeDlg.obj
 0002:0000b528       __tryblocktable$?StartServerService@CAIDistributeDlg@@IAE_NG@Z 00425528     AIDistributeDlg.obj
 0002:0000b53c       __unwindtable$??0CAIDistributeDlg@@QAE@XZ 0042553c     AIDistributeDlg.obj
 0002:0000b554       __ehfuncinfo$?OnMessageProcessCmdLine@CAIDistributeDlg@@QAEJIJ@Z 00425554     AIDistributeDlg.obj
 0002:0000b578       __ehfuncinfo$?OnBnClickedStopService@CAIDistributeDlg@@IAEXXZ 00425578     AIDistributeDlg.obj
 0002:0000b59c       __ehfuncinfo$?OnBnClickedStartService@CAIDistributeDlg@@IAEXXZ 0042559c     AIDistributeDlg.obj
 0002:0000b5c0       __ehfuncinfo$?GetPlatformDBParameter@CAIDistributeDlg@@IAE_NAAUtagDataBaseParameter@@@Z 004255c0     AIDistributeDlg.obj
 0002:0000b5e4       __ehfuncinfo$?StartServerService@CAIDistributeDlg@@IAE_NG@Z 004255e4     AIDistributeDlg.obj
 0002:0000b608       __ehfuncinfo$??0CAIDistributeDlg@@QAE@XZ 00425608     AIDistributeDlg.obj
 0002:0000b62c       __unwindtable$?LoadInitParameter@CInitParameter@@QAEXXZ 0042562c     InitParameter.obj
 0002:0000b634       __ehfuncinfo$?LoadInitParameter@CInitParameter@@QAEXXZ 00425634     InitParameter.obj
 0002:0000b658       __catchsym$?InsertGameServer@CServerListManager@NServerListManager@@QAE_NPAUtagGameServer@@@Z$3 00425658     ServerListManager.obj
 0002:0000b668       __catchsym$?InsertGamePage@CServerListManager@NServerListManager@@QAE_NPAUtagGamePage@@@Z$3 00425668     ServerListManager.obj
 0002:0000b678       __catchsym$?InsertGameNode@CServerListManager@NServerListManager@@QAE_NPAUtagGameNode@@@Z$3 00425678     ServerListManager.obj
 0002:0000b688       __catchsym$?InsertGameKind@CServerListManager@NServerListManager@@QAE_NPAUtagGameKind@@@Z$3 00425688     ServerListManager.obj
 0002:0000b698       __catchsym$?InsertGameType@CServerListManager@NServerListManager@@QAE_NPAUtagGameType@@@Z$3 00425698     ServerListManager.obj
 0002:0000b6a8       __catchsym$??1CServerListManager@NServerListManager@@UAE@XZ$39 004256a8     ServerListManager.obj
 0002:0000b6b8       __catchsym$??1CServerListManager@NServerListManager@@UAE@XZ$38 004256b8     ServerListManager.obj
 0002:0000b6c8       __catchsym$??1CServerListManager@NServerListManager@@UAE@XZ$37 004256c8     ServerListManager.obj
 0002:0000b6d8       __catchsym$??1CServerListManager@NServerListManager@@UAE@XZ$36 004256d8     ServerListManager.obj
 0002:0000b6e8       __catchsym$??1CServerListManager@NServerListManager@@UAE@XZ$35 004256e8     ServerListManager.obj
 0002:0000b6f8       __catchsym$??1CServerListManager@NServerListManager@@UAE@XZ$34 004256f8     ServerListManager.obj
 0002:0000b708       __catchsym$??1CServerListManager@NServerListManager@@UAE@XZ$33 00425708     ServerListManager.obj
 0002:0000b718       __catchsym$??1CServerListManager@NServerListManager@@UAE@XZ$32 00425718     ServerListManager.obj
 0002:0000b728       __catchsym$??1CServerListManager@NServerListManager@@UAE@XZ$31 00425728     ServerListManager.obj
 0002:0000b738       __catchsym$??1CServerListManager@NServerListManager@@UAE@XZ$30 00425738     ServerListManager.obj
 0002:0000b748       __tryblocktable$?InsertGameServer@CServerListManager@NServerListManager@@QAE_NPAUtagGameServer@@@Z 00425748     ServerListManager.obj
 0002:0000b75c       __tryblocktable$?InsertGamePage@CServerListManager@NServerListManager@@QAE_NPAUtagGamePage@@@Z 0042575c     ServerListManager.obj
 0002:0000b770       __tryblocktable$?InsertGameNode@CServerListManager@NServerListManager@@QAE_NPAUtagGameNode@@@Z 00425770     ServerListManager.obj
 0002:0000b784       __tryblocktable$?InsertGameKind@CServerListManager@NServerListManager@@QAE_NPAUtagGameKind@@@Z 00425784     ServerListManager.obj
 0002:0000b798       __tryblocktable$?InsertGameType@CServerListManager@NServerListManager@@QAE_NPAUtagGameType@@@Z 00425798     ServerListManager.obj
 0002:0000b7ac       __unwindtable$?InsertGameServer@CServerListManager@NServerListManager@@QAE_NPAUtagGameServer@@@Z 004257ac     ServerListManager.obj
 0002:0000b7c4       __unwindtable$?InsertGamePage@CServerListManager@NServerListManager@@QAE_NPAUtagGamePage@@@Z 004257c4     ServerListManager.obj
 0002:0000b7dc       __unwindtable$?InsertGameNode@CServerListManager@NServerListManager@@QAE_NPAUtagGameNode@@@Z 004257dc     ServerListManager.obj
 0002:0000b7f4       __unwindtable$?InsertGameKind@CServerListManager@NServerListManager@@QAE_NPAUtagGameKind@@@Z 004257f4     ServerListManager.obj
 0002:0000b80c       __unwindtable$?InsertGameType@CServerListManager@NServerListManager@@QAE_NPAUtagGameType@@@Z 0042580c     ServerListManager.obj
 0002:0000b824       __ehfuncinfo$?InsertGameServer@CServerListManager@NServerListManager@@QAE_NPAUtagGameServer@@@Z 00425824     ServerListManager.obj
 0002:0000b848       __ehfuncinfo$?InsertGamePage@CServerListManager@NServerListManager@@QAE_NPAUtagGamePage@@@Z 00425848     ServerListManager.obj
 0002:0000b86c       __ehfuncinfo$?InsertGameNode@CServerListManager@NServerListManager@@QAE_NPAUtagGameNode@@@Z 0042586c     ServerListManager.obj
 0002:0000b890       __ehfuncinfo$?InsertGameKind@CServerListManager@NServerListManager@@QAE_NPAUtagGameKind@@@Z 00425890     ServerListManager.obj
 0002:0000b8b4       __ehfuncinfo$?InsertGameType@CServerListManager@NServerListManager@@QAE_NPAUtagGameType@@@Z 004258b4     ServerListManager.obj
 0002:0000b8d8       __ehfuncinfo$??1CServerListManager@NServerListManager@@UAE@XZ 004258d8     ServerListManager.obj
 0002:0000b8fc       __ehfuncinfo$??0CServerListManager@NServerListManager@@QAE@XZ 004258fc     ServerListManager.obj
 0002:0000b920       __unwindtable$??0CServerListManager@NServerListManager@@QAE@XZ 00425920     ServerListManager.obj
 0002:0000b970       __tryblocktable$??1CServerListManager@NServerListManager@@UAE@XZ 00425970     ServerListManager.obj
 0002:0000ba38       __unwindtable$??1CServerListManager@NServerListManager@@UAE@XZ 00425a38     ServerListManager.obj
 0002:0000bb28       __unwindtable$?CreateInstance@?$CTempldateHelper@UITimerEngine@@@@QAE_NXZ 00425b28     ServiceUnits.obj
 0002:0000bb38       __tryblocktable$?CreateInstance@?$CTempldateHelper@UITimerEngine@@@@QAE_NXZ 00425b38     ServiceUnits.obj
 0002:0000bb4c       __catchsym$?CreateInstance@?$CTempldateHelper@UITimerEngine@@@@QAE_NXZ$3 00425b4c     ServiceUnits.obj
 0002:0000bb6c       __ehfuncinfo$?CreateInstance@?$CTempldateHelper@UITimerEngine@@@@QAE_NXZ 00425b6c     ServiceUnits.obj
 0002:0000bb90       __unwindtable$?CreateInstance@?$CTempldateHelper@UIDataBaseEngine@@@@QAE_NXZ 00425b90     ServiceUnits.obj
 0002:0000bba0       __tryblocktable$?CreateInstance@?$CTempldateHelper@UIDataBaseEngine@@@@QAE_NXZ 00425ba0     ServiceUnits.obj
 0002:0000bbb4       __catchsym$?CreateInstance@?$CTempldateHelper@UIDataBaseEngine@@@@QAE_NXZ$3 00425bb4     ServiceUnits.obj
 0002:0000bbd4       __ehfuncinfo$?CreateInstance@?$CTempldateHelper@UIDataBaseEngine@@@@QAE_NXZ 00425bd4     ServiceUnits.obj
 0002:0000bbf8       __unwindtable$?CreateInstance@?$CTempldateHelper@UIAttemperEngine@@@@QAE_NXZ 00425bf8     ServiceUnits.obj
 0002:0000bc08       __tryblocktable$?CreateInstance@?$CTempldateHelper@UIAttemperEngine@@@@QAE_NXZ 00425c08     ServiceUnits.obj
 0002:0000bc1c       __catchsym$?CreateInstance@?$CTempldateHelper@UIAttemperEngine@@@@QAE_NXZ$3 00425c1c     ServiceUnits.obj
 0002:0000bc3c       __ehfuncinfo$?CreateInstance@?$CTempldateHelper@UIAttemperEngine@@@@QAE_NXZ 00425c3c     ServiceUnits.obj
 0002:0000bc60       __unwindtable$?CreateInstance@?$CTempldateHelper@UITCPSocketService@@@@QAE_NXZ 00425c60     ServiceUnits.obj
 0002:0000bc70       __tryblocktable$?CreateInstance@?$CTempldateHelper@UITCPSocketService@@@@QAE_NXZ 00425c70     ServiceUnits.obj
 0002:0000bc84       __catchsym$?CreateInstance@?$CTempldateHelper@UITCPSocketService@@@@QAE_NXZ$3 00425c84     ServiceUnits.obj
 0002:0000bca4       __ehfuncinfo$?CreateInstance@?$CTempldateHelper@UITCPSocketService@@@@QAE_NXZ 00425ca4     ServiceUnits.obj
 0002:0000bcc8       __unwindtable$?CreateInstance@?$CTempldateHelper@UITCPNetworkEngine@@@@QAE_NXZ 00425cc8     ServiceUnits.obj
 0002:0000bcd8       __tryblocktable$?CreateInstance@?$CTempldateHelper@UITCPNetworkEngine@@@@QAE_NXZ 00425cd8     ServiceUnits.obj
 0002:0000bcec       __catchsym$?CreateInstance@?$CTempldateHelper@UITCPNetworkEngine@@@@QAE_NXZ$3 00425cec     ServiceUnits.obj
 0002:0000bd0c       __ehfuncinfo$?CreateInstance@?$CTempldateHelper@UITCPNetworkEngine@@@@QAE_NXZ 00425d0c     ServiceUnits.obj
 0002:0000bd30       __unwindtable$?OnUIControlRequest@CServiceUnits@@IAEJIJ@Z 00425d30     ServiceUnits.obj
 0002:0000bd38       __unwindtable$?PostControlRequest@CServiceUnits@@QAE_NGPAXG@Z 00425d38     ServiceUnits.obj
 0002:0000bd40       __ehfuncinfo$?OnUIControlRequest@CServiceUnits@@IAEJIJ@Z 00425d40     ServiceUnits.obj
 0002:0000bd64       __ehfuncinfo$?PostControlRequest@CServiceUnits@@QAE_NGPAXG@Z 00425d64     ServiceUnits.obj
 0002:0000bd88       __ehfuncinfo$??1CServiceUnits@@UAE@XZ 00425d88     ServiceUnits.obj
 0002:0000bdac       __ehfuncinfo$??0CServiceUnits@@QAE@XZ 00425dac     ServiceUnits.obj
 0002:0000bdd0       __unwindtable$??0CServiceUnits@@QAE@XZ 00425dd0     ServiceUnits.obj
 0002:0000be60       __sehtable$?__scrt_common_main_seh@@YAHXZ 00425e60     MSVCRT:exe_wwinmain.obj
 0002:0000be80       __sehtable$___scrt_is_nonwritable_in_current_image 00425e80     MSVCRT:utility.obj
 0002:0000bea0       __sehtable$??_L@YGXPAXIIP6EX0@Z1@Z 00425ea0     MSVCRT:ehvecctr.obj
 0002:0000bec0       __sehtable$??_M@YGXPAXIIP6EX0@Z@Z 00425ec0     MSVCRT:ehvecdtr.obj
 0002:0000bee0       __sehtable$?__ArrayUnwind@@YGXPAXIIP6EX0@Z@Z 00425ee0     MSVCRT:ehvecdtr.obj
 0002:0000c624       .idata$6                   00426624     mfc140u:mfc140u.dll
 0002:0000c870       .idata$6                   00426870     kernel32:KERNEL32.dll
 0002:0000c8d2       .idata$6                   004268d2     user32:USER32.dll
 0002:0000c8de       .idata$6                   004268de     comctl32:COMCTL32.dll
 0002:0000c8ec       .idata$6                   004268ec     oleaut32:OLEAUT32.dll
 0002:0000cb30       .idata$6                   00426b30     ServiceCore:ServiceCore.dll
 0002:0000ce9e       .idata$6                   00426e9e     KernelEngine:KernelEngine.dll
 0002:0000cec4       .idata$6                   00426ec4     DbgHelp:dbghelp.dll
 0002:0000cfa2       .idata$6                   00426fa2     vcruntime:VCRUNTIME140.dll
 0002:0000d2d4       .idata$6                   004272d4     ucrt:api-ms-win-crt-string-l1-1-0.dll
 0002:0000d2f6       .idata$6                   004272f6     ucrt:api-ms-win-crt-stdio-l1-1-0.dll
 0002:0000d316       .idata$6                   00427316     ucrt:api-ms-win-crt-filesystem-l1-1-0.dll
 0002:0000d33c       .idata$6                   0042733c     ucrt:api-ms-win-crt-locale-l1-1-0.dll
 0002:0000d35e       .idata$6                   0042735e     ucrt:api-ms-win-crt-runtime-l1-1-0.dll
 0002:0000d380       .idata$6                   00427380     ucrt:api-ms-win-crt-utility-l1-1-0.dll
 0002:0000d3a2       .idata$6                   004273a2     ucrt:api-ms-win-crt-time-l1-1-0.dll
 0002:0000d3c2       .idata$6                   004273c2     ucrt:api-ms-win-crt-convert-l1-1-0.dll
 0002:0000d3e4       .idata$6                   004273e4     ucrt:api-ms-win-crt-heap-l1-1-0.dll
 0002:0000d404       .idata$6                   00427404     ucrt:api-ms-win-crt-math-l1-1-0.dll
 0003:00000000       ?PADDING@@3PAEA            00428000     Stdafx.obj
 0003:00000d18       ?g_sResult@@3PADA          00428d18     Log.obj
 0003:00001520       ?g_wsResult@@3PA_WA        00429520     Log.obj
 0003:00001d30       ?g_wsResult@@3PA_WA        00429d30     DataBaseEngineSink.obj
 0003:00002610       ?g_sResult@@3PADA          0042a610     Stdafx.obj
 0003:00002e18       ?g_wsResult@@3PA_WA        0042ae18     Stdafx.obj
 0003:00003624       ?module_local_atexit_table@@3U_onexit_table_t@@A 0042b624     MSVCRT:utility.obj
 0003:00003630       ?module_local_at_quick_exit_table@@3U_onexit_table_t@@A 0042b630     MSVCRT:utility.obj
 0003:0000363c       ?is_initialized_as_dll@@3_NA 0042b63c     MSVCRT:utility.obj
 0003:00003640       ?_Tss_mutex@@3U_RTL_CRITICAL_SECTION@@A 0042b640     MSVCRT:thread_safe_statics.obj
 0003:00003658       ?_Tss_cv@@3U_RTL_CONDITION_VARIABLE@@A 0042b658     MSVCRT:thread_safe_statics.obj
 0003:0000365c       ?_Tss_event@@3PAXA         0042b65c     MSVCRT:thread_safe_statics.obj
 0003:00003660       ?encoded_sleep_condition_variable_cs@@3P6GHPAU_RTL_CONDITION_VARIABLE@@PAU_RTL_CRITICAL_SECTION@@K@ZA 0042b660     MSVCRT:thread_safe_statics.obj
 0003:00003664       ?encoded_wake_all_condition_variable@@3P6GXPAU_RTL_CONDITION_VARIABLE@@@ZA 0042b664     MSVCRT:thread_safe_statics.obj
 0003:00003688       _GS_ExceptionRecord        0042b688     MSVCRT:gs_report.obj
 0003:000036d8       _GS_ContextRecord          0042b6d8     MSVCRT:gs_report.obj
 0004:00000000       __guard_fids__             0042c000     MSVCRT:exe_wwinmain.obj
 0004:00000004       __guard_fids__             0042c004     MSVCRT:exe_wwinmain.obj
 0004:00000008       __guard_fids__             0042c008     MSVCRT:exe_wwinmain.obj
 0004:0000000c       __guard_fids_?pre_c_initialization@@YAHXZ 0042c00c     MSVCRT:exe_wwinmain.obj
 0004:00000014       __guard_fids__             0042c014     MSVCRT:std_type_info_static.obj
 0004:00000018       __guard_fids__             0042c018     MSVCRT:thread_safe_statics.obj
 0004:0000001c       __guard_fids_?__scrt_initialize_thread_safe_statics@@YAHXZ 0042c01c     MSVCRT:thread_safe_statics.obj
 0004:00000020       __guard_fids____scrt_set_unhandled_exception_filter 0042c020     MSVCRT:utility_desktop.obj
 0004:00000024       __guard_fids___except_handler4 0042c024     MSVCRT:_chandler4gs_.obj
 0004:00000028       __guard_fids__             0042c028     MSVCRT:throw_bad_alloc.obj
 0004:00000030       __guard_fids__             0042c030     MSVCRT:throw_bad_alloc.obj
 0004:00000038       __guard_fids__             0042c038     MSVCRT:throw_bad_alloc.obj
 0004:00000040       __guard_fids__             0042c040     MSVCRT:throw_bad_alloc.obj
 0004:00000044       __guard_fids__             0042c044     MSVCRT:throw_bad_alloc.obj
 0004:00000048       __guard_fids__             0042c048     MSVCRT:throw_bad_alloc.obj
 0004:0000004c       __guard_fids__             0042c04c     MSVCRT:throw_bad_alloc.obj
 0004:00000050       __guard_fids__             0042c050     MSVCRT:throw_bad_alloc.obj
 0004:00000054       __guard_fids__             0042c054     MSVCRT:guard_support.obj
 0004:00000058       __guard_fids__             0042c058     mfcs140u:appmodul.obj
 0004:0000005c       __guard_fids_??__E_AtlBaseModule@ATL@@YAXXZ 0042c05c     atls:atlbase.obj
 0004:00000060       __guard_fids__             0042c060     atls:atlbase.obj
 0006:00000180       $R000000                   0042e180     AIDistribute.res
 0006:00002728       $R0025A8                   00430728     AIDistribute.res
 0006:00002740       $R0025C0                   00430740     AIDistribute.res
 0006:00002a48       $R0028C8                   00430a48     AIDistribute.res
 0006:00002b08       $R002988                   00430b08     AIDistribute.res
