 GameServer

 Timestamp is 651e7fa5 (Thu Oct  5 17:19:33 2023)

 Preferred load address is 00400000

 Start         Length     Name                   Class
 0001:00000000 000000b0H .text$di                CODE
 0001:000000b0 00060710H .text$mn                CODE
 0001:000607c0 00002410H .text$x                 CODE
 0001:00062bd0 00000064H .text$yd                CODE
 0002:00000000 00000668H .idata$5                DATA
 0002:00000668 00000004H .00cfg                  DATA
 0002:0000066c 00000004H .CRT$XCA                DATA
 0002:00000670 00000004H .CRT$XCAA               DATA
 0002:00000674 00000008H .CRT$XCL                DATA
 0002:0000067c 0000000cH .CRT$XCU                DATA
 0002:00000688 00000004H .CRT$XCZ                DATA
 0002:0000068c 00000004H .CRT$XIA                DATA
 0002:00000690 00000004H .CRT$XIAA               DATA
 0002:00000694 00000004H .CRT$XIAC               DATA
 0002:00000698 00000004H .CRT$XIC                DATA
 0002:0000069c 00000004H .CRT$XIZ                DATA
 0002:000006a0 00000004H .CRT$XLA                DATA
 0002:000006a4 00000004H .CRT$XLZ                DATA
 0002:000006a8 00000004H .CRT$XPA                DATA
 0002:000006ac 00000004H .CRT$XPZ                DATA
 0002:000006b0 00000004H .CRT$XTA                DATA
 0002:000006b4 0000000cH .CRT$XTZ                DATA
 0002:000006c0 0000f174H .rdata                  DATA
 0002:0000f834 00000018H .rdata$T                DATA
 0002:0000f84c 00001954H .rdata$r                DATA
 0002:000111a0 00000254H .rdata$sxdata           DATA
 0002:000113f4 00000404H .rdata$zzzdbg           DATA
 0002:000117f8 00000004H .rtc$IAA                DATA
 0002:000117fc 00000004H .rtc$IZZ                DATA
 0002:00011800 00000004H .rtc$TAA                DATA
 0002:00011804 00000004H .rtc$TZZ                DATA
 0002:00011808 00003700H .xdata$x                DATA
 0002:00014f08 00000000H ATL$__a                 DATA
 0002:00014f08 00000000H ATL$__z                 DATA
 0002:00014f08 00000000H .edata                  DATA
 0002:00014f08 000001ccH .idata$2                DATA
 0002:000150d4 00000014H .idata$3                DATA
 0002:000150e8 00000668H .idata$4                DATA
 0002:00015750 00001920H .idata$6                DATA
 0003:00000000 00000078H .data                   DATA
 0003:00000078 00001000H .data$r                 DATA
 0003:00001078 00003d34H .bss                    DATA
 0004:00000000 00000074H .gfids$y                DATA
 0005:00000000 00000004H .tls                    DATA
 0005:00000004 00000004H .tls$                   DATA
 0005:00000008 00000001H .tls$ZZZ                DATA
 0006:00000000 00000370H .rsrc$01                DATA
 0006:00000370 00006ad8H .rsrc$02                DATA

  Address         Publics by Value              Rva+Base       Lib:Object

 0000:00000000       ___guard_longjmp_table     00000000     <absolute>
 0000:00000000       ___guard_iat_table         00000000     <absolute>
 0000:00000000       ___guard_iat_count         00000000     <absolute>
 0000:00000000       ___guard_fids_count        00000000     <absolute>
 0000:00000000       ___guard_fids_table        00000000     <absolute>
 0000:00000000       ___dynamic_value_reloc_table 00000000     <absolute>
 0000:00000000       ___guard_longjmp_count     00000000     <absolute>
 0000:0000002c       __tls_array                0000002c     <absolute>
 0000:00000095       ___safe_se_handler_count   00000095     <absolute>
 0000:00000100       ___guard_flags             00000100     <absolute>
 0000:00000000       ___ImageBase               00400000     <linker-defined>
 0001:000000b0       ??$__vcrt_va_start_verify_argument_type@QB_W@@YAXXZ 004010b0 f i Log.obj
 0001:000000b0       ?__global_delete@@YAXPAXI@Z 004010b0 f i AttemperEngineSink.obj
 0001:000000b0       ??3@YAXPAX0@Z              004010b0 f i AttemperEngineSink.obj
 0001:000000b0       ??$__vcrt_va_start_verify_argument_type@PBD@@YAXXZ 004010b0 f i Log.obj
 0001:000000b0       ?__empty_global_delete@@YAXPAXI@Z 004010b0 f i AttemperEngineSink.obj
 0001:000000b0       ??$__vcrt_va_start_verify_argument_type@PB_W@@YAXXZ 004010b0 f i Log.obj
 0001:000000c0       ??$sprintf_s@$0BAE@@@YAHAAY0BAE@DPBDZZ 004010c0 f i Log.obj
 0001:00000100       ??$sprintf_s@$0EAA@@@YAHAAY0EAA@DPBDZZ 00401100 f i Log.obj
 0001:00000140       ?GetLogStatus@WHLogControl@@SAEXZ 00401140 f   Log.obj
 0001:00000160       ?LogPrintf@WHLogControl@@SAXGPADPBDZZ 00401160 f   Log.obj
 0001:00000390       ?LogPrintf@WHLogControl@@SAXGPA_WPB_WZZ 00401390 f   Log.obj
 0001:000006a0       ?SetLogStatus@WHLogControl@@SAXE@Z 004016a0 f   Log.obj
 0001:000006c0       ___local_stdio_printf_options 004016c0 f i Log.obj
 0001:000006e0       __vfwprintf_s_l            004016e0 f i Log.obj
 0001:00000720       __vsnprintf                00401720 f i Log.obj
 0001:00000750       __vsnprintf_l              00401750 f i Log.obj
 0001:000007b0       __vsnwprintf               004017b0 f i Log.obj
 0001:000007e0       __vsnwprintf_l             004017e0 f i Log.obj
 0001:00000840       __vsprintf_s_l             00401840 f i Log.obj
 0001:000008a0       _fwprintf_s                004018a0 f i Log.obj
 0001:000008e0       _vsprintf_s                004018e0 f i Log.obj
 0001:00000910       ??$CompareElements@GG@@YGHPBG0@Z 00401910 f i AttemperEngineSink.obj
 0001:00000980       ??$CompareElements@KK@@YGHPBK0@Z 00401980 f i AttemperEngineSink.obj
 0001:000009f0       ??$HashKey@G@@YGIG@Z       004019f0 f i AttemperEngineSink.obj
 0001:00000a50       ??$HashKey@K@@YGIK@Z       00401a50 f i AttemperEngineSink.obj
 0001:00000ab0       ??$SerializeElements@G@@YGXAAVCArchive@@PAGH@Z 00401ab0 f i AttemperEngineSink.obj
 0001:00000bc0       ??$SerializeElements@UtagTaskConfigInfo@@@@YGXAAVCArchive@@PAUtagTaskConfigInfo@@H@Z 00401bc0 f i AttemperEngineSink.obj
 0001:00000cc0       ??$_snwprintf_s@$0BA@@@YAHAAY0BA@_WIPB_WZZ 00401cc0 f i AttemperEngineSink.obj
 0001:00000d00       ??$_snwprintf_s@$0BAA@@@YAHAAY0BAA@_WIPB_WZZ 00401d00 f i AttemperEngineSink.obj
 0001:00000d40       ??$_snwprintf_s@$0BAE@@@YAHAAY0BAE@_WIPB_WZZ 00401d40 f i AttemperEngineSink.obj
 0001:00000d80       ??$_snwprintf_s@$0CAA@@@YAHAAY0CAA@_WIPB_WZZ 00401d80 f i AttemperEngineSink.obj
 0001:00000dc0       ??$_snwprintf_s@$0EA@@@YAHAAY0EA@_WIPB_WZZ 00401dc0 f i AttemperEngineSink.obj
 0001:00000e00       ??$_snwprintf_s@$0IA@@@YAHAAY0IA@_WIPB_WZZ 00401e00 f i AttemperEngineSink.obj
 0001:00000e40       ??0?$CMap@GGUtagTaskConfigInfo@@AAU1@@@QAE@H@Z 00401e40 f i AttemperEngineSink.obj
 0001:00000eb0       ??0?$CMap@KKKAAK@@QAE@H@Z  00401eb0 f i AttemperEngineSink.obj
 0001:00000f20       ??0?$CWHArray@PAUtagPersonalTableParameter@@ABQAU1@@@QAE@XZ 00401f20 f i AttemperEngineSink.obj
 0001:00000f70       ??0?$CWHArray@PAVCTableFrame@@ABQAV1@@@QAE@XZ 00401f70 f i AttemperEngineSink.obj
 0001:00000fc0       ??0?$CWHArray@PB_WABQB_W@@QAE@XZ 00401fc0 f i AttemperEngineSink.obj
 0001:00001010       ??0?$CWHArray@UtagDistributeInfo@@ABU1@@@QAE@XZ 00402010 f i AttemperEngineSink.obj
 0001:00001060       ??0CAttemperEngineSink@@QAE@XZ 00402060 f   AttemperEngineSink.obj
 0001:000013c0       ??0CFilterTree@@QAE@XZ     004023c0 f i AttemperEngineSink.obj
 0001:000013e0       ??0CMD_CS_C_DismissTable@@QAE@XZ 004023e0 f i AttemperEngineSink.obj
 0001:00001400       ??0CMD_CS_C_UpdateGroupMaxChairBankerUserID@@QAE@XZ 00402400 f i AttemperEngineSink.obj
 0001:00001440       ??0CMD_CS_C_UpdateTablePlayerCount@@QAE@XZ 00402440 f i AttemperEngineSink.obj
 0001:000014a0       ??0CDistributeNodePool@@QAE@XZ 004024a0 f i DistributeManager.obj
 0001:000014a0       ??0CObject@@IAE@XZ         004024a0 f i AttemperEngineSink.obj
 0001:000014c0       ??0CRecvPacketHelper@@QAE@PBXG@Z 004024c0 f i AttemperEngineSink.obj
 0001:000014c0       ??0CSendPacketHelper@@QAE@PAXG@Z 004024c0 f i AttemperEngineSink.obj
 0001:00001500       ??0CSensitiveWordsFilter@@QAE@XZ 00402500 f i AttemperEngineSink.obj
 0001:00001530       ??0IAttemperEngineSink@@QAE@XZ 00402530 f i AttemperEngineSink.obj
 0001:00001560       ??0IMainServiceFrame@@QAE@XZ 00402560 f i AttemperEngineSink.obj
 0001:00001590       ??0IServerUserItemSink@@QAE@XZ 00402590 f i AttemperEngineSink.obj
 0001:000015c0       ??0IUnknownEx@@QAE@XZ      004025c0 f i AttemperEngineSink.obj
 0001:000015e0       ??0_variant_t@@QAE@XZ      004025e0 f i AttemperEngineSink.obj
 0001:00001600       ??0tagAndroidAccountsInfo@@QAE@XZ 00402600 f i AttemperEngineSink.obj
 0001:00001620       ??0tagAndroidItemConfig@@QAE@XZ 00402620 f i AttemperEngineSink.obj
 0001:00001640       ??1?$CMap@GGUtagTaskConfigInfo@@AAU1@@@UAE@XZ 00402640 f i AttemperEngineSink.obj
 0001:000016a0       ??1?$CMap@KKKAAK@@UAE@XZ   004026a0 f i AttemperEngineSink.obj
 0001:00001700       ??1?$CWHArray@PAUtagPersonalTableParameter@@ABQAU1@@@UAE@XZ 00402700 f i AttemperEngineSink.obj
 0001:00001770       ??1?$CWHArray@PAVCTableFrame@@ABQAV1@@@UAE@XZ 00402770 f i AttemperEngineSink.obj
 0001:000017e0       ??1?$CWHArray@PB_WABQB_W@@UAE@XZ 004027e0 f i AttemperEngineSink.obj
 0001:00001850       ??1?$CWHArray@UtagDistributeInfo@@ABU1@@@UAE@XZ 00402850 f i AttemperEngineSink.obj
 0001:000018c0       ??1CAttemperEngineSink@@UAE@XZ 004028c0 f   AttemperEngineSink.obj
 0001:00001b20       ??1CSensitiveWordsFilter@@UAE@XZ 00402b20 f i AttemperEngineSink.obj
 0001:00001b50       ??1_variant_t@@QAE@XZ      00402b50 f i AttemperEngineSink.obj
 0001:00001b70       ??2@YAPAXIPAX@Z            00402b70 f i AttemperEngineSink.obj
 0001:00001b90       ??3CObject@@SGXPAX@Z       00402b90 f i AttemperEngineSink.obj
 0001:00001bb0       ??A?$CMap@GGUtagTaskConfigInfo@@AAU1@@@QAEAAUtagTaskConfigInfo@@G@Z 00402bb0 f i AttemperEngineSink.obj
 0001:00001c70       ??A?$CWHArray@UtagDistributeInfo@@ABU1@@@QAEAAUtagDistributeInfo@@H@Z 00402c70 f i AttemperEngineSink.obj
 0001:00001ca0       ??B?$CW2CWEX@$0IA@@ATL@@QBEPB_WXZ 00402ca0 f i AttemperEngineSink.obj
 0001:00001cc0       ??_E?$CMap@GGUtagTaskConfigInfo@@AAU1@@@UAEPAXI@Z 00402cc0 f i AttemperEngineSink.obj
 0001:00001cc0       ??_G?$CMap@GGUtagTaskConfigInfo@@AAU1@@@UAEPAXI@Z 00402cc0 f i AttemperEngineSink.obj
 0001:00001d10       ??_G?$CMap@KKKAAK@@UAEPAXI@Z 00402d10 f i AttemperEngineSink.obj
 0001:00001d10       ??_E?$CMap@KKKAAK@@UAEPAXI@Z 00402d10 f i AttemperEngineSink.obj
 0001:00001d60       ??_G?$CWHArray@PAUtagPersonalTableParameter@@ABQAU1@@@UAEPAXI@Z 00402d60 f i AttemperEngineSink.obj
 0001:00001d60       ??_E?$CWHArray@PAUtagPersonalTableParameter@@ABQAU1@@@UAEPAXI@Z 00402d60 f i AttemperEngineSink.obj
 0001:00001da0       ??_G?$CWHArray@PAVCTableFrame@@ABQAV1@@@UAEPAXI@Z 00402da0 f i AttemperEngineSink.obj
 0001:00001da0       ??_E?$CWHArray@PAVCTableFrame@@ABQAV1@@@UAEPAXI@Z 00402da0 f i AttemperEngineSink.obj
 0001:00001de0       ??_G?$CWHArray@PB_WABQB_W@@UAEPAXI@Z 00402de0 f i AttemperEngineSink.obj
 0001:00001de0       ??_E?$CWHArray@PB_WABQB_W@@UAEPAXI@Z 00402de0 f i AttemperEngineSink.obj
 0001:00001e20       ??_G?$CWHArray@UtagDistributeInfo@@ABU1@@@UAEPAXI@Z 00402e20 f i AttemperEngineSink.obj
 0001:00001e20       ??_E?$CWHArray@UtagDistributeInfo@@ABU1@@@UAEPAXI@Z 00402e20 f i AttemperEngineSink.obj
 0001:00001e60       ??_GCAttemperEngineSink@@UAEPAXI@Z 00402e60 f i AttemperEngineSink.obj
 0001:00001e60       ??_ECAttemperEngineSink@@UAEPAXI@Z 00402e60 f i AttemperEngineSink.obj
 0001:00001ea0       ??_ECSensitiveWordsFilter@@UAEPAXI@Z 00402ea0 f i AttemperEngineSink.obj
 0001:00001ea0       ??_GCSensitiveWordsFilter@@UAEPAXI@Z 00402ea0 f i AttemperEngineSink.obj
 0001:00001ee0       ?AddPacket@CSendPacketHelper@@QAE_NPAXGG@Z 00402ee0 f i AttemperEngineSink.obj
 0001:00001f70       ?AddPacket@CSendPacketHelper@@QAE_NPB_WG@Z 00402f70 f i AttemperEngineSink.obj
 0001:00001fc0       ?AllocMemory@?$CWHArray@PAVCGameKindItem@NServerListManager@@ABQAV12@@@QAEXH@Z 00402fc0 f i ServerListManager.obj
 0001:00001fc0       ?AllocMemory@?$CWHArray@KABK@@QAEXH@Z 00402fc0 f i DBCorrespondManager.obj
 0001:00001fc0       ?AllocMemory@?$CWHArray@PAUtagGameScoreRecord@@ABQAU1@@@QAEXH@Z 00402fc0 f i TableFrame.obj
 0001:00001fc0       ?AllocMemory@?$CWHArray@PB_WABQB_W@@QAEXH@Z 00402fc0 f i SensitiveWordsFilter.obj
 0001:00001fc0       ?AllocMemory@?$CWHArray@PAVCGamePageItem@NServerListManager@@ABQAV12@@@QAEXH@Z 00402fc0 f i ServerListManager.obj
 0001:00001fc0       ?AllocMemory@?$CWHArray@PAVCGameServerItem@NServerListManager@@ABQAV12@@@QAEXH@Z 00402fc0 f i ServerListManager.obj
 0001:00001fc0       ?AllocMemory@?$CWHArray@PAVCTableFrame@@ABQAV1@@@QAEXH@Z 00402fc0 f i AttemperEngineSink.obj
 0001:00001fc0       ?AllocMemory@?$CWHArray@PAUIServerUserItem@@ABQAU1@@@QAEXH@Z 00402fc0 f i TableFrame.obj
 0001:00001fc0       ?AllocMemory@?$CWHArray@PAUtagGroupScoreRecord@@ABQAU1@@@QAEXH@Z 00402fc0 f i TableFrame.obj
 0001:00001fc0       ?AllocMemory@?$CWHArray@PAVCGameTypeItem@NServerListManager@@ABQAV12@@@QAEXH@Z 00402fc0 f i ServerListManager.obj
 0001:00001fc0       ?AllocMemory@?$CWHArray@PAVCGameNodeItem@NServerListManager@@ABQAV12@@@QAEXH@Z 00402fc0 f i ServerListManager.obj
 0001:00002140       ?CanDismissGame@CMasterRight@@SA_NK@Z 00403140 f i AttemperEngineSink.obj
 0001:00002170       ?CanIssueMessage@CMasterRight@@SA_NK@Z 00403170 f i AttemperEngineSink.obj
 0001:000021a0       ?IsAllowDynamicJoin@CServerRule@@SA_NK@Z 004031a0 f i AttemperEngineSink.obj
 0001:000021a0       ?CanLimitGameChat@CMasterRight@@SA_NK@Z 004031a0 f i AttemperEngineSink.obj
 0001:000021d0       ?IsForfendWisperOnGame@CServerRule@@SA_NK@Z 004031d0 f i AttemperEngineSink.obj
 0001:000021d0       ?CanLimitRoomChat@CMasterRight@@SA_NK@Z 004031d0 f i AttemperEngineSink.obj
 0001:00002200       ?CanRoomChat@CUserRight@@SA_NK@Z 00403200 f i AttemperEngineSink.obj
 0001:00002230       ?CanSendWarning@CMasterRight@@SA_NK@Z 00403230 f i AttemperEngineSink.obj
 0001:00002230       ?IsForfendGameLookon@CServerRule@@SA_NK@Z 00403230 f i AttemperEngineSink.obj
 0001:00002260       ?CanWisper@CUserRight@@SA_NK@Z 00403260 f i AttemperEngineSink.obj
 0001:00002290       ?CancelCreateTable@CAttemperEngineSink@@UAEXKKKKGK@Z 00403290 f   AttemperEngineSink.obj
 0001:000024e0       ?CheckUserPlaying@CAttemperEngineSink@@UAE_NXZ 004034e0 f   AttemperEngineSink.obj
 0001:00002560       ?DeleteDistribute@CAttemperEngineSink@@UAE_NPAUIServerUserItem@@@Z 00403560 f   AttemperEngineSink.obj
 0001:00002590       ?DisconnectCorrespond@CAttemperEngineSink@@UAE_NXZ 00403590 f   AttemperEngineSink.obj
 0001:00002600       ?DismissPersonalTable@CAttemperEngineSink@@UAEXGG@Z 00403600 f   AttemperEngineSink.obj
 0001:000026b0       ?ElementAt@?$CWHArray@UtagDistributeInfo@@ABU1@@@QAEAAUtagDistributeInfo@@H@Z 004036b0 f i AttemperEngineSink.obj
 0001:000026f0       ?EnsureRead@CArchive@@QAEXPAXI@Z 004036f0 f i AttemperEngineSink.obj
 0001:00002730       ?GetAssocAt@?$CMap@GGUtagTaskConfigInfo@@AAU1@@@IBEPAVCAssoc@1@GAAI0@Z 00403730 f i AttemperEngineSink.obj
 0001:000027c0       ?GetBindParameter@CAttemperEngineSink@@UAEPAUtagBindParameter@@G@Z 004037c0 f   AttemperEngineSink.obj
 0001:00002840       ?GetBindUserItem@CAttemperEngineSink@@UAEPAUIServerUserItem@@G@Z 00403840 f   AttemperEngineSink.obj
 0001:00002880       ?GetBuildVer@@YAEK@Z       00403880 f i AttemperEngineSink.obj
 0001:000028a0       ?GetCount@?$CMap@KKPAVCGamePropertyRelatItem@NGamePropertyListManager@@AAPAV12@@@QBEHXZ 004038a0 f i AttemperEngineSink.obj
 0001:000028a0       ?GetCount@?$CMap@KKPAVCGamePropertyTypeItem@NGamePropertyListManager@@AAPAV12@@@QBEHXZ 004038a0 f i AttemperEngineSink.obj
 0001:000028a0       ?GetCount@?$CList@PAUtagDBRequestHead@@ABQAU1@@@QBEHXZ 004038a0 f i DBCorrespondManager.obj
 0001:000028a0       ?GetCount@?$CMap@KKPAVCGamePropertySubItem@NGamePropertyListManager@@AAPAV12@@@QBEHXZ 004038a0 f i AttemperEngineSink.obj
 0001:000028a0       ?GetCount@?$CMap@KKPAVCGamePropertyItem@NGamePropertyListManager@@AAPAV12@@@QBEHXZ 004038a0 f i AttemperEngineSink.obj
 0001:000028c0       ?GetCount@CDistributeManager@@QAEGXZ 004038c0 f i AttemperEngineSink.obj
 0001:000028e0       ?GetData@CRecvPacketHelper@@QAEPAXAAUtagDataDescribe@@@Z 004038e0 f i AttemperEngineSink.obj
 0001:000029b0       ?GetDataSize@CSendPacketHelper@@QAEGXZ 004039b0 f i AttemperEngineSink.obj
 0001:000029d0       ?GetGamePropertyCount@CGamePropertyListManager@NGamePropertyListManager@@QAEKXZ 004039d0 f i AttemperEngineSink.obj
 0001:000029f0       ?GetGamePropertyRelatCount@CGamePropertyListManager@NGamePropertyListManager@@QAEKXZ 004039f0 f i AttemperEngineSink.obj
 0001:00002a10       ?GetGamePropertySubCount@CGamePropertyListManager@NGamePropertyListManager@@QAEKXZ 00403a10 f i AttemperEngineSink.obj
 0001:00002a30       ?GetGamePropertyTypeCount@CGamePropertyListManager@NGamePropertyListManager@@QAEKXZ 00403a30 f i AttemperEngineSink.obj
 0001:00002a50       ?GetMainVer@@YAEK@Z        00403a50 f i AttemperEngineSink.obj
 0001:00002a70       ?GetNextAssoc@?$CMap@GGUtagTaskConfigInfo@@AAU1@@@QBEXAAPAU__POSITION@@AAGAAUtagTaskConfigInfo@@@Z 00403a70 f i AttemperEngineSink.obj
 0001:00002be0       ?GetProductVer@@YAEK@Z     00403be0 f i AttemperEngineSink.obj
 0001:00002c00       ?GetServiceStatus@CServiceUnits@@QAE?AW4enServiceStatus@@XZ 00403c00 f i AttemperEngineSink.obj
 0001:00002c20       ?GetShareStorageItem@CAttemperEngineSink@@QAEPAUtagShareStorageItem@@_K@Z 00403c20 f   AttemperEngineSink.obj
 0001:00002c60       ?GetSubVer@@YAEK@Z         00403c60 f i AttemperEngineSink.obj
 0001:00002c80       ?InitAndroidUser@CAttemperEngineSink@@IAE_NXZ 00403c80 f   AttemperEngineSink.obj
 0001:00002d90       ?InitMatchServiceManager@CAttemperEngineSink@@IAE_NXZ 00403d90 f   AttemperEngineSink.obj
 0001:00002ed0       ?InitPersonalRoomServiceManager@CAttemperEngineSink@@IAE_NXZ 00403ed0 f   AttemperEngineSink.obj
 0001:00003030       ?InitTableFrameArray@CAttemperEngineSink@@IAE_NXZ 00404030 f   AttemperEngineSink.obj
 0001:00003430       ?InsertDistribute@CAttemperEngineSink@@UAE_NPAUIServerUserItem@@@Z 00404430 f   AttemperEngineSink.obj
 0001:00003610       ?InterfaceVersionCompare@@YA_NKK@Z 00404610 f i AttemperEngineSink.obj
 0001:000036c0       ?IsAllowAndroidAttend@CServerRule@@SA_NK@Z 004046c0 f i AttemperEngineSink.obj
 0001:000036f0       ?IsAllowAndroidSimulate@CServerRule@@SA_NK@Z 004046f0 f i AttemperEngineSink.obj
 0001:00003720       ?IsAllowAvertDebugMode@CServerRule@@SA_NK@Z 00404720 f i AttemperEngineSink.obj
 0001:00003750       ?IsAllowOffLineTrustee@CServerRule@@SA_NK@Z 00404750 f i AttemperEngineSink.obj
 0001:00003780       ?IsForfendGameChat@CServerRule@@SA_NK@Z 00404780 f i AttemperEngineSink.obj
 0001:000037b0       ?IsForfendGameEnter@CServerRule@@SA_NK@Z 004047b0 f i AttemperEngineSink.obj
 0001:000037e0       ?IsForfendGameRule@CServerRule@@SA_NK@Z 004047e0 f i AttemperEngineSink.obj
 0001:00003810       ?IsForfendLockTable@CServerRule@@SA_NK@Z 00404810 f i AttemperEngineSink.obj
 0001:00003840       ?IsForfendRoomChat@CServerRule@@SA_NK@Z 00404840 f i AttemperEngineSink.obj
 0001:00003870       ?IsForfendRoomEnter@CServerRule@@SA_NK@Z 00404870 f i AttemperEngineSink.obj
 0001:000038a0       ?IsForfendSaveInGame@CServerRule@@SA_NK@Z 004048a0 f i AttemperEngineSink.obj
 0001:000038d0       ?IsForfendSaveInRoom@CServerRule@@SA_NK@Z 004048d0 f i AttemperEngineSink.obj
 0001:00003900       ?IsForfendTakeInGame@CServerRule@@SA_NK@Z 00404900 f i AttemperEngineSink.obj
 0001:00003930       ?IsForfendTakeInRoom@CServerRule@@SA_NK@Z 00404930 f i AttemperEngineSink.obj
 0001:00003960       ?CanLimitWisper@CMasterRight@@SA_NK@Z 00404960 f i AttemperEngineSink.obj
 0001:00003960       ?IsForfendWisperChat@CServerRule@@SA_NK@Z 00404960 f i AttemperEngineSink.obj
 0001:00003990       ?IsGameDebugUser@CUserRight@@SA_NK@Z 00404990 f i AttemperEngineSink.obj
 0001:000039c0       ?IsGameMatchUser@CUserRight@@SA_NK@Z 004049c0 f i AttemperEngineSink.obj
 0001:000039f0       ?IsImmediateWriteScore@CServerRule@@SA_NK@Z 004049f0 f i AttemperEngineSink.obj
 0001:000039f0       ?CanLimitUserChat@CMasterRight@@SA_NK@Z 004049f0 f i AttemperEngineSink.obj
 0001:00003a20       ?CanKillUser@CMasterRight@@SA_NK@Z 00404a20 f i AttemperEngineSink.obj
 0001:00003a20       ?IsRecordGameScore@CServerRule@@SA_NK@Z 00404a20 f i AttemperEngineSink.obj
 0001:00003a50       ?CanKillOutUser@CUserRight@@SA_NK@Z 00404a50 f i AttemperEngineSink.obj
 0001:00003a50       ?IsRecordGameTrack@CServerRule@@SA_NK@Z 00404a50 f i AttemperEngineSink.obj
 0001:00003a80       ?IsStoring@CArchive@@QBEHXZ 00404a80 f i AttemperEngineSink.obj
 0001:00003ac0       ?IsSuportGroup@CServerRule@@SA_NK@Z 00404ac0 f i AttemperEngineSink.obj
 0001:00003ac0       ?CanManagerAndroid@CMasterRight@@SA_NK@Z 00404ac0 f i AttemperEngineSink.obj
 0001:00003af0       ?IsSuportPlayBack@CServerRule@@SA_NK@Z 00404af0 f i AttemperEngineSink.obj
 0001:00003b20       ?Lookup@?$CMap@KKKAAK@@QBEHKAAK@Z 00404b20 f i AttemperEngineSink.obj
 0001:00003b20       ?Lookup@?$CMap@KKPAVCGamePropertyItem@NGamePropertyListManager@@AAPAV12@@@QBEHKAAPAVCGamePropertyItem@NGamePropertyListManager@@@Z 00404b20 f i GamePropertyListManager.obj
 0001:00003b20       ?Lookup@?$CMap@KKPAVCGamePropertyTypeItem@NGamePropertyListManager@@AAPAV12@@@QBEHKAAPAVCGamePropertyTypeItem@NGamePropertyListManager@@@Z 00404b20 f i GamePropertyListManager.obj
 0001:00003b70       ?MobileUserImmediately@CAttemperEngineSink@@IAE_NPAUIServerUserItem@@@Z 00404b70 f   AttemperEngineSink.obj
 0001:00003df0       ?NewAssoc@?$CMap@GGUtagTaskConfigInfo@@AAU1@@@IAEPAVCAssoc@1@G@Z 00404df0 f i AttemperEngineSink.obj
 0001:00003f70       ?OnAttemperEngineConclude@CAttemperEngineSink@@UAE_NPAUIUnknownEx@@@Z 00404f70 f   AttemperEngineSink.obj
 0001:00004440       ?OnAttemperEngineStart@CAttemperEngineSink@@UAE_NPAUIUnknownEx@@@Z 00405440 f   AttemperEngineSink.obj
 0001:000048f0       ?OnDBAILogonSuccess@CAttemperEngineSink@@IAE_NKPAXG@Z 004058f0 f   AttemperEngineSink.obj
 0001:000052b0       ?OnDBExChangeResult@CAttemperEngineSink@@IAE_NKPAXG@Z 004062b0 f   AttemperEngineSink.obj
 0001:000054b0       ?OnDBGameAndroidInfo@CAttemperEngineSink@@IAE_NKPAXG@Z 004064b0 f   AttemperEngineSink.obj
 0001:00005540       ?OnDBGameAndroidParameter@CAttemperEngineSink@@IAE_NKPAXG@Z 00406540 f   AttemperEngineSink.obj
 0001:00005590       ?OnDBGameColumnInfo@CAttemperEngineSink@@IAE_NKPAXG@Z 00406590 f   AttemperEngineSink.obj
 0001:00005620       ?OnDBGameGameChatInfo@CAttemperEngineSink@@IAE_NKPAXG@Z 00406620 f   AttemperEngineSink.obj
 0001:000056c0       ?OnDBGameLoadTrumpet@CAttemperEngineSink@@IAE_NKPAXG@Z 004066c0 f   AttemperEngineSink.obj
 0001:00005720       ?OnDBGameMemberParameter@CAttemperEngineSink@@IAE_NKPAXG@Z 00406720 f   AttemperEngineSink.obj
 0001:00005780       ?OnDBGameParameter@CAttemperEngineSink@@IAE_NKPAXG@Z 00406780 f   AttemperEngineSink.obj
 0001:00005870       ?OnDBGamePropertyBuff@CAttemperEngineSink@@IAE_NKPAXG@Z 00406870 f   AttemperEngineSink.obj
 0001:000059b0       ?OnDBGamePropertyBuy@CAttemperEngineSink@@IAE_NKPAXG@Z 004069b0 f   AttemperEngineSink.obj
 0001:00005ac0       ?OnDBGamePropertyItem@CAttemperEngineSink@@IAE_NKPAXG@Z 00406ac0 f   AttemperEngineSink.obj
 0001:00005c80       ?OnDBGamePropertyListResult@CAttemperEngineSink@@IAE_NKPAXG@Z 00406c80 f   AttemperEngineSink.obj
 0001:00005ca0       ?OnDBGamePropertyRelatItem@CAttemperEngineSink@@IAE_NKPAXG@Z 00406ca0 f   AttemperEngineSink.obj
 0001:00005d40       ?OnDBGamePropertySubItem@CAttemperEngineSink@@IAE_NKPAXG@Z 00406d40 f   AttemperEngineSink.obj
 0001:00005e20       ?OnDBGamePropertyTypeItem@CAttemperEngineSink@@IAE_NKPAXG@Z 00406e20 f   AttemperEngineSink.obj
 0001:00005f00       ?OnDBGameSendTrumpet@CAttemperEngineSink@@IAE_NKPAXG@Z 00406f00 f   AttemperEngineSink.obj
 0001:00006060       ?OnDBLoadPersonalRoomOption@CAttemperEngineSink@@IAE_NKPAXG@Z 00407060 f   AttemperEngineSink.obj
 0001:000060b0       ?OnDBLoadShareStorageItemResult@CAttemperEngineSink@@IAE_NKPAXG@Z 004070b0 f   AttemperEngineSink.obj
 0001:00006250       ?OnDBLogonFailure@CAttemperEngineSink@@IAE_NKPAXG@Z 00407250 f   AttemperEngineSink.obj
 0001:000063e0       ?OnDBLogonSuccess@CAttemperEngineSink@@IAE_NKPAXG@Z 004073e0 f   AttemperEngineSink.obj
 0001:00007260       ?OnDBPCBaseEnsureParameter@CAttemperEngineSink@@IAE_NKPAXG@Z 00408260 f   AttemperEngineSink.obj
 0001:000072d0       ?OnDBPCBaseEnsureResult@CAttemperEngineSink@@IAE_NKPAXG@Z 004082d0 f   AttemperEngineSink.obj
 0001:00007410       ?OnDBPCCheckInReward@CAttemperEngineSink@@IAE_NKPAXG@Z 00408410 f   AttemperEngineSink.obj
 0001:00007460       ?OnDBPCGrowLevelConfig@CAttemperEngineSink@@IAE_NKPAXG@Z 00408460 f   AttemperEngineSink.obj
 0001:000074c0       ?OnDBPCGrowLevelParameter@CAttemperEngineSink@@IAE_NKPAXG@Z 004084c0 f   AttemperEngineSink.obj
 0001:000075b0       ?OnDBPCGrowLevelUpgrade@CAttemperEngineSink@@IAE_NKPAXG@Z 004085b0 f   AttemperEngineSink.obj
 0001:00007750       ?OnDBPCMemberDayGiftResult@CAttemperEngineSink@@IAE_NKPAXG@Z 00408750 f   AttemperEngineSink.obj
 0001:00007860       ?OnDBPCMemberDayPresentResult@CAttemperEngineSink@@IAE_NKPAXG@Z 00408860 f   AttemperEngineSink.obj
 0001:000079c0       ?OnDBPCMemberDayQueryInfoResult@CAttemperEngineSink@@IAE_NKPAXG@Z 004089c0 f   AttemperEngineSink.obj
 0001:00007ad0       ?OnDBPCUserCheckInInfo@CAttemperEngineSink@@IAE_NKPAXG@Z 00408ad0 f   AttemperEngineSink.obj
 0001:00007b70       ?OnDBPCUserCheckInResult@CAttemperEngineSink@@IAE_NKPAXG@Z 00408b70 f   AttemperEngineSink.obj
 0001:00007cc0       ?OnDBPropertyFailure@CAttemperEngineSink@@IAE_NKPAXG@Z 00408cc0 f   AttemperEngineSink.obj
 0001:00007d70       ?OnDBPropertySuccess@CAttemperEngineSink@@IAE_NKPAXG@Z 00408d70 f   AttemperEngineSink.obj
 0001:000080c0       ?OnDBPurchaseResult@CAttemperEngineSink@@IAE_NKPAXG@Z 004090c0 f   AttemperEngineSink.obj
 0001:00008320       ?OnDBQueryGetSendPresent@CAttemperEngineSink@@IAE_NKPAXG@Z 00409320 f   AttemperEngineSink.obj
 0001:00008400       ?OnDBQueryPropertyBackpack@CAttemperEngineSink@@IAE_NKPAXG@Z 00409400 f   AttemperEngineSink.obj
 0001:00008520       ?OnDBQueryPropertyPresent@CAttemperEngineSink@@IAE_NKPAXG@Z 00409520 f   AttemperEngineSink.obj
 0001:00008700       ?OnDBQueryPropertyUse@CAttemperEngineSink@@IAE_NKPAXG@Z 00409700 f   AttemperEngineSink.obj
 0001:00008b00       ?OnDBQuerySendPresent@CAttemperEngineSink@@IAE_NKPAXG@Z 00409b00 f   AttemperEngineSink.obj
 0001:00008be0       ?OnDBSensitiveWords@CAttemperEngineSink@@IAE_NKPAXG@Z 00409be0 f   AttemperEngineSink.obj
 0001:00008c60       ?OnDBUserInsureEnableResult@CAttemperEngineSink@@IAE_NKPAXG@Z 00409c60 f   AttemperEngineSink.obj
 0001:00008d70       ?OnDBUserInsureFailure@CAttemperEngineSink@@IAE_NKPAXG@Z 00409d70 f   AttemperEngineSink.obj
 0001:00008e50       ?OnDBUserInsureInfo@CAttemperEngineSink@@IAE_NKPAXG@Z 00409e50 f   AttemperEngineSink.obj
 0001:00009100       ?OnDBUserInsureSuccess@CAttemperEngineSink@@IAE_NKPAXG@Z 0040a100 f   AttemperEngineSink.obj
 0001:00009310       ?OnDBUserInsureUserInfo@CAttemperEngineSink@@IAE_NKPAXG@Z 0040a310 f   AttemperEngineSink.obj
 0001:000093e0       ?OnDBUserTaskList@CAttemperEngineSink@@IAE_NKPAXG@Z 0040a3e0 f   AttemperEngineSink.obj
 0001:00009460       ?OnDBUserTaskInfo@CAttemperEngineSink@@IAE_NKPAXG@Z 0040a460 f   AttemperEngineSink.obj
 0001:00009460       ?OnTCPNetworkSubTaskRewardRequest@CAttemperEngineSink@@IAE_NPAXGK@Z 0040a460 f   AttemperEngineSink.obj
 0001:00009460       ?OnTCPNetworkSubMemberQueryInfo@CAttemperEngineSink@@IAE_NPAXGK@Z 0040a460 f   AttemperEngineSink.obj
 0001:00009460       ?PostGameDataBaseResult@CDataBaseEngineSink@@UAE_NGPAXG@Z 0040a460 f   DataBaseEngineSink.obj
 0001:00009460       ?OnDBUserTaskListEnd@CAttemperEngineSink@@IAE_NKPAXG@Z 0040a460 f   AttemperEngineSink.obj
 0001:00009460       ?OnTCPNetworkSubTakeTaskRequest@CAttemperEngineSink@@IAE_NPAXGK@Z 0040a460 f   AttemperEngineSink.obj
 0001:00009460       ?OnDBUserTaskResult@CAttemperEngineSink@@IAE_NKPAXG@Z 0040a460 f   AttemperEngineSink.obj
 0001:00009460       ?OnTCPNetworkSubLoadTaskInfoRequest@CAttemperEngineSink@@IAE_NPAXGK@Z 0040a460 f   AttemperEngineSink.obj
 0001:00009460       ?OnTCPNetworkSubGiveUpTaskRequest@CAttemperEngineSink@@IAE_NPAXGK@Z 0040a460 f   AttemperEngineSink.obj
 0001:00009480       ?OnEventAndroidUserGradeNotify@CAttemperEngineSink@@UAE_NPAUIServerUserItem@@G@Z 0040a480 f   AttemperEngineSink.obj
 0001:00009670       ?OnEventAndroidUserHangingNotify@CAttemperEngineSink@@UAE_NPAUIServerUserItem@@_N@Z 0040a670 f   AttemperEngineSink.obj
 0001:00009850       ?OnEventControl@CAttemperEngineSink@@UAE_NGPAXG@Z 0040a850 f   AttemperEngineSink.obj
 0001:00009f00       ?OnEventDataBase@CAttemperEngineSink@@UAE_NGKPAXG@Z 0040af00 f   AttemperEngineSink.obj
 0001:0000aae0       ?OnEventTCPNetworkBind@CAttemperEngineSink@@UAE_NKK@Z 0040bae0 f   AttemperEngineSink.obj
 0001:0000ab50       ?OnEventTCPNetworkRead@CAttemperEngineSink@@UAE_NUTCP_Command@@PAXGK@Z 0040bb50 f   AttemperEngineSink.obj
 0001:0000afe0       ?OnEventTCPNetworkShut@CAttemperEngineSink@@UAE_NKKK@Z 0040bfe0 f   AttemperEngineSink.obj
 0001:0000b4a0       ?OnEventTCPSocketLink@CAttemperEngineSink@@UAE_NGH@Z 0040c4a0 f   AttemperEngineSink.obj
 0001:0000c150       ?OnEventTCPSocketRead@CAttemperEngineSink@@UAE_NGUTCP_Command@@PAXG@Z 0040d150 f   AttemperEngineSink.obj
 0001:0000c750       ?OnEventTCPSocketShut@CAttemperEngineSink@@UAE_NGE@Z 0040d750 f   AttemperEngineSink.obj
 0001:0000c9f0       ?OnEventTimer@CAttemperEngineSink@@UAE_NKI@Z 0040d9f0 f   AttemperEngineSink.obj
 0001:0000ee10       ?OnEventUserItemGameData@CAttemperEngineSink@@UAE_NPAUIServerUserItem@@E@Z 0040fe10 f   AttemperEngineSink.obj
 0001:0000eff0       ?OnEventUserItemRight@CAttemperEngineSink@@UAE_NPAUIServerUserItem@@KKE@Z 0040fff0 f   AttemperEngineSink.obj
 0001:0000f0b0       ?OnEventUserItemScore@CAttemperEngineSink@@UAE_NPAUIServerUserItem@@E@Z 004100b0 f   AttemperEngineSink.obj
 0001:0000f670       ?OnEventUserItemStatus@CAttemperEngineSink@@UAE_NPAUIServerUserItem@@GG@Z 00410670 f   AttemperEngineSink.obj
 0001:0000fb60       ?OnEventUserLogon@CAttemperEngineSink@@IAEXPAUIServerUserItem@@_N@Z 00410b60 f   AttemperEngineSink.obj
 0001:00010930       ?OnEventUserLogout@CAttemperEngineSink@@IAEXPAUIServerUserItem@@K@Z 00411930 f   AttemperEngineSink.obj
 0001:00010c40       ?OnRequestAICreateTable@CDataBaseEngineSink@@IAE_NKPAXGAAK@Z 00411c40 f   AttemperEngineSink.obj
 0001:00011380       ?OnTCPNetwordSubSendTrumpet@CAttemperEngineSink@@IAE_NPAXGK@Z 00412380 f   AttemperEngineSink.obj
 0001:00011550       ?OnTCPNetworkMainBaseEnsure@CAttemperEngineSink@@IAE_NGPAXGK@Z 00412550 f   AttemperEngineSink.obj
 0001:000115b0       ?OnTCPNetworkMainCheckIn@CAttemperEngineSink@@IAE_NGPAXGK@Z 004125b0 f   AttemperEngineSink.obj
 0001:00011610       ?OnTCPNetworkMainExchange@CAttemperEngineSink@@IAE_NGPAXGK@Z 00412610 f   AttemperEngineSink.obj
 0001:000116d0       ?OnTCPNetworkMainFrame@CAttemperEngineSink@@IAE_NGPAXGK@Z 004126d0 f   AttemperEngineSink.obj
 0001:00011780       ?OnTCPNetworkMainGame@CAttemperEngineSink@@IAE_NGPAXGK@Z 00412780 f   AttemperEngineSink.obj
 0001:00011830       ?OnTCPNetworkMainInsure@CAttemperEngineSink@@IAE_NGPAXGK@Z 00412830 f   AttemperEngineSink.obj
 0001:00011940       ?OnTCPNetworkMainLogon@CAttemperEngineSink@@IAE_NGPAXGK@Z 00412940 f   AttemperEngineSink.obj
 0001:000119f0       ?OnTCPNetworkMainManage@CAttemperEngineSink@@IAE_NGPAXGK@Z 004129f0 f   AttemperEngineSink.obj
 0001:00011b70       ?OnTCPNetworkMainMatch@CAttemperEngineSink@@IAE_NGPAXGK@Z 00412b70 f   AttemperEngineSink.obj
 0001:00011bf0       ?OnTCPNetworkMainMember@CAttemperEngineSink@@IAE_NGPAXGK@Z 00412bf0 f   AttemperEngineSink.obj
 0001:00011c70       ?OnTCPNetworkMainPersonalTable@CAttemperEngineSink@@IAE_NGPAXGK@Z 00412c70 f   AttemperEngineSink.obj
 0001:00011cf0       ?OnTCPNetworkMainProperty@CAttemperEngineSink@@IAE_NGPAXGK@Z 00412cf0 f   AttemperEngineSink.obj
 0001:00011ed0       ?OnTCPNetworkMainTask@CAttemperEngineSink@@IAE_NGPAXGK@Z 00412ed0 f   AttemperEngineSink.obj
 0001:00011f80       ?OnTCPNetworkMainUser@CAttemperEngineSink@@IAE_NGPAXGK@Z 00412f80 f   AttemperEngineSink.obj
 0001:00012280       ?OnTCPNetworkSubBaseEnsureQueryRequest@CAttemperEngineSink@@IAE_NPAXGK@Z 00413280 f   AttemperEngineSink.obj
 0001:00012310       ?OnTCPNetworkSubBaseEnsureTakeRequest@CAttemperEngineSink@@IAE_NPAXGK@Z 00413310 f   AttemperEngineSink.obj
 0001:00012430       ?OnTCPNetworkSubChairUserInfoReq@CAttemperEngineSink@@IAE_NPAXGK@Z 00413430 f   AttemperEngineSink.obj
 0001:000128d0       ?OnTCPNetworkSubCheckInDoneRequest@CAttemperEngineSink@@IAE_NPAXGK@Z 004138d0 f   AttemperEngineSink.obj
 0001:000129f0       ?OnTCPNetworkSubCheckInQueryRequest@CAttemperEngineSink@@IAE_NPAXGK@Z 004139f0 f   AttemperEngineSink.obj
 0001:00012ac0       ?OnTCPNetworkSubDismissGame@CAttemperEngineSink@@IAE_NPAXGK@Z 00413ac0 f   AttemperEngineSink.obj
 0001:00012bc0       ?OnTCPNetworkSubEnableInsureRequest@CAttemperEngineSink@@IAE_NPAXGK@Z 00413bc0 f   AttemperEngineSink.obj
 0001:00012d10       ?OnTCPNetworkSubExchangeScoreByBeans@CAttemperEngineSink@@IAE_NPAXGK@Z 00413d10 f   AttemperEngineSink.obj
 0001:00012e10       ?OnTCPNetworkSubExchangeScoreByIngot@CAttemperEngineSink@@IAE_NPAXGK@Z 00413e10 f   AttemperEngineSink.obj
 0001:00012f40       ?OnTCPNetworkSubGamePropertyBuy@CAttemperEngineSink@@IAE_NPAXGK@Z 00413f40 f   AttemperEngineSink.obj
 0001:00013080       ?OnTCPNetworkSubGetSendPresent@CAttemperEngineSink@@IAE_NPAXGK@Z 00414080 f   AttemperEngineSink.obj
 0001:00013170       ?OnTCPNetworkSubGrowLevelQuery@CAttemperEngineSink@@IAE_NPAXGK@Z 00414170 f   AttemperEngineSink.obj
 0001:00013280       ?OnTCPNetworkSubKickAllUser@CAttemperEngineSink@@IAE_NPAXGK@Z 00414280 f   AttemperEngineSink.obj
 0001:00013420       ?OnTCPNetworkSubLimitUserChat@CAttemperEngineSink@@IAE_NPAXGK@Z 00414420 f   AttemperEngineSink.obj
 0001:00013690       ?OnTCPNetworkSubLogonAIUser@CAttemperEngineSink@@IAE_NPAXGK@Z 00414690 f   AttemperEngineSink.obj
 0001:00013940       ?OnTCPNetworkSubLogonAccounts@CAttemperEngineSink@@IAE_NPAXGK@Z 00414940 f   AttemperEngineSink.obj
 0001:00013d30       ?OnTCPNetworkSubLogonMobile@CAttemperEngineSink@@IAE_NPAXGK@Z 00414d30 f   AttemperEngineSink.obj
 0001:000141e0       ?OnTCPNetworkSubLogonUserID@CAttemperEngineSink@@IAE_NPAXGK@Z 004151e0 f   AttemperEngineSink.obj
 0001:00014680       ?OnTCPNetworkSubManagerKickUser@CAttemperEngineSink@@IAE_NPAXGK@Z 00415680 f   AttemperEngineSink.obj
 0001:00014850       ?OnTCPNetworkSubMemberDayGift@CAttemperEngineSink@@IAE_NPAXGK@Z 00415850 f   AttemperEngineSink.obj
 0001:00014970       ?OnTCPNetworkSubMemberDayPresent@CAttemperEngineSink@@IAE_NPAXGK@Z 00415970 f   AttemperEngineSink.obj
 0001:00014a90       ?OnTCPNetworkSubMemberKickUser@CAttemperEngineSink@@IAE_NPAXGK@Z 00415a90 f   AttemperEngineSink.obj
 0001:00014df0       ?OnTCPNetworkSubOptionServer@CAttemperEngineSink@@IAE_NPAXGK@Z 00415df0 f   AttemperEngineSink.obj
 0001:000155c0       ?OnTCPNetworkSubPropertyBackpack@CAttemperEngineSink@@IAE_NPAXGK@Z 004165c0 f   AttemperEngineSink.obj
 0001:00015690       ?OnTCPNetworkSubPropertyPresent@CAttemperEngineSink@@IAE_NPAXGK@Z 00416690 f   AttemperEngineSink.obj
 0001:000157a0       ?OnTCPNetworkSubPropertyUse@CAttemperEngineSink@@IAE_NPAXGK@Z 004167a0 f   AttemperEngineSink.obj
 0001:000158a0       ?OnTCPNetworkSubPurchaseMember@CAttemperEngineSink@@IAE_NPAXGK@Z 004168a0 f   AttemperEngineSink.obj
 0001:000159b0       ?OnTCPNetworkSubQueryExchangeInfo@CAttemperEngineSink@@IAE_NPAXGK@Z 004169b0 f   AttemperEngineSink.obj
 0001:00015ac0       ?OnTCPNetworkSubQueryInsureInfo@CAttemperEngineSink@@IAE_NPAXGK@Z 00416ac0 f   AttemperEngineSink.obj
 0001:00015bd0       ?OnTCPNetworkSubQueryOption@CAttemperEngineSink@@IAE_NPAXGK@Z 00416bd0 f   AttemperEngineSink.obj
 0001:00015ec0       ?OnTCPNetworkSubQuerySendPresent@CAttemperEngineSink@@IAE_NPAXGK@Z 00416ec0 f   AttemperEngineSink.obj
 0001:00015f70       ?OnTCPNetworkSubQueryUserInfoRequest@CAttemperEngineSink@@IAE_NPAXGK@Z 00416f70 f   AttemperEngineSink.obj
 0001:00016130       ?OnTCPNetworkSubRoomAIConfigDebug@CAttemperEngineSink@@IAE_NPAXGK@Z 00417130 f   AttemperEngineSink.obj
 0001:00016130       ?OnTCPNetworkSubRoomDebug@CAttemperEngineSink@@IAE_NPAXGK@Z 00417130 f   AttemperEngineSink.obj
 0001:000162f0       ?OnTCPNetworkSubSaveScoreRequest@CAttemperEngineSink@@IAE_NPAXGK@Z 004172f0 f   AttemperEngineSink.obj
 0001:000166e0       ?OnTCPNetworkSubSendMessage@CAttemperEngineSink@@IAE_NPAXGK@Z 004176e0 f   AttemperEngineSink.obj
 0001:00016760       ?OnTCPNetworkSubTakeScoreRequest@CAttemperEngineSink@@IAE_NPAXGK@Z 00417760 f   AttemperEngineSink.obj
 0001:00016a20       ?OnTCPNetworkSubTransferScoreRequest@CAttemperEngineSink@@IAE_NPAXGK@Z 00417a20 f   AttemperEngineSink.obj
 0001:00016be0       ?OnTCPNetworkSubUserChairReq@CAttemperEngineSink@@IAE_NPAXGK@Z 00417be0 f   AttemperEngineSink.obj
 0001:00017480       ?OnTCPNetworkSubUserChangeChair@CAttemperEngineSink@@IAE_NPAXGK@Z 00418480 f   AttemperEngineSink.obj
 0001:00017710       ?OnTCPNetworkSubUserChat@CAttemperEngineSink@@IAE_NPAXGK@Z 00418710 f   AttemperEngineSink.obj
 0001:000179a0       ?OnTCPNetworkSubUserExpression@CAttemperEngineSink@@IAE_NPAXGK@Z 004189a0 f   AttemperEngineSink.obj
 0001:00017b90       ?OnTCPNetworkSubUserInfoReq@CAttemperEngineSink@@IAE_NPAXGK@Z 00418b90 f   AttemperEngineSink.obj
 0001:00017c60       ?OnTCPNetworkSubUserInviteReq@CAttemperEngineSink@@IAE_NPAXGK@Z 00418c60 f   AttemperEngineSink.obj
 0001:00017dc0       ?OnTCPNetworkSubUserLookon@CAttemperEngineSink@@IAE_NPAXGK@Z 00418dc0 f   AttemperEngineSink.obj
 0001:00018000       ?OnTCPNetworkSubUserRepulseSit@CAttemperEngineSink@@IAE_NPAXGK@Z 00419000 f   AttemperEngineSink.obj
 0001:00018180       ?OnTCPNetworkSubUserRule@CAttemperEngineSink@@IAE_NPAXGK@Z 00419180 f   AttemperEngineSink.obj
 0001:000183a0       ?OnTCPNetworkSubUserSitDown@CAttemperEngineSink@@IAE_NPAXGK@Z 004193a0 f   AttemperEngineSink.obj
 0001:00019410       ?OnTCPNetworkSubUserStandUp@CAttemperEngineSink@@IAE_NPAXGK@Z 0041a410 f   AttemperEngineSink.obj
 0001:00019750       ?OnTCPNetworkSubWarningUser@CAttemperEngineSink@@IAE_NPAXGK@Z 0041a750 f   AttemperEngineSink.obj
 0001:000198b0       ?OnTCPNetworkSubWisperChat@CAttemperEngineSink@@IAE_NPAXGK@Z 0041a8b0 f   AttemperEngineSink.obj
 0001:00019dd0       ?OnTCPNetworkSubWisperExpression@CAttemperEngineSink@@IAE_NPAXGK@Z 0041add0 f   AttemperEngineSink.obj
 0001:0001a1d0       ?OnTCPSockeSubLogonAI@CAttemperEngineSink@@IAE_NPAXG@Z 0041b1d0 f   AttemperEngineSink.obj
 0001:0001a240       ?OnTCPSocketMainAI@CAttemperEngineSink@@IAE_NGPAXG@Z 0041b240 f   AttemperEngineSink.obj
 0001:0001a2c0       ?OnTCPSocketMainAndroidService@CAttemperEngineSink@@IAE_NGPAXG@Z 0041b2c0 f   AttemperEngineSink.obj
 0001:0001a3b0       ?OnTCPSocketMainManagerService@CAttemperEngineSink@@IAE_NGPAXG@Z 0041b3b0 f   AttemperEngineSink.obj
 0001:0001a540       ?OnTCPSocketMainPersonalRoomRegister@CAttemperEngineSink@@IAE_NGPAXG@Z 0041b540 f   AttemperEngineSink.obj
 0001:0001a5e0       ?OnTCPSocketMainRegister@CAttemperEngineSink@@IAE_NGPAXG@Z 0041b5e0 f   AttemperEngineSink.obj
 0001:0001a680       ?OnTCPSocketMainServiceInfo@CAttemperEngineSink@@IAE_NGPAXG@Z 0041b680 f   AttemperEngineSink.obj
 0001:0001b740       ?OnTCPSocketMainUserCollect@CAttemperEngineSink@@IAE_NGPAXG@Z 0041c740 f   AttemperEngineSink.obj
 0001:0001b900       ?PerformCheckVersion@CAttemperEngineSink@@IAE_NKKKK@Z 0041c900 f   AttemperEngineSink.obj
 0001:0001baf0       ?PerformDistribute@CAttemperEngineSink@@IAE_NXZ 0041caf0 f   AttemperEngineSink.obj
 0001:0001c200       ?PerformTaskProgress@CAttemperEngineSink@@QAE_NPAUIServerUserItem@@KKK@Z 0041d200 f   AttemperEngineSink.obj
 0001:0001c390       ?PerformUnlockScore@CAttemperEngineSink@@IAE_NKKK@Z 0041d390 f   AttemperEngineSink.obj
 0001:0001c490       ?QueryInterface@CAttemperEngineSink@@UAEPAXABU_GUID@@K@Z 0041d490 f   AttemperEngineSink.obj
 0001:0001c5b1       ?QueryInterface@CAttemperEngineSink@@W3AEPAXABU_GUID@@K@Z 0041d5b1 f i AttemperEngineSink.obj
 0001:0001c5b9       ?QueryInterface@CAttemperEngineSink@@W7AEPAXABU_GUID@@K@Z 0041d5b9 f i AttemperEngineSink.obj
 0001:0001c5c1       ?Release@CDataBaseEngineSink@@W3AEXXZ 0041d5c1 f i DataBaseEngineSink.obj
 0001:0001c5c1       ?Release@CAttemperEngineSink@@W3AEXXZ 0041d5c1 f i AttemperEngineSink.obj
 0001:0001c5c9       ?Release@CAttemperEngineSink@@W7AEXXZ 0041d5c9 f i AttemperEngineSink.obj
 0001:0001c5e0       ?RemoveAll@?$CMap@KK_JAA_J@@QAEXXZ 0041d5e0 f i TableFrame.obj
 0001:0001c5e0       ?RemoveAll@?$CMap@GGUtagTaskConfigInfo@@AAU1@@@QAEXXZ 0041d5e0 f i AttemperEngineSink.obj
 0001:0001c690       ?RemoveAt@?$CWHArray@UtagDistributeInfo@@ABU1@@@QAEXHH@Z 0041d690 f i AttemperEngineSink.obj
 0001:0001c740       ?RemoveKey@?$CMap@KKKAAK@@QAEHK@Z 0041d740 f i AttemperEngineSink.obj
 0001:0001c7f0       ?SaveVideoDataInfo@CAttemperEngineSink@@QAE_NPADGGPAEG@Z 0041d7f0 f   AttemperEngineSink.obj
 0001:0001c900       ?SaveVideoPlayerInfo@CAttemperEngineSink@@QAE_NKPAD@Z 0041d900 f   AttemperEngineSink.obj
 0001:0001c950       ?SendChangeCurSubStorageItem@CAttemperEngineSink@@QAEXW4ENUM_SHARESTORAGE_STATUS@@AAUtagShareStorageItem@@@Z 0041d950 f   AttemperEngineSink.obj
 0001:0001ca60       ?SendData@CAttemperEngineSink@@UAE_NEGGPAXG@Z 0041da60 f   AttemperEngineSink.obj
 0001:0001cb50       ?SendData@CAttemperEngineSink@@UAE_NKGGPAXG@Z 0041db50 f   AttemperEngineSink.obj
 0001:0001cbf0       ?SendData@CAttemperEngineSink@@UAE_NPAUIServerUserItem@@GGPAXG@Z 0041dbf0 f   AttemperEngineSink.obj
 0001:0001cd10       ?SendDataBatchToDebugUser@CAttemperEngineSink@@UAE_NPAUIServerUserItem@@GGPAXG@Z 0041dd10 f   AttemperEngineSink.obj
 0001:0001ce30       ?SendDataBatchToMobileUser@CAttemperEngineSink@@UAE_NGGGPAXG@Z 0041de30 f   AttemperEngineSink.obj
 0001:0001d140       ?SendGameMessage@CAttemperEngineSink@@UAE_NPAUIServerUserItem@@PB_WG@Z 0041e140 f   AttemperEngineSink.obj
 0001:0001d380       ?SendGameMessage@CAttemperEngineSink@@UAE_NPB_WG@Z 0041e380 f   AttemperEngineSink.obj
 0001:0001d490       ?SendGamePropertyInfo@CAttemperEngineSink@@IAEXKE@Z 0041e490 f   AttemperEngineSink.obj
 0001:0001d620       ?SendGamePropertyRelatInfo@CAttemperEngineSink@@IAEXKE@Z 0041e620 f   AttemperEngineSink.obj
 0001:0001d770       ?SendGamePropertySubInfo@CAttemperEngineSink@@IAEXKE@Z 0041e770 f   AttemperEngineSink.obj
 0001:0001d8c0       ?SendGamePropertyTypeInfo@CAttemperEngineSink@@IAEXKE@Z 0041e8c0 f   AttemperEngineSink.obj
 0001:0001da10       ?SendInsureFailure@CAttemperEngineSink@@IAE_NPAUIServerUserItem@@PB_WJE@Z 0041ea10 f   AttemperEngineSink.obj
 0001:0001dae0       ?SendLogData@CAttemperEngineSink@@UAAXPAUIServerUserItem@@PB_WZZ 0041eae0 f   AttemperEngineSink.obj
 0001:0001dcf0       ?SendLogData@CAttemperEngineSink@@UAAXPB_WZZ 0041ecf0 f   AttemperEngineSink.obj
 0001:0001dea0       ?SendLogData@CAttemperEngineSink@@UAEXPAUIServerUserItem@@QB_WPB_W@Z 0041eea0 f   AttemperEngineSink.obj
 0001:0001e060       ?SendLogData@CAttemperEngineSink@@UAEXUtagLogUserInfo@@@Z 0041f060 f   AttemperEngineSink.obj
 0001:0001e260       ?SendLogonFailure@CAttemperEngineSink@@IAE_NPB_WJK@Z 0041f260 f   AttemperEngineSink.obj
 0001:0001e2f0       ?SendMatchMessage@CAttemperEngineSink@@UAE_N_JG@Z 0041f2f0 f   AttemperEngineSink.obj
 0001:0001e370       ?SendPropertyEffect@CAttemperEngineSink@@IAE_NPAUIServerUserItem@@G@Z 0041f370 f   AttemperEngineSink.obj
 0001:0001e4a0       ?SendPropertyFailure@CAttemperEngineSink@@IAE_NPAUIServerUserItem@@PB_WJG@Z 0041f4a0 f   AttemperEngineSink.obj
 0001:0001e570       ?SendPropertyMessage@CAttemperEngineSink@@IAE_NKKGG@Z 0041f570 f   AttemperEngineSink.obj
 0001:0001e630       ?SendRequestFailure@CAttemperEngineSink@@IAE_NPAUIServerUserItem@@PB_WJ@Z 0041f630 f   AttemperEngineSink.obj
 0001:0001e6f0       ?SendRoomMessage@CAttemperEngineSink@@UAE_NKPB_WG_N@Z 0041f6f0 f   AttemperEngineSink.obj
 0001:0001e810       ?SendRoomMessage@CAttemperEngineSink@@UAE_NPAUIServerUserItem@@PB_WG@Z 0041f810 f   AttemperEngineSink.obj
 0001:0001ea40       ?SendRoomMessage@CAttemperEngineSink@@UAE_NPB_WG@Z 0041fa40 f   AttemperEngineSink.obj
 0001:0001eb50       ?SendSystemMessage@CAttemperEngineSink@@IAE_NPAUCMD_GR_SendMessage@@G@Z 0041fb50 f   AttemperEngineSink.obj
 0001:0001ec20       ?SendSystemMessage@CAttemperEngineSink@@UAE_NPB_W@Z 0041fc20 f   AttemperEngineSink.obj
 0001:0001ece0       ?SendUIControlPacket@CAttemperEngineSink@@IAE_NGPAXG@Z 0041fce0 f   AttemperEngineSink.obj
 0001:0001ed20       ?SendUserInfoPacket@CAttemperEngineSink@@IAE_NPAUIServerUserItem@@K_N@Z 0041fd20 f   AttemperEngineSink.obj
 0001:0001f290       ?SendUserInfoPacketBatchToMobileUser@CAttemperEngineSink@@IAE_NPAUIServerUserItem@@K@Z 00420290 f   AttemperEngineSink.obj
 0001:0001f6f0       ?SendUserInfoPacketBatchToPage@CAttemperEngineSink@@IAE_NPAUIServerUserItem@@@Z 004206f0 f   AttemperEngineSink.obj
 0001:0001fca0       ?SendVisibleTableUserInfoToMobileUser@CAttemperEngineSink@@IAE_NPAUIServerUserItem@@G@Z 00420ca0 f   AttemperEngineSink.obj
 0001:00020210       ?SensitiveWordFilter@CAttemperEngineSink@@UAEXPB_WPA_WH@Z 00421210 f   AttemperEngineSink.obj
 0001:00020240       ?Serialize@?$CMap@GGUtagTaskConfigInfo@@AAU1@@@UAEXAAVCArchive@@@Z 00421240 f i AttemperEngineSink.obj
 0001:00020380       ?SetAllowAndroidAttend@CServerRule@@SAXAAK_N@Z 00421380 f i AttemperEngineSink.obj
 0001:000203d0       ?SetAllowDynamicJoin@CServerRule@@SAXAAK_N@Z 004213d0 f i AttemperEngineSink.obj
 0001:00020420       ?SetAllowOffLineTrustee@CServerRule@@SAXAAK_N@Z 00421420 f i AttemperEngineSink.obj
 0001:00020470       ?SetAt@?$CMap@GGUtagTaskConfigInfo@@AAU1@@@QAEXGAAUtagTaskConfigInfo@@@Z 00421470 f i AttemperEngineSink.obj
 0001:000204b0       ?SetDistributeRule@CDistributeManager@@QAEXE@Z 004214b0 f i AttemperEngineSink.obj
 0001:000204d0       ?SetForfendGameChat@CServerRule@@SAXAAK_N@Z 004214d0 f i AttemperEngineSink.obj
 0001:00020520       ?SetForfendGameEnter@CServerRule@@SAXAAK_N@Z 00421520 f i AttemperEngineSink.obj
 0001:00020570       ?SetForfendGameLookon@CServerRule@@SAXAAK_N@Z 00421570 f i AttemperEngineSink.obj
 0001:000205c0       ?SetForfendGameRule@CServerRule@@SAXAAK_N@Z 004215c0 f i AttemperEngineSink.obj
 0001:00020610       ?SetForfendLockTable@CServerRule@@SAXAAK_N@Z 00421610 f i AttemperEngineSink.obj
 0001:00020660       ?SetForfendRoomChat@CServerRule@@SAXAAK_N@Z 00421660 f i AttemperEngineSink.obj
 0001:000206b0       ?SetForfendRoomEnter@CServerRule@@SAXAAK_N@Z 004216b0 f i AttemperEngineSink.obj
 0001:00020700       ?SetForfendSaveInGame@CServerRule@@SAXAAK_N@Z 00421700 f i AttemperEngineSink.obj
 0001:00020750       ?SetForfendSaveInRoom@CServerRule@@SAXAAK_N@Z 00421750 f i AttemperEngineSink.obj
 0001:000207a0       ?SetForfendTakeInGame@CServerRule@@SAXAAK_N@Z 004217a0 f i AttemperEngineSink.obj
 0001:000207f0       ?SetForfendTakeInRoom@CServerRule@@SAXAAK_N@Z 004217f0 f i AttemperEngineSink.obj
 0001:00020840       ?SetForfendWisperChat@CServerRule@@SAXAAK_N@Z 00421840 f i AttemperEngineSink.obj
 0001:00020890       ?SetForfendWisperOnGame@CServerRule@@SAXAAK_N@Z 00421890 f i AttemperEngineSink.obj
 0001:000208e0       ?SetImmediateWriteScore@CServerRule@@SAXAAK_N@Z 004218e0 f i AttemperEngineSink.obj
 0001:00020930       ?SetMobileUserParameter@CAttemperEngineSink@@IAEXPAUIServerUserItem@@EGG@Z 00421930 f   AttemperEngineSink.obj
 0001:00020980       ?SetRecordGameScore@CServerRule@@SAXAAK_N@Z 00421980 f i AttemperEngineSink.obj
 0001:000209d0       ?SetRecordGameTrack@CServerRule@@SAXAAK_N@Z 004219d0 f i AttemperEngineSink.obj
 0001:00020a20       ?SetSize@?$CWHArray@KABK@@QAEXH@Z 00421a20 f i DBCorrespondManager.obj
 0001:00020a20       ?SetSize@?$CWHArray@PAVCGameKindItem@NServerListManager@@ABQAV12@@@QAEXH@Z 00421a20 f i ServerListManager.obj
 0001:00020a20       ?SetSize@?$CWHArray@PAUIServerUserItem@@ABQAU1@@@QAEXH@Z 00421a20 f i TableFrame.obj
 0001:00020a20       ?SetSize@?$CWHArray@PAVCGameServerItem@NServerListManager@@ABQAV12@@@QAEXH@Z 00421a20 f i ServerListManager.obj
 0001:00020a20       ?SetSize@?$CWHArray@PAUtagGroupScoreRecord@@ABQAU1@@@QAEXH@Z 00421a20 f i TableFrame.obj
 0001:00020a20       ?SetSize@?$CWHArray@PAUtagGameScoreRecord@@ABQAU1@@@QAEXH@Z 00421a20 f i TableFrame.obj
 0001:00020a20       ?SetSize@?$CWHArray@PAVCGameNodeItem@NServerListManager@@ABQAV12@@@QAEXH@Z 00421a20 f i ServerListManager.obj
 0001:00020a20       ?SetSize@?$CWHArray@PAVCGameTypeItem@NServerListManager@@ABQAV12@@@QAEXH@Z 00421a20 f i ServerListManager.obj
 0001:00020a20       ?SetSize@?$CWHArray@PB_WABQB_W@@QAEXH@Z 00421a20 f i SensitiveWordsFilter.obj
 0001:00020a20       ?SetSize@?$CWHArray@PAVCGamePageItem@NServerListManager@@ABQAV12@@@QAEXH@Z 00421a20 f i ServerListManager.obj
 0001:00020a20       ?SetSize@?$CWHArray@PAVCTableFrame@@ABQAV1@@@QAEXH@Z 00421a20 f i AttemperEngineSink.obj
 0001:00020af0       ?SwitchUserItemConnect@CAttemperEngineSink@@IAE_NPAUIServerUserItem@@QA_WGEGG@Z 00421af0 f   AttemperEngineSink.obj
 0001:00020eb0       ?Switch_Num@@YA?AV?$CStringT@_WV?$StrTraitMFC_DLL@_WV?$ChTraitsCRT@_W@ATL@@@@@ATL@@_J@Z 00421eb0 f   AttemperEngineSink.obj
 0001:00021080       ?UnLockAndroidUser@CAttemperEngineSink@@UAEXK@Z 00422080 f   AttemperEngineSink.obj
 0001:00021150       ?UpdateAIStatus@CAttemperEngineSink@@UAE_NPAUIServerUserItem@@@Z 00422150 f   AttemperEngineSink.obj
 0001:00021250       ?UpdateGroupMaxChairBankerUserID@CAttemperEngineSink@@UAEXGGGK@Z 00422250 f   AttemperEngineSink.obj
 0001:000212d0       ?UpdateGroupScore@CAttemperEngineSink@@UAEXKPAUIServerUserItem@@_J_N@Z 004222d0 f   AttemperEngineSink.obj
 0001:00021370       ?UpdateTablePlayerCount@CAttemperEngineSink@@UAEXGGGKG_N0@Z 00422370 f   AttemperEngineSink.obj
 0001:000213f0       ?WHCrashHandler@@YAJPAU_EXCEPTION_POINTERS@@@Z 004223f0 f   AttemperEngineSink.obj
 0001:00021490       ?WHCreateDumpFile@@YAXPB_WPAU_EXCEPTION_POINTERS@@@Z 00422490 f   AttemperEngineSink.obj
 0001:00021500       ?abs@@YA_J_J@Z             00422500 f i AttemperEngineSink.obj
 0001:00021520       ?data@CPlex@@QAEPAXXZ      00422520 f i AttemperEngineSink.obj
 0001:00021540       ?pow@@YAMMM@Z              00422540 f i AttemperEngineSink.obj
 0001:00021570       _==                        00422570 f i AttemperEngineSink.obj
 0001:000215b0       _IsEqualGUID               004225b0 f i AttemperEngineSink.obj
 0001:000215f0       __snwprintf                004225f0 f i AttemperEngineSink.obj
 0001:00021640       __vsnwprintf_s             00422640 f i AttemperEngineSink.obj
 0001:00021670       __vsnwprintf_s_l           00422670 f i AttemperEngineSink.obj
 0001:000216d0       __vswprintf_s_l            004226d0 f i AttemperEngineSink.obj
 0001:00021730       _powf                      00422730 f i AttemperEngineSink.obj
 0001:00021770       _vswprintf_s               00422770 f i AttemperEngineSink.obj
 0001:000217a0       ??0?$CTempldateHelper@UIDataBase@@@@QAE@ABU_GUID@@KPB_WPBD@Z 004227a0 f i DataBaseEngineSink.obj
 0001:00021830       ??0CDataBaseEngineSink@@QAE@XZ 00422830 f   DataBaseEngineSink.obj
 0001:000219d0       ??0CDataBaseHelper@@QAE@XZ 004229d0 f i DataBaseEngineSink.obj
 0001:00021a10       ??0DBO_GR_DissumeResult@@QAE@XZ 00422a10 f i DataBaseEngineSink.obj
 0001:00021a40       ??0DBO_GR_GameAndroidInfo@@QAE@XZ 00422a40 f i DataBaseEngineSink.obj
 0001:00021a70       ??0IDataBaseEngineSink@@QAE@XZ 00422a70 f i DataBaseEngineSink.obj
 0001:00021aa0       ??0IGameDataBaseEngine@@QAE@XZ 00422aa0 f i DataBaseEngineSink.obj
 0001:00021ad0       ??0_variant_t@@QAE@ABUtagVARIANT@@@Z 00422ad0 f i DataBaseEngineSink.obj
 0001:00021b10       ??0tagPersonalUserScoreInfo@@QAE@XZ 00422b10 f i DataBaseEngineSink.obj
 0001:00021b40       ??1?$CTempldateHelper@UIDataBase@@@@UAE@XZ 00422b40 f i DataBaseEngineSink.obj
 0001:00021b90       ??1CDataBaseEngineSink@@UAE@XZ 00422b90 f   DataBaseEngineSink.obj
 0001:00021c70       ??1CDataBaseHelper@@UAE@XZ 00422c70 f i DataBaseEngineSink.obj
 0001:00021c90       ??_G?$CTempldateHelper@UIDataBase@@@@UAEPAXI@Z 00422c90 f i DataBaseEngineSink.obj
 0001:00021c90       ??_E?$CTempldateHelper@UIDataBase@@@@UAEPAXI@Z 00422c90 f i DataBaseEngineSink.obj
 0001:00021cd0       ??_GCDataBaseEngineSink@@UAEPAXI@Z 00422cd0 f i DataBaseEngineSink.obj
 0001:00021cd0       ??_ECDataBaseEngineSink@@UAEPAXI@Z 00422cd0 f i DataBaseEngineSink.obj
 0001:00021d10       ??_GCDataBaseHelper@@UAEPAXI@Z 00422d10 f i DataBaseEngineSink.obj
 0001:00021d10       ??_ECDataBaseHelper@@UAEPAXI@Z 00422d10 f i DataBaseEngineSink.obj
 0001:00021d50       ??_H@YGXPAXIIP6EPAX0@Z@Z   00422d50 f i DataBaseEngineSink.obj
 0001:00021e00       ?CheckError@_com_util@@YAXJ@Z 00422e00 f i DataBaseEngineSink.obj
 0001:00021e20       ?GetCustomRule@CDataBaseEngineSink@@UAEPAXXZ 00422e20 f i DataBaseEngineSink.obj
 0001:00021e50       ?GetDataBase@CDataBaseEngineSink@@UAEPAXABU_GUID@@K@Z 00422e50 f   DataBaseEngineSink.obj
 0001:00021eb0       ?GetDataBaseEngine@CDataBaseEngineSink@@UAEPAXABU_GUID@@K@Z 00422eb0 f   DataBaseEngineSink.obj
 0001:00021f00       ?GetGameServiceAttrib@CDataBaseEngineSink@@UAEPAUtagGameServiceAttrib@@XZ 00422f00 f i DataBaseEngineSink.obj
 0001:00021f20       ?GetGameServiceOption@CDataBaseEngineSink@@UAEPAUtagGameServiceOption@@XZ 00422f20 f i DataBaseEngineSink.obj
 0001:00022350       ?OnAILogonResult@CDataBaseEngineSink@@AAEXKGKPB_W_NEGG@Z 00423350 f   DataBaseEngineSink.obj
 0001:00022b40       ?OnDataBaseEngineConclude@CDataBaseEngineSink@@UAE_NPAUIUnknownEx@@@Z 00423b40 f   DataBaseEngineSink.obj
 0001:00022ce0       ?OnEventAttemperData@CAttemperEngineSink@@UAE_NGPAXG@Z 00423ce0 f   AttemperEngineSink.obj
 0001:00022ce0       ?OnDataBaseEngineControl@CDataBaseEngineSink@@UAE_NGPAXG@Z 00423ce0 f   DataBaseEngineSink.obj
 0001:00022d00       ?OnDataBaseEngineRequest@CDataBaseEngineSink@@UAE_NGKPAXG@Z 00423d00 f   DataBaseEngineSink.obj
 0001:00023f30       ?OnDataBaseEngineStart@CDataBaseEngineSink@@UAE_NPAUIUnknownEx@@@Z 00424f30 f   DataBaseEngineSink.obj
 0001:00024400       ?OnDataBaseEngineTimer@CDataBaseEngineSink@@UAE_NKI@Z 00425400 f   DataBaseEngineSink.obj
 0001:00024420       ?OnInsureDisposeResult@CDataBaseEngineSink@@AAEXKK_JPB_W_NE@Z 00425420 f   DataBaseEngineSink.obj
 0001:00024670       ?OnLogonDisposeResult@CDataBaseEngineSink@@AAEXKKPB_W_NEGG@Z 00425670 f   DataBaseEngineSink.obj
 0001:00024e10       ?OnRequestBuyGameProperty@CDataBaseEngineSink@@IAE_NKPAXGAAK@Z 00425e10 f   DataBaseEngineSink.obj
 0001:00025340       ?OnRequestCancelCreateTable@CDataBaseEngineSink@@IAE_NKPAXGAAK@Z 00426340 f   DataBaseEngineSink.obj
 0001:00025790       ?OnRequestCheckInDone@CDataBaseEngineSink@@IAE_NKPAXGAAK@Z 00426790 f   DataBaseEngineSink.obj
 0001:00025c30       ?OnRequestCheckInQueryInfo@CDataBaseEngineSink@@IAE_NKPAXGAAK@Z 00426c30 f   DataBaseEngineSink.obj
 0001:00025fe0       ?OnRequestCreateTable@CDataBaseEngineSink@@IAE_NKPAXGAAK@Z 00426fe0 f   DataBaseEngineSink.obj
 0001:00026750       ?OnRequestExchangeScoreByBeans@CDataBaseEngineSink@@IAE_NKPAXGAAK@Z 00427750 f   DataBaseEngineSink.obj
 0001:00026c40       ?OnRequestExchangeScoreByIngot@CDataBaseEngineSink@@IAE_NKPAXGAAK@Z 00427c40 f   DataBaseEngineSink.obj
 0001:000271a0       ?OnRequestGameScoreRecord@CDataBaseEngineSink@@IAE_NKPAXGAAK@Z 004281a0 f   DataBaseEngineSink.obj
 0001:000276b0       ?OnRequestGetSendPresent@CDataBaseEngineSink@@IAE_NKPAXGAAK@Z 004286b0 f   DataBaseEngineSink.obj
 0001:00027c20       ?OnRequestGroupScoreRecord@CDataBaseEngineSink@@IAE_NKPAXGAAK@Z 00428c20 f   DataBaseEngineSink.obj
 0001:00028080       ?OnRequestHostCancelCreateTable@CDataBaseEngineSink@@IAE_NKPAXGAAK@Z 00429080 f   DataBaseEngineSink.obj
 0001:00028410       ?OnRequestLeaveGameServer@CDataBaseEngineSink@@IAE_NKPAXGAAK@Z 00429410 f   DataBaseEngineSink.obj
 0001:00028a90       ?OnRequestLoadAndroidParameter@CDataBaseEngineSink@@IAE_NKPAXGAAK@Z 00429a90 f   DataBaseEngineSink.obj
 0001:00028f70       ?OnRequestLoadAndroidUser@CDataBaseEngineSink@@IAE_NKPAXGAAK@Z 00429f70 f   DataBaseEngineSink.obj
 0001:000292f0       ?OnRequestLoadBaseEnsure@CDataBaseEngineSink@@IAE_NKPAXGAAK@Z 0042a2f0 f   DataBaseEngineSink.obj
 0001:00029560       ?OnRequestLoadCheckIn@CDataBaseEngineSink@@IAE_NKPAXGAAK@Z 0042a560 f   DataBaseEngineSink.obj
 0001:000297c0       ?OnRequestLoadGameBuff@CDataBaseEngineSink@@IAE_NKPAXGAAK@Z 0042a7c0 f   DataBaseEngineSink.obj
 0001:00029c30       ?OnRequestLoadGameChat@CDataBaseEngineSink@@IAE_NKPAXGAAK@Z 0042ac30 f   DataBaseEngineSink.obj
 0001:00029ff0       ?OnRequestLoadGameColumn@CDataBaseEngineSink@@IAE_NKPAXGAAK@Z 0042aff0 f   DataBaseEngineSink.obj
 0001:0002a370       ?OnRequestLoadGameProperty@CDataBaseEngineSink@@IAE_NKPAXGAAK@Z 0042b370 f   DataBaseEngineSink.obj
 0001:0002ae70       ?OnRequestLoadGameTrumpet@CDataBaseEngineSink@@IAE_NKPAXGAAK@Z 0042be70 f   DataBaseEngineSink.obj
 0001:0002b090       ?OnRequestLoadGrowLevelConfig@CDataBaseEngineSink@@IAE_NKPAXGAAK@Z 0042c090 f   DataBaseEngineSink.obj
 0001:0002b360       ?OnRequestLoadParameter@CDataBaseEngineSink@@IAE_NKPAXGAAK@Z 0042c360 f   DataBaseEngineSink.obj
 0001:0002b5c0       ?OnRequestLoadPersonalParameter@CDataBaseEngineSink@@IAE_NKPAXGAAK@Z 0042c5c0 f   DataBaseEngineSink.obj
 0001:0002bea0       ?OnRequestLoadSensitiveWords@CDataBaseEngineSink@@IAE_NKPAXGAAK@Z 0042cea0 f   DataBaseEngineSink.obj
 0001:0002c100       ?OnRequestLoadShareStorageItem@CDataBaseEngineSink@@IAE_NKPAXGAAK@Z 0042d100 f   DataBaseEngineSink.obj
 0001:0002c980       ?OnRequestLoadSingleGroupShareStorageItem@CDataBaseEngineSink@@IAE_NKPAXGAAK@Z 0042d980 f   DataBaseEngineSink.obj
 0001:0002d1c0       ?OnRequestLoadTaskList@CDataBaseEngineSink@@IAE_NKPAXGAAK@Z 0042e1c0 f   DataBaseEngineSink.obj
 0001:0002d660       ?OnRequestLogonAI@CDataBaseEngineSink@@IAE_NKPAXGAAK@Z 0042e660 f   DataBaseEngineSink.obj
 0001:0002da80       ?OnRequestLogonAccounts@CDataBaseEngineSink@@IAE_NKPAXGAAK@Z 0042ea80 f   DataBaseEngineSink.obj
 0001:0002de40       ?OnRequestLogonMobile@CDataBaseEngineSink@@IAE_NKPAXGAAK@Z 0042ee40 f   DataBaseEngineSink.obj
 0001:0002e2e0       ?OnRequestLogonUserID@CDataBaseEngineSink@@IAE_NKPAXGAAKH@Z 0042f2e0 f   DataBaseEngineSink.obj
 0001:0002e6b0       ?OnRequestManageUserRight@CDataBaseEngineSink@@IAE_NKPAXGAAK@Z 0042f6b0 f   DataBaseEngineSink.obj
 0001:0002e850       ?OnRequestMatchAndroidDebug@CDataBaseEngineSink@@IAE_NKPAXGAAK@Z 0042f850 f   DataBaseEngineSink.obj
 0001:0002eb20       ?OnRequestMatchBuySafeCard@CDataBaseEngineSink@@IAE_NKPAXGAAK@Z 0042fb20 f   DataBaseEngineSink.obj
 0001:0002ef50       ?OnRequestMatchCancel@CDataBaseEngineSink@@IAE_NKPAXGAAK@Z 0042ff50 f   DataBaseEngineSink.obj
 0001:0002f180       ?OnRequestMatchEliminate@CDataBaseEngineSink@@IAE_NKPAXGAAK@Z 00430180 f   DataBaseEngineSink.obj
 0001:0002f360       ?OnRequestMatchOver@CDataBaseEngineSink@@IAE_NKPAXGAAK@Z 00430360 f   DataBaseEngineSink.obj
 0001:0002f860       ?OnRequestMatchQueryQualify@CDataBaseEngineSink@@IAE_NKPAXGAAK@Z 00430860 f   DataBaseEngineSink.obj
 0001:0002fa50       ?OnRequestMatchQueryReviveInfo@CDataBaseEngineSink@@IAE_NKPAXGAAK@Z 00430a50 f   DataBaseEngineSink.obj
 0001:0002fce0       ?OnRequestMatchRecordGrades@CDataBaseEngineSink@@IAE_NKPAXGAAK@Z 00430ce0 f   DataBaseEngineSink.obj
 0001:0002fec0       ?OnRequestMatchReward@CDataBaseEngineSink@@IAE_NKPAXGAAK@Z 00430ec0 f   DataBaseEngineSink.obj
 0001:000301c0       ?OnRequestMatchRoundsOver@CDataBaseEngineSink@@IAE_NKPAXGAAK@Z 004311c0 f   DataBaseEngineSink.obj
 0001:000306c0       ?OnRequestMatchSignup@CDataBaseEngineSink@@IAE_NKPAXGAAK@Z 004316c0 f   DataBaseEngineSink.obj
 0001:00030ca0       ?OnRequestMatchSignupStart@CDataBaseEngineSink@@IAE_NKPAXGAAK@Z 00431ca0 f   DataBaseEngineSink.obj
 0001:00030e80       ?OnRequestMatchStart@CDataBaseEngineSink@@IAE_NKPAXGAAK@Z 00431e80 f   DataBaseEngineSink.obj
 0001:00031040       ?OnRequestMatchUnSignup@CDataBaseEngineSink@@IAE_NKPAXGAAK@Z 00432040 f   DataBaseEngineSink.obj
 0001:00031620       ?OnRequestMatchUserRevive@CDataBaseEngineSink@@IAE_NKPAXGAAK@Z 00432620 f   DataBaseEngineSink.obj
 0001:00031ad0       ?OnRequestMemberDayGift@CDataBaseEngineSink@@IAE_NKPAXGAAK@Z 00432ad0 f   DataBaseEngineSink.obj
 0001:00031eb0       ?OnRequestMemberDayPresent@CDataBaseEngineSink@@IAE_NKPAXGAAK@Z 00432eb0 f   DataBaseEngineSink.obj
 0001:000322c0       ?OnRequestMemberLoadParameter@CDataBaseEngineSink@@IAE_NKPAXGAAK@Z 004332c0 f   DataBaseEngineSink.obj
 0001:00032680       ?OnRequestMemberQueryInfo@CDataBaseEngineSink@@IAE_NKPAXGAAK@Z 00433680 f   DataBaseEngineSink.obj
 0001:00032bd0       ?OnRequestModifyConfigSubStorageItem@CDataBaseEngineSink@@IAE_NKPAXGAAK@Z 00433bd0 f   DataBaseEngineSink.obj
 0001:00033110       ?OnRequestModifyCurSubStorageItem@CDataBaseEngineSink@@IAE_NKPAXGAAK@Z 00434110 f   DataBaseEngineSink.obj
 0001:00033380       ?OnRequestPayRoomCard@CDataBaseEngineSink@@IAE_NKPAXGAAK@Z 00434380 f   DataBaseEngineSink.obj
 0001:00033770       ?OnRequestPropertyBackpack@CDataBaseEngineSink@@IAE_NKPAXGAAK@Z 00434770 f   DataBaseEngineSink.obj
 0001:00033d70       ?OnRequestPropertyPresent@CDataBaseEngineSink@@IAE_NKPAXGAAK@Z 00434d70 f   DataBaseEngineSink.obj
 0001:00034210       ?OnRequestPropertyUse@CDataBaseEngineSink@@IAE_NKPAXGAAK@Z 00435210 f   DataBaseEngineSink.obj
 0001:00034890       ?OnRequestPurchaseMember@CDataBaseEngineSink@@IAE_NKPAXGAAK@Z 00435890 f   DataBaseEngineSink.obj
 0001:00034de0       ?OnRequestQueryGrowLevelParameter@CDataBaseEngineSink@@IAE_NKPAXGAAK@Z 00435de0 f   DataBaseEngineSink.obj
 0001:000353b0       ?OnRequestQueryInsureInfo@CDataBaseEngineSink@@IAE_NKPAXGAAK@Z 004363b0 f   DataBaseEngineSink.obj
 0001:000359c0       ?OnRequestQuerySendPresent@CDataBaseEngineSink@@IAE_NKPAXGAAK@Z 004369c0 f   DataBaseEngineSink.obj
 0001:00035ef0       ?OnRequestQueryTransferUserInfo@CDataBaseEngineSink@@IAE_NKPAXGAAK@Z 00436ef0 f   DataBaseEngineSink.obj
 0001:00036250       ?OnRequestRoomTaskProgress@CDataBaseEngineSink@@IAE_NKPAXGAAK@Z 00437250 f   DataBaseEngineSink.obj
 0001:00036250       ?OnRequestQueryUserRoomScore@CDataBaseEngineSink@@IAE_NKPAXGAAK@Z 00437250 f   DataBaseEngineSink.obj
 0001:00036270       ?OnRequestSendTrumpet@CDataBaseEngineSink@@IAE_NKPAXGAAK@Z 00437270 f   DataBaseEngineSink.obj
 0001:000364e0       ?OnRequestTakeBaseEnsure@CDataBaseEngineSink@@IAE_NKPAXGAAK@Z 004374e0 f   DataBaseEngineSink.obj
 0001:000369c0       ?OnRequestTaskGiveUp@CDataBaseEngineSink@@IAE_NKPAXGAAK@Z 004379c0 f   DataBaseEngineSink.obj
 0001:00036e20       ?OnRequestTaskPerform@CDataBaseEngineSink@@IAE_NKPAXGAAK@Z 00437e20 f   DataBaseEngineSink.obj
 0001:00037000       ?OnRequestTaskQueryInfo@CDataBaseEngineSink@@IAE_NKPAXGAAK@Z 00438000 f   DataBaseEngineSink.obj
 0001:00037160       ?OnRequestTaskReward@CDataBaseEngineSink@@IAE_NKPAXGAAK@Z 00438160 f   DataBaseEngineSink.obj
 0001:00037640       ?OnRequestTaskTake@CDataBaseEngineSink@@IAE_NKPAXGAAK@Z 00438640 f   DataBaseEngineSink.obj
 0001:00037aa0       ?OnRequestUnlockAndroidUser@CDataBaseEngineSink@@IAE_NKPAXGAAK@Z 00438aa0 f   DataBaseEngineSink.obj
 0001:00037c40       ?OnRequestUserEnableInsure@CDataBaseEngineSink@@IAE_NKPAXGAAK@Z 00438c40 f   DataBaseEngineSink.obj
 0001:000380e0       ?OnRequestUserSaveScore@CDataBaseEngineSink@@IAE_NKPAXGAAK@Z 004390e0 f   DataBaseEngineSink.obj
 0001:000384b0       ?OnRequestUserTakeScore@CDataBaseEngineSink@@IAE_NKPAXGAAK@Z 004394b0 f   DataBaseEngineSink.obj
 0001:00038890       ?OnRequestUserTransferScore@CDataBaseEngineSink@@IAE_NKPAXGAAK@Z 00439890 f   DataBaseEngineSink.obj
 0001:00038cb0       ?OnRequestWriteGameScore@CDataBaseEngineSink@@IAE_NKPAXGAAK@Z 00439cb0 f   DataBaseEngineSink.obj
 0001:000391b0       ?OnRequestWriteGroupBattleInfo@CDataBaseEngineSink@@IAE_NKPAXGAAK@Z 0043a1b0 f   DataBaseEngineSink.obj
 0001:000396c0       ?OnRequestWriteJoinInfo@CDataBaseEngineSink@@IAE_NKPAXGAAK@Z 0043a6c0 f   DataBaseEngineSink.obj
 0001:00039910       ?OnRequestWritePersonalGameScore@CDataBaseEngineSink@@IAE_NKPAXGAAK@Z 0043a910 f   DataBaseEngineSink.obj
 0001:00039f80       ?OnRequestWriteUserGameData@CDataBaseEngineSink@@IAE_NKPAXGAAK@Z 0043af80 f   DataBaseEngineSink.obj
 0001:0003a1d0       ?OnRequestWriteVideoDataInfo@CDataBaseEngineSink@@IAE_NKPAXGAAK@Z 0043b1d0 f   DataBaseEngineSink.obj
 0001:0003a460       ?OnRequestWriteVideoPlayerInfo@CDataBaseEngineSink@@IAE_NKPAXGAAK@Z 0043b460 f   DataBaseEngineSink.obj
 0001:0003a630       ?OnRequsetDissumeRoom@CDataBaseEngineSink@@IAE_NKPAXGAAK@Z 0043b630 f   DataBaseEngineSink.obj
 0001:0003aaf0       ?OnRequsetInsertCreateRecord@CDataBaseEngineSink@@IAE_NKPAXGAAK@Z 0043baf0 f   DataBaseEngineSink.obj
 0001:0003ae50       ?QueryInterface@CDataBaseEngineSink@@UAEPAXABU_GUID@@K@Z 0043be50 f   DataBaseEngineSink.obj
 0001:0003af21       ?QueryInterface@CDataBaseEngineSink@@W3AEPAXABU_GUID@@K@Z 0043bf21 f i DataBaseEngineSink.obj
 0001:0003af30       ?Release@CAttemperEngineSink@@UAEXXZ 0043bf30 f i AttemperEngineSink.obj
 0001:0003af30       ?AssertValid@CObject@@UBEXXZ 0043bf30 f i AttemperEngineSink.obj
 0001:0003af30       ?OnOK@CGameServerDlg@@MAEXXZ 0043bf30 f i GameServerDlg.obj
 0001:0003af30       ??1?$CW2CWEX@$0IA@@ATL@@QAE@XZ 0043bf30 f i AttemperEngineSink.obj
 0001:0003af30       ??1CObject@@UAE@XZ         0043bf30 f i AttemperEngineSink.obj
 0001:0003af30       ?Release@CDataBaseEngineSink@@UAEXXZ 0043bf30 f i DataBaseEngineSink.obj
 0001:0003af50       ?SendLogData@CDataBaseEngineSink@@AAAXPB_WZZ 0043bf50 f   DataBaseEngineSink.obj
 0001:0003b070       ___vswprintf_l             0043c070 f i DataBaseEngineSink.obj
 0001:0003b0a0       __swprintf                 0043c0a0 f i DataBaseEngineSink.obj
 0001:0003b0e0       __vswprintf_c_l            0043c0e0 f i DataBaseEngineSink.obj
 0001:0003b140       __vswprintf_l              0043c140 f i DataBaseEngineSink.obj
 0001:0003b190       ??0?$CList@PAUtagDBRequestHead@@ABQAU1@@@QAE@H@Z 0043c190 f i DBCorrespondManager.obj
 0001:0003b200       ??0?$CWHArray@KABK@@QAE@XZ 0043c200 f i DBCorrespondManager.obj
 0001:0003b250       ??0CCriticalSection@@QAE@XZ 0043c250 f i DBCorrespondManager.obj
 0001:0003b2d0       ??0CDBCorrespondManager@@QAE@XZ 0043c2d0 f   DBCorrespondManager.obj
 0001:0003b370       ??0IDBCorrespondManager@@QAE@XZ 0043c370 f i DBCorrespondManager.obj
 0001:0003b3a0       ??0IServiceModule@@QAE@XZ  0043c3a0 f i DBCorrespondManager.obj
 0001:0003b3d0       ??1?$CList@PAUtagDBRequestHead@@ABQAU1@@@UAE@XZ 0043c3d0 f i DBCorrespondManager.obj
 0001:0003b430       ??1?$CWHArray@KABK@@UAE@XZ 0043c430 f i DBCorrespondManager.obj
 0001:0003b4a0       ??1CCriticalSection@@UAE@XZ 0043c4a0 f i DBCorrespondManager.obj
 0001:0003b4e0       ??1CDBCorrespondManager@@QAE@XZ 0043c4e0 f   DBCorrespondManager.obj
 0001:0003b570       ??_E?$CList@PAUtagDBRequestHead@@ABQAU1@@@UAEPAXI@Z 0043c570 f i DBCorrespondManager.obj
 0001:0003b570       ??_G?$CList@PAUtagDBRequestHead@@ABQAU1@@@UAEPAXI@Z 0043c570 f i DBCorrespondManager.obj
 0001:0003b5c0       ??_E?$CWHArray@KABK@@UAEPAXI@Z 0043c5c0 f i DBCorrespondManager.obj
 0001:0003b5c0       ??_G?$CWHArray@KABK@@UAEPAXI@Z 0043c5c0 f i DBCorrespondManager.obj
 0001:0003b600       ??_GCCriticalSection@@UAEPAXI@Z 0043c600 f i DBCorrespondManager.obj
 0001:0003b600       ??_ECCriticalSection@@UAEPAXI@Z 0043c600 f i DBCorrespondManager.obj
 0001:0003b650       ??_GCDBCorrespondManager@@QAEPAXI@Z 0043c650 f i DBCorrespondManager.obj
 0001:0003b690       ?AddTail@?$CList@PAUtagDBRequestHead@@ABQAU1@@@QAEPAU__POSITION@@ABQAUtagDBRequestHead@@@Z 0043c690 f i DBCorrespondManager.obj
 0001:0003b6f0       ?AmortizeSyncData@CDBCorrespondManager@@QAE_NKGKPAXGE@Z 0043c6f0 f   DBCorrespondManager.obj
 0001:0003b800       ?AtlThrowImpl@ATL@@YGXJ@Z  0043c800 f i DBCorrespondManager.obj
 0001:0003b830       ?ClearAmortizeData@CDBCorrespondManager@@QAEXXZ 0043c830 f   DBCorrespondManager.obj
 0001:0003b880       ?ConcludeService@CDBCorrespondManager@@UAE_NXZ 0043c880 f   DBCorrespondManager.obj
 0001:0003b910       ?FreeNode@?$CList@PAUtagDBRequestHead@@ABQAU1@@@IAEXPAUCNode@1@@Z 0043c910 f i DBCorrespondManager.obj
 0001:0003b960       ?GetHeadPosition@?$CList@PAUtagDBRequestHead@@ABQAU1@@@QBEPAU__POSITION@@XZ 0043c960 f i DBCorrespondManager.obj
 0001:0003b960       ?GetData@?$CWHArray@PAVCTableFrame@@ABQAV1@@@QAEPAPAVCTableFrame@@XZ 0043c960 f i AttemperEngineSink.obj
 0001:0003b980       ?GetNext@?$CList@PAUtagDBRequestHead@@ABQAU1@@@QAEAAPAUtagDBRequestHead@@AAPAU__POSITION@@@Z 0043c980 f i DBCorrespondManager.obj
 0001:0003b9b0       ?GetUserArrayIndex@CDBCorrespondManager@@QAEHK@Z 0043c9b0 f   DBCorrespondManager.obj
 0001:0003ba10       ?Init@CCriticalSection@@AAEJXZ 0043ca10 f i DBCorrespondManager.obj
 0001:0003ba50       ?InitDBCorrespondManager@CDBCorrespondManager@@UAA_NPAUIDataBaseEngine@@@Z 0043ca50 f   DBCorrespondManager.obj
 0001:0003ba70       ?IsPostDBRequest@CDBCorrespondManager@@QAE_NK@Z 0043ca70 f   DBCorrespondManager.obj
 0001:0003bad0       ?Lock@CCriticalSection@@QAEHXZ 0043cad0 f i DBCorrespondManager.obj
 0001:0003bb00       ?Lock@CCriticalSection@@UAEHK@Z 0043cb00 f i DBCorrespondManager.obj
 0001:0003bb20       ?NewNode@?$CList@PAUtagDBRequestHead@@ABQAU1@@@IAEPAUCNode@1@PAU21@0@Z 0043cb20 f i DBCorrespondManager.obj
 0001:0003bc30       ?OnPostRequestComplete@CDBCorrespondManager@@UAA_NK_N@Z 0043cc30 f   DBCorrespondManager.obj
 0001:0003bd40       ?OnTimerNotify@CDBCorrespondManager@@UAA_NXZ 0043cd40 f   DBCorrespondManager.obj
 0001:0003bdc0       ?PerformAmortisation@CDBCorrespondManager@@QAEXXZ 0043cdc0 f   DBCorrespondManager.obj
 0001:0003beb0       ?PostDataBaseRequest@CDBCorrespondManager@@UAA_NKGKPAXGE@Z 0043ceb0 f   DBCorrespondManager.obj
 0001:0003bf50       ?QueryInterface@CDBCorrespondManager@@UAEPAXABU_GUID@@K@Z 0043cf50 f   DBCorrespondManager.obj
 0001:0003bfe0       ?Release@CDBCorrespondManager@@UAEXXZ 0043cfe0 f i DBCorrespondManager.obj
 0001:0003c020       ?RemoveAll@?$CList@PAUtagDBRequestHead@@ABQAU1@@@QAEXXZ 0043d020 f i DBCorrespondManager.obj
 0001:0003c090       ?RemoveAt@?$CList@PAUtagDBRequestHead@@ABQAU1@@@QAEXPAU__POSITION@@@Z 0043d090 f i DBCorrespondManager.obj
 0001:0003c110       ?RemoveHead@?$CList@PAUtagDBRequestHead@@ABQAU1@@@QAEPAUtagDBRequestHead@@XZ 0043d110 f i DBCorrespondManager.obj
 0001:0003c1a0       ?Serialize@?$CList@PAUtagDBRequestHead@@ABQAU1@@@UAEXAAVCArchive@@@Z 0043d1a0 f i DBCorrespondManager.obj
 0001:0003c260       ?StartService@CDBCorrespondManager@@UAE_NXZ 0043d260 f   DBCorrespondManager.obj
 0001:0003c280       ?Unlock@CCriticalSection@@UAEHXZ 0043d280 f i DBCorrespondManager.obj
 0001:0003c2b0       ?Unlock@CSyncObject@@UAEHJPAJ@Z 0043d2b0 f i DBCorrespondManager.obj
 0001:0003c2d0       _HRESULT_FROM_WIN32        0043d2d0 f i DBCorrespondManager.obj
 0001:0003c310       ??0CDistributeManager@@QAE@XZ 0043d310 f   DistributeManager.obj
 0001:0003c370       ??1CDistributeManager@@UAE@XZ 0043d370 f   DistributeManager.obj
 0001:0003c3d0       ??1CDistributeNodePool@@QAE@XZ 0043d3d0 f   DistributeManager.obj
 0001:0003c480       ??A?$CWHArray@UtagDistributeInfo@@ABU1@@@QBEABUtagDistributeInfo@@H@Z 0043d480 f i DistributeManager.obj
 0001:0003c4b0       ??_GCDistributeManager@@UAEPAXI@Z 0043d4b0 f i DistributeManager.obj
 0001:0003c4b0       ??_ECDistributeManager@@UAEPAXI@Z 0043d4b0 f i DistributeManager.obj
 0001:0003c4f0       ?Add@?$CWHArray@UtagDistributeInfo@@ABU1@@@QAEHABUtagDistributeInfo@@@Z 0043d4f0 f i DistributeManager.obj
 0001:0003c530       ?AllocMemory@?$CWHArray@UtagDistributeInfo@@ABU1@@@QAEXH@Z 0043d530 f i DistributeManager.obj
 0001:0003c630       ?AllocNode@CDistributeNodePool@@QAEPAUtagDistributeNode@@XZ 0043d630 f   DistributeManager.obj
 0001:0003c6d0       ?FilterRuleExitsIPAddr@CDistributeManager@@IAEHABV?$CWHArray@UtagDistributeInfo@@ABU1@@@K@Z 0043d6d0 f i DistributeManager.obj
 0001:0003c740       ?FilterRuleExitsSameTable@CDistributeManager@@IAEHABV?$CWHArray@UtagDistributeInfo@@ABU1@@@G@Z 0043d740 f i DistributeManager.obj
 0001:0003c7b0       ?FilterRuleIsAllAndroid@CDistributeManager@@IAEHABV?$CWHArray@UtagDistributeInfo@@ABU1@@@QAUIServerUserItem@@@Z 0043d7b0 f i DistributeManager.obj
 0001:0003c880       ?FreeNode@CDistributeNodePool@@QAEXPAX@Z 0043d880 f   DistributeManager.obj
 0001:0003c8b0       ?GetAt@?$CWHArray@UtagDistributeInfo@@ABU1@@@QBEABUtagDistributeInfo@@H@Z 0043d8b0 f i DistributeManager.obj
 0001:0003c8f0       ?InsertDistributeNode@CDistributeManager@@QAEHABUtagDistributeInfo@@@Z 0043d8f0 f   DistributeManager.obj
 0001:0003ca50       ?PerformDistribute@CDistributeManager@@QAEGAAV?$CWHArray@UtagDistributeInfo@@ABU1@@@G@Z 0043da50 f   DistributeManager.obj
 0001:0003cbb0       ?RemoveAll@CDistributeManager@@QAEXXZ 0043dbb0 f   DistributeManager.obj
 0001:0003cc10       ?RemoveDistributeNode@CDistributeManager@@QAEXPAUtagDistributeNode@@@Z 0043dc10 f   DistributeManager.obj
 0001:0003cd00       ?RemoveDistributeNode@CDistributeManager@@QAEXPBUIServerUserItem@@@Z 0043dd00 f   DistributeManager.obj
 0001:0003cd40       ?SearchNode@CDistributeManager@@IAEPAUtagDistributeNode@@QBUIServerUserItem@@@Z 0043dd40 f   DistributeManager.obj
 0001:0003cd90       ?SetAtGrow@?$CWHArray@UtagDistributeInfo@@ABU1@@@QAEXHABUtagDistributeInfo@@@Z 0043dd90 f i DistributeManager.obj
 0001:0003cdf0       ?SetSize@?$CWHArray@UtagDistributeInfo@@ABU1@@@QAEXH@Z 0043ddf0 f i DistributeManager.obj
 0001:0003cec0       ??$SerializeElements@PAVCGameNodeItem@NServerListManager@@@@YGXAAVCArchive@@PAPAVCGameNodeItem@NServerListManager@@H@Z 0043dec0 f i ServerListManager.obj
 0001:0003cec0       ??$SerializeElements@PAVCGameKindItem@NServerListManager@@@@YGXAAVCArchive@@PAPAVCGameKindItem@NServerListManager@@H@Z 0043dec0 f i ServerListManager.obj
 0001:0003cec0       ??$SerializeElements@PAVCGamePropertyRelatItem@NGamePropertyListManager@@@@YGXAAVCArchive@@PAPAVCGamePropertyRelatItem@NGamePropertyListManager@@H@Z 0043dec0 f i GamePropertyListManager.obj
 0001:0003cec0       ??$SerializeElements@PAVCGameServerItem@NServerListManager@@@@YGXAAVCArchive@@PAPAVCGameServerItem@NServerListManager@@H@Z 0043dec0 f i ServerListManager.obj
 0001:0003cec0       ??$SerializeElements@PAVCGamePropertyItem@NGamePropertyListManager@@@@YGXAAVCArchive@@PAPAVCGamePropertyItem@NGamePropertyListManager@@H@Z 0043dec0 f i GamePropertyListManager.obj
 0001:0003cec0       ??$SerializeElements@PAVCGamePropertySubItem@NGamePropertyListManager@@@@YGXAAVCArchive@@PAPAVCGamePropertySubItem@NGamePropertyListManager@@H@Z 0043dec0 f i GamePropertyListManager.obj
 0001:0003cec0       ??$SerializeElements@PAVCGameTypeItem@NServerListManager@@@@YGXAAVCArchive@@PAPAVCGameTypeItem@NServerListManager@@H@Z 0043dec0 f i ServerListManager.obj
 0001:0003cec0       ??$SerializeElements@K@@YGXAAVCArchive@@PAKH@Z 0043dec0 f i AttemperEngineSink.obj
 0001:0003cec0       ??$SerializeElements@PAUtagDBRequestHead@@@@YGXAAVCArchive@@PAPAUtagDBRequestHead@@H@Z 0043dec0 f i DBCorrespondManager.obj
 0001:0003cec0       ??$SerializeElements@PAVCGamePropertyTypeItem@NGamePropertyListManager@@@@YGXAAVCArchive@@PAPAVCGamePropertyTypeItem@NGamePropertyListManager@@H@Z 0043dec0 f i GamePropertyListManager.obj
 0001:0003cec0       ??$SerializeElements@PAVCGamePageItem@NServerListManager@@@@YGXAAVCArchive@@PAPAVCGamePageItem@NServerListManager@@H@Z 0043dec0 f i ServerListManager.obj
 0001:0003cfd0       ??0?$CMap@KKPAVCGamePropertyItem@NGamePropertyListManager@@AAPAV12@@@QAE@H@Z 0043dfd0 f i GamePropertyListManager.obj
 0001:0003d040       ??0?$CMap@KKPAVCGamePropertyRelatItem@NGamePropertyListManager@@AAPAV12@@@QAE@H@Z 0043e040 f i GamePropertyListManager.obj
 0001:0003d0b0       ??0?$CMap@KKPAVCGamePropertySubItem@NGamePropertyListManager@@AAPAV12@@@QAE@H@Z 0043e0b0 f i GamePropertyListManager.obj
 0001:0003d120       ??0?$CMap@KKPAVCGamePropertyTypeItem@NGamePropertyListManager@@AAPAV12@@@QAE@H@Z 0043e120 f i GamePropertyListManager.obj
 0001:0003d190       ??0?$CWHArray@PAVCGamePropertyItem@NGamePropertyListManager@@ABQAV12@@@QAE@XZ 0043e190 f i GamePropertyListManager.obj
 0001:0003d1e0       ??0?$CWHArray@PAVCGamePropertyRelatItem@NGamePropertyListManager@@ABQAV12@@@QAE@XZ 0043e1e0 f i GamePropertyListManager.obj
 0001:0003d230       ??0?$CWHArray@PAVCGamePropertySubItem@NGamePropertyListManager@@ABQAV12@@@QAE@XZ 0043e230 f i GamePropertyListManager.obj
 0001:0003d280       ??0?$CWHArray@PAVCGamePropertyTypeItem@NGamePropertyListManager@@ABQAV12@@@QAE@XZ 0043e280 f i GamePropertyListManager.obj
 0001:0003d2d0       ??0CAssoc@?$CMap@KKPAVCGamePropertyRelatItem@NGamePropertyListManager@@AAPAV12@@@QAE@K@Z 0043e2d0 f i GamePropertyListManager.obj
 0001:0003d2d0       ??0CAssoc@?$CMap@KKKAAK@@QAE@K@Z 0043e2d0 f i AttemperEngineSink.obj
 0001:0003d2d0       ??0CAssoc@?$CMap@KKPAVCGamePropertySubItem@NGamePropertyListManager@@AAPAV12@@@QAE@K@Z 0043e2d0 f i GamePropertyListManager.obj
 0001:0003d2d0       ??0CAssoc@?$CMap@KK_JAA_J@@QAE@K@Z 0043e2d0 f i TableFrame.obj
 0001:0003d2d0       ??0CAssoc@?$CMap@KKPAVCGamePropertyTypeItem@NGamePropertyListManager@@AAPAV12@@@QAE@K@Z 0043e2d0 f i GamePropertyListManager.obj
 0001:0003d2d0       ??0CAssoc@?$CMap@KKPAVCGamePropertyItem@NGamePropertyListManager@@AAPAV12@@@QAE@K@Z 0043e2d0 f i GamePropertyListManager.obj
 0001:0003d300       ??0CGamePropertyItem@NGamePropertyListManager@@QAE@XZ 0043e300 f   GamePropertyListManager.obj
 0001:0003d340       ??0CGamePropertyListManager@NGamePropertyListManager@@QAE@XZ 0043e340 f   GamePropertyListManager.obj
 0001:0003d460       ??0CGamePropertyRelatItem@NGamePropertyListManager@@QAE@XZ 0043e460 f   GamePropertyListManager.obj
 0001:0003d4a0       ??0CGamePropertySubItem@NGamePropertyListManager@@QAE@XZ 0043e4a0 f   GamePropertyListManager.obj
 0001:0003d4e0       ??0CGamePropertyTypeItem@NGamePropertyListManager@@QAE@XZ 0043e4e0 f   GamePropertyListManager.obj
 0001:0003d520       ??0CPair@?$CMap@KKPAVCGamePropertyRelatItem@NGamePropertyListManager@@AAPAV12@@@IAE@K@Z 0043e520 f i GamePropertyListManager.obj
 0001:0003d520       ??0CPair@?$CMap@KK_JAA_J@@IAE@K@Z 0043e520 f i TableFrame.obj
 0001:0003d520       ??0CPair@?$CMap@KKPAVCGamePropertySubItem@NGamePropertyListManager@@AAPAV12@@@IAE@K@Z 0043e520 f i GamePropertyListManager.obj
 0001:0003d520       ??0?$CW2CWEX@$0IA@@ATL@@QAE@PB_W@Z 0043e520 f i AttemperEngineSink.obj
 0001:0003d520       ??0CPair@?$CMap@KKPAVCGamePropertyItem@NGamePropertyListManager@@AAPAV12@@@IAE@K@Z 0043e520 f i GamePropertyListManager.obj
 0001:0003d520       ??0CPair@?$CMap@KKPAVCGamePropertyTypeItem@NGamePropertyListManager@@AAPAV12@@@IAE@K@Z 0043e520 f i GamePropertyListManager.obj
 0001:0003d520       ??0CPair@?$CMap@KKKAAK@@IAE@K@Z 0043e520 f i AttemperEngineSink.obj
 0001:0003d540       ??1?$CMap@KKPAVCGamePropertyItem@NGamePropertyListManager@@AAPAV12@@@UAE@XZ 0043e540 f i GamePropertyListManager.obj
 0001:0003d5a0       ??1?$CMap@KKPAVCGamePropertyRelatItem@NGamePropertyListManager@@AAPAV12@@@UAE@XZ 0043e5a0 f i GamePropertyListManager.obj
 0001:0003d600       ??1?$CMap@KKPAVCGamePropertySubItem@NGamePropertyListManager@@AAPAV12@@@UAE@XZ 0043e600 f i GamePropertyListManager.obj
 0001:0003d660       ??1?$CMap@KKPAVCGamePropertyTypeItem@NGamePropertyListManager@@AAPAV12@@@UAE@XZ 0043e660 f i GamePropertyListManager.obj
 0001:0003d6c0       ??1?$CWHArray@PAVCGamePropertyItem@NGamePropertyListManager@@ABQAV12@@@UAE@XZ 0043e6c0 f i GamePropertyListManager.obj
 0001:0003d730       ??1?$CWHArray@PAVCGamePropertyRelatItem@NGamePropertyListManager@@ABQAV12@@@UAE@XZ 0043e730 f i GamePropertyListManager.obj
[...]
 0002:0001452c       __tryblocktable$?Reset@CFilterTree@@QAEXXZ 0047852c     SensitiveWordsFilter.obj
 0002:00014540       __ehfuncinfo$?Reset@CFilterTree@@QAEXXZ 00478540     SensitiveWordsFilter.obj
 0002:00014564       __unwindtable$?Filtrate@CSensitiveWordsFilter@@QAE?AV?$CStringT@_WV?$StrTraitMFC_DLL@_WV?$ChTraitsCRT@_W@ATL@@@@@ATL@@PB_WAAH@Z 00478564     SensitiveWordsFilter.obj
 0002:0001456c       __ehfuncinfo$?Filtrate@CSensitiveWordsFilter@@QAE?AV?$CStringT@_WV?$StrTraitMFC_DLL@_WV?$ChTraitsCRT@_W@ATL@@@@@ATL@@PB_WAAH@Z 0047856c     SensitiveWordsFilter.obj
 0002:00014590       __ehfuncinfo$??0CServerListManager@NServerListManager@@QAE@XZ 00478590     ServerListManager.obj
 0002:000145b4       __unwindtable$??0CServerListManager@NServerListManager@@QAE@XZ 004785b4     ServerListManager.obj
 0002:00014604       __catchsym$??1CServerListManager@NServerListManager@@UAE@XZ$39 00478604     ServerListManager.obj
 0002:00014614       __catchsym$??1CServerListManager@NServerListManager@@UAE@XZ$38 00478614     ServerListManager.obj
 0002:00014624       __catchsym$??1CServerListManager@NServerListManager@@UAE@XZ$37 00478624     ServerListManager.obj
 0002:00014634       __catchsym$??1CServerListManager@NServerListManager@@UAE@XZ$36 00478634     ServerListManager.obj
 0002:00014644       __catchsym$??1CServerListManager@NServerListManager@@UAE@XZ$35 00478644     ServerListManager.obj
 0002:00014654       __catchsym$??1CServerListManager@NServerListManager@@UAE@XZ$34 00478654     ServerListManager.obj
 0002:00014664       __catchsym$??1CServerListManager@NServerListManager@@UAE@XZ$33 00478664     ServerListManager.obj
 0002:00014674       __catchsym$??1CServerListManager@NServerListManager@@UAE@XZ$32 00478674     ServerListManager.obj
 0002:00014684       __catchsym$??1CServerListManager@NServerListManager@@UAE@XZ$31 00478684     ServerListManager.obj
 0002:00014694       __catchsym$??1CServerListManager@NServerListManager@@UAE@XZ$30 00478694     ServerListManager.obj
 0002:000146a4       __ehfuncinfo$??1CServerListManager@NServerListManager@@UAE@XZ 004786a4     ServerListManager.obj
 0002:000146c8       __tryblocktable$??1CServerListManager@NServerListManager@@UAE@XZ 004786c8     ServerListManager.obj
 0002:00014790       __unwindtable$??1CServerListManager@NServerListManager@@UAE@XZ 00478790     ServerListManager.obj
 0002:00014880       __catchsym$?InsertGameServer@CServerListManager@NServerListManager@@QAE_NPAUtagGameServer@@@Z$3 00478880     ServerListManager.obj
 0002:00014890       __tryblocktable$?InsertGameServer@CServerListManager@NServerListManager@@QAE_NPAUtagGameServer@@@Z 00478890     ServerListManager.obj
 0002:000148a4       __unwindtable$?InsertGameServer@CServerListManager@NServerListManager@@QAE_NPAUtagGameServer@@@Z 004788a4     ServerListManager.obj
 0002:000148bc       __ehfuncinfo$?InsertGameServer@CServerListManager@NServerListManager@@QAE_NPAUtagGameServer@@@Z 004788bc     ServerListManager.obj
 0002:000148e0       __unwindtable$?CreateInstance@?$CTempldateHelper@UIAttemperEngine@@@@QAE_NXZ 004788e0     ServiceUnits.obj
 0002:000148e0       __unwindtable$?CreateInstance@?$CTempldateHelper@UIPersonalRoomServiceManager@@@@QAE_NXZ 004788e0     ServiceUnits.obj
 0002:000148e0       __unwindtable$?CreateInstance@?$CTempldateHelper@UITimerEngine@@@@QAE_NXZ 004788e0     ServiceUnits.obj
 0002:000148e0       __unwindtable$?CreateInstance@?$CTempldateHelper@UIGameServiceManager@@@@QAE_NXZ 004788e0     GameServerDlg.obj
 0002:000148e0       __unwindtable$?CreateInstance@?$CTempldateHelper@UITCPNetworkEngine@@@@QAE_NXZ 004788e0     ServiceUnits.obj
 0002:000148e0       __unwindtable$?CreateInstance@?$CTempldateHelper@UIMatchServiceManager@@@@QAE_NXZ 004788e0     ServiceUnits.obj
 0002:000148e0       __unwindtable$?CreateInstance@?$CTempldateHelper@UIDataBase@@@@QAE_NXZ 004788e0     DataBaseEngineSink.obj
 0002:000148e0       __unwindtable$?CreateInstance@?$CTempldateHelper@UIDataBaseEngine@@@@QAE_NXZ 004788e0     ServiceUnits.obj
 0002:000148e0       __unwindtable$?CreateInstance@?$CTempldateHelper@UITCPSocketService@@@@QAE_NXZ 004788e0     ServiceUnits.obj
 0002:000148f0       __tryblocktable$?CreateInstance@?$CTempldateHelper@UIDataBaseEngine@@@@QAE_NXZ 004788f0     ServiceUnits.obj
 0002:000148f0       __tryblocktable$?CreateInstance@?$CTempldateHelper@UITCPNetworkEngine@@@@QAE_NXZ 004788f0     ServiceUnits.obj
 0002:000148f0       __tryblocktable$?CreateInstance@?$CTempldateHelper@UIDataBase@@@@QAE_NXZ 004788f0     DataBaseEngineSink.obj
 0002:000148f0       __tryblocktable$?CreateInstance@?$CTempldateHelper@UIGameServiceManager@@@@QAE_NXZ 004788f0     GameServerDlg.obj
 0002:000148f0       __tryblocktable$?CreateInstance@?$CTempldateHelper@UITCPSocketService@@@@QAE_NXZ 004788f0     ServiceUnits.obj
 0002:000148f0       __tryblocktable$?CreateInstance@?$CTempldateHelper@UIPersonalRoomServiceManager@@@@QAE_NXZ 004788f0     ServiceUnits.obj
 0002:000148f0       __tryblocktable$?CreateInstance@?$CTempldateHelper@UIAttemperEngine@@@@QAE_NXZ 004788f0     ServiceUnits.obj
 0002:000148f0       __tryblocktable$?CreateInstance@?$CTempldateHelper@UIMatchServiceManager@@@@QAE_NXZ 004788f0     ServiceUnits.obj
 0002:000148f0       __tryblocktable$?CreateInstance@?$CTempldateHelper@UITimerEngine@@@@QAE_NXZ 004788f0     ServiceUnits.obj
 0002:00014904       __catchsym$?CreateInstance@?$CTempldateHelper@UIPersonalRoomServiceManager@@@@QAE_NXZ$3 00478904     ServiceUnits.obj
 0002:00014904       __catchsym$?CreateInstance@?$CTempldateHelper@UITimerEngine@@@@QAE_NXZ$3 00478904     ServiceUnits.obj
 0002:00014904       __catchsym$?CreateInstance@?$CTempldateHelper@UIMatchServiceManager@@@@QAE_NXZ$3 00478904     ServiceUnits.obj
 0002:00014904       __catchsym$?CreateInstance@?$CTempldateHelper@UIDataBaseEngine@@@@QAE_NXZ$3 00478904     ServiceUnits.obj
 0002:00014904       __catchsym$?CreateInstance@?$CTempldateHelper@UIAttemperEngine@@@@QAE_NXZ$3 00478904     ServiceUnits.obj
 0002:00014904       __catchsym$?CreateInstance@?$CTempldateHelper@UITCPSocketService@@@@QAE_NXZ$3 00478904     ServiceUnits.obj
 0002:00014904       __catchsym$?CreateInstance@?$CTempldateHelper@UITCPNetworkEngine@@@@QAE_NXZ$3 00478904     ServiceUnits.obj
 0002:00014904       __catchsym$?CreateInstance@?$CTempldateHelper@UIGameServiceManager@@@@QAE_NXZ$3 00478904     GameServerDlg.obj
 0002:00014904       __catchsym$?CreateInstance@?$CTempldateHelper@UIDataBase@@@@QAE_NXZ$3 00478904     DataBaseEngineSink.obj
 0002:00014924       __ehfuncinfo$?CreateInstance@?$CTempldateHelper@UITCPNetworkEngine@@@@QAE_NXZ 00478924     ServiceUnits.obj
 0002:00014924       __ehfuncinfo$?CreateInstance@?$CTempldateHelper@UIMatchServiceManager@@@@QAE_NXZ 00478924     ServiceUnits.obj
 0002:00014924       __ehfuncinfo$?CreateInstance@?$CTempldateHelper@UITimerEngine@@@@QAE_NXZ 00478924     ServiceUnits.obj
 0002:00014924       __ehfuncinfo$?CreateInstance@?$CTempldateHelper@UIDataBase@@@@QAE_NXZ 00478924     DataBaseEngineSink.obj
 0002:00014924       __ehfuncinfo$?CreateInstance@?$CTempldateHelper@UIDataBaseEngine@@@@QAE_NXZ 00478924     ServiceUnits.obj
 0002:00014924       __ehfuncinfo$?CreateInstance@?$CTempldateHelper@UIPersonalRoomServiceManager@@@@QAE_NXZ 00478924     ServiceUnits.obj
 0002:00014924       __ehfuncinfo$?CreateInstance@?$CTempldateHelper@UIAttemperEngine@@@@QAE_NXZ 00478924     ServiceUnits.obj
 0002:00014924       __ehfuncinfo$?CreateInstance@?$CTempldateHelper@UIGameServiceManager@@@@QAE_NXZ 00478924     GameServerDlg.obj
 0002:00014924       __ehfuncinfo$?CreateInstance@?$CTempldateHelper@UITCPSocketService@@@@QAE_NXZ 00478924     ServiceUnits.obj
 0002:00014948       __ehfuncinfo$??0CServiceUnits@@QAE@XZ 00478948     ServiceUnits.obj
 0002:0001496c       __unwindtable$??0CServiceUnits@@QAE@XZ 0047896c     ServiceUnits.obj
 0002:00014a04       __catchsym$?LoadDataBaseParameter@CServiceUnits@@QAE_NPB_W0AAUtagDataBaseParameter@@@Z$4 00478a04     ServiceUnits.obj
 0002:00014a14       __tryblocktable$?LoadDataBaseParameter@CServiceUnits@@QAE_NPB_W0AAUtagDataBaseParameter@@@Z 00478a14     ServiceUnits.obj
 0002:00014a28       __unwindtable$?LoadDataBaseParameter@CServiceUnits@@QAE_NPB_W0AAUtagDataBaseParameter@@@Z 00478a28     ServiceUnits.obj
 0002:00014a48       __ehfuncinfo$?LoadDataBaseParameter@CServiceUnits@@QAE_NPB_W0AAUtagDataBaseParameter@@@Z 00478a48     ServiceUnits.obj
 0002:00014a6c       __catchsym$?WritePersonalDissumeInfo@CServiceUnits@@AAE_NXZ$4 00478a6c     ServiceUnits.obj
 0002:00014a7c       __tryblocktable$?WritePersonalDissumeInfo@CServiceUnits@@AAE_NXZ 00478a7c     ServiceUnits.obj
 0002:00014a90       __unwindtable$?WritePersonalDissumeInfo@CServiceUnits@@AAE_NXZ 00478a90     ServiceUnits.obj
 0002:00014ab0       __ehfuncinfo$?WritePersonalDissumeInfo@CServiceUnits@@AAE_NXZ 00478ab0     ServiceUnits.obj
 0002:00014ad4       __catchsym$?UnLockServerUser@CServiceUnits@@AAE_NXZ$4 00478ad4     ServiceUnits.obj
 0002:00014ae4       __tryblocktable$?UnLockServerUser@CServiceUnits@@AAE_NXZ 00478ae4     ServiceUnits.obj
 0002:00014af8       __unwindtable$?UnLockServerUser@CServiceUnits@@AAE_NXZ 00478af8     ServiceUnits.obj
 0002:00014b18       __ehfuncinfo$?UnLockServerUser@CServiceUnits@@AAE_NXZ 00478b18     ServiceUnits.obj
 0002:00014b3c       __unwindtable$?WriteSeverCount@CServiceUnits@@QAEX_N@Z 00478b3c     ServiceUnits.obj
 0002:00014b44       __ehfuncinfo$?WriteSeverCount@CServiceUnits@@QAEX_N@Z 00478b44     ServiceUnits.obj
 0002:00014b68       __unwindtable$?OnUIControlRequest@CServiceUnits@@IAEJIJ@Z 00478b68     ServiceUnits.obj
 0002:00014b70       __ehfuncinfo$?OnUIControlRequest@CServiceUnits@@IAEJIJ@Z 00478b70     ServiceUnits.obj
 0002:00014b94       __ehfuncinfo$??0CTableFrame@@QAE@XZ 00478b94     TableFrame.obj
 0002:00014bb8       __unwindtable$??0CTableFrame@@QAE@XZ 00478bb8     TableFrame.obj
 0002:00014be0       __unwindtable$?ConcludeGame@CTableFrame@@UAE_NEH@Z 00478be0     TableFrame.obj
 0002:00014be8       __ehfuncinfo$?ConcludeGame@CTableFrame@@UAE_NEH@Z 00478be8     TableFrame.obj
 0002:00014c0c       __catchsym$?WriteUserScore@CTableFrame@@UAE_NGAAUtagScoreInfo@@KK@Z$6 00478c0c     TableFrame.obj
 0002:00014c1c       __catchsym$?WriteUserScore@CTableFrame@@UAE_NGAAUtagScoreInfo@@KK@Z$5 00478c1c     TableFrame.obj
 0002:00014c2c       __ehfuncinfo$?WriteUserScore@CTableFrame@@UAE_NGAAUtagScoreInfo@@KK@Z 00478c2c     TableFrame.obj
 0002:00014c50       __tryblocktable$?WriteUserScore@CTableFrame@@UAE_NGAAUtagScoreInfo@@KK@Z 00478c50     TableFrame.obj
 0002:00014c78       __unwindtable$?WriteUserScore@CTableFrame@@UAE_NGAAUtagScoreInfo@@KK@Z 00478c78     TableFrame.obj
 0002:00014ca0       __unwindtable$?SendGameLogData@CTableFrame@@UAE_NV?$CStringT@_WV?$StrTraitMFC_DLL@_WV?$ChTraitsCRT@_W@ATL@@@@@ATL@@@Z 00478ca0     TableFrame.obj
 0002:00014ca8       __ehfuncinfo$?SendGameLogData@CTableFrame@@UAE_NV?$CStringT@_WV?$StrTraitMFC_DLL@_WV?$ChTraitsCRT@_W@ATL@@@@@ATL@@@Z 00478ca8     TableFrame.obj
 0002:00014ccc       __unwindtable$?PerformStandUpAction@CTableFrame@@UAE_NPAUIServerUserItem@@_N@Z 00478ccc     TableFrame.obj
 0002:00014cd4       __ehfuncinfo$?PerformStandUpAction@CTableFrame@@UAE_NPAUIServerUserItem@@_N@Z 00478cd4     TableFrame.obj
 0002:00014cf8       __unwindtable$?PerformSitDownAction@CTableFrame@@UAE_NGPAUIServerUserItem@@PB_WK@Z 00478cf8     TableFrame.obj
 0002:00014d00       __ehfuncinfo$?PerformSitDownAction@CTableFrame@@UAE_NGPAUIServerUserItem@@PB_WK@Z 00478d00     TableFrame.obj
 0002:00014d24       __unwindtable$?InitializationFrame@CTableFrame@@QAE_NGAAUtagTableFrameParameter@@@Z 00478d24     TableFrame.obj
 0002:00014d2c       __ehfuncinfo$?InitializationFrame@CTableFrame@@QAE_NGAAUtagTableFrameParameter@@@Z 00478d2c     TableFrame.obj
 0002:00014da8       __sehtable$?__scrt_common_main_seh@@YAHXZ 00478da8     MSVCRT:exe_wwinmain.obj
 0002:00014dc8       __sehtable$___scrt_is_nonwritable_in_current_image 00478dc8     MSVCRT:utility.obj
 0002:00014de8       __sehtable$??_L@YGXPAXIIP6EX0@Z1@Z 00478de8     MSVCRT:ehvecctr.obj
 0002:00014e08       __sehtable$??_M@YGXPAXIIP6EX0@Z@Z 00478e08     MSVCRT:ehvecdtr.obj
 0002:00014e28       __sehtable$?__ArrayUnwind@@YGXPAXIIP6EX0@Z@Z 00478e28     MSVCRT:ehvecdtr.obj
 0002:00015750       .idata$6                   00479750     mfc140u:mfc140u.dll
 0002:00015a2e       .idata$6                   00479a2e     kernel32:KERNEL32.dll
 0002:00015a90       .idata$6                   00479a90     user32:USER32.dll
 0002:00015a9c       .idata$6                   00479a9c     comctl32:COMCTL32.dll
 0002:00015aca       .idata$6                   00479aca     shlwapi:SHLWAPI.dll
 0002:00015ad6       .idata$6                   00479ad6     oleaut32:OLEAUT32.dll
 0002:00015d46       .idata$6                   00479d46     ServiceCore:ServiceCore.dll
 0002:00015f78       .idata$6                   00479f78     GameService:GameService.dll
 0002:00016674       .idata$6                   0047a674     KernelEngine:KernelEngine.dll
 0002:000166da       .idata$6                   0047a6da     ShareStorageService:ShareStorageService.dll
 0002:00016a9c       .idata$6                   0047aa9c     ModuleManager:ModuleManager.dll
 0002:00016ac2       .idata$6                   0047aac2     DbgHelp:dbghelp.dll
 0002:00016ba0       .idata$6                   0047aba0     vcruntime:VCRUNTIME140.dll
 0002:00016f14       .idata$6                   0047af14     ucrt:api-ms-win-crt-string-l1-1-0.dll
 0002:00016f36       .idata$6                   0047af36     ucrt:api-ms-win-crt-stdio-l1-1-0.dll
 0002:00016f56       .idata$6                   0047af56     ucrt:api-ms-win-crt-filesystem-l1-1-0.dll
 0002:00016f7c       .idata$6                   0047af7c     ucrt:api-ms-win-crt-locale-l1-1-0.dll
 0002:00016f9e       .idata$6                   0047af9e     ucrt:api-ms-win-crt-utility-l1-1-0.dll
 0002:00016fc0       .idata$6                   0047afc0     ucrt:api-ms-win-crt-time-l1-1-0.dll
 0002:00016fe0       .idata$6                   0047afe0     ucrt:api-ms-win-crt-math-l1-1-0.dll
 0002:00017000       .idata$6                   0047b000     ucrt:api-ms-win-crt-convert-l1-1-0.dll
 0002:00017022       .idata$6                   0047b022     ucrt:api-ms-win-crt-runtime-l1-1-0.dll
 0002:00017044       .idata$6                   0047b044     ucrt:api-ms-win-crt-heap-l1-1-0.dll
 0003:00000000       ?PADDING@@3PAEA            0047c000     Stdafx.obj
 0003:00001078       ?g_sResult@@3PADA          0047d078     Log.obj
 0003:00001880       ?g_wsResult@@3PA_WA        0047d880     Log.obj
 0003:00002090       ?g_wsResult@@3PA_WA        0047e090     AttemperEngineSink.obj
 0003:00002894       ?nNewCount@@3HA            0047e894     AttemperEngineSink.obj
 0003:00002898       ?g_wsResult@@3PA_WA        0047e898     DataBaseEngineSink.obj
 0003:0000309c       ?nNewCount@@3HA            0047f09c     DataBaseEngineSink.obj
 0003:000030a8       ?nNewCount@@3HA            0047f0a8     GameServer.obj
 0003:0000317c       ?nNewCount@@3HA            0047f17c     GameServerDlg.obj
 0003:00003180       ?nNewCount@@3HA            0047f180     SensitiveWordsFilter.obj
 0003:00003188       ?g_wsResult@@3PA_WA        0047f188     ServiceUnits.obj
 0003:0000398c       ?nNewCount@@3HA            0047f98c     ServiceUnits.obj
 0003:00003998       ?g_sResult@@3PADA          0047f998     Stdafx.obj
 0003:000041a0       ?g_wsResult@@3PA_WA        004801a0     Stdafx.obj
 0003:000049a4       ?nNewCount@@3HA            004809a4     TableFrame.obj
 0003:000049d8       ?module_local_atexit_table@@3U_onexit_table_t@@A 004809d8     MSVCRT:utility.obj
 0003:000049e4       ?module_local_at_quick_exit_table@@3U_onexit_table_t@@A 004809e4     MSVCRT:utility.obj
 0003:000049f0       ?is_initialized_as_dll@@3_NA 004809f0     MSVCRT:utility.obj
 0003:000049f4       ?_Tss_mutex@@3U_RTL_CRITICAL_SECTION@@A 004809f4     MSVCRT:thread_safe_statics.obj
 0003:00004a0c       ?_Tss_cv@@3U_RTL_CONDITION_VARIABLE@@A 00480a0c     MSVCRT:thread_safe_statics.obj
 0003:00004a10       ?_Tss_event@@3PAXA         00480a10     MSVCRT:thread_safe_statics.obj
 0003:00004a14       ?encoded_sleep_condition_variable_cs@@3P6GHPAU_RTL_CONDITION_VARIABLE@@PAU_RTL_CRITICAL_SECTION@@K@ZA 00480a14     MSVCRT:thread_safe_statics.obj
 0003:00004a18       ?encoded_wake_all_condition_variable@@3P6GXPAU_RTL_CONDITION_VARIABLE@@@ZA 00480a18     MSVCRT:thread_safe_statics.obj
 0003:00004a38       _GS_ExceptionRecord        00480a38     MSVCRT:gs_report.obj
 0003:00004a88       _GS_ContextRecord          00480a88     MSVCRT:gs_report.obj
 0004:00000000       __guard_fids__             00481000     MSVCRT:exe_wwinmain.obj
 0004:00000004       __guard_fids__             00481004     MSVCRT:exe_wwinmain.obj
 0004:00000008       __guard_fids__             00481008     MSVCRT:exe_wwinmain.obj
 0004:0000000c       __guard_fids_?pre_c_initialization@@YAHXZ 0048100c     MSVCRT:exe_wwinmain.obj
 0004:00000014       __guard_fids__             00481014     MSVCRT:std_type_info_static.obj
 0004:00000018       __guard_fids__             00481018     MSVCRT:thread_safe_statics.obj
 0004:0000001c       __guard_fids_?__scrt_initialize_thread_safe_statics@@YAHXZ 0048101c     MSVCRT:thread_safe_statics.obj
 0004:00000020       __guard_fids____scrt_set_unhandled_exception_filter 00481020     MSVCRT:utility_desktop.obj
 0004:00000024       __guard_fids___except_handler4 00481024     MSVCRT:_chandler4gs_.obj
 0004:00000028       __guard_fids__             00481028     MSVCRT:throw_bad_alloc.obj
 0004:00000030       __guard_fids__             00481030     MSVCRT:throw_bad_alloc.obj
 0004:00000038       __guard_fids__             00481038     MSVCRT:throw_bad_alloc.obj
 0004:00000040       __guard_fids__             00481040     MSVCRT:throw_bad_alloc.obj
 0004:00000044       __guard_fids__             00481044     MSVCRT:throw_bad_alloc.obj
 0004:00000048       __guard_fids__             00481048     MSVCRT:throw_bad_alloc.obj
 0004:0000004c       __guard_fids__             0048104c     MSVCRT:throw_bad_alloc.obj
 0004:00000050       __guard_fids__             00481050     MSVCRT:throw_bad_alloc.obj
 0004:00000054       __guard_fids__             00481054     MSVCRT:guard_support.obj
 0004:00000058       __guard_fids__             00481058     mfcs140u:appmodul.obj
 0004:0000005c       __guard_fids_??__E_AtlBaseModule@ATL@@YAXXZ 0048105c     atls:atlbase.obj
 0004:00000060       __guard_fids__             00481060     atls:atlbase.obj
 0004:00000064       __guard_fids__             00481064     comsuppw:comsupp.obj
 0004:00000068       __guard_fids__             00481068     comsuppw:comraise.obj
 0004:0000006c       __guard_fids__             0048106c     comsuppw:comraise.obj
 0004:00000070       __guard_fids__             00481070     comsuppw:comraise.obj
 0006:00000370       $R000000                   00483370     GameServer.res
 0006:00000498       $R000128                   00483498     GameServer.res
 0006:00000780       $R000410                   00483780     GameServer.res
 0006:00000de8       $R000A78                   00483de8     GameServer.res
 0006:00001c90       $R001920                   00484c90     GameServer.res
 0006:00002538       $R0021C8                   00485538     GameServer.res
 0006:00002aa0       $R002730                   00485aa0     GameServer.res
 0006:00005048       $R004CD8                   00488048     GameServer.res
 0006:000060f0       $R005D80                   004890f0     GameServer.res
 0006:00006558       $R0061E8                   00489558     GameServer.res
 0006:000065e0       $R006270                   004895e0     GameServer.res
 0006:000068e0       $R006570                   004898e0     GameServer.res
 0006:00006c18       $R0068A8                   00489c18     GameServer.res
 0006:00006c20       $R0068B0                   00489c20     GameServer.res
