 GameService

 Timestamp is 651e877e (Thu Oct  5 17:53:02 2023)

 Preferred load address is 10000000

 Start         Length     Name                   Class
 0001:00000000 00000060H .text$di                CODE
 0001:00000060 000172a0H .text$mn                CODE
 0001:00017300 00000a40H .text$x                 CODE
 0001:00017d40 00000029H .text$yd                CODE
 0002:00000000 000001b0H .idata$5                DATA
 0002:000001b0 00000004H .00cfg                  DATA
 0002:000001b4 00000004H .CRT$XCA                DATA
 0002:000001b8 00000004H .CRT$XCL                DATA
 0002:000001bc 00000008H .CRT$XCU                DATA
 0002:000001c4 00000004H .CRT$XCZ                DATA
 0002:000001c8 00000004H .CRT$XIA                DATA
 0002:000001cc 00000004H .CRT$XIC                DATA
 0002:000001d0 00000004H .CRT$XIZ                DATA
 0002:000001d4 00000004H .CRT$XLA                DATA
 0002:000001d8 00000004H .CRT$XLZ                DATA
 0002:000001dc 00000004H .CRT$XPA                DATA
 0002:000001e0 00000004H .CRT$XPZ                DATA
 0002:000001e4 00000004H .CRT$XTA                DATA
 0002:000001e8 00000008H .CRT$XTZ                DATA
 0002:000001f0 00002f34H .rdata                  DATA
 0002:00003124 00000018H .rdata$T                DATA
 0002:0000313c 000008e4H .rdata$r                DATA
 0002:00003a20 000000ecH .rdata$sxdata           DATA
 0002:00003b0c 000003d4H .rdata$zzzdbg           DATA
 0002:00003ee0 00000004H .rtc$IAA                DATA
 0002:00003ee4 00000004H .rtc$IZZ                DATA
 0002:00003ee8 00000004H .rtc$TAA                DATA
 0002:00003eec 00000004H .rtc$TZZ                DATA
 0002:00003ef0 00001440H .xdata$x                DATA
 0002:0000532c 00000000H ATL$__a                 DATA
 0002:0000532c 00000000H ATL$__z                 DATA
 0002:00005330 00003adcH .edata                  DATA
 0002:00008e0c 00000118H .idata$2                DATA
 0002:00008f24 00000014H .idata$3                DATA
 0002:00008f38 000001b0H .idata$4                DATA
 0002:000090e8 00000670H .idata$6                DATA
 0003:00000000 000001a8H .data                   DATA
 0003:000001a8 00000510H .data$r                 DATA
 0003:000006b8 00000420H .bss                    DATA
 0004:00000000 00000028H .gfids$y                DATA
 0005:00000000 00000004H .tls                    DATA
 0005:00000004 00000004H .tls$                   DATA
 0005:00000008 00000001H .tls$ZZZ                DATA
 0006:00000000 000000a0H .rsrc$01                DATA
 0006:000000a0 00000528H .rsrc$02                DATA

  Address         Publics by Value              Rva+Base       Lib:Object

 0000:00000000       ___guard_fids_count        00000000     <absolute>
 0000:00000000       ___guard_iat_table         00000000     <absolute>
 0000:00000000       ___guard_iat_count         00000000     <absolute>
 0000:00000000       ___guard_longjmp_count     00000000     <absolute>
 0000:00000000       ___guard_fids_table        00000000     <absolute>
 0000:00000000       ___guard_longjmp_table     00000000     <absolute>
 0000:00000000       ___dynamic_value_reloc_table 00000000     <absolute>
 0000:0000002c       __tls_array                0000002c     <absolute>
 0000:0000003b       ___safe_se_handler_count   0000003b     <absolute>
 0000:00000100       ___guard_flags             00000100     <absolute>
 0000:00000000       ___ImageBase               10000000     <linker-defined>
 0001:00000110       ??0CAndroidUserItem@@QAE@XZ 10001110 f   AndroidUserItem.obj
 0001:000002b0       ??1CAndroidUserItem@@UAE@XZ 100012b0 f   AndroidUserItem.obj
 0001:00000500       ?QueryInterface@CAndroidUserItem@@UAEPAXABU_GUID@@K@Z 10001500 f   AndroidUserItem.obj
 0001:00000580       ?GetUserID@CAndroidUserItem@@UAEKXZ 10001580 f   AndroidUserItem.obj
 0001:000005a0       ?GetTableID@CAndroidUserItem@@UAEGXZ 100015a0 f   AndroidUserItem.obj
 0001:000005d0       ?GetChairID@CAndroidUserItem@@UAEGXZ 100015d0 f   AndroidUserItem.obj
 0001:00000600       ?SetAiHanging@CAndroidUserItem@@UAEX_N@Z 10001600 f   AndroidUserItem.obj
 0001:00000650       ?GetRandomCarryGradeIndex@CAndroidUserItem@@UAEEXZ 10001650 f   AndroidUserItem.obj
 0001:000008a0       ?GetScoreVariationTimes@CAndroidUserItem@@UAE_JXZ 100018a0 f   AndroidUserItem.obj
 0001:00000900       ?SetUserItemInitialCarryScore@CAndroidUserItem@@UAEXK_J@Z 10001900 f   AndroidUserItem.obj
 0001:00000930       ?SetUserItemGameVariationScore@CAndroidUserItem@@UAEXK_J@Z 10001930 f   AndroidUserItem.obj
 0001:000009d0       ?SetAndroidLeaveGrade@CAndroidUserItem@@UAEXG@Z 100019d0 f   AndroidUserItem.obj
 0001:00000a30       ?EfficacyAndroidFreeSameTable@CAndroidUserItem@@UAE_NG@Z 10001a30 f   AndroidUserItem.obj
 0001:00000b20       ?GetMeUserItem@CAndroidUserItem@@UAEPAUIServerUserItem@@XZ 10001b20 f   AndroidUserItem.obj
 0001:00000b40       ?GetTableUserItem@CAndroidUserItem@@UAEPAUIServerUserItem@@G@Z 10001b40 f   AndroidUserItem.obj
 0001:00000bb0       ?GetSitRealUserCount@CAndroidUserItem@@UAEGXZ 10001bb0 f   AndroidUserItem.obj
 0001:00000c90       ?PerformSaveScore@CAndroidUserItem@@UAE_N_J@Z 10001c90 f   AndroidUserItem.obj
 0001:00000d40       ?PerformTakeScore@CAndroidUserItem@@UAE_N_J@Z 10001d40 f   AndroidUserItem.obj
 0001:00000db0       ?SendSocketData@CAndroidUserItem@@UAE_NG@Z 10001db0 f   AndroidUserItem.obj
 0001:00000e30       ?SendSocketData@CAndroidUserItem@@UAE_NGPAXG@Z 10001e30 f   AndroidUserItem.obj
 0001:00000eb0       ?JudgeAndroidActionAndRemove@CAndroidUserItem@@UAE_NG@Z 10001eb0 f   AndroidUserItem.obj
 0001:00000ef0       ?JudgeAndroidGrade@CAndroidUserItem@@UAE_NG@Z 10001ef0 f   AndroidUserItem.obj
 0001:00000f30       ?KillGameTimer@CAndroidUserItem@@UAE_NI@Z 10001f30 f   AndroidUserItem.obj
 0001:00000fd0       ?SetGameTimer@CAndroidUserItem@@UAE_NII@Z 10001fd0 f   AndroidUserItem.obj
 0001:00001140       ?SendUserReady@CAndroidUserItem@@UAE_NPAXG@Z 10002140 f   AndroidUserItem.obj
 0001:000011d0       ?SendChatMessage@CAndroidUserItem@@UAE_NK@Z 100021d0 f   AndroidUserItem.obj
 0001:00001510       ?SendUserExpression@CAndroidUserItem@@UAE_NKG@Z 10002510 f   AndroidUserItem.obj
 0001:000015a0       ?SendLogData@CAndroidUserItem@@UAAXPB_WZZ 100025a0 f   AndroidUserItem.obj
 0001:00001650       ?SendLogData@CAndroidUserItem@@UAEXUtagLogUserInfo@@@Z 10002650 f   AndroidUserItem.obj
 0001:00001690       ?OnTimerPulse@CAndroidUserItem@@QAE_NKI@Z 10002690 f   AndroidUserItem.obj
 0001:00001ac0       ?OnSocketRead@CAndroidUserItem@@QAE_NGGPAXG@Z 10002ac0 f   AndroidUserItem.obj
 0001:00001ba0       ?OnSocketSubLogonFailure@CAndroidUserItem@@IAE_NPAXG@Z 10002ba0 f   AndroidUserItem.obj
 0001:00001bb0       ?OnSocketSubLogonFinish@CAndroidUserItem@@IAE_NPAXG@Z 10002bb0 f   AndroidUserItem.obj
 0001:00001ec0       ?OnSocketSubUserStatus@CAndroidUserItem@@IAE_NPAXG@Z 10002ec0 f   AndroidUserItem.obj
 0001:00002110       ?OnSocketSubSystemMessage@CAndroidUserItem@@IAE_NPAXG@Z 10003110 f   AndroidUserItem.obj
 0001:000021b0       ?OnSocketGameMessage@CAndroidUserItem@@IAE_NGGPAXG@Z 100031b0 f   AndroidUserItem.obj
 0001:00002450       ?StartGameClient@CAndroidUserItem@@IAEXXZ 10003450 f   AndroidUserItem.obj
 0001:00002500       ?CloseGameClient@CAndroidUserItem@@IAEXXZ 10003500 f   AndroidUserItem.obj
 0001:00002550       ?RepositUserItem@CAndroidUserItem@@QAEXXZ 10003550 f   AndroidUserItem.obj
 0001:000027f0       ?EfficacyFreeChatMessage@CAndroidUserItem@@QAE_NXZ 100037f0 f   AndroidUserItem.obj
 0001:00002960       ?RectifyHangingStatus@CAndroidUserItem@@QAE_NAA_N@Z 10003960 f   AndroidUserItem.obj
 0001:00002b80       ?GetCarryGradeIndex@CAndroidUserItem@@UAEEXZ 10003b80 f   AndroidUserItem.obj
 0001:00002bd0       ?GetLeaveGradeIndex@CAndroidUserItem@@QAEEXZ 10003bd0 f   AndroidUserItem.obj
 0001:00002c30       ?ModifySwitchTableRate@CAndroidUserItem@@QAEX_N@Z 10003c30 f   AndroidUserItem.obj
 0001:00002cd0       ??3@YAXPAX0@Z              10003cd0 f i AndroidUserManager.obj
 0001:00002cd0       ??$_Destroy_range1@V?$allocator@UtagPropertyBuff@@@std@@PAUtagPropertyBuff@@@std@@YAXPAUtagPropertyBuff@@0AAU?$_Wrap_alloc@V?$allocator@UtagPropertyBuff@@@std@@@0@U?$integral_constant@_N$00@0@@Z 10003cd0 f i GamePropertyManager.obj
 0001:00002cd0       ?__global_delete@@YAXPAXI@Z 10003cd0 f i AndroidUserItem.obj
 0001:00002cd0       ??$__vcrt_va_start_verify_argument_type@PB_W@@YAXXZ 10003cd0 f i AndroidUserItem.obj
 0001:00002cd0       ?__empty_global_delete@@YAXPAXI@Z 10003cd0 f i AndroidUserItem.obj
 0001:00002ce0       ??$ceil@_J@@YAN_J@Z        10003ce0 f i AndroidUserItem.obj
 0001:00002d10       ??0?$CWHArray@PAUtagTableItem@@ABQAU1@@@QAE@ABV0@@Z 10003d10 f i AndroidUserItem.obj
 0001:00002d60       ??0?$CWHArray@PAUtagTableItem@@ABQAU1@@@QAE@XZ 10003d60 f i AndroidUserItem.obj
 0001:00002da0       ??0?$CWHArray@PAUtagTimerItem@@ABQAU1@@@QAE@ABV0@@Z 10003da0 f i AndroidUserItem.obj
 0001:00002df0       ??0?$CWHArray@PAUtagTimerItem@@ABQAU1@@@QAE@XZ 10003df0 f i AndroidUserItem.obj
 0001:00002e30       ??0CAndroidUserItem@@QAE@ABV0@@Z 10003e30 f i AndroidUserItem.obj
 0001:00002fe0       ??0IAndroidUserItem@@QAE@ABU0@@Z 10003fe0 f i AndroidUserItem.obj
 0001:00003010       ??0IAndroidUserItem@@QAE@XZ 10004010 f i AndroidUserItem.obj
 0001:00003030       ??0IUnknownEx@@QAE@ABU0@@Z 10004030 f i AndroidUserItem.obj
 0001:00003050       ??0IUnknownEx@@QAE@XZ      10004050 f i AndroidUserItem.obj
 0001:00003070       ??0tagAndroidAccountsInfo@@QAE@XZ 10004070 f i AndroidUserItem.obj
 0001:00003090       ??1?$CWHArray@PAUtagTableItem@@ABQAU1@@@UAE@XZ 10004090 f i AndroidUserItem.obj
 0001:000030f0       ??1?$CWHArray@PAUtagTimerItem@@ABQAU1@@@UAE@XZ 100040f0 f i AndroidUserItem.obj
 0001:00003150       ??2@YAPAXIPAX@Z            10004150 f i AndroidUserItem.obj
 0001:00003160       ??4?$CWHArray@UtagPropertyInfo@@ABU1@@@QAEAAV0@ABV0@@Z 10004160 f i GamePropertyManager.obj
 0001:00003160       ??4?$CWHArray@PAUtagTimerItem@@ABQAU1@@@QAEAAV0@ABV0@@Z 10004160 f i AndroidUserItem.obj
 0001:00003160       ??4?$CWHArray@PAUtagTableItem@@ABQAU1@@@QAEAAV0@ABV0@@Z 10004160 f i AndroidUserItem.obj
 0001:000031a0       ??4CAndroidUserItem@@QAEAAV0@ABV0@@Z 100041a0 f i AndroidUserItem.obj
 0001:00003350       ??4IAndroidUserItem@@QAEAAU0@ABU0@@Z 10004350 f i AndroidUserItem.obj
 0001:00003370       ??_ECAndroidUserItem@@UAEPAXI@Z 10004370 f i AndroidUserItem.obj
 0001:00003420       ??_E?$CWHArray@PAUtagTableItem@@ABQAU1@@@UAEPAXI@Z 10004420 f i AndroidUserItem.obj
 0001:00003420       ??_G?$CWHArray@PAUtagTableItem@@ABQAU1@@@UAEPAXI@Z 10004420 f i AndroidUserItem.obj
 0001:00003450       ??_G?$CWHArray@PAUtagTimerItem@@ABQAU1@@@UAEPAXI@Z 10004450 f i AndroidUserItem.obj
 0001:00003450       ??_E?$CWHArray@PAUtagTimerItem@@ABQAU1@@@UAEPAXI@Z 10004450 f i AndroidUserItem.obj
 0001:00003480       ?Append@?$CWHArray@PAUtagTimerItem@@ABQAU1@@@QAEHABV1@@Z 10004480 f i AndroidUserItem.obj
 0001:00003480       ?Append@?$CWHArray@PAVCServerUserItem@@ABQAV1@@@QAEHABV1@@Z 10004480 f i ServerUserManager.obj
 0001:00003520       ?GetAndroidChatType@CAndroidUserItem@@UAEEXZ 10004520 f i AndroidUserItem.obj
 0001:00003540       ?GetBuildVer@@YAEK@Z       10004540 f i AndroidUserItem.obj
 0001:00003560       ?GetGameStatus@CAndroidUserItem@@UAEEXZ 10004560 f i AndroidUserItem.obj
 0001:00003580       ?GetLastChatMessageTickCount@CAndroidUserItem@@UAEKXZ 10004580 f i AndroidUserItem.obj
 0001:000035a0       ?GetLogonFinishTickCount@CAndroidUserItem@@UAEKXZ 100045a0 f i AndroidUserItem.obj
 0001:000035c0       ?GetMainVer@@YAEK@Z        100045c0 f i AndroidUserItem.obj
 0001:000035d0       ?GetProductVer@@YAEK@Z     100045d0 f i AndroidUserItem.obj
 0001:000035f0       ?GetRoomAIParameter@CAndroidUserItem@@UAEPAUtagRoomAIParameter@@XZ 100045f0 f i AndroidUserItem.obj
 0001:00003620       ?GetSubVer@@YAEK@Z         10004620 f i AndroidUserItem.obj
 0001:00003640       ?GetSwitchTableRate@CAndroidUserItem@@UAEGXZ 10004640 f i AndroidUserItem.obj
 0001:00003660       ?InterfaceVersionCompare@@YA_NKK@Z 10004660 f i AndroidUserItem.obj
 0001:00003710       ?IsAiHanging@CAndroidUserItem@@UAE_NXZ 10004710 f i AndroidUserItem.obj
 0001:00003730       ?Release@CAndroidUserItem@@UAEXXZ 10004730 f i AndroidUserItem.obj
 0001:00003770       ?RemoveAll@?$CWHArray@PAVCServerUserItem@@ABQAV1@@@QAEXXZ 10004770 f i ServerUserManager.obj
 0001:00003770       ?RemoveAll@?$CWHArray@PAVCAndroidUserItem@@ABQAV1@@@QAEXXZ 10004770 f i AndroidUserManager.obj
 0001:00003770       ?RemoveAll@?$CWHArray@PAUtagTaskParameter@@ABQAU1@@@QAEXXZ 10004770 f i UserTaskManager.obj
 0001:00003770       ?RemoveAll@?$CWHArray@PAUtagTimerItem@@ABQAU1@@@QAEXXZ 10004770 f i AndroidUserItem.obj
 0001:00003770       ?RemoveAll@?$CWHArray@PAUtagTableItem@@ABQAU1@@@QAEXXZ 10004770 f i AndroidUserItem.obj
 0001:00003770       ?RemoveAll@?$CWHArray@PAUtagAndroidAccountsInfo@@ABQAU1@@@QAEXXZ 10004770 f i AndroidUserManager.obj
 0001:00003770       ?RemoveAll@?$CWHArray@PAUtagAndroidLeaveInfo@@ABQAU1@@@QAEXXZ 10004770 f i AndroidUserManager.obj
 0001:00003770       ?RemoveAll@?$CWHArray@PAUtagUserTaskEntry@@ABQAU1@@@QAEXXZ 10004770 f i UserTaskManager.obj
 0001:000037d0       ?SetAndroidAction@CAndroidUserItem@@UAEXG_N@Z 100047d0 f i AndroidUserItem.obj
 0001:00003840       ?SetAndroidChatType@CAndroidUserItem@@UAEXG@Z 10004840 f i AndroidUserItem.obj
 0001:00003870       ?SetGameStatus@CAndroidUserItem@@UAEXE@Z 10004870 f i AndroidUserItem.obj
 0001:00003890       ?pow@@YAMMM@Z              10004890 f i AndroidUserItem.obj
 0001:000038c0       _==                        100048c0 f i AndroidUserItem.obj
 0001:000038f0       _IsEqualGUID               100048f0 f i AndroidUserItem.obj
 0001:00003930       ___local_stdio_printf_options 10004930 f i AndroidUserItem.obj
 0001:00003940       __vswprintf_s_l            10004940 f i AndroidUserItem.obj
 0001:00003990       _powf                      10004990 f i AndroidUserItem.obj
 0001:000039c0       _vswprintf_s               100049c0 f i AndroidUserItem.obj
 0001:00003b20       ??0CAndroidUserManager@@QAE@XZ 10004b20 f   AndroidUserManager.obj
 0001:00003d00       ??1CAndroidUserManager@@UAE@XZ 10004d00 f   AndroidUserManager.obj
 0001:00003d70       ?QueryInterface@CAndroidUserManager@@UAEPAXABU_GUID@@K@Z 10004d70 f   AndroidUserManager.obj
 0001:00003df0       ?StartService@CAndroidUserManager@@UAE_NXZ 10004df0 f   AndroidUserManager.obj
 0001:00003ea0       ?ConcludeService@CAndroidUserManager@@UAE_NXZ 10004ea0 f   AndroidUserManager.obj
 0001:00004230       ?InitAndroidUser@CAndroidUserManager@@UAE_NAAUtagAndroidUserParameter@@@Z 10005230 f   AndroidUserManager.obj
 0001:00004cc0       ?RemoveAndroidParameter@CAndroidUserManager@@UAE_NXZ 10005cc0 f   AndroidUserManager.obj
 0001:00004fc0       ?AddAndroidParameter@CAndroidUserManager@@UAE_NUtagAndroidParameter@@@Z 10005fc0 f   AndroidUserManager.obj
 0001:00005230       ?InsertAndroidInfo@CAndroidUserManager@@UAE_NQAUtagAndroidAccountsInfo@@GPAUtagGameChatInfo@@@Z 10006230 f   AndroidUserManager.obj
 0001:00005460       ?BindTableFrame@CAndroidUserManager@@UAE_NPAUITableFrame@@G@Z 10006460 f   AndroidUserManager.obj
 0001:000054c0       ?DeleteAndroidUserItem@CAndroidUserManager@@UAE_NK_N@Z 100064c0 f   AndroidUserManager.obj
 0001:000055e0       ?SearchAndroidUserItem@CAndroidUserManager@@UAEPAUIAndroidUserItem@@KK@Z 100065e0 f   AndroidUserManager.obj
 0001:00005660       ?CreateAndroidUserItem@CAndroidUserManager@@UAEPAUIAndroidUserItem@@AAUtagAndroidAccountsInfo@@@Z 10006660 f   AndroidUserManager.obj
 0001:00005a60       ?EnumAndroidUserItem@CAndroidUserManager@@UAEPAUIAndroidUserItem@@G@Z 10006a60 f   AndroidUserManager.obj
 0001:00005aa0       ?SetAndroidInitialCarryScore@CAndroidUserManager@@UAEXKK_J@Z 10006aa0 f   AndroidUserManager.obj
 0001:00005b00       ?SetAndroidGameVariationScore@CAndroidUserManager@@UAEXKK_J@Z 10006b00 f   AndroidUserManager.obj
 0001:00005b60       ?SetMainServiceFrame@CAndroidUserManager@@QAEXPAUIMainServiceFrame@@@Z 10006b60 f   AndroidUserManager.obj
 0001:00005b80       ?GetUserItem@CAndroidUserManager@@UAEPAUIServerUserItem@@GG@Z 10006b80 f   AndroidUserManager.obj
 0001:00005c10       ?OnEventTimerPulse@CAndroidUserManager@@UAE_NKI@Z 10006c10 f   AndroidUserManager.obj
 0001:00006210       ?GetAndroidHangingCount@CAndroidUserManager@@UAEGXZ 10007210 f   AndroidUserManager.obj
 0001:000062a0       ?GetAndroidLoadInfo@CAndroidUserManager@@UAE_NAAK@Z 100072a0 f   AndroidUserManager.obj
 0001:00006480       ?GetAndroidUserInfo@CAndroidUserManager@@UAEGAAUtagAndroidUserInfo@@K@Z 10007480 f   AndroidUserManager.obj
 0001:00006630       ?GetAndroidGradeCount@CAndroidUserManager@@UAEGG@Z 10007630 f   AndroidUserManager.obj
 0001:000066c0       ?SendDataToClient@CAndroidUserManager@@UAE_NGGPAXG@Z 100076c0 f   AndroidUserManager.obj
 0001:00006800       ?SendDataToClient@CAndroidUserManager@@UAE_NKGGPAXG@Z 10007800 f   AndroidUserManager.obj
 0001:00006900       ?SendDataToServer@CAndroidUserManager@@UAE_NKGGPAXG@Z 10007900 f   AndroidUserManager.obj
 0001:00006a20       ?SendLogData@CAndroidUserManager@@UAEXPA_W@Z 10007a20 f   AndroidUserManager.obj
 0001:00006a50       ?SendLogData@CAndroidUserManager@@UAEXUtagLogUserInfo@@@Z 10007a50 f   AndroidUserManager.obj
 0001:00006a90       ?FreeAndroidUserItem@CAndroidUserManager@@IAEXKG@Z 10007a90 f   AndroidUserManager.obj
 0001:00006c80       ?GetAndroidUserItem@CAndroidUserManager@@IAEPAVCAndroidUserItem@@G@Z 10007c80 f   AndroidUserManager.obj
 0001:00006d40       ?ActiveAndroidUserItem@CAndroidUserManager@@IAEPAVCAndroidUserItem@@AAUtagAndroidAccountsInfo@@@Z 10007d40 f   AndroidUserManager.obj
 0001:00007080       ?ActiveAndroidUserInfo@CAndroidUserManager@@IAEPAUtagAndroidAccountsInfo@@AAU2@@Z 10008080 f   AndroidUserManager.obj
 0001:000071e0       ?ForceAndroidUserItemStandup@CAndroidUserManager@@IAEXPAVCAndroidUserItem@@@Z 100081e0 f   AndroidUserManager.obj
 0001:00007280       ?AnalyseAndroidItemArrayLeave@CAndroidUserManager@@IAEXXZ 10008280 f   AndroidUserManager.obj
 0001:00007750       ?AnalyseLeaveGradeListValid@CAndroidUserManager@@IAE_NKV?$list@VSortTop@@V?$allocator@VSortTop@@@std@@@std@@H@Z 10008750 f   AndroidUserManager.obj
 0001:00007830       ?DynamicRectifyUserItemArrayHanging@CAndroidUserManager@@IAEXXZ 10008830 f   AndroidUserManager.obj
 0001:00007ca0       ?InitialAndroidIn@CAndroidUserManager@@IAEXXZ 10008ca0 f   AndroidUserManager.obj
 0001:00007e10       ?EfficacyAndroidInOut@CAndroidUserManager@@IAE_N_N@Z 10008e10 f   AndroidUserManager.obj
 0001:000082d0       ?EfficacyAndroidWaitLeave@CAndroidUserManager@@IAEXXZ 100092d0 f   AndroidUserManager.obj
 0001:00008440       ?GetUniqueCurrentIndex@CAndroidUserManager@@IAEGXZ 10009440 f   AndroidUserManager.obj
 0001:00008510       ??$?0U?$_Wrap_alloc@V?$allocator@U?$_List_node@VSortTop@@PAX@std@@@std@@@std@@$$V@?$_Compressed_pair@U?$_Wrap_alloc@V?$allocator@U?$_List_node@VSortTop@@PAX@std@@@std@@@std@@V?$_List_val@U?$_List_simple_types@VSortTop@@@std@@@2@$00@std@@QAE@U_One_then_variadic_args_t@1@$$QAU?$_Wrap_alloc@V?$allocator@U?$_List_node@VSortTop@@PAX@std@@@std@@@1@@Z 10009510 f i AndroidUserManager.obj
 0001:00008540       ??$?0U?$_Wrap_alloc@V?$allocator@U?$_List_node@VSortTop@@PAX@std@@@std@@@std@@X@?$_List_alloc@U?$_List_base_types@VSortTop@@V?$allocator@VSortTop@@@std@@@std@@@std@@QAE@$$QAU?$_Wrap_alloc@V?$allocator@U?$_List_node@VSortTop@@PAX@std@@@std@@@1@@Z 10009540 f i AndroidUserManager.obj
 0001:00008590       ??$?0U?$_Wrap_alloc@V?$allocator@U?$_List_node@VSortTop@@PAX@std@@@std@@@std@@X@?$_List_buy@VSortTop@@V?$allocator@VSortTop@@@std@@@std@@QAE@$$QAU?$_Wrap_alloc@V?$allocator@U?$_List_node@VSortTop@@PAX@std@@@std@@@1@@Z 10009590 f i AndroidUserManager.obj
 0001:000085c0       ??$?8U?$_List_node@VSortTop@@PAX@std@@U01@@std@@YA_NABV?$allocator@U?$_List_node@VSortTop@@PAX@std@@@0@0@Z 100095c0 f i AndroidUserManager.obj
 0001:000085d0       ??$?8V?$allocator@U?$_List_node@VSortTop@@PAX@std@@@std@@V01@@std@@YA_NABU?$_Wrap_alloc@V?$allocator@U?$_List_node@VSortTop@@PAX@std@@@std@@@0@0@Z 100095d0 f i AndroidUserManager.obj
 0001:000085f0       ??$?9V?$allocator@U?$_List_node@VSortTop@@PAX@std@@@std@@V01@@std@@YA_NABU?$_Wrap_alloc@V?$allocator@U?$_List_node@VSortTop@@PAX@std@@@std@@@0@0@Z 100095f0 f i AndroidUserManager.obj
 0001:00008630       ??$?RAAVSortTop@@AAV0@@?$less@X@std@@QBE_NAAVSortTop@@0@Z 10009630 f i AndroidUserManager.obj
 0001:00008660       ??$CompareElements@KK@@YGHPBK0@Z 10009660 f i AndroidUserManager.obj
 0001:00008660       ??$CompareElements@HH@@YGHPBH0@Z 10009660 f i ServerUserManager.obj
 0001:000086c0       ??$HashKey@H@@YGIH@Z       100096c0 f i ServerUserManager.obj
 0001:000086c0       ??$HashKey@K@@YGIK@Z       100096c0 f i AndroidUserManager.obj
 0001:00008720       ??$_Advance1@V?$_List_iterator@V?$_List_val@U?$_List_simple_types@VSortTop@@@std@@@std@@@std@@H@std@@YAXAAV?$_List_iterator@V?$_List_val@U?$_List_simple_types@VSortTop@@@std@@@std@@@0@HUbidirectional_iterator_tag@0@@Z 10009720 f i AndroidUserManager.obj
 0001:00008760       ??$_Buynode@VSortTop@@@?$_List_buy@VSortTop@@V?$allocator@VSortTop@@@std@@@std@@QAEPAU?$_List_node@VSortTop@@PAX@1@PAU21@0$$QAVSortTop@@@Z 10009760 f i AndroidUserManager.obj
 0001:00008760       ??$_Buynode@ABVSortTop@@@?$_List_buy@VSortTop@@V?$allocator@VSortTop@@@std@@@std@@QAEPAU?$_List_node@VSortTop@@PAX@1@PAU21@0ABVSortTop@@@Z 10009760 f i AndroidUserManager.obj
 0001:00008830       ??$_Insert@VSortTop@@@?$list@VSortTop@@V?$allocator@VSortTop@@@std@@@std@@QAEXV?$_List_unchecked_const_iterator@V?$_List_val@U?$_List_simple_types@VSortTop@@@std@@@std@@U_Iterator_base0@2@@1@$$QAVSortTop@@@Z 10009830 f i AndroidUserManager.obj
 0001:00008830       ??$_Insert@ABVSortTop@@@?$list@VSortTop@@V?$allocator@VSortTop@@@std@@@std@@QAEXV?$_List_unchecked_const_iterator@V?$_List_val@U?$_List_simple_types@VSortTop@@@std@@@std@@U_Iterator_base0@2@@1@ABVSortTop@@@Z 10009830 f i AndroidUserManager.obj
 0001:000088b0       ??$_Insert_range@V?$_List_const_iterator@V?$_List_val@U?$_List_simple_types@VSortTop@@@std@@@std@@@std@@@?$list@VSortTop@@V?$allocator@VSortTop@@@std@@@std@@QAEXV?$_List_unchecked_const_iterator@V?$_List_val@U?$_List_simple_types@VSortTop@@@std@@@std@@U_Iterator_base0@2@@1@V?$_List_const_iterator@V?$_List_val@U?$_List_simple_types@VSortTop@@@std@@@std@@@1@1Uforward_iterator_tag@1@@Z 100098b0 f i AndroidUserManager.obj
 0001:000089a0       ??$_Sort@U?$less@X@std@@@?$list@VSortTop@@V?$allocator@VSortTop@@@std@@@std@@QAE?AV?$_List_iterator@V?$_List_val@U?$_List_simple_types@VSortTop@@@std@@@std@@@1@V21@0AAU?$less@X@1@I@Z 100099a0 f i AndroidUserManager.obj
 0001:00008af0       ??$advance@V?$_List_iterator@V?$_List_val@U?$_List_simple_types@VSortTop@@@std@@@std@@@std@@H@std@@YAXAAV?$_List_iterator@V?$_List_val@U?$_List_simple_types@VSortTop@@@std@@@std@@@0@H@Z 10009af0 f i AndroidUserManager.obj
 0001:00008b20       ??$construct@PAU?$_Tree_node@U?$pair@$$CBKV?$vector@UtagPropertyBuff@@V?$allocator@UtagPropertyBuff@@@std@@@std@@@std@@PAX@std@@AAPAU12@@?$_Wrap_alloc@V?$allocator@U?$_Tree_node@U?$pair@$$CBKV?$vector@UtagPropertyBuff@@V?$allocator@UtagPropertyBuff@@@std@@@std@@@std@@PAX@std@@@std@@@std@@QAEXPAPAU?$_Tree_node@U?$pair@$$CBKV?$vector@UtagPropertyBuff@@V?$allocator@UtagPropertyBuff@@@std@@@std@@@std@@PAX@1@AAPAU21@@Z 10009b20 f i GamePropertyManager.obj
 0001:00008b20       ??$construct@PAU?$_List_node@VSortTop@@PAX@std@@AAPAU12@@?$_Wrap_alloc@V?$allocator@U?$_List_node@VSortTop@@PAX@std@@@std@@@std@@QAEXPAPAU?$_List_node@VSortTop@@PAX@1@AAPAU21@@Z 10009b20 f i AndroidUserManager.obj
 0001:00008b50       ??$construct@PAU?$_Tree_node@U?$pair@$$CBKV?$vector@UtagPropertyBuff@@V?$allocator@UtagPropertyBuff@@@std@@@std@@@std@@PAX@std@@AAPAU12@@?$allocator@U?$_Tree_node@U?$pair@$$CBKV?$vector@UtagPropertyBuff@@V?$allocator@UtagPropertyBuff@@@std@@@std@@@std@@PAX@std@@@std@@QAEXPAPAU?$_Tree_node@U?$pair@$$CBKV?$vector@UtagPropertyBuff@@V?$allocator@UtagPropertyBuff@@@std@@@std@@@std@@PAX@1@AAPAU21@@Z 10009b50 f i GamePropertyManager.obj
 0001:00008b50       ??$construct@PAU?$_List_node@VSortTop@@PAX@std@@AAPAU12@@?$allocator@U?$_List_node@VSortTop@@PAX@std@@@std@@QAEXPAPAU?$_List_node@VSortTop@@PAX@1@AAPAU21@@Z 10009b50 f i AndroidUserManager.obj
 0001:00008ba0       ??$construct@PAU?$_List_node@VSortTop@@PAX@std@@AAPAU12@@?$allocator_traits@V?$allocator@U?$_List_node@VSortTop@@PAX@std@@@std@@@std@@SAXAAV?$allocator@U?$_List_node@VSortTop@@PAX@std@@@1@PAPAU?$_List_node@VSortTop@@PAX@1@AAPAU31@@Z 10009ba0 f i AndroidUserManager.obj
 0001:00008ba0       ??$construct@PAU?$_Tree_node@U?$pair@$$CBKV?$vector@UtagPropertyBuff@@V?$allocator@UtagPropertyBuff@@@std@@@std@@@std@@PAX@std@@AAPAU12@@?$allocator_traits@V?$allocator@U?$_Tree_node@U?$pair@$$CBKV?$vector@UtagPropertyBuff@@V?$allocator@UtagPropertyBuff@@@std@@@std@@@std@@PAX@std@@@std@@@std@@SAXAAV?$allocator@U?$_Tree_node@U?$pair@$$CBKV?$vector@UtagPropertyBuff@@V?$allocator@UtagPropertyBuff@@@std@@@std@@@std@@PAX@std@@@1@PAPAU?$_Tree_node@U?$pair@$$CBKV?$vector@UtagPropertyBuff@@V?$allocator@UtagPropertyBuff@@@std@@@std@@@std@@PAX@1@AAPAU31@@Z 10009ba0 f i GamePropertyManager.obj
 0001:00008bc0       ??$construct@VSortTop@@V1@@?$_Wrap_alloc@V?$allocator@U?$_List_node@VSortTop@@PAX@std@@@std@@@std@@QAEXPAVSortTop@@$$QAV2@@Z 10009bc0 f i AndroidUserManager.obj
 0001:00008bc0       ??$construct@VSortTop@@ABV1@@?$_Wrap_alloc@V?$allocator@U?$_List_node@VSortTop@@PAX@std@@@std@@@std@@QAEXPAVSortTop@@ABV2@@Z 10009bc0 f i AndroidUserManager.obj
 0001:00008bf0       ??$construct@VSortTop@@ABV1@@?$allocator@U?$_List_node@VSortTop@@PAX@std@@@std@@QAEXPAVSortTop@@ABV2@@Z 10009bf0 f i AndroidUserManager.obj
 0001:00008bf0       ??$construct@VSortTop@@V1@@?$allocator@U?$_List_node@VSortTop@@PAX@std@@@std@@QAEXPAVSortTop@@$$QAV2@@Z 10009bf0 f i AndroidUserManager.obj
 0001:00008c50       ??$construct@VSortTop@@V1@@?$allocator_traits@V?$allocator@U?$_List_node@VSortTop@@PAX@std@@@std@@@std@@SAXAAV?$allocator@U?$_List_node@VSortTop@@PAX@std@@@1@PAVSortTop@@$$QAV3@@Z 10009c50 f i AndroidUserManager.obj
 0001:00008c50       ??$construct@VSortTop@@ABV1@@?$allocator_traits@V?$allocator@U?$_List_node@VSortTop@@PAX@std@@@std@@@std@@SAXAAV?$allocator@U?$_List_node@VSortTop@@PAX@std@@@1@PAVSortTop@@ABV3@@Z 10009c50 f i AndroidUserManager.obj
 0001:00008c70       ??$destroy@PAU?$_List_node@VSortTop@@PAX@std@@@?$_Wrap_alloc@V?$allocator@U?$_List_node@VSortTop@@PAX@std@@@std@@@std@@QAEXPAPAU?$_List_node@VSortTop@@PAX@1@@Z 10009c70 f i AndroidUserManager.obj
 0001:00008c70       ??$destroy@PAU?$_Tree_node@U?$pair@$$CBKV?$vector@UtagPropertyBuff@@V?$allocator@UtagPropertyBuff@@@std@@@std@@@std@@PAX@std@@@?$_Wrap_alloc@V?$allocator@U?$_Tree_node@U?$pair@$$CBKV?$vector@UtagPropertyBuff@@V?$allocator@UtagPropertyBuff@@@std@@@std@@@std@@PAX@std@@@std@@@std@@QAEXPAPAU?$_Tree_node@U?$pair@$$CBKV?$vector@UtagPropertyBuff@@V?$allocator@UtagPropertyBuff@@@std@@@std@@@std@@PAX@1@@Z 10009c70 f i GamePropertyManager.obj
 0001:00008c90       ??$destroy@PAU?$_List_node@VSortTop@@PAX@std@@@?$allocator_traits@V?$allocator@U?$_List_node@VSortTop@@PAX@std@@@std@@@std@@SAXAAV?$allocator@U?$_List_node@VSortTop@@PAX@std@@@1@PAPAU?$_List_node@VSortTop@@PAX@1@@Z 10009c90 f i AndroidUserManager.obj
 0001:00008c90       ??$destroy@PAU?$_Tree_node@U?$pair@$$CBKV?$vector@UtagPropertyBuff@@V?$allocator@UtagPropertyBuff@@@std@@@std@@@std@@PAX@std@@@?$allocator_traits@V?$allocator@U?$_Tree_node@U?$pair@$$CBKV?$vector@UtagPropertyBuff@@V?$allocator@UtagPropertyBuff@@@std@@@std@@@std@@PAX@std@@@std@@@std@@SAXAAV?$allocator@U?$_Tree_node@U?$pair@$$CBKV?$vector@UtagPropertyBuff@@V?$allocator@UtagPropertyBuff@@@std@@@std@@@std@@PAX@std@@@1@PAPAU?$_Tree_node@U?$pair@$$CBKV?$vector@UtagPropertyBuff@@V?$allocator@UtagPropertyBuff@@@std@@@std@@@std@@PAX@1@@Z 10009c90 f i GamePropertyManager.obj
 0001:00008cb0       ??$destroy@VSortTop@@@?$_Wrap_alloc@V?$allocator@U?$_List_node@VSortTop@@PAX@std@@@std@@@std@@QAEXPAVSortTop@@@Z 10009cb0 f i AndroidUserManager.obj
 0001:00008cd0       ??$destroy@VSortTop@@@?$allocator@U?$_List_node@VSortTop@@PAX@std@@@std@@QAEXPAVSortTop@@@Z 10009cd0 f i AndroidUserManager.obj
 0001:00008cf0       ??$destroy@VSortTop@@@?$allocator_traits@V?$allocator@U?$_List_node@VSortTop@@PAX@std@@@std@@@std@@SAXAAV?$allocator@U?$_List_node@VSortTop@@PAX@std@@@1@PAVSortTop@@@Z 10009cf0 f i AndroidUserManager.obj
 0001:00008d10       ??$insert@V?$_List_const_iterator@V?$_List_val@U?$_List_simple_types@VSortTop@@@std@@@std@@@std@@@?$list@VSortTop@@V?$allocator@VSortTop@@@std@@@std@@QAE?AV?$_List_iterator@V?$_List_val@U?$_List_simple_types@VSortTop@@@std@@@std@@@1@V?$_List_const_iterator@V?$_List_val@U?$_List_simple_types@VSortTop@@@std@@@std@@@1@00@Z 10009d10 f i AndroidUserManager.obj
 0001:00008de0       ??$next@V?$_List_iterator@V?$_List_val@U?$_List_simple_types@VSortTop@@@std@@@std@@@std@@@std@@YA?AV?$_List_iterator@V?$_List_val@U?$_List_simple_types@VSortTop@@@std@@@std@@@0@V10@H@Z 10009de0 f i AndroidUserManager.obj
 0001:00008e00       ??$sort@U?$less@X@std@@@?$list@VSortTop@@V?$allocator@VSortTop@@@std@@@std@@QAEXU?$less@X@1@@Z 10009e00 f i AndroidUserManager.obj
 0001:00008e50       ??0?$CMap@KKPAVCAndroidUserItem@@PAV1@@@QAE@H@Z 10009e50 f i AndroidUserManager.obj
 0001:00008eb0       ??0?$CWHArray@PAUtagAndroidAccountsInfo@@ABQAU1@@@QAE@XZ 10009eb0 f i AndroidUserManager.obj
 0001:00008ef0       ??0?$CWHArray@PAUtagAndroidLeaveInfo@@ABQAU1@@@QAE@XZ 10009ef0 f i AndroidUserManager.obj
 0001:00008f30       ??0?$CWHArray@PAVCAndroidUserItem@@ABQAV1@@@QAE@XZ 10009f30 f i AndroidUserManager.obj
 0001:00008f70       ??0?$_List_alloc@U?$_List_base_types@VSortTop@@V?$allocator@VSortTop@@@std@@@std@@@std@@QAE@XZ 10009f70 f i AndroidUserManager.obj
 0001:00008fb0       ??0?$_List_buy@VSortTop@@V?$allocator@VSortTop@@@std@@@std@@QAE@XZ 10009fb0 f i AndroidUserManager.obj
 0001:00008fd0       ??0?$_List_unchecked_iterator@V?$_List_val@U?$_List_simple_types@VSortTop@@@std@@@std@@@std@@QAE@PAU?$_List_node@VSortTop@@PAX@1@PBV?$_List_val@U?$_List_simple_types@VSortTop@@@std@@@1@@Z 10009fd0 f i AndroidUserManager.obj
 0001:00008fd0       ??0?$_List_const_iterator@V?$_List_val@U?$_List_simple_types@VSortTop@@@std@@@std@@@std@@QAE@PAU?$_List_node@VSortTop@@PAX@1@PBV?$_List_val@U?$_List_simple_types@VSortTop@@@std@@@1@@Z 10009fd0 f i AndroidUserManager.obj
 0001:00008fd0       ??0?$_Tree_const_iterator@V?$_Tree_val@U?$_Tree_simple_types@U?$pair@$$CBKV?$vector@UtagPropertyBuff@@V?$allocator@UtagPropertyBuff@@@std@@@std@@@std@@@std@@@std@@@std@@QAE@PAU?$_Tree_node@U?$pair@$$CBKV?$vector@UtagPropertyBuff@@V?$allocator@UtagPropertyBuff@@@std@@@std@@@std@@PAX@1@PBV?$_Tree_val@U?$_Tree_simple_types@U?$pair@$$CBKV?$vector@UtagPropertyBuff@@V?$allocator@UtagPropertyBuff@@@std@@@std@@@std@@@std@@@1@@Z 10009fd0 f i GamePropertyManager.obj
 0001:00008ff0       ??0?$_Tree_val@U?$_Tree_simple_types@U?$pair@$$CBKV?$vector@UtagPropertyBuff@@V?$allocator@UtagPropertyBuff@@@std@@@std@@@std@@@std@@@std@@QAE@XZ 10009ff0 f i GamePropertyManager.obj
 0001:00008ff0       ??0?$_List_val@U?$_List_simple_types@VSortTop@@@std@@@std@@QAE@XZ 10009ff0 f i AndroidUserManager.obj
 0001:00009020       ??0?$_Wrap_alloc@V?$allocator@UtagPropertyBuff@@@std@@@std@@QAE@$$QAU01@@Z 1000a020 f i GamePropertyManager.obj
 0001:00009020       ??0?$_Wrap_alloc@V?$allocator@U?$_List_node@VSortTop@@PAX@std@@@std@@@std@@QAE@$$QAU01@@Z 1000a020 f i AndroidUserManager.obj
 0001:00009020       ??$?0V?$allocator@UtagPropertyBuff@@@std@@@?$_Wrap_alloc@V?$allocator@UtagPropertyBuff@@@std@@@std@@QAE@$$QAV?$allocator@UtagPropertyBuff@@@1@@Z 1000a020 f i GamePropertyManager.obj
 0001:00009020       ??$?0V?$allocator@U?$_List_node@VSortTop@@PAX@std@@@std@@@?$_Wrap_alloc@V?$allocator@U?$_List_node@VSortTop@@PAX@std@@@std@@@std@@QAE@$$QAV?$allocator@U?$_List_node@VSortTop@@PAX@std@@@1@@Z 1000a020 f i AndroidUserManager.obj
 0001:00009050       ??0?$tuple@$$V@std@@QAE@ABV01@@Z 1000a050 f i GamePropertyManager.obj
 0001:00009050       ??4IUnknownEx@@QAEAAU0@ABU0@@Z 1000a050 f i AndroidUserItem.obj
 0001:00009050       ??0?$allocator@UtagPropertyBuff@@@std@@QAE@ABV01@@Z 1000a050 f i GamePropertyManager.obj
 0001:00009050       ??0?$allocator@U?$_List_node@VSortTop@@PAX@std@@@std@@QAE@ABV01@@Z 1000a050 f i AndroidUserManager.obj
 0001:00009050       ??$?0U_Exact_args_t@std@@$0A@@?$tuple@$$V@std@@QAE@U_Exact_args_t@1@@Z 1000a050 f i GamePropertyManager.obj
 0001:00009060       ??0?$list@VSortTop@@V?$allocator@VSortTop@@@std@@@std@@QAE@ABV01@@Z 1000a060 f i AndroidUserManager.obj
 0001:00009150       ??0?$list@VSortTop@@V?$allocator@VSortTop@@@std@@@std@@QAE@XZ 1000a150 f i AndroidUserManager.obj
 0001:00009170       ??0CPair@?$CMap@KKPAVCServerUserItem@@PAV1@@@IAE@K@Z 1000a170 f i ServerUserManager.obj
 0001:00009170       ??0CPair@?$CMap@KKPAVCAndroidUserItem@@PAV1@@@IAE@K@Z 1000a170 f i AndroidUserManager.obj
 0001:00009170       ??0CPair@?$CMap@KKPAUtagUserTaskEntry@@PAU1@@@IAE@K@Z 1000a170 f i UserTaskManager.obj
 0001:00009170       ??0CPair@?$CMap@HHPAUtagGameDataItem@@AAPAU1@@@IAE@H@Z 1000a170 f i ServerUserManager.obj
 0001:00009190       ??0IAndroidUserManager@@QAE@XZ 1000a190 f i AndroidUserManager.obj
 0001:000091b0       ??0SortTop@@QAE@K_J@Z      1000a1b0 f i AndroidUserManager.obj
 0001:000091e0       ??0tagRoomAIParameter@@QAE@XZ 1000a1e0 f i AndroidUserManager.obj
 0001:00009ad0       ??1?$CMap@KKPAVCAndroidUserItem@@PAV1@@@UAE@XZ 1000aad0 f i AndroidUserManager.obj
 0001:00009b20       ??1?$CWHArray@PAUtagAndroidAccountsInfo@@ABQAU1@@@UAE@XZ 1000ab20 f i AndroidUserManager.obj
 0001:00009b80       ??1?$CWHArray@PAUtagAndroidLeaveInfo@@ABQAU1@@@UAE@XZ 1000ab80 f i AndroidUserManager.obj
 0001:00009be0       ??1?$CWHArray@PAVCAndroidUserItem@@ABQAV1@@@UAE@XZ 1000abe0 f i AndroidUserManager.obj
 0001:00009c40       ??1?$_List_alloc@U?$_List_base_types@VSortTop@@V?$allocator@VSortTop@@@std@@@std@@@std@@QAE@XZ 1000ac40 f i AndroidUserManager.obj
 0001:00009c90       ??1?$_List_buy@VSortTop@@V?$allocator@VSortTop@@@std@@@std@@QAE@XZ 1000ac90 f i AndroidUserManager.obj
 0001:00009cb0       ??1?$list@VSortTop@@V?$allocator@VSortTop@@@std@@@std@@QAE@XZ 1000acb0 f i AndroidUserManager.obj
 0001:00009d00       ??3CObject@@SGXPAX@Z       1000ad00 f i AndroidUserManager.obj
 0001:00009d20       ??8?$_Tree_const_iterator@V?$_Tree_val@U?$_Tree_simple_types@U?$pair@$$CBKV?$vector@UtagPropertyBuff@@V?$allocator@UtagPropertyBuff@@@std@@@std@@@std@@@std@@@std@@@std@@QBE_NABV01@@Z 1000ad20 f i GamePropertyManager.obj
 0001:00009d20       ??8?$_List_const_iterator@V?$_List_val@U?$_List_simple_types@VSortTop@@@std@@@std@@@std@@QBE_NABV01@@Z 1000ad20 f i AndroidUserManager.obj
 0001:00009d50       ??A?$CMap@HHPAUtagGameDataItem@@AAPAU1@@@QAEAAPAUtagGameDataItem@@H@Z 1000ad50 f i ServerUserManager.obj
 0001:00009d50       ??A?$CMap@KKPAVCServerUserItem@@PAV1@@@QAEAAPAVCServerUserItem@@K@Z 1000ad50 f i ServerUserManager.obj
 0001:00009d50       ??A?$CMap@KKPAUtagUserTaskEntry@@PAU1@@@QAEAAPAUtagUserTaskEntry@@K@Z 1000ad50 f i UserTaskManager.obj
 0001:00009d50       ??A?$CMap@KKPAVCAndroidUserItem@@PAV1@@@QAEAAPAVCAndroidUserItem@@K@Z 1000ad50 f i AndroidUserManager.obj
 0001:00009e10       ??A?$CWHArray@PAVCServerUserItem@@ABQAV1@@@QAEAAPAVCServerUserItem@@H@Z 1000ae10 f i ServerUserManager.obj
 0001:00009e10       ??A?$CWHArray@PAUtagTimerItem@@ABQAU1@@@QAEAAPAUtagTimerItem@@H@Z 1000ae10 f i AndroidUserItem.obj
 0001:00009e10       ??A?$CWHArray@PAVCAndroidUserItem@@ABQAV1@@@QAEAAPAVCAndroidUserItem@@H@Z 1000ae10 f i AndroidUserManager.obj
 0001:00009e10       ??A?$CWHArray@PAUtagTaskParameter@@ABQAU1@@@QAEAAPAUtagTaskParameter@@H@Z 1000ae10 f i UserTaskManager.obj
 0001:00009e10       ??A?$CWHArray@PAUtagAndroidAccountsInfo@@ABQAU1@@@QAEAAPAUtagAndroidAccountsInfo@@H@Z 1000ae10 f i AndroidUserManager.obj
 0001:00009e10       ??A?$CWHArray@PAUtagAndroidLeaveInfo@@ABQAU1@@@QAEAAPAUtagAndroidLeaveInfo@@H@Z 1000ae10 f i AndroidUserManager.obj
 0001:00009e10       ??A?$CWHArray@PAUtagUserTaskEntry@@ABQAU1@@@QAEAAPAUtagUserTaskEntry@@H@Z 1000ae10 f i UserTaskManager.obj
 0001:00009e10       ??A?$CWHArray@PAUtagTableItem@@ABQAU1@@@QAEAAPAUtagTableItem@@H@Z 1000ae10 f i AndroidUserItem.obj
 0001:00009e30       ??D?$_List_const_iterator@V?$_List_val@U?$_List_simple_types@VSortTop@@@std@@@std@@@std@@QBEABVSortTop@@XZ 1000ae30 f i AndroidUserManager.obj
 0001:00009e50       ??D?$_List_iterator@V?$_List_val@U?$_List_simple_types@VSortTop@@@std@@@std@@@std@@QBEAAVSortTop@@XZ 1000ae50 f i AndroidUserManager.obj
 0001:00009e70       ??E?$_List_const_iterator@V?$_List_val@U?$_List_simple_types@VSortTop@@@std@@@std@@@std@@QAEAAV01@XZ 1000ae70 f i AndroidUserManager.obj
 0001:00009ea0       ??E?$_List_iterator@V?$_List_val@U?$_List_simple_types@VSortTop@@@std@@@std@@@std@@QAE?AV01@H@Z 1000aea0 f i AndroidUserManager.obj
 0001:00009ed0       ??E?$_List_iterator@V?$_List_val@U?$_List_simple_types@VSortTop@@@std@@@std@@@std@@QAEAAV01@XZ 1000aed0 f i AndroidUserManager.obj
 0001:00009ef0       ??F?$_List_unchecked_const_iterator@V?$_List_val@U?$_List_simple_types@VSortTop@@@std@@@std@@U_Iterator_base0@2@@std@@QAEAAV01@XZ 1000aef0 f i AndroidUserManager.obj
 0001:00009ef0       ??F?$_List_const_iterator@V?$_List_val@U?$_List_simple_types@VSortTop@@@std@@@std@@@std@@QAEAAV01@XZ 1000aef0 f i AndroidUserManager.obj
 0001:00009f20       ??F?$_List_iterator@V?$_List_val@U?$_List_simple_types@VSortTop@@@std@@@std@@@std@@QAEAAV01@XZ 1000af20 f i AndroidUserManager.obj
 0001:00009f40       ??MSortTop@@QAE_NV0@@Z     1000af40 f i AndroidUserManager.obj
 0001:00009f90       ??_ECAndroidUserManager@@UAEPAXI@Z 1000af90 f i AndroidUserManager.obj
 0001:0000a040       ??_G?$CMap@KKPAVCAndroidUserItem@@PAV1@@@UAEPAXI@Z 1000b040 f i AndroidUserManager.obj
 0001:0000a040       ??_E?$CMap@KKPAVCAndroidUserItem@@PAV1@@@UAEPAXI@Z 1000b040 f i AndroidUserManager.obj
 0001:0000a090       ??_E?$CWHArray@PAUtagAndroidAccountsInfo@@ABQAU1@@@UAEPAXI@Z 1000b090 f i AndroidUserManager.obj
 0001:0000a090       ??_G?$CWHArray@PAUtagAndroidAccountsInfo@@ABQAU1@@@UAEPAXI@Z 1000b090 f i AndroidUserManager.obj
 0001:0000a0c0       ??_E?$CWHArray@PAUtagAndroidLeaveInfo@@ABQAU1@@@UAEPAXI@Z 1000b0c0 f i AndroidUserManager.obj
 0001:0000a0c0       ??_G?$CWHArray@PAUtagAndroidLeaveInfo@@ABQAU1@@@UAEPAXI@Z 1000b0c0 f i AndroidUserManager.obj
 0001:0000a0f0       ??_G?$CWHArray@PAVCAndroidUserItem@@ABQAV1@@@UAEPAXI@Z 1000b0f0 f i AndroidUserManager.obj
 0001:0000a0f0       ??_E?$CWHArray@PAVCAndroidUserItem@@ABQAV1@@@UAEPAXI@Z 1000b0f0 f i AndroidUserManager.obj
 0001:0000a120       ??_GSortTop@@QAEPAXI@Z     1000b120 f i AndroidUserManager.obj
 0001:0000a150       ?ElementAt@?$CWHArray@PAUtagTaskParameter@@ABQAU1@@@QAEAAPAUtagTaskParameter@@H@Z 1000b150 f i UserTaskManager.obj
 0001:0000a150       ?ElementAt@?$CWHArray@PAUtagUserTaskEntry@@ABQAU1@@@QAEAAPAUtagUserTaskEntry@@H@Z 1000b150 f i UserTaskManager.obj
 0001:0000a150       ?ElementAt@?$CWHArray@PAVCServerUserItem@@ABQAV1@@@QAEAAPAVCServerUserItem@@H@Z 1000b150 f i ServerUserManager.obj
 0001:0000a150       ?ElementAt@?$CWHArray@PAUtagAndroidLeaveInfo@@ABQAU1@@@QAEAAPAUtagAndroidLeaveInfo@@H@Z 1000b150 f i AndroidUserManager.obj
 0001:0000a150       ?ElementAt@?$CWHArray@PAUtagAndroidAccountsInfo@@ABQAU1@@@QAEAAPAUtagAndroidAccountsInfo@@H@Z 1000b150 f i AndroidUserManager.obj
 0001:0000a150       ?ElementAt@?$CWHArray@PAUtagTimerItem@@ABQAU1@@@QAEAAPAUtagTimerItem@@H@Z 1000b150 f i AndroidUserItem.obj
 0001:0000a150       ?ElementAt@?$CWHArray@PAUtagTableItem@@ABQAU1@@@QAEAAPAUtagTableItem@@H@Z 1000b150 f i AndroidUserItem.obj
 0001:0000a150       ?ElementAt@?$CWHArray@PAVCAndroidUserItem@@ABQAV1@@@QAEAAPAVCAndroidUserItem@@H@Z 1000b150 f i AndroidUserManager.obj
 0001:0000a180       ?EnsureRead@CArchive@@QAEXPAXI@Z 1000b180 f i AndroidUserManager.obj
 0001:0000a1c0       ?FreeAssoc@?$CMap@KKPAUtagUserTaskEntry@@PAU1@@@IAEXPAVCAssoc@1@@Z 1000b1c0 f i UserTaskManager.obj
 0001:0000a1c0       ?FreeAssoc@?$CMap@KKPAVCAndroidUserItem@@PAV1@@@IAEXPAVCAssoc@1@@Z 1000b1c0 f i AndroidUserManager.obj
 0001:0000a1c0       ?FreeAssoc@?$CMap@KKPAVCServerUserItem@@PAV1@@@IAEXPAVCAssoc@1@@Z 1000b1c0 f i ServerUserManager.obj
 0001:0000a210       ?GetAndroidCount@CAndroidUserManager@@UAEGXZ 1000b210 f i AndroidUserManager.obj
 0001:0000a230       ?GetAndroidParameter@CAndroidUserManager@@UAEPAUtagAndroidParameter@@XZ 1000b230 f i AndroidUserManager.obj
 0001:0000a230       ?data@CPlex@@QAEPAXXZ      1000b230 f i AndroidUserManager.obj
 0001:0000a230       ?GetUserInfo@CServerUserItem@@UAEPAUtagUserInfo@@XZ 1000b230 f i ServerUserManager.obj
 0001:0000a250       ?GetAndroidStock@CAndroidUserManager@@UAEGXZ 1000b250 f i AndroidUserManager.obj
 0001:0000a270       ?GetAssocAt@?$CMap@KKPAVCAndroidUserItem@@PAV1@@@IBEPAVCAssoc@1@KAAI0@Z 1000b270 f i AndroidUserManager.obj
 0001:0000a270       ?GetAssocAt@?$CMap@HHPAUtagGameDataItem@@AAPAU1@@@IBEPAVCAssoc@1@HAAI0@Z 1000b270 f i ServerUserManager.obj
 0001:0000a270       ?GetAssocAt@?$CMap@KKPAUtagUserTaskEntry@@PAU1@@@IBEPAVCAssoc@1@KAAI0@Z 1000b270 f i UserTaskManager.obj
 0001:0000a270       ?GetAssocAt@?$CMap@KKPAVCServerUserItem@@PAV1@@@IBEPAVCAssoc@1@KAAI0@Z 1000b270 f i ServerUserManager.obj
 0001:0000a300       ?GetGameChatInfo@CAndroidUserManager@@UAEPAUtagGameChatInfo@@XZ 1000b300 f i AndroidUserManager.obj
 0001:0000a320       ?GetGameMatchOption@CAndroidUserManager@@UAEPAUtagGameMatchOption@@XZ 1000b320 f i AndroidUserManager.obj
 0001:0000a340       ?GetGameServiceAttrib@CAndroidUserManager@@UAEPAUtagGameServiceAttrib@@XZ 1000b340 f i AndroidUserManager.obj
 0001:0000a360       ?GetGameServiceOption@CAndroidUserManager@@UAEPAUtagGameServiceOption@@XZ 1000b360 f i AndroidUserManager.obj
 0001:0000a380       ?GetNextAssoc@?$CMap@KKPAVCAndroidUserItem@@PAV1@@@QBEXAAPAU__POSITION@@AAKAAPAVCAndroidUserItem@@@Z 1000b380 f i AndroidUserManager.obj
 0001:0000a380       ?GetNextAssoc@?$CMap@KKPAUtagUserTaskEntry@@PAU1@@@QBEXAAPAU__POSITION@@AAKAAPAUtagUserTaskEntry@@@Z 1000b380 f i UserTaskManager.obj
 0001:0000a380       ?GetNextAssoc@?$CMap@HHPAUtagGameDataItem@@AAPAU1@@@QBEXAAPAU__POSITION@@AAHAAPAUtagGameDataItem@@@Z 1000b380 f i ServerUserManager.obj
 0001:0000a4d0       ?GetRoomAIParameter@CAndroidUserManager@@UAEPAUtagRoomAIParameter@@XZ 1000b4d0 f i AndroidUserManager.obj
 0001:0000a4f0       ?GetStartPosition@?$CMap@KKPAUtagUserTaskEntry@@PAU1@@@QBEPAU__POSITION@@XZ 1000b4f0 f i UserTaskManager.obj
 0001:0000a4f0       ?GetStartPosition@?$CMap@HHPAUtagGameDataItem@@AAPAU1@@@QBEPAU__POSITION@@XZ 1000b4f0 f i ServerUserManager.obj
 0001:0000a4f0       ?GetStartPosition@?$CMap@KKPAVCAndroidUserItem@@PAV1@@@QBEPAU__POSITION@@XZ 1000b4f0 f i AndroidUserManager.obj
 0001:0000a4f0       ?GetStartPosition@?$CMap@GGPAUtagTaskParameter@@PAU1@@@QBEPAU__POSITION@@XZ 1000b4f0 f i UserTaskManager.obj
 0001:0000a520       ?InitHashTable@?$CMap@KKPAVCAndroidUserItem@@PAV1@@@QAEXIH@Z 1000b520 f i AndroidUserManager.obj
 0001:0000a520       ?InitHashTable@?$CMap@HHPAUtagGameDataItem@@AAPAU1@@@QAEXIH@Z 1000b520 f i ServerUserManager.obj
 0001:0000a520       ?InitHashTable@?$CMap@KKPAUtagUserTaskEntry@@PAU1@@@QAEXIH@Z 1000b520 f i UserTaskManager.obj
 0001:0000a520       ?InitHashTable@?$CMap@KKPAVCServerUserItem@@PAV1@@@QAEXIH@Z 1000b520 f i ServerUserManager.obj
 0001:0000a520       ?InitHashTable@?$CMap@GGPAUtagTaskParameter@@PAU1@@@QAEXIH@Z 1000b520 f i UserTaskManager.obj
 0001:0000a5e0       ?IsAllowAndroidAttend@CServerRule@@SA_NK@Z 1000b5e0 f i AndroidUserManager.obj
 0001:0000a610       ?IsAllowAndroidSimulate@CServerRule@@SA_NK@Z 1000b610 f i AndroidUserManager.obj
 0001:0000a640       ?IsEmpty@?$CWHArray@PAUtagAndroidAccountsInfo@@ABQAU1@@@QBE_NXZ 1000b640 f i AndroidUserManager.obj
 0001:0000a670       ?IsStoring@CArchive@@QBEHXZ 1000b670 f i AndroidUserManager.obj
 0001:0000a6a0       ?NewAssoc@?$CMap@HHPAUtagGameDataItem@@AAPAU1@@@IAEPAVCAssoc@1@H@Z 1000b6a0 f i ServerUserManager.obj
 0001:0000a6a0       ?NewAssoc@?$CMap@KKPAVCAndroidUserItem@@PAV1@@@IAEPAVCAssoc@1@K@Z 1000b6a0 f i AndroidUserManager.obj
 0001:0000a6a0       ?NewAssoc@?$CMap@KKPAUtagUserTaskEntry@@PAU1@@@IAEPAVCAssoc@1@K@Z 1000b6a0 f i UserTaskManager.obj
 0001:0000a6a0       ?NewAssoc@?$CMap@KKPAVCServerUserItem@@PAV1@@@IAEPAVCAssoc@1@K@Z 1000b6a0 f i ServerUserManager.obj
 0001:0000a820       ?SetAt@?$CMap@KKPAVCAndroidUserItem@@PAV1@@@QAEXKPAVCAndroidUserItem@@@Z 1000b820 f i AndroidUserManager.obj
 0001:0000a820       ?SetAt@?$CMap@KKPAUtagUserTaskEntry@@PAU1@@@QAEXKPAUtagUserTaskEntry@@@Z 1000b820 f i UserTaskManager.obj
 0001:0000a820       ?SetAt@?$CMap@KKPAVCServerUserItem@@PAV1@@@QAEXKPAVCServerUserItem@@@Z 1000b820 f i ServerUserManager.obj
 0001:0000a840       ?_Allocate@std@@YAPAXII_N@Z 1000b840 f i AndroidUserManager.obj
 0001:0000a900       ?_Buyheadnode@?$_List_alloc@U?$_List_base_types@VSortTop@@V?$allocator@VSortTop@@@std@@@std@@@std@@QAEPAU?$_List_node@VSortTop@@PAX@2@XZ 1000b900 f i AndroidUserManager.obj
 0001:0000a920       ?_Buynode0@?$_List_alloc@U?$_List_base_types@VSortTop@@V?$allocator@VSortTop@@@std@@@std@@@std@@QAEPAU?$_List_node@VSortTop@@PAX@2@PAU32@0@Z 1000b920 f i AndroidUserManager.obj
 0001:0000aa30       ?_Deallocate@std@@YAXPAXII@Z 1000ba30 f i AndroidUserManager.obj
 0001:0000aad0       ?_Freeheadnode@?$_List_alloc@U?$_List_base_types@VSortTop@@V?$allocator@VSortTop@@@std@@@std@@@std@@QAEXPAU?$_List_node@VSortTop@@PAX@2@@Z 1000bad0 f i AndroidUserManager.obj
 0001:0000ab40       ?_Freenode@?$_List_buy@VSortTop@@V?$allocator@VSortTop@@@std@@@std@@QAEXPAU?$_List_node@VSortTop@@PAX@2@@Z 1000bb40 f i AndroidUserManager.obj
 0001:0000abe0       ?_Getcont@_Iterator_base0@std@@QBEPBU_Container_base0@2@XZ 1000bbe0 f i AndroidUserManager.obj
 0001:0000abf0       ?_Incsize@?$list@VSortTop@@V?$allocator@VSortTop@@@std@@@std@@QAEXI@Z 1000bbf0 f i AndroidUserManager.obj
 0001:0000ac40       ?_Make_iter@?$list@VSortTop@@V?$allocator@VSortTop@@@std@@@std@@QBE?AV?$_List_iterator@V?$_List_val@U?$_List_simple_types@VSortTop@@@std@@@std@@@2@V?$_List_const_iterator@V?$_List_val@U?$_List_simple_types@VSortTop@@@std@@@std@@@2@@Z 1000bc40 f i AndroidUserManager.obj
 0001:0000ac90       ?_Unchecked@?$_Vector_const_iterator@V?$_Vector_val@U?$_Simple_types@UtagPropertyBuff@@@std@@@std@@@std@@QBEPBUtagPropertyBuff@@XZ 1000bc90 f i GamePropertyManager.obj
 0001:0000ac90       ?_Mynode@?$_Tree_unchecked_const_iterator@V?$_Tree_val@U?$_Tree_simple_types@U?$pair@$$CBKV?$vector@UtagPropertyBuff@@V?$allocator@UtagPropertyBuff@@@std@@@std@@@std@@@std@@@std@@U_Iterator_base0@2@@std@@QBEPAU?$_Tree_node@U?$pair@$$CBKV?$vector@UtagPropertyBuff@@V?$allocator@UtagPropertyBuff@@@std@@@std@@@std@@PAX@2@XZ 1000bc90 f i GamePropertyManager.obj
 0001:0000ac90       ?GetHead@CSimpleList@@QBEPAXXZ 1000bc90 f i GameService.obj
 0001:0000ac90       ?_Mynode@?$_List_unchecked_const_iterator@V?$_List_val@U?$_List_simple_types@VSortTop@@@std@@@std@@U_Iterator_base0@2@@std@@QBEPAU?$_List_node@VSortTop@@PAX@2@XZ 1000bc90 f i AndroidUserManager.obj
 0001:0000aca0       ?_Right@?$_Tree_val@U?$_Tree_simple_types@U?$pair@$$CBKV?$vector@UtagPropertyBuff@@V?$allocator@UtagPropertyBuff@@@std@@@std@@@std@@@std@@@std@@SAAAPAU?$_Tree_node@U?$pair@$$CBKV?$vector@UtagPropertyBuff@@V?$allocator@UtagPropertyBuff@@@std@@@std@@@std@@PAX@2@PAU32@@Z 1000bca0 f i GamePropertyManager.obj
 0001:0000aca0       ?_Myval@?$_List_val@U?$_List_simple_types@VSortTop@@@std@@@std@@SAAAVSortTop@@PAU?$_List_node@VSortTop@@PAX@2@@Z 1000bca0 f i AndroidUserManager.obj
 0001:0000acb0       ?_Parent@?$_Tree_val@U?$_Tree_simple_types@U?$pair@$$CBKV?$vector@UtagPropertyBuff@@V?$allocator@UtagPropertyBuff@@@std@@@std@@@std@@@std@@@std@@SAAAPAU?$_Tree_node@U?$pair@$$CBKV?$vector@UtagPropertyBuff@@V?$allocator@UtagPropertyBuff@@@std@@@std@@@std@@PAX@2@PAU32@@Z 1000bcb0 f i GamePropertyManager.obj
 0001:0000acb0       ?_Prevnode@?$_List_val@U?$_List_simple_types@VSortTop@@@std@@@std@@SAAAPAU?$_List_node@VSortTop@@PAX@2@PAU32@@Z 1000bcb0 f i AndroidUserManager.obj
 0001:0000acc0       ?_Splice@?$list@VSortTop@@V?$allocator@VSortTop@@@std@@@std@@QAEXV?$_List_const_iterator@V?$_List_val@U?$_List_simple_types@VSortTop@@@std@@@std@@@2@AAV12@00I@Z 1000bcc0 f i AndroidUserManager.obj
 0001:0000ad10       ?_Splice_same@?$list@VSortTop@@V?$allocator@VSortTop@@@std@@@std@@QAEXV?$_List_const_iterator@V?$_List_val@U?$_List_simple_types@VSortTop@@@std@@@std@@@2@AAV12@00I@Z 1000bd10 f i AndroidUserManager.obj
 0001:0000ae50       ?_Tidy@?$list@VSortTop@@V?$allocator@VSortTop@@@std@@@std@@QAEXXZ 1000be50 f i AndroidUserManager.obj
 0001:0000ae70       ?_Unchecked@?$_List_const_iterator@V?$_List_val@U?$_List_simple_types@VSortTop@@@std@@@std@@@std@@QBE?AV?$_List_unchecked_const_iterator@V?$_List_val@U?$_List_simple_types@VSortTop@@@std@@@std@@U_Iterator_base0@2@@2@XZ 1000be70 f i AndroidUserManager.obj
 0001:0000aea0       ?_Unchecked_end@?$list@VSortTop@@V?$allocator@VSortTop@@@std@@@std@@QAE?AV?$_List_unchecked_iterator@V?$_List_val@U?$_List_simple_types@VSortTop@@@std@@@std@@@2@XZ 1000bea0 f i AndroidUserManager.obj
 0001:0000aed0       ?_Unchecked_erase@?$list@VSortTop@@V?$allocator@VSortTop@@@std@@@std@@QAEXV?$_List_unchecked_const_iterator@V?$_List_val@U?$_List_simple_types@VSortTop@@@std@@@std@@U_Iterator_base0@2@@2@@Z 1000bed0 f i AndroidUserManager.obj
 0001:0000af70       ?allocate@?$_Wrap_alloc@V?$allocator@U?$_List_node@VSortTop@@PAX@std@@@std@@@std@@QAEPAU?$_List_node@VSortTop@@PAX@2@I@Z 1000bf70 f i AndroidUserManager.obj
 0001:0000af90       ?allocate@?$allocator@U?$_List_node@VSortTop@@PAX@std@@@std@@QAEPAU?$_List_node@VSortTop@@PAX@2@I@Z 1000bf90 f i AndroidUserManager.obj
 0001:0000afb0       ?begin@?$list@VSortTop@@V?$allocator@VSortTop@@@std@@@std@@QAE?AV?$_List_iterator@V?$_List_val@U?$_List_simple_types@VSortTop@@@std@@@std@@@2@XZ 1000bfb0 f i AndroidUserManager.obj
 0001:0000b020       ?begin@?$list@VSortTop@@V?$allocator@VSortTop@@@std@@@std@@QBE?AV?$_List_const_iterator@V?$_List_val@U?$_List_simple_types@VSortTop@@@std@@@std@@@2@XZ 1000c020 f i AndroidUserManager.obj
 0001:0000b090       ?clear@?$list@VSortTop@@V?$allocator@VSortTop@@@std@@@std@@QAEXXZ 1000c090 f i AndroidUserManager.obj
 0001:0000b170       ?deallocate@?$_Wrap_alloc@V?$allocator@U?$_List_node@VSortTop@@PAX@std@@@std@@@std@@QAEXPAU?$_List_node@VSortTop@@PAX@2@I@Z 1000c170 f i AndroidUserManager.obj
 0001:0000b190       ?deallocate@?$allocator@U?$_List_node@VSortTop@@PAX@std@@@std@@QAEXPAU?$_List_node@VSortTop@@PAX@2@I@Z 1000c190 f i AndroidUserManager.obj
 0001:0000b1b0       ?end@?$list@VSortTop@@V?$allocator@VSortTop@@@std@@@std@@QAE?AV?$_List_iterator@V?$_List_val@U?$_List_simple_types@VSortTop@@@std@@@std@@@2@XZ 1000c1b0 f i AndroidUserManager.obj
 0001:0000b210       ?end@?$list@VSortTop@@V?$allocator@VSortTop@@@std@@@std@@QBE?AV?$_List_const_iterator@V?$_List_val@U?$_List_simple_types@VSortTop@@@std@@@std@@@2@XZ 1000c210 f i AndroidUserManager.obj
 0001:0000b270       ?max_size@?$_Wrap_alloc@V?$allocator@U?$_List_node@VSortTop@@PAX@std@@@std@@@std@@QBEIU_Nil@2@@Z 1000c270 f i AndroidUserManager.obj
 0001:0000b290       ?max_size@?$allocator@U?$_List_node@VSortTop@@PAX@std@@@std@@QBEIXZ 1000c290 f i AndroidUserManager.obj
 0001:0000b2a0       ?max_size@?$allocator_traits@V?$allocator@U?$_List_node@VSortTop@@PAX@std@@@std@@@std@@SAIABV?$allocator@U?$_List_node@VSortTop@@PAX@std@@@2@@Z 1000c2a0 f i AndroidUserManager.obj
 0001:0000b2b0       ?max_size@?$list@VSortTop@@V?$allocator@VSortTop@@@std@@@std@@QBEIXZ 1000c2b0 f i AndroidUserManager.obj
 0001:0000b2e0       ?push_back@?$list@VSortTop@@V?$allocator@VSortTop@@@std@@@std@@QAEX$$QAVSortTop@@@Z 1000c2e0 f i AndroidUserManager.obj
 0001:0000b320       ?reverse@?$list@VSortTop@@V?$allocator@VSortTop@@@std@@@std@@QAEXXZ 1000c320 f i AndroidUserManager.obj
 0001:0000b3c0       ?select_on_container_copy_construction@?$_Wrap_alloc@V?$allocator@UtagPropertyBuff@@@std@@@std@@QBE?AU12@U_Nil@2@@Z 1000c3c0 f i GamePropertyManager.obj
 0001:0000b3c0       ?select_on_container_copy_construction@?$_Wrap_alloc@V?$allocator@U?$_List_node@VSortTop@@PAX@std@@@std@@@std@@QBE?AU12@U_Nil@2@@Z 1000c3c0 f i AndroidUserManager.obj
 0001:0000b3f0       ?select_on_container_copy_construction@?$allocator_traits@V?$allocator@UtagPropertyBuff@@@std@@@std@@SA?AV?$allocator@UtagPropertyBuff@@@2@ABV32@@Z 1000c3f0 f i GamePropertyManager.obj
 0001:0000b3f0       ?select_on_container_copy_construction@?$allocator_traits@V?$allocator@U?$_List_node@VSortTop@@PAX@std@@@std@@@std@@SA?AV?$allocator@U?$_List_node@VSortTop@@PAX@std@@@2@ABV32@@Z 1000c3f0 f i AndroidUserManager.obj
 0001:0000b410       ?sort@?$list@VSortTop@@V?$allocator@VSortTop@@@std@@@std@@QAEXXZ 1000c410 f i AndroidUserManager.obj
 0001:0000b430       ?splice@?$list@VSortTop@@V?$allocator@VSortTop@@@std@@@std@@QAEXV?$_List_const_iterator@V?$_List_val@U?$_List_simple_types@VSortTop@@@std@@@std@@@2@AAV12@0@Z 1000c430 f i AndroidUserManager.obj
 0001:0000b4c0       __snwprintf                1000c4c0 f i AndroidUserManager.obj
 0001:0000b500       __vsnwprintf_l             1000c500 f i AndroidUserManager.obj
 0001:0000b580       ??0CGamePropertyManager@@QAE@XZ 1000c580 f   GamePropertyManager.obj
 0001:0000b5b0       ??1CGamePropertyManager@@UAE@XZ 1000c5b0 f   GamePropertyManager.obj
 0001:0000b5d0       ?SetGamePropertyInfo@CGamePropertyManager@@QAE_NQAUtagPropertyInfo@@G@Z 1000c5d0 f   GamePropertyManager.obj
 0001:0000b620       ?SetGamePropertyBuff@CGamePropertyManager@@QAE_NKQBUtagPropertyBuff@@G@Z 1000c620 f   GamePropertyManager.obj
 0001:0000b680       ?ClearUserBuff@CGamePropertyManager@@QAE_NK@Z 1000c680 f   GamePropertyManager.obj
 0001:0000b6d0       ?SearchPropertyItem@CGamePropertyManager@@QAEPAUtagPropertyInfo@@G@Z 1000c6d0 f   GamePropertyManager.obj
 0001:0000b730       ?SearchValidPropertyBuff@CGamePropertyManager@@SAPAUtagPropertyBuff@@KW4PROP_KIND@@@Z 1000c730 f   GamePropertyManager.obj
 0001:0000b870       ?IsValid@@YA_NUtagPropertyBuff@@@Z 1000c870 f   GamePropertyManager.obj
 0001:0000b8d0       ??$?0$$V@?$_Compressed_pair@U?$_Wrap_alloc@V?$allocator@U?$_Tree_node@U?$pair@$$CBKV?$vector@UtagPropertyBuff@@V?$allocator@UtagPropertyBuff@@@std@@@std@@@std@@PAX@std@@@std@@@std@@V?$_Tree_val@U?$_Tree_simple_types@U?$pair@$$CBKV?$vector@UtagPropertyBuff@@V?$allocator@UtagPropertyBuff@@@std@@@std@@@std@@@std@@@2@$00@std@@QAE@U_Zero_then_variadic_args_t@1@@Z 1000c8d0 f i GamePropertyManager.obj
 0001:0000b8d0       ??$?0$$V@?$_Compressed_pair@U?$_Wrap_alloc@V?$allocator@U?$_List_node@VSortTop@@PAX@std@@@std@@@std@@V?$_List_val@U?$_List_simple_types@VSortTop@@@std@@@2@$00@std@@QAE@U_Zero_then_variadic_args_t@1@@Z 1000c8d0 f i AndroidUserManager.obj
 0001:0000b8f0       ??$?0$$V@?$_Compressed_pair@U?$_Wrap_alloc@V?$allocator@UtagPropertyBuff@@@std@@@std@@V?$_Vector_val@U?$_Simple_types@UtagPropertyBuff@@@std@@@2@$00@std@@QAE@U_Zero_then_variadic_args_t@1@@Z 1000c8f0 f i GamePropertyManager.obj
 0001:0000b910       ??$?0V?$_Tree_iterator@V?$_Tree_val@U?$_Tree_simple_types@U?$pair@$$CBKV?$vector@UtagPropertyBuff@@V?$allocator@UtagPropertyBuff@@@std@@@std@@@std@@@std@@@std@@@std@@_NX$0A@@?$pair@V?$_Tree_iterator@V?$_Tree_val@U?$_Tree_simple_types@U?$pair@$$CBKV?$vector@UtagPropertyBuff@@V?$allocator@UtagPropertyBuff@@@std@@@std@@@std@@@std@@@std@@@std@@_N@std@@QAE@$$QAV?$_Tree_iterator@V?$_Tree_val@U?$_Tree_simple_types@U?$pair@$$CBKV?$vector@UtagPropertyBuff@@V?$allocator@UtagPropertyBuff@@@std@@@std@@@std@@@std@@@std@@@1@$$QA_N@Z 1000c910 f i GamePropertyManager.obj
 0001:0000b910       ??$?0AAV?$_Tree_iterator@V?$_Tree_val@U?$_Tree_simple_types@U?$pair@$$CBKV?$vector@UtagPropertyBuff@@V?$allocator@UtagPropertyBuff@@@std@@@std@@@std@@@std@@@std@@@std@@_NX$0A@@?$pair@V?$_Tree_iterator@V?$_Tree_val@U?$_Tree_simple_types@U?$pair@$$CBKV?$vector@UtagPropertyBuff@@V?$allocator@UtagPropertyBuff@@@std@@@std@@@std@@@std@@@std@@@std@@_N@std@@QAE@AAV?$_Tree_iterator@V?$_Tree_val@U?$_Tree_simple_types@U?$pair@$$CBKV?$vector@UtagPropertyBuff@@V?$allocator@UtagPropertyBuff@@@std@@@std@@@std@@@std@@@std@@@1@$$QA_N@Z 1000c910 f i GamePropertyManager.obj
 0001:0000b950       ??$?0ABK$$Z$$V@?$pair@$$CBKV?$vector@UtagPropertyBuff@@V?$allocator@UtagPropertyBuff@@@std@@@std@@@std@@QAE@Upiecewise_construct_t@1@V?$tuple@ABK@1@V?$tuple@$$V@1@@Z 1000c950 f i GamePropertyManager.obj
 0001:0000b980       ??$?0ABK$0A@@?$tuple@ABK@std@@QAE@ABK@Z 1000c980 f i GamePropertyManager.obj
 0001:0000b9b0       ??$?0ABK@?$_Tuple_val@ABK@std@@QAE@ABK@Z 1000c9b0 f i GamePropertyManager.obj
 0001:0000b9e0       ??$?0ABU?$less@K@std@@U_Zero_then_variadic_args_t@1@@?$_Compressed_pair@U?$less@K@std@@V?$_Compressed_pair@U?$_Wrap_alloc@V?$allocator@U?$_Tree_node@U?$pair@$$CBKV?$vector@UtagPropertyBuff@@V?$allocator@UtagPropertyBuff@@@std@@@std@@@std@@PAX@std@@@std@@@std@@V?$_Tree_val@U?$_Tree_simple_types@U?$pair@$$CBKV?$vector@UtagPropertyBuff@@V?$allocator@UtagPropertyBuff@@@std@@@std@@@std@@@std@@@2@$00@2@$00@std@@QAE@U_One_then_variadic_args_t@1@ABU?$less@K@1@$$QAU_Zero_then_variadic_args_t@1@@Z 1000c9e0 f i GamePropertyManager.obj
 0001:0000ba20       ??$?0U?$_Wrap_alloc@V?$allocator@UtagPropertyBuff@@@std@@@std@@$$V@?$_Compressed_pair@U?$_Wrap_alloc@V?$allocator@UtagPropertyBuff@@@std@@@std@@V?$_Vector_val@U?$_Simple_types@UtagPropertyBuff@@@std@@@2@$00@std@@QAE@U_One_then_variadic_args_t@1@$$QAU?$_Wrap_alloc@V?$allocator@UtagPropertyBuff@@@std@@@1@@Z 1000ca20 f i GamePropertyManager.obj
 0001:0000ba50       ??$?0U?$_Wrap_alloc@V?$allocator@UtagPropertyBuff@@@std@@@std@@X@?$_Vector_alloc@U?$_Vec_base_types@UtagPropertyBuff@@V?$allocator@UtagPropertyBuff@@@std@@@std@@@std@@QAE@$$QAU?$_Wrap_alloc@V?$allocator@UtagPropertyBuff@@@std@@@1@@Z 1000ca50 f i GamePropertyManager.obj
 0001:0000ba80       ??$?0V?$tuple@ABK@std@@V?$tuple@$$V@1@$0A@$$Z$S@?$pair@$$CBKV?$vector@UtagPropertyBuff@@V?$allocator@UtagPropertyBuff@@@std@@@std@@@std@@QAE@AAV?$tuple@ABK@1@AAV?$tuple@$$V@1@U?$integer_sequence@I$0A@@1@U?$integer_sequence@I$S@1@@Z 1000ca80 f i GamePropertyManager.obj
 0001:0000bac0       ??$_Buynode@ABUpiecewise_construct_t@std@@V?$tuple@ABK@2@V?$tuple@$$V@2@@?$_Tree_comp_alloc@V?$_Tmap_traits@KV?$vector@UtagPropertyBuff@@V?$allocator@UtagPropertyBuff@@@std@@@std@@U?$less@K@2@V?$allocator@U?$pair@$$CBKV?$vector@UtagPropertyBuff@@V?$allocator@UtagPropertyBuff@@@std@@@std@@@std@@@2@$0A@@std@@@std@@QAEPAU?$_Tree_node@U?$pair@$$CBKV?$vector@UtagPropertyBuff@@V?$allocator@UtagPropertyBuff@@@std@@@std@@@std@@PAX@1@ABUpiecewise_construct_t@1@$$QAV?$tuple@ABK@1@$$QAV?$tuple@$$V@1@@Z 1000cac0 f i GamePropertyManager.obj
 0001:0000bbc0       ??$_Buynode_if_nil@AAU?$pair@$$CBKV?$vector@UtagPropertyBuff@@V?$allocator@UtagPropertyBuff@@@std@@@std@@@std@@@?$_Tree@V?$_Tmap_traits@KV?$vector@UtagPropertyBuff@@V?$allocator@UtagPropertyBuff@@@std@@@std@@U?$less@K@2@V?$allocator@U?$pair@$$CBKV?$vector@UtagPropertyBuff@@V?$allocator@UtagPropertyBuff@@@std@@@std@@@std@@@2@$0A@@std@@@std@@IAEPAU?$_Tree_node@U?$pair@$$CBKV?$vector@UtagPropertyBuff@@V?$allocator@UtagPropertyBuff@@@std@@@std@@@std@@PAX@1@PAU21@AAU?$pair@$$CBKV?$vector@UtagPropertyBuff@@V?$allocator@UtagPropertyBuff@@@std@@@std@@@1@@Z 1000cbc0 f i GamePropertyManager.obj
 0001:0000bbd0       ??$_Copy_memmove@PAUtagPropertyBuff@@PAU1@@std@@YAPAUtagPropertyBuff@@PAU1@00@Z 1000cbd0 f i GamePropertyManager.obj
 0001:0000bbd0       ??$_Copy_memmove@PBUtagPropertyBuff@@PAU1@@std@@YAPAUtagPropertyBuff@@PBU1@0PAU1@@Z 1000cbd0 f i GamePropertyManager.obj
 0001:0000bc10       ??$_Destroy_range@V?$allocator@UtagPropertyBuff@@@std@@PAUtagPropertyBuff@@@std@@YAXPAUtagPropertyBuff@@0AAU?$_Wrap_alloc@V?$allocator@UtagPropertyBuff@@@std@@@0@@Z 1000cc10 f i GamePropertyManager.obj
 0001:0000bc40       ??$_Insert_at@AAU?$pair@$$CBKV?$vector@UtagPropertyBuff@@V?$allocator@UtagPropertyBuff@@@std@@@std@@@std@@PAU?$_Tree_node@U?$pair@$$CBKV?$vector@UtagPropertyBuff@@V?$allocator@UtagPropertyBuff@@@std@@@std@@@std@@PAX@2@@?$_Tree@V?$_Tmap_traits@KV?$vector@UtagPropertyBuff@@V?$allocator@UtagPropertyBuff@@@std@@@std@@U?$less@K@2@V?$allocator@U?$pair@$$CBKV?$vector@UtagPropertyBuff@@V?$allocator@UtagPropertyBuff@@@std@@@std@@@std@@@2@$0A@@std@@@std@@IAE?AV?$_Tree_iterator@V?$_Tree_val@U?$_Tree_simple_types@U?$pair@$$CBKV?$vector@UtagPropertyBuff@@V?$allocator@UtagPropertyBuff@@@std@@@std@@@std@@@std@@@std@@@1@_NPAU?$_Tree_node@U?$pair@$$CBKV?$vector@UtagPropertyBuff@@V?$allocator@UtagPropertyBuff@@@std@@@std@@@std@@PAX@1@AAU?$pair@$$CBKV?$vector@UtagPropertyBuff@@V?$allocator@UtagPropertyBuff@@@std@@@std@@@1@1@Z 1000cc40 f i GamePropertyManager.obj
 0001:0000c080       ??$_Insert_hint@AAU?$pair@$$CBKV?$vector@UtagPropertyBuff@@V?$allocator@UtagPropertyBuff@@@std@@@std@@@std@@PAU?$_Tree_node@U?$pair@$$CBKV?$vector@UtagPropertyBuff@@V?$allocator@UtagPropertyBuff@@@std@@@std@@@std@@PAX@2@@?$_Tree@V?$_Tmap_traits@KV?$vector@UtagPropertyBuff@@V?$allocator@UtagPropertyBuff@@@std@@@std@@U?$less@K@2@V?$allocator@U?$pair@$$CBKV?$vector@UtagPropertyBuff@@V?$allocator@UtagPropertyBuff@@@std@@@std@@@std@@@2@$0A@@std@@@std@@IAE?AV?$_Tree_iterator@V?$_Tree_val@U?$_Tree_simple_types@U?$pair@$$CBKV?$vector@UtagPropertyBuff@@V?$allocator@UtagPropertyBuff@@@std@@@std@@@std@@@std@@@std@@@1@V?$_Tree_const_iterator@V?$_Tree_val@U?$_Tree_simple_types@U?$pair@$$CBKV?$vector@UtagPropertyBuff@@V?$allocator@UtagPropertyBuff@@@std@@@std@@@std@@@std@@@std@@@1@AAU?$pair@$$CBKV?$vector@UtagPropertyBuff@@V?$allocator@UtagPropertyBuff@@@std@@@std@@@1@PAU?$_Tree_node@U?$pair@$$CBKV?$vector@UtagPropertyBuff@@V?$allocator@UtagPropertyBuff@@@std@@@std@@@std@@PAX@1@@Z 1000d080 f i GamePropertyManager.obj
 0001:0000caf0       ??$_Insert_nohint@AAU?$pair@$$CBKV?$vector@UtagPropertyBuff@@V?$allocator@UtagPropertyBuff@@@std@@@std@@@std@@PAU?$_Tree_node@U?$pair@$$CBKV?$vector@UtagPropertyBuff@@V?$allocator@UtagPropertyBuff@@@std@@@std@@@std@@PAX@2@@?$_Tree@V?$_Tmap_traits@KV?$vector@UtagPropertyBuff@@V?$allocator@UtagPropertyBuff@@@std@@@std@@U?$less@K@2@V?$allocator@U?$pair@$$CBKV?$vector@UtagPropertyBuff@@V?$allocator@UtagPropertyBuff@@@std@@@std@@@std@@@2@$0A@@std@@@std@@IAE?AU?$pair@V?$_Tree_iterator@V?$_Tree_val@U?$_Tree_simple_types@U?$pair@$$CBKV?$vector@UtagPropertyBuff@@V?$allocator@UtagPropertyBuff@@@std@@@std@@@std@@@std@@@std@@@std@@_N@1@_NAAU?$pair@$$CBKV?$vector@UtagPropertyBuff@@V?$allocator@UtagPropertyBuff@@@std@@@std@@@1@PAU?$_Tree_node@U?$pair@$$CBKV?$vector@UtagPropertyBuff@@V?$allocator@UtagPropertyBuff@@@std@@@std@@@std@@PAX@1@@Z 1000daf0 f i GamePropertyManager.obj
 0001:0000ce20       ?_Left@?$_Tree_val@U?$_Tree_simple_types@U?$pair@$$CBKV?$vector@UtagPropertyBuff@@V?$allocator@UtagPropertyBuff@@@std@@@std@@@std@@@std@@@std@@SAAAPAU?$_Tree_node@U?$pair@$$CBKV?$vector@UtagPropertyBuff@@V?$allocator@UtagPropertyBuff@@@std@@@std@@@std@@PAX@2@PAU32@@Z 1000de20 f i GamePropertyManager.obj
 0001:0000ce20       ??$_Ptr_copy_cat@$$CBUtagPropertyBuff@@U1@@std@@YA?AU_Really_trivial_ptr_iterator_tag@0@ABQBUtagPropertyBuff@@ABQAU2@@Z 1000de20 f i GamePropertyManager.obj
 0001:0000ce20       ??$forward@ABK@std@@YAABKABK@Z 1000de20 f i GamePropertyManager.obj
 0001:0000ce20       ??$forward@U_Zero_then_variadic_args_t@std@@@std@@YA$$QAU_Zero_then_variadic_args_t@0@AAU10@@Z 1000de20 f i GamePropertyManager.obj
 0001:0000ce20       ??$_Ptr_move_cat@UtagPropertyBuff@@U1@@std@@YA?AU_Really_trivial_ptr_iterator_tag@0@ABQAUtagPropertyBuff@@0@Z 1000de20 f i GamePropertyManager.obj
 0001:0000ce20       ??$forward@V?$_Tree_iterator@V?$_Tree_val@U?$_Tree_simple_types@U?$pair@$$CBKV?$vector@UtagPropertyBuff@@V?$allocator@UtagPropertyBuff@@@std@@@std@@@std@@@std@@@std@@@std@@@std@@YA$$QAV?$_Tree_iterator@V?$_Tree_val@U?$_Tree_simple_types@U?$pair@$$CBKV?$vector@UtagPropertyBuff@@V?$allocator@UtagPropertyBuff@@@std@@@std@@@std@@@std@@@std@@@0@AAV10@@Z 1000de20 f i GamePropertyManager.obj
 0001:0000ce20       ??$forward@ABVSortTop@@@std@@YAABVSortTop@@ABV1@@Z 1000de20 f i AndroidUserManager.obj
 0001:0000ce20       ??$move@AAU?$_Wrap_alloc@V?$allocator@UtagPropertyBuff@@@std@@@std@@@std@@YA$$QAU?$_Wrap_alloc@V?$allocator@UtagPropertyBuff@@@std@@@0@AAU10@@Z 1000de20 f i GamePropertyManager.obj
 0001:0000ce20       ??$forward@ABU?$less@K@std@@@std@@YAABU?$less@K@0@ABU10@@Z 1000de20 f i GamePropertyManager.obj
 0001:0000ce20       ??$_Unchecked@PAUtagPropertyBuff@@@std@@YAPAUtagPropertyBuff@@PAU1@@Z 1000de20 f i GamePropertyManager.obj
 0001:0000ce20       ??$forward@U?$_Wrap_alloc@V?$allocator@UtagPropertyBuff@@@std@@@std@@@std@@YA$$QAU?$_Wrap_alloc@V?$allocator@UtagPropertyBuff@@@std@@@0@AAU10@@Z 1000de20 f i GamePropertyManager.obj
 0001:0000ce20       ??$forward@_N@std@@YA$$QA_NAA_N@Z 1000de20 f i GamePropertyManager.obj
 0001:0000ce20       ??$forward@AAPAU?$_Tree_node@U?$pair@$$CBKV?$vector@UtagPropertyBuff@@V?$allocator@UtagPropertyBuff@@@std@@@std@@@std@@PAX@std@@@std@@YAAAPAU?$_Tree_node@U?$pair@$$CBKV?$vector@UtagPropertyBuff@@V?$allocator@UtagPropertyBuff@@@std@@@std@@@std@@PAX@0@AAPAU10@@Z 1000de20 f i GamePropertyManager.obj
 0001:0000ce20       ??$forward@AAPAU?$_List_node@VSortTop@@PAX@std@@@std@@YAAAPAU?$_List_node@VSortTop@@PAX@0@AAPAU10@@Z 1000de20 f i AndroidUserManager.obj
 0001:0000ce20       ??$addressof@U?$pair@$$CBKV?$vector@UtagPropertyBuff@@V?$allocator@UtagPropertyBuff@@@std@@@std@@@std@@@std@@YAPAU?$pair@$$CBKV?$vector@UtagPropertyBuff@@V?$allocator@UtagPropertyBuff@@@std@@@std@@@0@AAU10@@Z 1000de20 f i GamePropertyManager.obj
 0001:0000ce20       ??$forward@AAU?$pair@$$CBKV?$vector@UtagPropertyBuff@@V?$allocator@UtagPropertyBuff@@@std@@@std@@@std@@@std@@YAAAU?$pair@$$CBKV?$vector@UtagPropertyBuff@@V?$allocator@UtagPropertyBuff@@@std@@@std@@@0@AAU10@@Z 1000de20 f i GamePropertyManager.obj
 0001:0000ce20       ??$addressof@PAU?$_Tree_node@U?$pair@$$CBKV?$vector@UtagPropertyBuff@@V?$allocator@UtagPropertyBuff@@@std@@@std@@@std@@PAX@std@@@std@@YAPAPAU?$_Tree_node@U?$pair@$$CBKV?$vector@UtagPropertyBuff@@V?$allocator@UtagPropertyBuff@@@std@@@std@@@std@@PAX@0@AAPAU10@@Z 1000de20 f i GamePropertyManager.obj
 0001:0000ce20       ??$forward@V?$tuple@ABK@std@@@std@@YA$$QAV?$tuple@ABK@0@AAV10@@Z 1000de20 f i GamePropertyManager.obj
 0001:0000ce20       ??$move@AAD@std@@YA$$QADAAD@Z 1000de20 f i GamePropertyManager.obj
 0001:0000ce20       ??$forward@AAV?$_Tree_iterator@V?$_Tree_val@U?$_Tree_simple_types@U?$pair@$$CBKV?$vector@UtagPropertyBuff@@V?$allocator@UtagPropertyBuff@@@std@@@std@@@std@@@std@@@std@@@std@@@std@@YAAAV?$_Tree_iterator@V?$_Tree_val@U?$_Tree_simple_types@U?$pair@$$CBKV?$vector@UtagPropertyBuff@@V?$allocator@UtagPropertyBuff@@@std@@@std@@@std@@@std@@@std@@@0@AAV10@@Z 1000de20 f i GamePropertyManager.obj
 0001:0000ce20       ??$addressof@$$CBUtagPropertyBuff@@@std@@YAPBUtagPropertyBuff@@ABU1@@Z 1000de20 f i GamePropertyManager.obj
 0001:0000ce20       ??$_Kfn@$$CBKV?$vector@UtagPropertyBuff@@V?$allocator@UtagPropertyBuff@@@std@@@std@@@?$_Tmap_traits@KV?$vector@UtagPropertyBuff@@V?$allocator@UtagPropertyBuff@@@std@@@std@@U?$less@K@2@V?$allocator@U?$pair@$$CBKV?$vector@UtagPropertyBuff@@V?$allocator@UtagPropertyBuff@@@std@@@std@@@std@@@2@$0A@@std@@SAABKABU?$pair@$$CBKV?$vector@UtagPropertyBuff@@V?$allocator@UtagPropertyBuff@@@std@@@std@@@1@@Z 1000de20 f i GamePropertyManager.obj
 0001:0000ce20       ??$addressof@PAU?$_List_node@VSortTop@@PAX@std@@@std@@YAPAPAU?$_List_node@VSortTop@@PAX@0@AAPAU10@@Z 1000de20 f i AndroidUserManager.obj
 0001:0000ce20       ??$addressof@VSortTop@@@std@@YAPAVSortTop@@AAV1@@Z 1000de20 f i AndroidUserManager.obj
 0001:0000ce20       ??$forward@U?$_Wrap_alloc@V?$allocator@U?$_List_node@VSortTop@@PAX@std@@@std@@@std@@@std@@YA$$QAU?$_Wrap_alloc@V?$allocator@U?$_List_node@VSortTop@@PAX@std@@@std@@@0@AAU10@@Z 1000de20 f i AndroidUserManager.obj
 0001:0000ce20       ??$forward@V?$allocator@UtagPropertyBuff@@@std@@@std@@YA$$QAV?$allocator@UtagPropertyBuff@@@0@AAV10@@Z 1000de20 f i GamePropertyManager.obj
 0001:0000ce20       ??$forward@VSortTop@@@std@@YA$$QAVSortTop@@AAV1@@Z 1000de20 f i AndroidUserManager.obj
 0001:0000ce20       ??$forward@V?$allocator@U?$_List_node@VSortTop@@PAX@std@@@std@@@std@@YA$$QAV?$allocator@U?$_List_node@VSortTop@@PAX@std@@@0@AAV10@@Z 1000de20 f i AndroidUserManager.obj
 0001:0000ce20       ??$forward@ABUpiecewise_construct_t@std@@@std@@YAABUpiecewise_construct_t@0@ABU10@@Z 1000de20 f i GamePropertyManager.obj
 0001:0000ce20       ??$forward@ABUtagPropertyBuff@@@std@@YAABUtagPropertyBuff@@ABU1@@Z 1000de20 f i GamePropertyManager.obj
 0001:0000ce20       ??$_Unfancy@UtagPropertyBuff@@@std@@YAPAUtagPropertyBuff@@PAU1@@Z 1000de20 f i GamePropertyManager.obj
 0001:0000ce20       ??$forward@AAUtagPropertyBuff@@@std@@YAAAUtagPropertyBuff@@AAU1@@Z 1000de20 f i GamePropertyManager.obj
 0001:0000ce20       ??$move@AAV?$tuple@ABK@std@@@std@@YA$$QAV?$tuple@ABK@0@AAV10@@Z 1000de20 f i GamePropertyManager.obj
 0001:0000ce20       ??$move@AAU?$_Wrap_alloc@V?$allocator@U?$_List_node@VSortTop@@PAX@std@@@std@@@std@@@std@@YA$$QAU?$_Wrap_alloc@V?$allocator@U?$_List_node@VSortTop@@PAX@std@@@std@@@0@AAU10@@Z 1000de20 f i AndroidUserManager.obj
 0001:0000ce20       ?_Nextnode@?$_List_val@U?$_List_simple_types@VSortTop@@@std@@@std@@SAAAPAU?$_List_node@VSortTop@@PAX@2@PAU32@@Z 1000de20 f i AndroidUserManager.obj
 0001:0000ce20       ??$forward@V?$tuple@$$V@std@@@std@@YA$$QAV?$tuple@$$V@0@AAV10@@Z 1000de20 f i GamePropertyManager.obj
 0001:0000ce30       ??$_Lbound@K@?$_Tree@V?$_Tmap_traits@KV?$vector@UtagPropertyBuff@@V?$allocator@UtagPropertyBuff@@@std@@@std@@U?$less@K@2@V?$allocator@U?$pair@$$CBKV?$vector@UtagPropertyBuff@@V?$allocator@UtagPropertyBuff@@@std@@@std@@@std@@@2@$0A@@std@@@std@@IBEPAU?$_Tree_node@U?$pair@$$CBKV?$vector@UtagPropertyBuff@@V?$allocator@UtagPropertyBuff@@@std@@@std@@@std@@PAX@1@ABK@Z 1000de30 f i GamePropertyManager.obj
 0001:0000cec0       ??$_Rechecked@PAUtagPropertyBuff@@PAU1@@std@@YAAAPAUtagPropertyBuff@@AAPAU1@PAU1@@Z 1000dec0 f i GamePropertyManager.obj
 0001:0000ced0       ??$_Try_emplace@ABK$$V@?$map@KV?$vector@UtagPropertyBuff@@V?$allocator@UtagPropertyBuff@@@std@@@std@@U?$less@K@2@V?$allocator@U?$pair@$$CBKV?$vector@UtagPropertyBuff@@V?$allocator@UtagPropertyBuff@@@std@@@std@@@std@@@2@@std@@QAE?AU?$pair@V?$_Tree_iterator@V?$_Tree_val@U?$_Tree_simple_types@U?$pair@$$CBKV?$vector@UtagPropertyBuff@@V?$allocator@UtagPropertyBuff@@@std@@@std@@@std@@@std@@@std@@@std@@_N@1@ABK@Z 1000ded0 f i GamePropertyManager.obj
 0001:0000cfb0       ??$_Ucopy@V?$_Vector_const_iterator@V?$_Vector_val@U?$_Simple_types@UtagPropertyBuff@@@std@@@std@@@std@@@?$vector@UtagPropertyBuff@@V?$allocator@UtagPropertyBuff@@@std@@@std@@IAEPAUtagPropertyBuff@@V?$_Vector_const_iterator@V?$_Vector_val@U?$_Simple_types@UtagPropertyBuff@@@std@@@std@@@1@0PAU2@@Z 1000dfb0 f i GamePropertyManager.obj
 0001:0000cfe0       ??$_Umove@PAUtagPropertyBuff@@@?$vector@UtagPropertyBuff@@V?$allocator@UtagPropertyBuff@@@std@@@std@@IAEPAUtagPropertyBuff@@PAU2@00@Z 1000dfe0 f i GamePropertyManager.obj
 0001:0000d010       ??$_Unchecked@V?$_Vector_val@U?$_Simple_types@UtagPropertyBuff@@@std@@@std@@@std@@YAPBUtagPropertyBuff@@V?$_Vector_const_iterator@V?$_Vector_val@U?$_Simple_types@UtagPropertyBuff@@@std@@@std@@@0@@Z 1000e010 f i GamePropertyManager.obj
 0001:0000d020       ??$_Uninitialized_copy@V?$_Vector_const_iterator@V?$_Vector_val@U?$_Simple_types@UtagPropertyBuff@@@std@@@std@@@std@@PAUtagPropertyBuff@@V?$allocator@UtagPropertyBuff@@@2@@std@@YAPAUtagPropertyBuff@@V?$_Vector_const_iterator@V?$_Vector_val@U?$_Simple_types@UtagPropertyBuff@@@std@@@std@@@0@0PAU1@AAU?$_Wrap_alloc@V?$allocator@UtagPropertyBuff@@@std@@@0@@Z 1000e020 f i GamePropertyManager.obj
 0001:0000d070       ??$_Uninitialized_copy_al_unchecked@PBUtagPropertyBuff@@PAU1@V?$allocator@UtagPropertyBuff@@@std@@@std@@YAPAUtagPropertyBuff@@PBU1@0PAU1@AAU?$_Wrap_alloc@V?$allocator@UtagPropertyBuff@@@std@@@0@@Z 1000e070 f i GamePropertyManager.obj
 0001:0000d070       ??$_Uninitialized_move_al_unchecked@PAUtagPropertyBuff@@PAU1@V?$allocator@UtagPropertyBuff@@@std@@@std@@YAPAUtagPropertyBuff@@PAU1@00AAU?$_Wrap_alloc@V?$allocator@UtagPropertyBuff@@@std@@@0@@Z 1000e070 f i GamePropertyManager.obj
 0001:0000d0b0       ??$_Uninitialized_move@PAUtagPropertyBuff@@PAU1@V?$allocator@UtagPropertyBuff@@@std@@@std@@YAPAUtagPropertyBuff@@PAU1@00AAU?$_Wrap_alloc@V?$allocator@UtagPropertyBuff@@@std@@@0@@Z 1000e0b0 f i GamePropertyManager.obj
 0001:0000d100       ??$_Uninitialized_copy_al_unchecked1@$$CBUtagPropertyBuff@@U1@V?$allocator@UtagPropertyBuff@@@std@@@std@@YAPAUtagPropertyBuff@@PBU1@0PAU1@AAU?$_Wrap_alloc@V?$allocator@UtagPropertyBuff@@@std@@@0@U_Really_trivial_ptr_iterator_tag@0@U?$integral_constant@_N$00@0@@Z 1000e100 f i GamePropertyManager.obj
 0001:0000d100       ??$_Uninitialized_move_al_unchecked1@UtagPropertyBuff@@U1@V?$allocator@UtagPropertyBuff@@@std@@@std@@YAPAUtagPropertyBuff@@PAU1@00AAU?$_Wrap_alloc@V?$allocator@UtagPropertyBuff@@@std@@@0@U_Really_trivial_ptr_iterator_tag@0@U?$integral_constant@_N$00@0@@Z 1000e100 f i GamePropertyManager.obj
 0001:0000d120       ??$construct@U?$pair@$$CBKV?$vector@UtagPropertyBuff@@V?$allocator@UtagPropertyBuff@@@std@@@std@@@std@@ABUpiecewise_construct_t@2@V?$tuple@ABK@2@V?$tuple@$$V@2@@?$_Wrap_alloc@V?$allocator@U?$_Tree_node@U?$pair@$$CBKV?$vector@UtagPropertyBuff@@V?$allocator@UtagPropertyBuff@@@std@@@std@@@std@@PAX@std@@@std@@@std@@QAEXPAU?$pair@$$CBKV?$vector@UtagPropertyBuff@@V?$allocator@UtagPropertyBuff@@@std@@@std@@@1@ABUpiecewise_construct_t@1@$$QAV?$tuple@ABK@1@$$QAV?$tuple@$$V@1@@Z 1000e120 f i GamePropertyManager.obj
 0001:0000d170       ??$construct@U?$pair@$$CBKV?$vector@UtagPropertyBuff@@V?$allocator@UtagPropertyBuff@@@std@@@std@@@std@@ABUpiecewise_construct_t@2@V?$tuple@ABK@2@V?$tuple@$$V@2@@?$allocator@U?$_Tree_node@U?$pair@$$CBKV?$vector@UtagPropertyBuff@@V?$allocator@UtagPropertyBuff@@@std@@@std@@@std@@PAX@std@@@std@@QAEXPAU?$pair@$$CBKV?$vector@UtagPropertyBuff@@V?$allocator@UtagPropertyBuff@@@std@@@std@@@1@ABUpiecewise_construct_t@1@$$QAV?$tuple@ABK@1@$$QAV?$tuple@$$V@1@@Z 1000e170 f i GamePropertyManager.obj
 0001:0000d230       ??$construct@U?$pair@$$CBKV?$vector@UtagPropertyBuff@@V?$allocator@UtagPropertyBuff@@@std@@@std@@@std@@ABUpiecewise_construct_t@2@V?$tuple@ABK@2@V?$tuple@$$V@2@@?$allocator_traits@V?$allocator@U?$_Tree_node@U?$pair@$$CBKV?$vector@UtagPropertyBuff@@V?$allocator@UtagPropertyBuff@@@std@@@std@@@std@@PAX@std@@@std@@@std@@SAXAAV?$allocator@U?$_Tree_node@U?$pair@$$CBKV?$vector@UtagPropertyBuff@@V?$allocator@UtagPropertyBuff@@@std@@@std@@@std@@PAX@std@@@1@PAU?$pair@$$CBKV?$vector@UtagPropertyBuff@@V?$allocator@UtagPropertyBuff@@@std@@@std@@@1@ABUpiecewise_construct_t@1@$$QAV?$tuple@ABK@1@$$QAV?$tuple@$$V@1@@Z 1000e230 f i GamePropertyManager.obj
 0001:0000d270       ??$construct@UtagPropertyBuff@@AAU1@@?$_Wrap_alloc@V?$allocator@UtagPropertyBuff@@@std@@@std@@QAEXPAUtagPropertyBuff@@AAU2@@Z 1000e270 f i GamePropertyManager.obj
 0001:0000d270       ??$construct@UtagPropertyBuff@@ABU1@@?$_Wrap_alloc@V?$allocator@UtagPropertyBuff@@@std@@@std@@QAEXPAUtagPropertyBuff@@ABU2@@Z 1000e270 f i GamePropertyManager.obj
 0001:0000d2a0       ??$construct@UtagPropertyBuff@@AAU1@@?$allocator@UtagPropertyBuff@@@std@@QAEXPAUtagPropertyBuff@@AAU2@@Z 1000e2a0 f i GamePropertyManager.obj
 0001:0000d2a0       ??$construct@UtagPropertyBuff@@ABU1@@?$allocator@UtagPropertyBuff@@@std@@QAEXPAUtagPropertyBuff@@ABU2@@Z 1000e2a0 f i GamePropertyManager.obj
 0001:0000d300       ??$construct@UtagPropertyBuff@@ABU1@@?$allocator_traits@V?$allocator@UtagPropertyBuff@@@std@@@std@@SAXAAV?$allocator@UtagPropertyBuff@@@1@PAUtagPropertyBuff@@ABU3@@Z 1000e300 f i GamePropertyManager.obj
 0001:0000d300       ??$construct@UtagPropertyBuff@@AAU1@@?$allocator_traits@V?$allocator@UtagPropertyBuff@@@std@@@std@@SAXAAV?$allocator@UtagPropertyBuff@@@1@PAUtagPropertyBuff@@AAU3@@Z 1000e300 f i GamePropertyManager.obj
 0001:0000d320       ??$destroy@PAU?$_List_node@VSortTop@@PAX@std@@@?$allocator@U?$_List_node@VSortTop@@PAX@std@@@std@@QAEXPAPAU?$_List_node@VSortTop@@PAX@1@@Z 1000e320 f i AndroidUserManager.obj
 0001:0000d320       ?_Adopt@_Iterator_base0@std@@QAEXPBX@Z 1000e320 f i AndroidUserManager.obj
 0001:0000d320       ??$destroy@PAU?$_Tree_node@U?$pair@$$CBKV?$vector@UtagPropertyBuff@@V?$allocator@UtagPropertyBuff@@@std@@@std@@@std@@PAX@std@@@?$allocator@U?$_Tree_node@U?$pair@$$CBKV?$vector@UtagPropertyBuff@@V?$allocator@UtagPropertyBuff@@@std@@@std@@@std@@PAX@std@@@std@@QAEXPAPAU?$_Tree_node@U?$pair@$$CBKV?$vector@UtagPropertyBuff@@V?$allocator@UtagPropertyBuff@@@std@@@std@@@std@@PAX@1@@Z 1000e320 f i GamePropertyManager.obj
 0001:0000d320       ?Dump@CObject@@UBEXAAVCDumpContext@@@Z 1000e320 f i AndroidUserManager.obj
 0001:0000d320       ?Serialize@CObject@@UAEXAAVCArchive@@@Z 1000e320 f i AndroidUserManager.obj
 0001:0000d330       ??$destroy@U?$pair@$$CBKV?$vector@UtagPropertyBuff@@V?$allocator@UtagPropertyBuff@@@std@@@std@@@std@@@?$_Wrap_alloc@V?$allocator@U?$_Tree_node@U?$pair@$$CBKV?$vector@UtagPropertyBuff@@V?$allocator@UtagPropertyBuff@@@std@@@std@@@std@@PAX@std@@@std@@@std@@QAEXPAU?$pair@$$CBKV?$vector@UtagPropertyBuff@@V?$allocator@UtagPropertyBuff@@@std@@@std@@@1@@Z 1000e330 f i GamePropertyManager.obj
 0001:0000d350       ??$destroy@U?$pair@$$CBKV?$vector@UtagPropertyBuff@@V?$allocator@UtagPropertyBuff@@@std@@@std@@@std@@@?$allocator@U?$_Tree_node@U?$pair@$$CBKV?$vector@UtagPropertyBuff@@V?$allocator@UtagPropertyBuff@@@std@@@std@@@std@@PAX@std@@@std@@QAEXPAU?$pair@$$CBKV?$vector@UtagPropertyBuff@@V?$allocator@UtagPropertyBuff@@@std@@@std@@@1@@Z 1000e350 f i GamePropertyManager.obj
 0001:0000d370       ??$destroy@U?$pair@$$CBKV?$vector@UtagPropertyBuff@@V?$allocator@UtagPropertyBuff@@@std@@@std@@@std@@@?$allocator_traits@V?$allocator@U?$_Tree_node@U?$pair@$$CBKV?$vector@UtagPropertyBuff@@V?$allocator@UtagPropertyBuff@@@std@@@std@@@std@@PAX@std@@@std@@@std@@SAXAAV?$allocator@U?$_Tree_node@U?$pair@$$CBKV?$vector@UtagPropertyBuff@@V?$allocator@UtagPropertyBuff@@@std@@@std@@@std@@PAX@std@@@1@PAU?$pair@$$CBKV?$vector@UtagPropertyBuff@@V?$allocator@UtagPropertyBuff@@@std@@@std@@@1@@Z 1000e370 f i GamePropertyManager.obj
 0001:0000d390       ??$emplace_hint@ABUpiecewise_construct_t@std@@V?$tuple@ABK@2@V?$tuple@$$V@2@@?$_Tree@V?$_Tmap_traits@KV?$vector@UtagPropertyBuff@@V?$allocator@UtagPropertyBuff@@@std@@@std@@U?$less@K@2@V?$allocator@U?$pair@$$CBKV?$vector@UtagPropertyBuff@@V?$allocator@UtagPropertyBuff@@@std@@@std@@@std@@@2@$0A@@std@@@std@@QAE?AV?$_Tree_iterator@V?$_Tree_val@U?$_Tree_simple_types@U?$pair@$$CBKV?$vector@UtagPropertyBuff@@V?$allocator@UtagPropertyBuff@@@std@@@std@@@std@@@std@@@std@@@1@V?$_Tree_const_iterator@V?$_Tree_val@U?$_Tree_simple_types@U?$pair@$$CBKV?$vector@UtagPropertyBuff@@V?$allocator@UtagPropertyBuff@@@std@@@std@@@std@@@std@@@std@@@1@ABUpiecewise_construct_t@1@$$QAV?$tuple@ABK@1@$$QAV?$tuple@$$V@1@@Z 1000e390 f i GamePropertyManager.obj
 0001:0000d400       ??$forward_as_tuple@$$V@std@@YA?AV?$tuple@$$V@0@XZ 1000e400 f i GamePropertyManager.obj
 0001:0000d410       ??$forward_as_tuple@ABK@std@@YA?AV?$tuple@ABK@0@ABK@Z 1000e410 f i GamePropertyManager.obj
 0001:0000d460       ??$get@$0A@ABK@std@@YAABK$$QAV?$tuple@ABK@0@@Z 1000e460 f i GamePropertyManager.obj
 0001:0000d480       ??$swap@DX@std@@YAXAAD0@Z  1000e480 f i GamePropertyManager.obj
 0001:0000d4c0       ??$try_emplace@$$V@?$map@KV?$vector@UtagPropertyBuff@@V?$allocator@UtagPropertyBuff@@@std@@@std@@U?$less@K@2@V?$allocator@U?$pair@$$CBKV?$vector@UtagPropertyBuff@@V?$allocator@UtagPropertyBuff@@@std@@@std@@@std@@@2@@std@@QAE?AU?$pair@V?$_Tree_iterator@V?$_Tree_val@U?$_Tree_simple_types@U?$pair@$$CBKV?$vector@UtagPropertyBuff@@V?$allocator@UtagPropertyBuff@@@std@@@std@@@std@@@std@@@std@@@std@@_N@1@ABK@Z 1000e4c0 f i GamePropertyManager.obj
 0001:0000d4e0       ??0?$CWHArray@UtagPropertyInfo@@ABU1@@@QAE@ABV0@@Z 1000e4e0 f i GamePropertyManager.obj
[...]
 0002:00006461       $N00042                    1001f461     GameService.exp
 0002:000064a1       $N00043                    1001f4a1     GameService.exp
 0002:000064e1       $N00044                    1001f4e1     GameService.exp
 0002:0000651a       $N00045                    1001f51a     GameService.exp
 0002:0000654f       $N00046                    1001f54f     GameService.exp
 0002:00006585       $N00047                    1001f585     GameService.exp
 0002:000065b8       $N00048                    1001f5b8     GameService.exp
 0002:000065fe       $N00049                    1001f5fe     GameService.exp
 0002:0000664f       $N00050                    1001f64f     GameService.exp
 0002:0000668c       $N00051                    1001f68c     GameService.exp
 0002:000066da       $N00052                    1001f6da     GameService.exp
 0002:0000670d       $N00053                    1001f70d     GameService.exp
 0002:0000673b       $N00054                    1001f73b     GameService.exp
 0002:00006768       $N00055                    1001f768     GameService.exp
 0002:00006795       $N00056                    1001f795     GameService.exp
 0002:000067c1       $N00057                    1001f7c1     GameService.exp
 0002:000067ea       $N00058                    1001f7ea     GameService.exp
 0002:0000681d       $N00059                    1001f81d     GameService.exp
 0002:00006851       $N00060                    1001f851     GameService.exp
 0002:00006885       $N00061                    1001f885     GameService.exp
 0002:000068cd       $N00062                    1001f8cd     GameService.exp
 0002:000068fa       $N00063                    1001f8fa     GameService.exp
 0002:00006942       $N00064                    1001f942     GameService.exp
 0002:00006987       $N00065                    1001f987     GameService.exp
 0002:000069ad       $N00066                    1001f9ad     GameService.exp
 0002:000069da       $N00067                    1001f9da     GameService.exp
 0002:000069ff       $N00068                    1001f9ff     GameService.exp
 0002:00006a23       $N00069                    1001fa23     GameService.exp
 0002:00006a4a       $N00070                    1001fa4a     GameService.exp
 0002:00006a70       $N00071                    1001fa70     GameService.exp
 0002:00006a98       $N00072                    1001fa98     GameService.exp
 0002:00006ac5       $N00073                    1001fac5     GameService.exp
 0002:00006afd       $N00074                    1001fafd     GameService.exp
 0002:00006b28       $N00075                    1001fb28     GameService.exp
 0002:00006b68       $N00076                    1001fb68     GameService.exp
 0002:00006b8b       $N00077                    1001fb8b     GameService.exp
 0002:00006bd1       $N00078                    1001fbd1     GameService.exp
 0002:00006c1b       $N00079                    1001fc1b     GameService.exp
 0002:00006c65       $N00080                    1001fc65     GameService.exp
 0002:00006c8d       $N00081                    1001fc8d     GameService.exp
 0002:00006cb8       $N00082                    1001fcb8     GameService.exp
 0002:00006cdb       $N00083                    1001fcdb     GameService.exp
 0002:00006d06       $N00084                    1001fd06     GameService.exp
 0002:00006d2d       $N00085                    1001fd2d     GameService.exp
 0002:00006d63       $N00086                    1001fd63     GameService.exp
 0002:00006d8b       $N00087                    1001fd8b     GameService.exp
 0002:00006db8       $N00088                    1001fdb8     GameService.exp
 0002:00006dea       $N00089                    1001fdea     GameService.exp
 0002:00006e10       $N00090                    1001fe10     GameService.exp
 0002:00006e39       $N00091                    1001fe39     GameService.exp
 0002:00006e61       $N00092                    1001fe61     GameService.exp
 0002:00006e89       $N00093                    1001fe89     GameService.exp
 0002:00006eb1       $N00094                    1001feb1     GameService.exp
 0002:00006eec       $N00095                    1001feec     GameService.exp
 0002:00006f14       $N00096                    1001ff14     GameService.exp
 0002:00006f42       $N00097                    1001ff42     GameService.exp
 0002:00006f6d       $N00098                    1001ff6d     GameService.exp
 0002:00006f95       $N00099                    1001ff95     GameService.exp
 0002:00006fc8       $N00100                    1001ffc8     GameService.exp
 0002:0000700b       $N00101                    1002000b     GameService.exp
 0002:00007051       $N00102                    10020051     GameService.exp
 0002:00007083       $N00103                    10020083     GameService.exp
 0002:000070aa       $N00104                    100200aa     GameService.exp
 0002:000070d8       $N00105                    100200d8     GameService.exp
 0002:00007105       $N00106                    10020105     GameService.exp
 0002:0000712a       $N00107                    1002012a     GameService.exp
 0002:0000714e       $N00108                    1002014e     GameService.exp
 0002:0000718d       $N00109                    1002018d     GameService.exp
 0002:000071bd       $N00110                    100201bd     GameService.exp
 0002:000071f1       $N00111                    100201f1     GameService.exp
 0002:0000721b       $N00112                    1002021b     GameService.exp
 0002:0000724e       $N00113                    1002024e     GameService.exp
 0002:00007277       $N00114                    10020277     GameService.exp
 0002:000072a0       $N00115                    100202a0     GameService.exp
 0002:000072cc       $N00116                    100202cc     GameService.exp
 0002:000072fb       $N00117                    100202fb     GameService.exp
 0002:00007322       $N00118                    10020322     GameService.exp
 0002:00007346       $N00119                    10020346     GameService.exp
 0002:00007369       $N00120                    10020369     GameService.exp
 0002:0000739d       $N00121                    1002039d     GameService.exp
 0002:000073c5       $N00122                    100203c5     GameService.exp
 0002:00007403       $N00123                    10020403     GameService.exp
 0002:00007430       $N00124                    10020430     GameService.exp
 0002:00007459       $N00125                    10020459     GameService.exp
 0002:00007483       $N00126                    10020483     GameService.exp
 0002:000074af       $N00127                    100204af     GameService.exp
 0002:000074d9       $N00128                    100204d9     GameService.exp
 0002:00007515       $N00129                    10020515     GameService.exp
 0002:0000753b       $N00130                    1002053b     GameService.exp
 0002:0000756f       $N00131                    1002056f     GameService.exp
 0002:00007596       $N00132                    10020596     GameService.exp
 0002:000075bd       $N00133                    100205bd     GameService.exp
 0002:000075fd       $N00134                    100205fd     GameService.exp
 0002:0000763e       $N00135                    1002063e     GameService.exp
 0002:00007666       $N00136                    10020666     GameService.exp
 0002:00007690       $N00137                    10020690     GameService.exp
 0002:000076da       $N00138                    100206da     GameService.exp
 0002:00007707       $N00139                    10020707     GameService.exp
 0002:00007735       $N00140                    10020735     GameService.exp
 0002:00007795       $N00141                    10020795     GameService.exp
 0002:000077fb       $N00142                    100207fb     GameService.exp
 0002:00007822       $N00143                    10020822     GameService.exp
 0002:0000784a       $N00144                    1002084a     GameService.exp
 0002:00007879       $N00145                    10020879     GameService.exp
 0002:000078a1       $N00146                    100208a1     GameService.exp
 0002:000078c8       $N00147                    100208c8     GameService.exp
 0002:00007936       $N00148                    10020936     GameService.exp
 0002:0000795e       $N00149                    1002095e     GameService.exp
 0002:000079cb       $N00150                    100209cb     GameService.exp
 0002:000079f1       $N00151                    100209f1     GameService.exp
 0002:00007a29       $N00152                    10020a29     GameService.exp
 0002:00007a57       $N00153                    10020a57     GameService.exp
 0002:00007a81       $N00154                    10020a81     GameService.exp
 0002:00007ab3       $N00155                    10020ab3     GameService.exp
 0002:00007ae2       $N00156                    10020ae2     GameService.exp
 0002:00007b12       $N00157                    10020b12     GameService.exp
 0002:00007b3e       $N00158                    10020b3e     GameService.exp
 0002:00007b70       $N00159                    10020b70     GameService.exp
 0002:00007ba5       $N00160                    10020ba5     GameService.exp
 0002:00007bd3       $N00161                    10020bd3     GameService.exp
 0002:00007c0a       $N00162                    10020c0a     GameService.exp
 0002:00007c40       $N00163                    10020c40     GameService.exp
 0002:00007c78       $N00164                    10020c78     GameService.exp
 0002:00007cad       $N00165                    10020cad     GameService.exp
 0002:00007cd7       $N00166                    10020cd7     GameService.exp
 0002:00007d05       $N00167                    10020d05     GameService.exp
 0002:00007d33       $N00168                    10020d33     GameService.exp
 0002:00007d69       $N00169                    10020d69     GameService.exp
 0002:00007da2       $N00170                    10020da2     GameService.exp
 0002:00007dd7       $N00171                    10020dd7     GameService.exp
 0002:00007e0f       $N00172                    10020e0f     GameService.exp
 0002:00007e45       $N00173                    10020e45     GameService.exp
 0002:00007e84       $N00174                    10020e84     GameService.exp
 0002:00007eb8       $N00175                    10020eb8     GameService.exp
 0002:00007eda       $N00176                    10020eda     GameService.exp
 0002:00007eff       $N00177                    10020eff     GameService.exp
 0002:00007f20       $N00178                    10020f20     GameService.exp
 0002:00007f44       $N00179                    10020f44     GameService.exp
 0002:00007f66       $N00180                    10020f66     GameService.exp
 0002:00007f9b       $N00181                    10020f9b     GameService.exp
 0002:00007fc9       $N00182                    10020fc9     GameService.exp
 0002:00007ff3       $N00183                    10020ff3     GameService.exp
 0002:0000801d       $N00184                    1002101d     GameService.exp
 0002:00008048       $N00185                    10021048     GameService.exp
 0002:0000806f       $N00186                    1002106f     GameService.exp
 0002:000080b8       $N00187                    100210b8     GameService.exp
 0002:000080fd       $N00188                    100210fd     GameService.exp
 0002:00008140       $N00189                    10021140     GameService.exp
 0002:0000817f       $N00190                    1002117f     GameService.exp
 0002:000081c1       $N00191                    100211c1     GameService.exp
 0002:00008217       $N00192                    10021217     GameService.exp
 0002:00008243       $N00193                    10021243     GameService.exp
 0002:00008278       $N00194                    10021278     GameService.exp
 0002:000082ae       $N00195                    100212ae     GameService.exp
 0002:000082e4       $N00196                    100212e4     GameService.exp
 0002:0000830e       $N00197                    1002130e     GameService.exp
 0002:00008345       $N00198                    10021345     GameService.exp
 0002:00008372       $N00199                    10021372     GameService.exp
 0002:000083ac       $N00200                    100213ac     GameService.exp
 0002:000083d7       $N00201                    100213d7     GameService.exp
 0002:00008406       $N00202                    10021406     GameService.exp
 0002:00008436       $N00203                    10021436     GameService.exp
 0002:00008463       $N00204                    10021463     GameService.exp
 0002:0000848c       $N00205                    1002148c     GameService.exp
 0002:000084ba       $N00206                    100214ba     GameService.exp
 0002:000084e8       $N00207                    100214e8     GameService.exp
 0002:00008526       $N00208                    10021526     GameService.exp
 0002:00008550       $N00209                    10021550     GameService.exp
 0002:0000858d       $N00210                    1002158d     GameService.exp
 0002:000085bd       $N00211                    100215bd     GameService.exp
 0002:000085e7       $N00212                    100215e7     GameService.exp
 0002:00008618       $N00213                    10021618     GameService.exp
 0002:00008642       $N00214                    10021642     GameService.exp
 0002:0000868b       $N00215                    1002168b     GameService.exp
 0002:000086d3       $N00216                    100216d3     GameService.exp
 0002:000086fc       $N00217                    100216fc     GameService.exp
 0002:00008726       $N00218                    10021726     GameService.exp
 0002:00008752       $N00219                    10021752     GameService.exp
 0002:00008799       $N00220                    10021799     GameService.exp
 0002:000087c2       $N00221                    100217c2     GameService.exp
 0002:00008803       $N00222                    10021803     GameService.exp
 0002:0000882c       $N00223                    1002182c     GameService.exp
 0002:0000885b       $N00224                    1002185b     GameService.exp
 0002:00008887       $N00225                    10021887     GameService.exp
 0002:000088c9       $N00226                    100218c9     GameService.exp
 0002:000088f1       $N00227                    100218f1     GameService.exp
 0002:0000891b       $N00228                    1002191b     GameService.exp
 0002:0000894a       $N00229                    1002194a     GameService.exp
 0002:00008978       $N00230                    10021978     GameService.exp
 0002:000089a2       $N00231                    100219a2     GameService.exp
 0002:000089dd       $N00232                    100219dd     GameService.exp
 0002:00008a17       $N00233                    10021a17     GameService.exp
 0002:00008a42       $N00234                    10021a42     GameService.exp
 0002:00008a6f       $N00235                    10021a6f     GameService.exp
 0002:00008aa3       $N00236                    10021aa3     GameService.exp
 0002:00008ace       $N00237                    10021ace     GameService.exp
 0002:00008b0e       $N00238                    10021b0e     GameService.exp
 0002:00008b3d       $N00239                    10021b3d     GameService.exp
 0002:00008b68       $N00240                    10021b68     GameService.exp
 0002:00008be1       $N00241                    10021be1     GameService.exp
 0002:00008c0b       $N00242                    10021c0b     GameService.exp
 0002:00008c36       $N00243                    10021c36     GameService.exp
 0002:00008c66       $N00244                    10021c66     GameService.exp
 0002:00008c91       $N00245                    10021c91     GameService.exp
 0002:00008cc4       $N00246                    10021cc4     GameService.exp
 0002:00008dbb       $N00247                    10021dbb     GameService.exp
 0002:000090e8       .idata$6                   100220e8     mfc140u:mfc140u.dll
 0002:000092e2       .idata$6                   100222e2     kernel32:KERNEL32.dll
 0002:0000932a       .idata$6                   1002232a     msvcprt:MSVCP140.dll
 0002:00009364       .idata$6                   10022364     ServiceCore:ServiceCore.dll
 0002:000093ae       .idata$6                   100223ae     KernelEngine:KernelEngine.dll
 0002:00009480       .idata$6                   10022480     vcruntime:VCRUNTIME140.dll
 0002:0000963a       .idata$6                   1002263a     ucrt:api-ms-win-crt-string-l1-1-0.dll
 0002:0000965c       .idata$6                   1002265c     ucrt:api-ms-win-crt-stdio-l1-1-0.dll
 0002:0000967c       .idata$6                   1002267c     ucrt:api-ms-win-crt-utility-l1-1-0.dll
 0002:0000969e       .idata$6                   1002269e     ucrt:api-ms-win-crt-time-l1-1-0.dll
 0002:000096be       .idata$6                   100226be     ucrt:api-ms-win-crt-math-l1-1-0.dll
 0002:000096de       .idata$6                   100226de     ucrt:api-ms-win-crt-runtime-l1-1-0.dll
 0002:00009700       .idata$6                   10022700     ucrt:api-ms-win-crt-convert-l1-1-0.dll
 0002:00009722       .idata$6                   10022722     ucrt:api-ms-win-crt-heap-l1-1-0.dll
 0003:00000000       ?PADDING@@3PAEA            10023000     AndroidUserItem.obj
 0003:00000040       ?PADDING@@3PAEA            10023040     AndroidUserManager.obj
 0003:00000080       ?PADDING@@3PAEA            10023080     GamePropertyManager.obj
 0003:000000c0       ?PADDING@@3PAEA            100230c0     GameService.obj
 0003:00000100       ?PADDING@@3PAEA            10023100     ServerUserManager.obj
 0003:00000140       ?PADDING@@3PAEA            10023140     UserTaskManager.obj
 0003:000006dc       ?GameServiceDLL@@3UAFX_EXTENSION_MODULE@@A 100236dc     GameService.obj
 0003:0000070c       ?module_local_atexit_table@@3U_onexit_table_t@@A 1002370c     msvcrt:utility.obj
 0003:00000718       ?module_local_at_quick_exit_table@@3U_onexit_table_t@@A 10023718     msvcrt:utility.obj
 0003:00000724       ?is_initialized_as_dll@@3_NA 10023724     msvcrt:utility.obj
 0003:00000728       ?_Tss_mutex@@3U_RTL_CRITICAL_SECTION@@A 10023728     msvcrt:thread_safe_statics.obj
 0003:00000740       ?_Tss_cv@@3U_RTL_CONDITION_VARIABLE@@A 10023740     msvcrt:thread_safe_statics.obj
 0003:00000744       ?_Tss_event@@3PAXA         10023744     msvcrt:thread_safe_statics.obj
 0003:00000748       ?encoded_sleep_condition_variable_cs@@3P6GHPAU_RTL_CONDITION_VARIABLE@@PAU_RTL_CRITICAL_SECTION@@K@ZA 10023748     msvcrt:thread_safe_statics.obj
 0003:0000074c       ?encoded_wake_all_condition_variable@@3P6GXPAU_RTL_CONDITION_VARIABLE@@@ZA 1002374c     msvcrt:thread_safe_statics.obj
 0003:00000754       ?__proc_attached@@3HA      10023754     msvcrt:dll_dllmain.obj
 0003:00000768       _GS_ExceptionRecord        10023768     msvcrt:gs_report.obj
 0003:000007b8       _GS_ContextRecord          100237b8     msvcrt:gs_report.obj
 0004:00000000       __guard_fids__             10024000     msvcrt:std_type_info_static.obj
 0004:00000004       __guard_fids__             10024004     msvcrt:thread_safe_statics.obj
 0004:00000008       __guard_fids_?__scrt_initialize_thread_safe_statics@@YAHXZ 10024008     msvcrt:thread_safe_statics.obj
 0004:0000000c       __guard_fids_?dllmain_crt_process_attach@@YAHQAUHINSTANCE__@@QAX@Z 1002400c     msvcrt:dll_dllmain.obj
 0004:00000014       __guard_fids_?dllmain_dispatch@@YAHQAUHINSTANCE__@@KQAX@Z 10024014     msvcrt:dll_dllmain.obj
 0004:00000018       __guard_fids___except_handler4 10024018     msvcrt:_chandler4gs_.obj
 0004:0000001c       __guard_fids__             1002401c     msvcrt:guard_support.obj
 0004:00000020       __guard_fids_??__E_AtlBaseModule@ATL@@YAXXZ 10024020     atls:atlbase.obj
 0004:00000024       __guard_fids__             10024024     atls:atlbase.obj
 0006:000000a0       $R000000                   100260a0     GameService.res
 0006:000003a0       $R000300                   100263a0     GameService.res
