 LogServer

 Timestamp is 651e7f9c (Thu Oct  5 17:19:24 2023)

 Preferred load address is 00400000

 Start         Length     Name                   Class
 0001:00000000 00000110H .text$di                CODE
 0001:00000110 00009c80H .text$mn                CODE
 0001:00009d90 00000490H .text$x                 CODE
 0001:0000a220 00000079H .text$yd                CODE
 0002:00000000 00000464H .idata$5                DATA
 0002:00000464 00000004H .00cfg                  DATA
 0002:00000468 00000004H .CRT$XCA                DATA
 0002:0000046c 00000004H .CRT$XCAA               DATA
 0002:00000470 00000008H .CRT$XCL                DATA
 0002:00000478 0000001cH .CRT$XCU                DATA
 0002:00000494 00000004H .CRT$XCZ                DATA
 0002:00000498 00000004H .CRT$XIA                DATA
 0002:0000049c 00000004H .CRT$XIAA               DATA
 0002:000004a0 00000004H .CRT$XIAC               DATA
 0002:000004a4 00000004H .CRT$XIC                DATA
 0002:000004a8 00000004H .CRT$XIZ                DATA
 0002:000004ac 00000004H .CRT$XLA                DATA
 0002:000004b0 00000004H .CRT$XLZ                DATA
 0002:000004b4 00000004H .CRT$XPA                DATA
 0002:000004b8 00000004H .CRT$XPZ                DATA
 0002:000004bc 00000004H .CRT$XTA                DATA
 0002:000004c0 00000010H .CRT$XTZ                DATA
 0002:000004d0 00002f64H .rdata                  DATA
 0002:00003434 00000018H .rdata$T                DATA
 0002:0000344c 000009c4H .rdata$r                DATA
 0002:00003e10 00000064H .rdata$sxdata           DATA
 0002:00003e74 00000400H .rdata$zzzdbg           DATA
 0002:00004274 00000004H .rtc$IAA                DATA
 0002:00004278 00000004H .rtc$IZZ                DATA
 0002:0000427c 00000004H .rtc$TAA                DATA
 0002:00004280 00000008H .rtc$TZZ                DATA
 0002:00004288 000008ccH .xdata$x                DATA
 0002:00004b54 00000000H ATL$__a                 DATA
 0002:00004b54 00000000H ATL$__z                 DATA
 0002:00004b54 00000000H .edata                  DATA
 0002:00004b54 00000140H .idata$2                DATA
 0002:00004c94 00000014H .idata$3                DATA
 0002:00004ca8 00000464H .idata$4                DATA
 0002:0000510c 000008ceH .idata$6                DATA
 0003:00000000 0000006cH .data                   DATA
 0003:0000006c 000004ccH .data$r                 DATA
 0003:00000538 0000052cH .bss                    DATA
 0004:00000000 00000038H .gfids$y                DATA
 0005:00000000 00000004H .tls                    DATA
 0005:00000004 00000004H .tls$                   DATA
 0005:00000008 00000001H .tls$ZZZ                DATA
 0006:00000000 00000180H .rsrc$01                DATA
 0006:00000180 00002430H .rsrc$02                DATA

  Address         Publics by Value              Rva+Base       Lib:Object

 0000:00000000       ___guard_longjmp_count     00000000     <absolute>
 0000:00000000       ___guard_iat_count         00000000     <absolute>
 0000:00000000       ___guard_fids_table        00000000     <absolute>
 0000:00000000       ___guard_iat_table         00000000     <absolute>
 0000:00000000       ___dynamic_value_reloc_table 00000000     <absolute>
 0000:00000000       ___guard_longjmp_table     00000000     <absolute>
 0000:00000000       ___guard_fids_count        00000000     <absolute>
 0000:00000019       ___safe_se_handler_count   00000019     <absolute>
 0000:0000002c       __tls_array                0000002c     <absolute>
 0000:00000100       ___guard_flags             00000100     <absolute>
 0000:00000000       ___ImageBase               00400000     <linker-defined>
 0001:00000240       ??0CAttemperEngineSink@@QAE@XZ 00401240 f   AttemperEngineSink.obj
 0001:00000300       ??1CAttemperEngineSink@@UAE@XZ 00401300 f   AttemperEngineSink.obj
 0001:00000330       ?QueryInterface@CAttemperEngineSink@@UAEPAXABU_GUID@@K@Z 00401330 f   AttemperEngineSink.obj
 0001:000003b0       ?OnAttemperEngineStart@CAttemperEngineSink@@UAE_NPAUIUnknownEx@@@Z 004013b0 f   AttemperEngineSink.obj
 0001:00000410       ?OnAttemperEngineConclude@CAttemperEngineSink@@UAE_NPAUIUnknownEx@@@Z 00401410 f   AttemperEngineSink.obj
 0001:00000580       ?OnEventControl@CAttemperEngineSink@@UAE_NGPAXG@Z 00401580 f   AttemperEngineSink.obj
 0001:00000590       ?OnEventAttemperData@CAttemperEngineSink@@UAE_NGPAXG@Z 00401590 f   AttemperEngineSink.obj
 0001:000005a0       ?OnEventTimer@CAttemperEngineSink@@UAE_NKI@Z 004015a0 f   AttemperEngineSink.obj
 0001:000005b0       ?OnEventDataBase@CAttemperEngineSink@@UAE_NGKPAXG@Z 004015b0 f   AttemperEngineSink.obj
 0001:000005c0       ?OnEventTCPSocketLink@CAttemperEngineSink@@UAE_NGH@Z 004015c0 f   AttemperEngineSink.obj
 0001:000005d0       ?OnEventTCPSocketShut@CAttemperEngineSink@@UAE_NGE@Z 004015d0 f   AttemperEngineSink.obj
 0001:000005e0       ?OnEventTCPSocketRead@CAttemperEngineSink@@UAE_NGUTCP_Command@@PAXG@Z 004015e0 f   AttemperEngineSink.obj
 0001:000005f0       ?OnEventTCPNetworkBind@CAttemperEngineSink@@UAE_NKK@Z 004015f0 f   AttemperEngineSink.obj
 0001:00000660       ?OnEventTCPNetworkShut@CAttemperEngineSink@@UAE_NKKK@Z 00401660 f   AttemperEngineSink.obj
 0001:000006a0       ?OnEventTCPNetworkRead@CAttemperEngineSink@@UAE_NUTCP_Command@@PAXGK@Z 004016a0 f   AttemperEngineSink.obj
 0001:000006e0       ?OnTCPNetworkMainLog@CAttemperEngineSink@@IAE_NGPAXGK@Z 004016e0 f   AttemperEngineSink.obj
 0001:00000ba0       ?CloseLogonServerLog@CAttemperEngineSink@@QAEXE@Z 00401ba0 f   AttemperEngineSink.obj
 0001:00000bc0       ?CloseGamedServerLog@CAttemperEngineSink@@QAEXE@Z 00401bc0 f   AttemperEngineSink.obj
 0001:00000be0       ?CloseChatServerLog@CAttemperEngineSink@@QAEXE@Z 00401be0 f   AttemperEngineSink.obj
 0001:00000c00       ?CloseGroupServerLog@CAttemperEngineSink@@QAEXE@Z 00401c00 f   AttemperEngineSink.obj
 0001:00000c20       ?WriteOtherServerLog@@YAXAAV?$vector@UtagOtherServerLogInfo@@V?$allocator@UtagOtherServerLogInfo@@@std@@@std@@AAH@Z 00401c20 f   AttemperEngineSink.obj
 0001:00000ef0       ?OtherServerThreadProFunc@@YGKPAX@Z 00401ef0 f   AttemperEngineSink.obj
 0001:00001040       ?AddOtherServerLog@@YAXAAV?$vector@UtagOtherServerLogInfo@@V?$allocator@UtagOtherServerLogInfo@@@std@@@std@@UtagOtherServerLogInfo@@HAAH@Z 00402040 f   AttemperEngineSink.obj
 0001:00001190       ?WriteGameServerLog@@YAXAAV?$vector@UtagLogUserInfo@@V?$allocator@UtagLogUserInfo@@@std@@@std@@AAH@Z 00402190 f   AttemperEngineSink.obj
 0001:00001580       ?GameServerThreadProFunc@@YGKPAX@Z 00402580 f   AttemperEngineSink.obj
 0001:000016d0       ?AddGameServerLog@@YAXAAV?$vector@UtagLogUserInfo@@V?$allocator@UtagLogUserInfo@@@std@@@std@@UtagLogUserInfo@@HAAH@Z 004026d0 f   AttemperEngineSink.obj
 0001:00001890       ??$?0$$V@?$_Compressed_pair@U?$_Wrap_alloc@V?$allocator@UtagOtherServerLogInfo@@@std@@@std@@V?$_Vector_val@U?$_Simple_types@UtagOtherServerLogInfo@@@std@@@2@$00@std@@QAE@U_Zero_then_variadic_args_t@1@@Z 00402890 f i AttemperEngineSink.obj
 0001:00001890       ??$?0$$V@?$_Compressed_pair@U?$_Wrap_alloc@V?$allocator@UtagLogUserInfo@@@std@@@std@@V?$_Vector_val@U?$_Simple_types@UtagLogUserInfo@@@std@@@2@$00@std@@QAE@U_Zero_then_variadic_args_t@1@@Z 00402890 f i AttemperEngineSink.obj
 0001:000018b0       ??$_Copy_memmove@PAUtagLogUserInfo@@PAU1@@std@@YAPAUtagLogUserInfo@@PAU1@00@Z 004028b0 f i AttemperEngineSink.obj
 0001:000018b0       ??$_Copy_memmove@PAUtagOtherServerLogInfo@@PAU1@@std@@YAPAUtagOtherServerLogInfo@@PAU1@00@Z 004028b0 f i AttemperEngineSink.obj
 0001:000018f0       ?__global_delete@@YAXPAXI@Z 004028f0 f i AttemperEngineSink.obj
 0001:000018f0       ??$_Destroy_range1@V?$allocator@UtagOtherServerLogInfo@@@std@@PAUtagOtherServerLogInfo@@@std@@YAXPAUtagOtherServerLogInfo@@0AAU?$_Wrap_alloc@V?$allocator@UtagOtherServerLogInfo@@@std@@@0@U?$integral_constant@_N$00@0@@Z 004028f0 f i AttemperEngineSink.obj
 0001:000018f0       ??$__vcrt_va_start_verify_argument_type@PB_W@@YAXXZ 004028f0 f i InitParameter.obj
 0001:000018f0       ??$_Destroy_range1@V?$allocator@UtagLogUserInfo@@@std@@PAUtagLogUserInfo@@@std@@YAXPAUtagLogUserInfo@@0AAU?$_Wrap_alloc@V?$allocator@UtagLogUserInfo@@@std@@@0@U?$integral_constant@_N$00@0@@Z 004028f0 f i AttemperEngineSink.obj
 0001:000018f0       ?__empty_global_delete@@YAXPAXI@Z 004028f0 f i AttemperEngineSink.obj
 0001:000018f0       ??$__vcrt_va_start_verify_argument_type@QB_W@@YAXXZ 004028f0 f i AttemperEngineSink.obj
 0001:000018f0       ??3@YAXPAX0@Z              004028f0 f i GlobalInfoManager.obj
 0001:00001900       ??$_Destroy_range@V?$allocator@UtagOtherServerLogInfo@@@std@@PAUtagOtherServerLogInfo@@@std@@YAXPAUtagOtherServerLogInfo@@0AAU?$_Wrap_alloc@V?$allocator@UtagOtherServerLogInfo@@@std@@@0@@Z 00402900 f i AttemperEngineSink.obj
 0001:00001900       ??$_Destroy_range@V?$allocator@UtagLogUserInfo@@@std@@PAUtagLogUserInfo@@@std@@YAXPAUtagLogUserInfo@@0AAU?$_Wrap_alloc@V?$allocator@UtagLogUserInfo@@@std@@@0@@Z 00402900 f i AttemperEngineSink.obj
 0001:00001930       ??$_Rechecked@PAUtagLogUserInfo@@PAU1@@std@@YAAAPAUtagLogUserInfo@@AAPAU1@PAU1@@Z 00402930 f i AttemperEngineSink.obj
 0001:00001930       ??$_Rechecked@PAUtagOtherServerLogInfo@@PAU1@@std@@YAAAPAUtagOtherServerLogInfo@@AAPAU1@PAU1@@Z 00402930 f i AttemperEngineSink.obj
 0001:00001940       ??$_Umove@PAUtagOtherServerLogInfo@@@?$vector@UtagOtherServerLogInfo@@V?$allocator@UtagOtherServerLogInfo@@@std@@@std@@IAEPAUtagOtherServerLogInfo@@PAU2@00@Z 00402940 f i AttemperEngineSink.obj
 0001:00001940       ??$_Umove@PAUtagLogUserInfo@@@?$vector@UtagLogUserInfo@@V?$allocator@UtagLogUserInfo@@@std@@@std@@IAEPAUtagLogUserInfo@@PAU2@00@Z 00402940 f i AttemperEngineSink.obj
 0001:00001970       ??$addressof@$$CBUtagOtherServerLogInfo@@@std@@YAPBUtagOtherServerLogInfo@@ABU1@@Z 00402970 f i AttemperEngineSink.obj
 0001:00001970       ??$_Unchecked@PAUtagOtherServerLogInfo@@@std@@YAPAUtagOtherServerLogInfo@@PAU1@@Z 00402970 f i AttemperEngineSink.obj
 0001:00001970       ??$forward@AAUtagLogUserInfo@@@std@@YAAAUtagLogUserInfo@@AAU1@@Z 00402970 f i AttemperEngineSink.obj
 0001:00001970       ??$forward@ABUtagOtherServerLogInfo@@@std@@YAABUtagOtherServerLogInfo@@ABU1@@Z 00402970 f i AttemperEngineSink.obj
 0001:00001970       ??$_Ptr_move_cat@UtagLogUserInfo@@U1@@std@@YA?AU_Really_trivial_ptr_iterator_tag@0@ABQAUtagLogUserInfo@@0@Z 00402970 f i AttemperEngineSink.obj
 0001:00001970       ??$forward@ABUtagLogUserInfo@@@std@@YAABUtagLogUserInfo@@ABU1@@Z 00402970 f i AttemperEngineSink.obj
 0001:00001970       ??$_Unchecked@PAUtagLogUserInfo@@@std@@YAPAUtagLogUserInfo@@PAU1@@Z 00402970 f i AttemperEngineSink.obj
 0001:00001970       ??$addressof@$$CBUtagLogUserInfo@@@std@@YAPBUtagLogUserInfo@@ABU1@@Z 00402970 f i AttemperEngineSink.obj
 0001:00001970       ??$_Unfancy@UtagLogUserInfo@@@std@@YAPAUtagLogUserInfo@@PAU1@@Z 00402970 f i AttemperEngineSink.obj
 0001:00001970       ??$forward@AAUtagOtherServerLogInfo@@@std@@YAAAUtagOtherServerLogInfo@@AAU1@@Z 00402970 f i AttemperEngineSink.obj
 0001:00001970       ??$_Unfancy@UtagOtherServerLogInfo@@@std@@YAPAUtagOtherServerLogInfo@@PAU1@@Z 00402970 f i AttemperEngineSink.obj
 0001:00001970       ??$_Ptr_move_cat@UtagOtherServerLogInfo@@U1@@std@@YA?AU_Really_trivial_ptr_iterator_tag@0@ABQAUtagOtherServerLogInfo@@0@Z 00402970 f i AttemperEngineSink.obj
 0001:00001980       ??$_Uninitialized_move@PAUtagLogUserInfo@@PAU1@V?$allocator@UtagLogUserInfo@@@std@@@std@@YAPAUtagLogUserInfo@@PAU1@00AAU?$_Wrap_alloc@V?$allocator@UtagLogUserInfo@@@std@@@0@@Z 00402980 f i AttemperEngineSink.obj
 0001:00001980       ??$_Uninitialized_move@PAUtagOtherServerLogInfo@@PAU1@V?$allocator@UtagOtherServerLogInfo@@@std@@@std@@YAPAUtagOtherServerLogInfo@@PAU1@00AAU?$_Wrap_alloc@V?$allocator@UtagOtherServerLogInfo@@@std@@@0@@Z 00402980 f i AttemperEngineSink.obj
 0001:000019d0       ??$_Uninitialized_move_al_unchecked1@UtagLogUserInfo@@U1@V?$allocator@UtagLogUserInfo@@@std@@@std@@YAPAUtagLogUserInfo@@PAU1@00AAU?$_Wrap_alloc@V?$allocator@UtagLogUserInfo@@@std@@@0@U_Really_trivial_ptr_iterator_tag@0@U?$integral_constant@_N$00@0@@Z 004029d0 f i AttemperEngineSink.obj
 0001:000019d0       ??$_Uninitialized_move_al_unchecked1@UtagOtherServerLogInfo@@U1@V?$allocator@UtagOtherServerLogInfo@@@std@@@std@@YAPAUtagOtherServerLogInfo@@PAU1@00AAU?$_Wrap_alloc@V?$allocator@UtagOtherServerLogInfo@@@std@@@0@U_Really_trivial_ptr_iterator_tag@0@U?$integral_constant@_N$00@0@@Z 004029d0 f i AttemperEngineSink.obj
 0001:000019f0       ??$_Uninitialized_move_al_unchecked@PAUtagOtherServerLogInfo@@PAU1@V?$allocator@UtagOtherServerLogInfo@@@std@@@std@@YAPAUtagOtherServerLogInfo@@PAU1@00AAU?$_Wrap_alloc@V?$allocator@UtagOtherServerLogInfo@@@std@@@0@@Z 004029f0 f i AttemperEngineSink.obj
 0001:000019f0       ??$_Uninitialized_move_al_unchecked@PAUtagLogUserInfo@@PAU1@V?$allocator@UtagLogUserInfo@@@std@@@std@@YAPAUtagLogUserInfo@@PAU1@00AAU?$_Wrap_alloc@V?$allocator@UtagLogUserInfo@@@std@@@0@@Z 004029f0 f i AttemperEngineSink.obj
 0001:00001a30       ??$construct@UtagLogUserInfo@@ABU1@@?$allocator@UtagLogUserInfo@@@std@@QAEXPAUtagLogUserInfo@@ABU2@@Z 00402a30 f i AttemperEngineSink.obj
 0001:00001a30       ??$construct@UtagLogUserInfo@@AAU1@@?$allocator@UtagLogUserInfo@@@std@@QAEXPAUtagLogUserInfo@@AAU2@@Z 00402a30 f i AttemperEngineSink.obj
 0001:00001a90       ??$construct@UtagLogUserInfo@@ABU1@@?$allocator_traits@V?$allocator@UtagLogUserInfo@@@std@@@std@@SAXAAV?$allocator@UtagLogUserInfo@@@1@PAUtagLogUserInfo@@ABU3@@Z 00402a90 f i AttemperEngineSink.obj
 0001:00001a90       ??$construct@UtagLogUserInfo@@AAU1@@?$allocator_traits@V?$allocator@UtagLogUserInfo@@@std@@@std@@SAXAAV?$allocator@UtagLogUserInfo@@@1@PAUtagLogUserInfo@@AAU3@@Z 00402a90 f i AttemperEngineSink.obj
 0001:00001ab0       ??$construct@UtagLogUserInfo@@ABU1@@?$_Wrap_alloc@V?$allocator@UtagLogUserInfo@@@std@@@std@@QAEXPAUtagLogUserInfo@@ABU2@@Z 00402ab0 f i AttemperEngineSink.obj
 0001:00001ab0       ??$construct@UtagLogUserInfo@@AAU1@@?$_Wrap_alloc@V?$allocator@UtagLogUserInfo@@@std@@@std@@QAEXPAUtagLogUserInfo@@AAU2@@Z 00402ab0 f i AttemperEngineSink.obj
 0001:00001ae0       ??$construct@UtagOtherServerLogInfo@@ABU1@@?$_Wrap_alloc@V?$allocator@UtagOtherServerLogInfo@@@std@@@std@@QAEXPAUtagOtherServerLogInfo@@ABU2@@Z 00402ae0 f i AttemperEngineSink.obj
 0001:00001ae0       ??$construct@UtagOtherServerLogInfo@@AAU1@@?$_Wrap_alloc@V?$allocator@UtagOtherServerLogInfo@@@std@@@std@@QAEXPAUtagOtherServerLogInfo@@AAU2@@Z 00402ae0 f i AttemperEngineSink.obj
 0001:00001b10       ??$construct@UtagOtherServerLogInfo@@ABU1@@?$allocator@UtagOtherServerLogInfo@@@std@@QAEXPAUtagOtherServerLogInfo@@ABU2@@Z 00402b10 f i AttemperEngineSink.obj
 0001:00001b10       ??$construct@UtagOtherServerLogInfo@@AAU1@@?$allocator@UtagOtherServerLogInfo@@@std@@QAEXPAUtagOtherServerLogInfo@@AAU2@@Z 00402b10 f i AttemperEngineSink.obj
 0001:00001b70       ??$construct@UtagOtherServerLogInfo@@AAU1@@?$allocator_traits@V?$allocator@UtagOtherServerLogInfo@@@std@@@std@@SAXAAV?$allocator@UtagOtherServerLogInfo@@@1@PAUtagOtherServerLogInfo@@AAU3@@Z 00402b70 f i AttemperEngineSink.obj
 0001:00001b70       ??$construct@UtagOtherServerLogInfo@@ABU1@@?$allocator_traits@V?$allocator@UtagOtherServerLogInfo@@@std@@@std@@SAXAAV?$allocator@UtagOtherServerLogInfo@@@1@PAUtagOtherServerLogInfo@@ABU3@@Z 00402b70 f i AttemperEngineSink.obj
 0001:00001b90       ??0?$CWHArray@GABG@@QAE@XZ 00402b90 f i AttemperEngineSink.obj
 0001:00001bd0       ??0?$_Vector_alloc@U?$_Vec_base_types@UtagOtherServerLogInfo@@V?$allocator@UtagOtherServerLogInfo@@@std@@@std@@@std@@QAE@XZ 00402bd0 f i AttemperEngineSink.obj
 0001:00001bd0       ??0?$_Vector_alloc@U?$_Vec_base_types@UtagLogUserInfo@@V?$allocator@UtagLogUserInfo@@@std@@@std@@@std@@QAE@XZ 00402bd0 f i AttemperEngineSink.obj
 0001:00001bf0       ??0?$_Vector_val@U?$_Simple_types@UtagOtherServerLogInfo@@@std@@@std@@QAE@XZ 00402bf0 f i AttemperEngineSink.obj
 0001:00001bf0       ??0?$_Vector_val@U?$_Simple_types@UtagLogUserInfo@@@std@@@std@@QAE@XZ 00402bf0 f i AttemperEngineSink.obj
 0001:00001c20       ??0?$_Wrap_alloc@V?$allocator@UtagLogUserInfo@@@std@@@std@@QAE@XZ 00402c20 f i AttemperEngineSink.obj
 0001:00001c20       ??0?$_Wrap_alloc@V?$allocator@UtagOtherServerLogInfo@@@std@@@std@@QAE@XZ 00402c20 f i AttemperEngineSink.obj
 0001:00001c40       ??0?$vector@UtagOtherServerLogInfo@@V?$allocator@UtagOtherServerLogInfo@@@std@@@std@@QAE@XZ 00402c40 f i AttemperEngineSink.obj
 0001:00001c40       ??0?$vector@UtagLogUserInfo@@V?$allocator@UtagLogUserInfo@@@std@@@std@@QAE@XZ 00402c40 f i AttemperEngineSink.obj
 0001:00001c80       ??0IAttemperEngineSink@@QAE@XZ 00402c80 f i AttemperEngineSink.obj
 0001:00001ca0       ??0IUnknownEx@@QAE@XZ      00402ca0 f i AttemperEngineSink.obj
 0001:00001cc0       ??1?$CWHArray@GABG@@UAE@XZ 00402cc0 f i AttemperEngineSink.obj
 0001:00001d20       ??1?$vector@UtagLogUserInfo@@V?$allocator@UtagLogUserInfo@@@std@@@std@@QAE@XZ 00402d20 f i AttemperEngineSink.obj
 0001:00001d60       ??1?$vector@UtagOtherServerLogInfo@@V?$allocator@UtagOtherServerLogInfo@@@std@@@std@@QAE@XZ 00402d60 f i AttemperEngineSink.obj
 0001:00001da0       ??2@YAPAXIPAX@Z            00402da0 f i AttemperEngineSink.obj
 0001:00001db0       ??A?$vector@UtagLogUserInfo@@V?$allocator@UtagLogUserInfo@@@std@@@std@@QAEAAUtagLogUserInfo@@I@Z 00402db0 f i AttemperEngineSink.obj
 0001:00001dd0       ??A?$vector@UtagOtherServerLogInfo@@V?$allocator@UtagOtherServerLogInfo@@@std@@@std@@QAEAAUtagOtherServerLogInfo@@I@Z 00402dd0 f i AttemperEngineSink.obj
 0001:00001df0       ??_G?$CWHArray@GABG@@UAEPAXI@Z 00402df0 f i AttemperEngineSink.obj
 0001:00001df0       ??_E?$CWHArray@GABG@@UAEPAXI@Z 00402df0 f i AttemperEngineSink.obj
 0001:00001e20       ??_GCAttemperEngineSink@@UAEPAXI@Z 00402e20 f i AttemperEngineSink.obj
 0001:00001e20       ??_ECAttemperEngineSink@@UAEPAXI@Z 00402e20 f i AttemperEngineSink.obj
 0001:00001e60       ?GetBuildVer@@YAEK@Z       00402e60 f i AttemperEngineSink.obj
 0001:00001e80       ?GetMainVer@@YAEK@Z        00402e80 f i AttemperEngineSink.obj
 0001:00001e90       ?GetProductVer@@YAEK@Z     00402e90 f i AttemperEngineSink.obj
 0001:00001eb0       ?GetSubVer@@YAEK@Z         00402eb0 f i AttemperEngineSink.obj
 0001:00001ed0       ?InterfaceVersionCompare@@YA_NKK@Z 00402ed0 f i AttemperEngineSink.obj
 0001:00001f80       ?_Allocate@std@@YAPAXII_N@Z 00402f80 f i AttemperEngineSink.obj
 0001:00002040       ?_Deallocate@std@@YAXPAXII@Z 00403040 f i AttemperEngineSink.obj
 0001:000020e0       ?_Destroy@?$vector@UtagLogUserInfo@@V?$allocator@UtagLogUserInfo@@@std@@@std@@IAEXPAUtagLogUserInfo@@0@Z 004030e0 f i AttemperEngineSink.obj
 0001:000020e0       ?_Destroy@?$vector@UtagOtherServerLogInfo@@V?$allocator@UtagOtherServerLogInfo@@@std@@@std@@IAEXPAUtagOtherServerLogInfo@@0@Z 004030e0 f i AttemperEngineSink.obj
 0001:00002110       ??0?$allocator@UtagOtherServerLogInfo@@@std@@QAE@XZ 00403110 f i AttemperEngineSink.obj
 0001:00002110       ?_Get_second@?$_Compressed_pair@U?$_Wrap_alloc@V?$allocator@UtagOtherServerLogInfo@@@std@@@std@@V?$_Vector_val@U?$_Simple_types@UtagOtherServerLogInfo@@@std@@@2@$00@std@@QBEABV?$_Vector_val@U?$_Simple_types@UtagOtherServerLogInfo@@@std@@@2@XZ 00403110 f i AttemperEngineSink.obj
 0001:00002110       ?_Get_first@?$_Compressed_pair@U?$_Wrap_alloc@V?$allocator@UtagLogUserInfo@@@std@@@std@@V?$_Vector_val@U?$_Simple_types@UtagLogUserInfo@@@std@@@2@$00@std@@QAEAAU?$_Wrap_alloc@V?$allocator@UtagLogUserInfo@@@std@@@2@XZ 00403110 f i AttemperEngineSink.obj
 0001:00002110       ?_Get_first@?$_Compressed_pair@U?$_Wrap_alloc@V?$allocator@UtagLogUserInfo@@@std@@@std@@V?$_Vector_val@U?$_Simple_types@UtagLogUserInfo@@@std@@@2@$00@std@@QBEABU?$_Wrap_alloc@V?$allocator@UtagLogUserInfo@@@std@@@2@XZ 00403110 f i AttemperEngineSink.obj
 0001:00002110       ?_Get_first@?$_Compressed_pair@U?$_Wrap_alloc@V?$allocator@UtagOtherServerLogInfo@@@std@@@std@@V?$_Vector_val@U?$_Simple_types@UtagOtherServerLogInfo@@@std@@@2@$00@std@@QBEABU?$_Wrap_alloc@V?$allocator@UtagOtherServerLogInfo@@@std@@@2@XZ 00403110 f i AttemperEngineSink.obj
 0001:00002110       ??0CObject@@IAE@XZ         00403110 f i GlobalInfoManager.obj
 0001:00002110       ?_Get_first@?$_Compressed_pair@U?$_Wrap_alloc@V?$allocator@UtagOtherServerLogInfo@@@std@@@std@@V?$_Vector_val@U?$_Simple_types@UtagOtherServerLogInfo@@@std@@@2@$00@std@@QAEAAU?$_Wrap_alloc@V?$allocator@UtagOtherServerLogInfo@@@std@@@2@XZ 00403110 f i AttemperEngineSink.obj
 0001:00002110       ??0?$allocator@UtagLogUserInfo@@@std@@QAE@XZ 00403110 f i AttemperEngineSink.obj
 0001:00002110       ?_Get_second@?$_Compressed_pair@U?$_Wrap_alloc@V?$allocator@UtagLogUserInfo@@@std@@@std@@V?$_Vector_val@U?$_Simple_types@UtagLogUserInfo@@@std@@@2@$00@std@@QAEAAV?$_Vector_val@U?$_Simple_types@UtagLogUserInfo@@@std@@@2@XZ 00403110 f i AttemperEngineSink.obj
 0001:00002110       ?_Get_second@?$_Compressed_pair@U?$_Wrap_alloc@V?$allocator@UtagLogUserInfo@@@std@@@std@@V?$_Vector_val@U?$_Simple_types@UtagLogUserInfo@@@std@@@2@$00@std@@QBEABV?$_Vector_val@U?$_Simple_types@UtagLogUserInfo@@@std@@@2@XZ 00403110 f i AttemperEngineSink.obj
 0001:00002110       ?_Get_second@?$_Compressed_pair@U?$_Wrap_alloc@V?$allocator@UtagOtherServerLogInfo@@@std@@@std@@V?$_Vector_val@U?$_Simple_types@UtagOtherServerLogInfo@@@std@@@2@$00@std@@QAEAAV?$_Vector_val@U?$_Simple_types@UtagOtherServerLogInfo@@@std@@@2@XZ 00403110 f i AttemperEngineSink.obj
 0001:00002120       ?_Getal@?$_Vector_alloc@U?$_Vec_base_types@UtagLogUserInfo@@V?$allocator@UtagLogUserInfo@@@std@@@std@@@std@@QAEAAU?$_Wrap_alloc@V?$allocator@UtagLogUserInfo@@@std@@@2@XZ 00403120 f i AttemperEngineSink.obj
 0001:00002120       ?_Getal@?$_Vector_alloc@U?$_Vec_base_types@UtagOtherServerLogInfo@@V?$allocator@UtagOtherServerLogInfo@@@std@@@std@@@std@@QAEAAU?$_Wrap_alloc@V?$allocator@UtagOtherServerLogInfo@@@std@@@2@XZ 00403120 f i AttemperEngineSink.obj
 0001:00002120       ?_Getal@?$_Vector_alloc@U?$_Vec_base_types@UtagOtherServerLogInfo@@V?$allocator@UtagOtherServerLogInfo@@@std@@@std@@@std@@QBEABU?$_Wrap_alloc@V?$allocator@UtagOtherServerLogInfo@@@std@@@2@XZ 00403120 f i AttemperEngineSink.obj
 0001:00002120       ?_Get_data@?$_Vector_alloc@U?$_Vec_base_types@UtagLogUserInfo@@V?$allocator@UtagLogUserInfo@@@std@@@std@@@std@@QAEAAV?$_Vector_val@U?$_Simple_types@UtagLogUserInfo@@@std@@@2@XZ 00403120 f i AttemperEngineSink.obj
 0001:00002120       ?_Get_data@?$_Vector_alloc@U?$_Vec_base_types@UtagLogUserInfo@@V?$allocator@UtagLogUserInfo@@@std@@@std@@@std@@QBEABV?$_Vector_val@U?$_Simple_types@UtagLogUserInfo@@@std@@@2@XZ 00403120 f i AttemperEngineSink.obj
 0001:00002120       ?_Get_data@?$_Vector_alloc@U?$_Vec_base_types@UtagOtherServerLogInfo@@V?$allocator@UtagOtherServerLogInfo@@@std@@@std@@@std@@QAEAAV?$_Vector_val@U?$_Simple_types@UtagOtherServerLogInfo@@@std@@@2@XZ 00403120 f i AttemperEngineSink.obj
 0001:00002120       ?_Getal@?$_Vector_alloc@U?$_Vec_base_types@UtagLogUserInfo@@V?$allocator@UtagLogUserInfo@@@std@@@std@@@std@@QBEABU?$_Wrap_alloc@V?$allocator@UtagLogUserInfo@@@std@@@2@XZ 00403120 f i AttemperEngineSink.obj
 0001:00002120       ?_Get_data@?$_Vector_alloc@U?$_Vec_base_types@UtagOtherServerLogInfo@@V?$allocator@UtagOtherServerLogInfo@@@std@@@std@@@std@@QBEABV?$_Vector_val@U?$_Simple_types@UtagOtherServerLogInfo@@@std@@@2@XZ 00403120 f i AttemperEngineSink.obj
 0001:00002140       ?_Grow_to@?$vector@UtagLogUserInfo@@V?$allocator@UtagLogUserInfo@@@std@@@std@@IBEII@Z 00403140 f i AttemperEngineSink.obj
 0001:000021a0       ?_Grow_to@?$vector@UtagOtherServerLogInfo@@V?$allocator@UtagOtherServerLogInfo@@@std@@@std@@IBEII@Z 004031a0 f i AttemperEngineSink.obj
 0001:00002200       ?_Inside@?$vector@UtagLogUserInfo@@V?$allocator@UtagLogUserInfo@@@std@@@std@@IBE_NPBUtagLogUserInfo@@@Z 00403200 f i AttemperEngineSink.obj
 0001:00002200       ?_Inside@?$vector@UtagOtherServerLogInfo@@V?$allocator@UtagOtherServerLogInfo@@@std@@@std@@IBE_NPBUtagOtherServerLogInfo@@@Z 00403200 f i AttemperEngineSink.obj
 0001:00002260       ?_Myend@?$_Vector_alloc@U?$_Vec_base_types@UtagOtherServerLogInfo@@V?$allocator@UtagOtherServerLogInfo@@@std@@@std@@@std@@QBEABQAUtagOtherServerLogInfo@@XZ 00403260 f i AttemperEngineSink.obj
 0001:00002260       ?_Myend@?$_Vector_alloc@U?$_Vec_base_types@UtagLogUserInfo@@V?$allocator@UtagLogUserInfo@@@std@@@std@@@std@@QBEABQAUtagLogUserInfo@@XZ 00403260 f i AttemperEngineSink.obj
 0001:00002260       ?_Myend@?$_Vector_alloc@U?$_Vec_base_types@UtagLogUserInfo@@V?$allocator@UtagLogUserInfo@@@std@@@std@@@std@@QAEAAPAUtagLogUserInfo@@XZ 00403260 f i AttemperEngineSink.obj
 0001:00002260       ?_Myend@?$_Vector_alloc@U?$_Vec_base_types@UtagOtherServerLogInfo@@V?$allocator@UtagOtherServerLogInfo@@@std@@@std@@@std@@QAEAAPAUtagOtherServerLogInfo@@XZ 00403260 f i AttemperEngineSink.obj
 0001:00002280       ?_Myfirst@?$_Vector_alloc@U?$_Vec_base_types@UtagLogUserInfo@@V?$allocator@UtagLogUserInfo@@@std@@@std@@@std@@QBEABQAUtagLogUserInfo@@XZ 00403280 f i AttemperEngineSink.obj
 0001:00002280       ?_Myfirst@?$_Vector_alloc@U?$_Vec_base_types@UtagOtherServerLogInfo@@V?$allocator@UtagOtherServerLogInfo@@@std@@@std@@@std@@QAEAAPAUtagOtherServerLogInfo@@XZ 00403280 f i AttemperEngineSink.obj
 0001:00002280       ?_Myfirst@?$_Vector_alloc@U?$_Vec_base_types@UtagLogUserInfo@@V?$allocator@UtagLogUserInfo@@@std@@@std@@@std@@QAEAAPAUtagLogUserInfo@@XZ 00403280 f i AttemperEngineSink.obj
 0001:00002280       ?_Myfirst@?$_Vector_alloc@U?$_Vec_base_types@UtagOtherServerLogInfo@@V?$allocator@UtagOtherServerLogInfo@@@std@@@std@@@std@@QBEABQAUtagOtherServerLogInfo@@XZ 00403280 f i AttemperEngineSink.obj
 0001:000022a0       ?_Mylast@?$_Vector_alloc@U?$_Vec_base_types@UtagOtherServerLogInfo@@V?$allocator@UtagOtherServerLogInfo@@@std@@@std@@@std@@QAEAAPAUtagOtherServerLogInfo@@XZ 004032a0 f i AttemperEngineSink.obj
 0001:000022a0       ?_Mylast@?$_Vector_alloc@U?$_Vec_base_types@UtagLogUserInfo@@V?$allocator@UtagLogUserInfo@@@std@@@std@@@std@@QBEABQAUtagLogUserInfo@@XZ 004032a0 f i AttemperEngineSink.obj
 0001:000022a0       ?_Mylast@?$_Vector_alloc@U?$_Vec_base_types@UtagLogUserInfo@@V?$allocator@UtagLogUserInfo@@@std@@@std@@@std@@QAEAAPAUtagLogUserInfo@@XZ 004032a0 f i AttemperEngineSink.obj
 0001:000022a0       ?_Mylast@?$_Vector_alloc@U?$_Vec_base_types@UtagOtherServerLogInfo@@V?$allocator@UtagOtherServerLogInfo@@@std@@@std@@@std@@QBEABQAUtagOtherServerLogInfo@@XZ 004032a0 f i AttemperEngineSink.obj
 0001:000022c0       ?_Orphan_all@?$_Vector_alloc@U?$_Vec_base_types@UtagLogUserInfo@@V?$allocator@UtagLogUserInfo@@@std@@@std@@@std@@QAEXXZ 004032c0 f i AttemperEngineSink.obj
 0001:000022c0       ?_Orphan_all@?$_Vector_alloc@U?$_Vec_base_types@UtagOtherServerLogInfo@@V?$allocator@UtagOtherServerLogInfo@@@std@@@std@@@std@@QAEXXZ 004032c0 f i AttemperEngineSink.obj
 0001:000022e0       ?_Orphan_range@?$vector@UtagOtherServerLogInfo@@V?$allocator@UtagOtherServerLogInfo@@@std@@@std@@IBEXPAUtagOtherServerLogInfo@@0@Z 004032e0 f i AttemperEngineSink.obj
 0001:000022e0       ?_Orphan_range@?$vector@UtagLogUserInfo@@V?$allocator@UtagLogUserInfo@@@std@@@std@@IBEXPAUtagLogUserInfo@@0@Z 004032e0 f i AttemperEngineSink.obj
 0001:000022f0       ?_Reallocate@?$vector@UtagLogUserInfo@@V?$allocator@UtagLogUserInfo@@@std@@@std@@IAEXI@Z 004032f0 f i AttemperEngineSink.obj
 0001:00002460       ?_Reallocate@?$vector@UtagOtherServerLogInfo@@V?$allocator@UtagOtherServerLogInfo@@@std@@@std@@IAEXI@Z 00403460 f i AttemperEngineSink.obj
 0001:000025d0       ?_Reserve@?$vector@UtagLogUserInfo@@V?$allocator@UtagLogUserInfo@@@std@@@std@@IAEXI@Z 004035d0 f i AttemperEngineSink.obj
 0001:00002630       ?_Reserve@?$vector@UtagOtherServerLogInfo@@V?$allocator@UtagOtherServerLogInfo@@@std@@@std@@IAEXI@Z 00403630 f i AttemperEngineSink.obj
 0001:00002690       ?_Tidy@?$vector@UtagLogUserInfo@@V?$allocator@UtagLogUserInfo@@@std@@@std@@IAEXXZ 00403690 f i AttemperEngineSink.obj
 0001:00002740       ?_Tidy@?$vector@UtagOtherServerLogInfo@@V?$allocator@UtagOtherServerLogInfo@@@std@@@std@@IAEXXZ 00403740 f i AttemperEngineSink.obj
 0001:000027f0       ?_Unused_capacity@?$vector@UtagLogUserInfo@@V?$allocator@UtagLogUserInfo@@@std@@@std@@QBEIXZ 004037f0 f i AttemperEngineSink.obj
 0001:00002820       ?_Unused_capacity@?$vector@UtagOtherServerLogInfo@@V?$allocator@UtagOtherServerLogInfo@@@std@@@std@@QBEIXZ 00403820 f i AttemperEngineSink.obj
 0001:00002850       ?_Xlen@?$vector@UtagLogUserInfo@@V?$allocator@UtagLogUserInfo@@@std@@@std@@IBEXXZ 00403850 f i AttemperEngineSink.obj
 0001:00002850       ?_Xlen@?$vector@UtagOtherServerLogInfo@@V?$allocator@UtagOtherServerLogInfo@@@std@@@std@@IBEXXZ 00403850 f i AttemperEngineSink.obj
 0001:00002870       ?allocate@?$_Wrap_alloc@V?$allocator@UtagLogUserInfo@@@std@@@std@@QAEPAUtagLogUserInfo@@I@Z 00403870 f i AttemperEngineSink.obj
 0001:00002890       ?allocate@?$_Wrap_alloc@V?$allocator@UtagOtherServerLogInfo@@@std@@@std@@QAEPAUtagOtherServerLogInfo@@I@Z 00403890 f i AttemperEngineSink.obj
 0001:000028b0       ?allocate@?$allocator@UtagLogUserInfo@@@std@@QAEPAUtagLogUserInfo@@I@Z 004038b0 f i AttemperEngineSink.obj
 0001:000028d0       ?allocate@?$allocator@UtagOtherServerLogInfo@@@std@@QAEPAUtagOtherServerLogInfo@@I@Z 004038d0 f i AttemperEngineSink.obj
 0001:000028f0       ?capacity@?$vector@UtagLogUserInfo@@V?$allocator@UtagLogUserInfo@@@std@@@std@@QBEIXZ 004038f0 f i AttemperEngineSink.obj
 0001:00002920       ?capacity@?$vector@UtagOtherServerLogInfo@@V?$allocator@UtagOtherServerLogInfo@@@std@@@std@@QBEIXZ 00403920 f i AttemperEngineSink.obj
 0001:00002950       ?deallocate@?$_Wrap_alloc@V?$allocator@UtagLogUserInfo@@@std@@@std@@QAEXPAUtagLogUserInfo@@I@Z 00403950 f i AttemperEngineSink.obj
 0001:00002970       ?deallocate@?$_Wrap_alloc@V?$allocator@UtagOtherServerLogInfo@@@std@@@std@@QAEXPAUtagOtherServerLogInfo@@I@Z 00403970 f i AttemperEngineSink.obj
 0001:00002990       ?deallocate@?$allocator@UtagLogUserInfo@@@std@@QAEXPAUtagLogUserInfo@@I@Z 00403990 f i AttemperEngineSink.obj
 0001:000029c0       ?deallocate@?$allocator@UtagOtherServerLogInfo@@@std@@QAEXPAUtagOtherServerLogInfo@@I@Z 004039c0 f i AttemperEngineSink.obj
 0001:000029f0       ?max_size@?$_Wrap_alloc@V?$allocator@UtagLogUserInfo@@@std@@@std@@QBEIU_Nil@2@@Z 004039f0 f i AttemperEngineSink.obj
 0001:00002a10       ?max_size@?$_Wrap_alloc@V?$allocator@UtagOtherServerLogInfo@@@std@@@std@@QBEIU_Nil@2@@Z 00403a10 f i AttemperEngineSink.obj
 0001:00002a30       ?max_size@?$allocator@UtagLogUserInfo@@@std@@QBEIXZ 00403a30 f i AttemperEngineSink.obj
 0001:00002a40       ?max_size@?$allocator@UtagOtherServerLogInfo@@@std@@QBEIXZ 00403a40 f i AttemperEngineSink.obj
 0001:00002a50       ?max_size@?$allocator_traits@V?$allocator@UtagLogUserInfo@@@std@@@std@@SAIABV?$allocator@UtagLogUserInfo@@@2@@Z 00403a50 f i AttemperEngineSink.obj
 0001:00002a60       ?max_size@?$allocator_traits@V?$allocator@UtagOtherServerLogInfo@@@std@@@std@@SAIABV?$allocator@UtagOtherServerLogInfo@@@2@@Z 00403a60 f i AttemperEngineSink.obj
 0001:00002a70       ?max_size@?$vector@UtagLogUserInfo@@V?$allocator@UtagLogUserInfo@@@std@@@std@@QBEIXZ 00403a70 f i AttemperEngineSink.obj
 0001:00002aa0       ?max_size@?$vector@UtagOtherServerLogInfo@@V?$allocator@UtagOtherServerLogInfo@@@std@@@std@@QBEIXZ 00403aa0 f i AttemperEngineSink.obj
 0001:00002ad0       ?push_back@?$vector@UtagLogUserInfo@@V?$allocator@UtagLogUserInfo@@@std@@@std@@QAEXABUtagLogUserInfo@@@Z 00403ad0 f i AttemperEngineSink.obj
 0001:00002c50       ?push_back@?$vector@UtagOtherServerLogInfo@@V?$allocator@UtagOtherServerLogInfo@@@std@@@std@@QAEXABUtagOtherServerLogInfo@@@Z 00403c50 f i AttemperEngineSink.obj
 0001:00002dd0       ?size@?$vector@UtagLogUserInfo@@V?$allocator@UtagLogUserInfo@@@std@@@std@@QBEIXZ 00403dd0 f i AttemperEngineSink.obj
 0001:00002e00       ?size@?$vector@UtagOtherServerLogInfo@@V?$allocator@UtagOtherServerLogInfo@@@std@@@std@@QBEIXZ 00403e00 f i AttemperEngineSink.obj
 0001:00002e30       _==                        00403e30 f i AttemperEngineSink.obj
 0001:00002e60       _IsEqualGUID               00403e60 f i AttemperEngineSink.obj
 0001:00002ea0       ___local_stdio_printf_options 00403ea0 f i AttemperEngineSink.obj
 0001:00002eb0       __vfwprintf_s_l            00403eb0 f i AttemperEngineSink.obj
 0001:00002ee0       _fwprintf_s                00403ee0 f i AttemperEngineSink.obj
 0001:00002f20       ??0CLogServerApp@@QAE@XZ   00403f20 f   LogServer.obj
 0001:00002f50       ?InitInstance@CLogServerApp@@UAEHXZ 00403f50 f   LogServer.obj
 0001:00003020       ?GetThisMessageMap@CLogServerApp@@KGPBUAFX_MSGMAP@@XZ 00404020 f   LogServer.obj
 0001:00003030       ?GetMessageMap@CLogServerApp@@MBEPBUAFX_MSGMAP@@XZ 00404030 f   LogServer.obj
 0001:00003040       ??1CLogServerApp@@UAE@XZ   00404040 f i LogServer.obj
 0001:00003060       ??3CObject@@SGXPAX@Z       00404060 f i LogServer.obj
 0001:00003080       ??_ECLogServerApp@@UAEPAXI@Z 00404080 f i LogServer.obj
 0001:00003080       ??_GCLogServerApp@@UAEPAXI@Z 00404080 f i LogServer.obj
 0001:000030d0       ?GetApplicationRecoveryParameter@CWinApp@@UAEPAXXZ 004040d0 f i LogServer.obj
 0001:000030d0       ?GetApplicationRestartFlags@CWinApp@@UAEKXZ 004040d0 f i LogServer.obj
 0001:000030e0       ?GetApplicationRecoveryPingInterval@CWinApp@@UAEKXZ 004040e0 f i LogServer.obj
 0001:000030f0       ?ReopenPreviousFilesAtRestart@CWinApp@@UBEHXZ 004040f0 f i LogServer.obj
 0001:00003110       ?RestoreAutosavedFilesAtRestart@CWinApp@@UBEHXZ 00404110 f i LogServer.obj
 0001:00003130       ?SupportsApplicationRecovery@CWinApp@@UBEHXZ 00404130 f i LogServer.obj
 0001:00003150       ?SupportsAutosaveAtInterval@CWinApp@@UBEHXZ 00404150 f i LogServer.obj
 0001:00003170       ?SupportsAutosaveAtRestart@CWinApp@@UBEHXZ 00404170 f i LogServer.obj
 0001:00003190       ?SupportsRestartManager@CWinApp@@UBEHXZ 00404190 f i LogServer.obj
 0001:000031b0       ??0CLogServerDlg@@QAE@XZ   004041b0 f   LogServerServerDlg.obj
 0001:00003280       ??1CLogServerDlg@@UAE@XZ   00404280 f   LogServerServerDlg.obj
 0001:000032d0       ?DoDataExchange@CLogServerDlg@@MAEXPAVCDataExchange@@@Z 004042d0 f   LogServerServerDlg.obj
 0001:00003310       ?OnInitDialog@CLogServerDlg@@MAEHXZ 00404310 f   LogServerServerDlg.obj
 0001:000033a0       ?OnOK@CLogServerDlg@@MAEXXZ 004043a0 f   LogServerServerDlg.obj
 0001:000033b0       ?OnCancel@CLogServerDlg@@MAEXXZ 004043b0 f   LogServerServerDlg.obj
 0001:00003410       ?PreTranslateMessage@CLogServerDlg@@MAEHPAUtagMSG@@@Z 00404410 f   LogServerServerDlg.obj
 0001:00003450       ?OnServiceUnitsStatus@CLogServerDlg@@UAEXW4enServiceStatus@@@Z 00404450 f   LogServerServerDlg.obj
 0001:000035b0       ?OnBnClickedStartService@CLogServerDlg@@IAEXXZ 004045b0 f   LogServerServerDlg.obj
 0001:00003620       ?OnBnClickedStopService@CLogServerDlg@@IAEXXZ 00404620 f   LogServerServerDlg.obj
 0001:00003690       ?OnBnClickedLogonPoint@CLogServerDlg@@IAEXXZ 00404690 f   LogServerServerDlg.obj
 0001:000036a0       ?OnBnClickedLogonImmediate@CLogServerDlg@@IAEXXZ 004046a0 f   LogServerServerDlg.obj
 0001:000036f0       ?OnBnClickedGameServerPoint@CLogServerDlg@@IAEXXZ 004046f0 f   LogServerServerDlg.obj
 0001:00003700       ?OnBnClickedGameServerImmediate@CLogServerDlg@@IAEXXZ 00404700 f   LogServerServerDlg.obj
 0001:00003750       ?OnBnClickedChatPoint@CLogServerDlg@@IAEXXZ 00404750 f   LogServerServerDlg.obj
 0001:00003760       ?OnBnClickedChatImmediate@CLogServerDlg@@IAEXXZ 00404760 f   LogServerServerDlg.obj
 0001:000037b0       ?OnBnClickedGroupPoint@CLogServerDlg@@IAEXXZ 004047b0 f   LogServerServerDlg.obj
 0001:000037c0       ?OnBnClickedGroupImmediate@CLogServerDlg@@IAEXXZ 004047c0 f   LogServerServerDlg.obj
 0001:00003810       ?OnBnClickedLogonClose@CLogServerDlg@@IAEXXZ 00404810 f   LogServerServerDlg.obj
 0001:00003860       ?OnBnClickedGameServerClose@CLogServerDlg@@IAEXXZ 00404860 f   LogServerServerDlg.obj
 0001:000038b0       ?OnBnClickedChatClose@CLogServerDlg@@IAEXXZ 004048b0 f   LogServerServerDlg.obj
 0001:00003900       ?OnBnClickedGroupClose@CLogServerDlg@@IAEXXZ 00404900 f   LogServerServerDlg.obj
 0001:00003950       ?OnQueryEndSession@CLogServerDlg@@QAEHXZ 00404950 f   LogServerServerDlg.obj
 0001:00003990       ?GetThisMessageMap@CLogServerDlg@@KGPBUAFX_MSGMAP@@XZ 00404990 f   LogServerServerDlg.obj
 0001:000039a0       ?GetMessageMap@CLogServerDlg@@MBEPBUAFX_MSGMAP@@XZ 004049a0 f   LogServerServerDlg.obj
 0001:000039b0       ??0IServiceUnitsSink@@QAE@XZ 004049b0 f i LogServerServerDlg.obj
 0001:000039d0       ??_GCLogServerDlg@@UAEPAXI@Z 004049d0 f i LogServerServerDlg.obj
 0001:000039d0       ??_ECLogServerDlg@@UAEPAXI@Z 004049d0 f i LogServerServerDlg.obj
 0001:00003a20       ?AfxGetInstanceHandle@@YGPAUHINSTANCE__@@XZ 00404a20 f i LogServerServerDlg.obj
 0001:00003a30       ?BeginModalState@CWnd@@UAEXXZ 00404a30 f i LogServerServerDlg.obj
 0001:00003a50       ?Create@CDialog@@UAEHIPAVCWnd@@@Z 00404a50 f i LogServerServerDlg.obj
 0001:00003a70       ?Serialize@CObject@@UAEXAAVCArchive@@@Z 00404a70 f i LogServer.obj
 0001:00003a70       ?Dump@CObject@@UBEXAAVCDumpContext@@@Z 00404a70 f i LogServer.obj
 0001:00003a70       ?DoDataExchange@CWnd@@MAEXPAVCDataExchange@@@Z 00404a70 f i LogServerServerDlg.obj
 0001:00003a80       ?EndModalState@CWnd@@UAEXXZ 00404a80 f i LogServerServerDlg.obj
 0001:00003aa0       ?GetServiceStatus@CServiceUnits@@QAE?AW4enServiceStatus@@XZ 00404aa0 f i LogServerServerDlg.obj
 0001:00003ac0       ?SetIcon@CWnd@@QAEPAUHICON__@@PAU2@H@Z 00404ac0 f i LogServerServerDlg.obj
 0001:00003af0       ??0CGlobalUserItem@@IAE@XZ 00404af0 f   GlobalInfoManager.obj
 0001:00003b60       ??1CGlobalUserItem@@MAE@XZ 00404b60 f   GlobalInfoManager.obj
 0001:00003b90       ?UpdateStatus@CGlobalUserItem@@QAEXGGE@Z 00404b90 f   GlobalInfoManager.obj
 0001:00003bd0       ?EnumServerItem@CGlobalUserItem@@QAEPAVCGlobalServerItem@@G@Z 00404bd0 f   GlobalInfoManager.obj
 0001:00003c10       ??0CGlobalPlazaItem@@IAE@XZ 00404c10 f   GlobalInfoManager.obj
 0001:00003c70       ??1CGlobalPlazaItem@@MAE@XZ 00404c70 f   GlobalInfoManager.obj
 0001:00003ca0       ??0CGlobalServerItem@@IAE@XZ 00404ca0 f   GlobalInfoManager.obj
 0001:00003d40       ??1CGlobalServerItem@@MAE@XZ 00404d40 f   GlobalInfoManager.obj
 0001:00003d70       ?SearchUserItem@CGlobalServerItem@@QAEPAVCGlobalUserItem@@K@Z 00404d70 f   GlobalInfoManager.obj
 0001:00003da0       ??0CGlobalChatItem@@IAE@XZ 00404da0 f   GlobalInfoManager.obj
 0001:00003df0       ??1CGlobalChatItem@@MAE@XZ 00404df0 f   GlobalInfoManager.obj
 0001:00003e10       ??0CGlobalInfoManager@@QAE@XZ 00404e10 f   GlobalInfoManager.obj
 0001:00003f70       ??1CGlobalInfoManager@@UAE@XZ 00404f70 f   GlobalInfoManager.obj
 0001:000044c0       ?ResetData@CGlobalInfoManager@@QAEXXZ 004054c0 f   GlobalInfoManager.obj
 0001:00004650       ?DeleteUserItem@CGlobalInfoManager@@QAE_NKG@Z 00405650 f   GlobalInfoManager.obj
 0001:00004780       ?ActiveUserItem@CGlobalInfoManager@@QAE_NAAUtagGlobalUserInfo@@G@Z 00405780 f   GlobalInfoManager.obj
 0001:00004970       ?DeletePlazaItem@CGlobalInfoManager@@QAE_NG@Z 00405970 f   GlobalInfoManager.obj
 0001:000049c0       ?ActivePlazaItem@CGlobalInfoManager@@QAE_NGAAUtagGamePlaza@@@Z 004059c0 f   GlobalInfoManager.obj
 0001:00004a50       ?DeleteServerItem@CGlobalInfoManager@@QAE_NG@Z 00405a50 f   GlobalInfoManager.obj
 0001:00004b80       ?ActiveServerItem@CGlobalInfoManager@@QAE_NGAAUtagGameServer@@@Z 00405b80 f   GlobalInfoManager.obj
 0001:00004c10       ?DeleteChatItem@CGlobalInfoManager@@QAE_NG@Z 00405c10 f   GlobalInfoManager.obj
 0001:00004c60       ?ActiveChatItem@CGlobalInfoManager@@QAE_NGAAUtagChatServer@@@Z 00405c60 f   GlobalInfoManager.obj
 0001:00004cf0       ?SearchPlazaItem@CGlobalInfoManager@@QAEPAVCGlobalPlazaItem@@G@Z 00405cf0 f   GlobalInfoManager.obj
 0001:00004d20       ?SearchServerItem@CGlobalInfoManager@@QAEPAVCGlobalServerItem@@G@Z 00405d20 f   GlobalInfoManager.obj
 0001:00004d50       ?SearchChatItem@CGlobalInfoManager@@QAEPAVCGlobalChatItem@@G@Z 00405d50 f   GlobalInfoManager.obj
 0001:00004d80       ?SearchUserItemByUserID@CGlobalInfoManager@@QAEPAVCGlobalUserItem@@K@Z 00405d80 f   GlobalInfoManager.obj
 0001:00004db0       ?SearchUserItemByGameID@CGlobalInfoManager@@QAEPAVCGlobalUserItem@@K@Z 00405db0 f   GlobalInfoManager.obj
 0001:00004de0       ?SearchUserItemByNickName@CGlobalInfoManager@@QAEPAVCGlobalUserItem@@PB_W@Z 00405de0 f   GlobalInfoManager.obj
 0001:00004e10       ?EnumUserItem@CGlobalInfoManager@@QAEPAVCGlobalUserItem@@AAPAU__POSITION@@@Z 00405e10 f   GlobalInfoManager.obj
 0001:00004e70       ?EnumPlazaItem@CGlobalInfoManager@@QAEPAVCGlobalPlazaItem@@AAPAU__POSITION@@@Z 00405e70 f   GlobalInfoManager.obj
 0001:00004ed0       ?EnumServerItem@CGlobalInfoManager@@QAEPAVCGlobalServerItem@@AAPAU__POSITION@@@Z 00405ed0 f   GlobalInfoManager.obj
 0001:00004f30       ?EnumChatItem@CGlobalInfoManager@@QAEPAVCGlobalChatItem@@AAPAU__POSITION@@@Z 00405f30 f   GlobalInfoManager.obj
 0001:00004f90       ?CreateGlobalUserItem@CGlobalInfoManager@@AAEPAVCGlobalUserItem@@XZ 00405f90 f   GlobalInfoManager.obj
 0001:00005090       ?CreateGlobalPlazaItem@CGlobalInfoManager@@AAEPAVCGlobalPlazaItem@@XZ 00406090 f   GlobalInfoManager.obj
 0001:00005190       ?CreateGlobalServerItem@CGlobalInfoManager@@AAEPAVCGlobalServerItem@@XZ 00406190 f   GlobalInfoManager.obj
 0001:00005290       ?CreateGlobalChatItem@CGlobalInfoManager@@AAEPAVCGlobalChatItem@@XZ 00406290 f   GlobalInfoManager.obj
 0001:00005380       ?FreeGlobalUserItem@CGlobalInfoManager@@AAE_NPAVCGlobalUserItem@@@Z 00406380 f   GlobalInfoManager.obj
 0001:00005410       ?FreeGlobalPlazaItem@CGlobalInfoManager@@AAE_NPAVCGlobalPlazaItem@@@Z 00406410 f   GlobalInfoManager.obj
 0001:00005470       ?FreeGlobalServerItem@CGlobalInfoManager@@AAE_NPAVCGlobalServerItem@@@Z 00406470 f   GlobalInfoManager.obj
 0001:000054e0       ?FreeGlobalChatItem@CGlobalInfoManager@@AAE_NPAVCGlobalChatItem@@@Z 004064e0 f   GlobalInfoManager.obj
 0001:00005530       ??$CompareElements@GG@@YGHPBG0@Z 00406530 f i GlobalInfoManager.obj
 0001:00005590       ??$CompareElements@KK@@YGHPBK0@Z 00406590 f i GlobalInfoManager.obj
 0001:000055f0       ??$HashKey@G@@YGIG@Z       004065f0 f i GlobalInfoManager.obj
 0001:00005650       ??$HashKey@K@@YGIK@Z       00406650 f i GlobalInfoManager.obj
 0001:000056b0       ??$SerializeElements@G@@YGXAAVCArchive@@PAGH@Z 004066b0 f i GlobalInfoManager.obj
 0001:000057b0       ??$SerializeElements@PAVCGlobalChatItem@@@@YGXAAVCArchive@@PAPAVCGlobalChatItem@@H@Z 004067b0 f i GlobalInfoManager.obj
 0001:000057b0       ??$SerializeElements@PAVCGlobalPlazaItem@@@@YGXAAVCArchive@@PAPAVCGlobalPlazaItem@@H@Z 004067b0 f i GlobalInfoManager.obj
 0001:000057b0       ??$SerializeElements@K@@YGXAAVCArchive@@PAKH@Z 004067b0 f i GlobalInfoManager.obj
 0001:000057b0       ??$SerializeElements@PAVCGlobalUserItem@@@@YGXAAVCArchive@@PAPAVCGlobalUserItem@@H@Z 004067b0 f i GlobalInfoManager.obj
 0001:000057b0       ??$SerializeElements@PAVCGlobalServerItem@@@@YGXAAVCArchive@@PAPAVCGlobalServerItem@@H@Z 004067b0 f i GlobalInfoManager.obj
 0001:000058b0       ??0?$CMap@GGPAVCGlobalChatItem@@PAV1@@@QAE@H@Z 004068b0 f i GlobalInfoManager.obj
 0001:00005910       ??0?$CMap@GGPAVCGlobalPlazaItem@@PAV1@@@QAE@H@Z 00406910 f i GlobalInfoManager.obj
 0001:00005970       ??0?$CMap@GGPAVCGlobalServerItem@@PAV1@@@QAE@H@Z 00406970 f i GlobalInfoManager.obj
 0001:000059d0       ??0?$CMap@KKPAVCGlobalUserItem@@PAV1@@@QAE@H@Z 004069d0 f i GlobalInfoManager.obj
 0001:00005a30       ??0?$CWHArray@PAVCGlobalServerItem@@ABQAV1@@@QAE@XZ 00406a30 f i GlobalInfoManager.obj
 0001:00005a70       ??0CAssoc@?$CMap@GGPAVCGlobalPlazaItem@@PAV1@@@QAE@G@Z 00406a70 f i GlobalInfoManager.obj
 0001:00005a70       ??0CAssoc@?$CMap@GGPAVCGlobalChatItem@@PAV1@@@QAE@G@Z 00406a70 f i GlobalInfoManager.obj
 0001:00005a70       ??0CAssoc@?$CMap@GGPAVCGlobalServerItem@@PAV1@@@QAE@G@Z 00406a70 f i GlobalInfoManager.obj
 0001:00005a90       ??0CAssoc@?$CMap@KKPAVCGlobalUserItem@@PAV1@@@QAE@K@Z 00406a90 f i GlobalInfoManager.obj
 0001:00005ab0       ??0CPair@?$CMap@GGPAVCGlobalChatItem@@PAV1@@@IAE@G@Z 00406ab0 f i GlobalInfoManager.obj
 0001:00005ab0       ??0CPair@?$CMap@GGPAVCGlobalPlazaItem@@PAV1@@@IAE@G@Z 00406ab0 f i GlobalInfoManager.obj
 0001:00005ab0       ??0CPair@?$CMap@GGPAVCGlobalServerItem@@PAV1@@@IAE@G@Z 00406ab0 f i GlobalInfoManager.obj
 0001:00005ad0       ??0CPair@?$CMap@KKPAVCGlobalUserItem@@PAV1@@@IAE@K@Z 00406ad0 f i GlobalInfoManager.obj
 0001:00005af0       ??1?$CMap@GGPAVCGlobalChatItem@@PAV1@@@UAE@XZ 00406af0 f i GlobalInfoManager.obj
 0001:00005b40       ??1?$CMap@GGPAVCGlobalPlazaItem@@PAV1@@@UAE@XZ 00406b40 f i GlobalInfoManager.obj
 0001:00005b90       ??1?$CMap@GGPAVCGlobalServerItem@@PAV1@@@UAE@XZ 00406b90 f i GlobalInfoManager.obj
 0001:00005be0       ??1?$CMap@KKPAVCGlobalUserItem@@PAV1@@@UAE@XZ 00406be0 f i GlobalInfoManager.obj
 0001:00005c30       ??1?$CWHArray@PAVCGlobalServerItem@@ABQAV1@@@UAE@XZ 00406c30 f i GlobalInfoManager.obj
 0001:00005c90       ?_Orphan_all@_Container_base0@std@@QAEXXZ 00406c90 f i AttemperEngineSink.obj
 0001:00005c90       ?Release@CAttemperEngineSink@@UAEXXZ 00406c90 f i AttemperEngineSink.obj
 0001:00005c90       ?AssertValid@CObject@@UBEXXZ 00406c90 f i LogServer.obj
 0001:00005c90       ??1CObject@@UAE@XZ         00406c90 f i GlobalInfoManager.obj
 0001:00005ca0       ??A?$CMap@GGPAVCGlobalServerItem@@PAV1@@@QAEAAPAVCGlobalServerItem@@G@Z 00406ca0 f i GlobalInfoManager.obj
 0001:00005ca0       ??A?$CMap@GGPAVCGlobalPlazaItem@@PAV1@@@QAEAAPAVCGlobalPlazaItem@@G@Z 00406ca0 f i GlobalInfoManager.obj
 0001:00005ca0       ??A?$CMap@GGPAVCGlobalChatItem@@PAV1@@@QAEAAPAVCGlobalChatItem@@G@Z 00406ca0 f i GlobalInfoManager.obj
 0001:00005d60       ??A?$CMap@KKPAVCGlobalUserItem@@PAV1@@@QAEAAPAVCGlobalUserItem@@K@Z 00406d60 f i GlobalInfoManager.obj
 0001:00005e20       ??A?$CWHArray@PAVCGlobalServerItem@@ABQAV1@@@QAEAAPAVCGlobalServerItem@@H@Z 00406e20 f i GlobalInfoManager.obj
 0001:00005e40       ??_G?$CMap@GGPAVCGlobalChatItem@@PAV1@@@UAEPAXI@Z 00406e40 f i GlobalInfoManager.obj
 0001:00005e40       ??_E?$CMap@GGPAVCGlobalChatItem@@PAV1@@@UAEPAXI@Z 00406e40 f i GlobalInfoManager.obj
 0001:00005e90       ??_E?$CMap@GGPAVCGlobalPlazaItem@@PAV1@@@UAEPAXI@Z 00406e90 f i GlobalInfoManager.obj
 0001:00005e90       ??_G?$CMap@GGPAVCGlobalPlazaItem@@PAV1@@@UAEPAXI@Z 00406e90 f i GlobalInfoManager.obj
 0001:00005ee0       ??_E?$CMap@GGPAVCGlobalServerItem@@PAV1@@@UAEPAXI@Z 00406ee0 f i GlobalInfoManager.obj
 0001:00005ee0       ??_G?$CMap@GGPAVCGlobalServerItem@@PAV1@@@UAEPAXI@Z 00406ee0 f i GlobalInfoManager.obj
 0001:00005f30       ??_E?$CMap@KKPAVCGlobalUserItem@@PAV1@@@UAEPAXI@Z 00406f30 f i GlobalInfoManager.obj
 0001:00005f30       ??_G?$CMap@KKPAVCGlobalUserItem@@PAV1@@@UAEPAXI@Z 00406f30 f i GlobalInfoManager.obj
 0001:00005f80       ??_E?$CWHArray@PAVCGlobalServerItem@@ABQAV1@@@UAEPAXI@Z 00406f80 f i GlobalInfoManager.obj
 0001:00005f80       ??_G?$CWHArray@PAVCGlobalServerItem@@ABQAV1@@@UAEPAXI@Z 00406f80 f i GlobalInfoManager.obj
 0001:00005fb0       ??_GCGlobalChatItem@@MAEPAXI@Z 00406fb0 f i GlobalInfoManager.obj
 0001:00005fb0       ??_ECGlobalChatItem@@MAEPAXI@Z 00406fb0 f i GlobalInfoManager.obj
 0001:00005fe0       ??_GCGlobalInfoManager@@UAEPAXI@Z 00406fe0 f i GlobalInfoManager.obj
 0001:00005fe0       ??_ECGlobalInfoManager@@UAEPAXI@Z 00406fe0 f i GlobalInfoManager.obj
 0001:00006020       ??_GCGlobalPlazaItem@@MAEPAXI@Z 00407020 f i GlobalInfoManager.obj
 0001:00006020       ??_ECGlobalPlazaItem@@MAEPAXI@Z 00407020 f i GlobalInfoManager.obj
 0001:00006060       ??_GCGlobalServerItem@@MAEPAXI@Z 00407060 f i GlobalInfoManager.obj
 0001:00006060       ??_ECGlobalServerItem@@MAEPAXI@Z 00407060 f i GlobalInfoManager.obj
 0001:000060a0       ??_ECGlobalUserItem@@MAEPAXI@Z 004070a0 f i GlobalInfoManager.obj
 0001:000060a0       ??_GCGlobalUserItem@@MAEPAXI@Z 004070a0 f i GlobalInfoManager.obj
 0001:000060e0       ?Add@?$CWHArray@PAVCGlobalServerItem@@ABQAV1@@@QAEHABQAVCGlobalServerItem@@@Z 004070e0 f i GlobalInfoManager.obj
 0001:00006110       ?AllocMemory@?$CWHArray@PAVCGlobalServerItem@@ABQAV1@@@QAEXH@Z 00407110 f i GlobalInfoManager.obj
 0001:00006210       ?ElementAt@?$CWHArray@PAVCGlobalServerItem@@ABQAV1@@@QAEAAPAVCGlobalServerItem@@H@Z 00407210 f i GlobalInfoManager.obj
 0001:00006240       ?EnsureRead@CArchive@@QAEXPAXI@Z 00407240 f i GlobalInfoManager.obj
 0001:00006280       ?FreeAssoc@?$CMap@GGPAVCGlobalPlazaItem@@PAV1@@@IAEXPAVCAssoc@1@@Z 00407280 f i GlobalInfoManager.obj
 0001:00006280       ?FreeAssoc@?$CMap@GGPAVCGlobalServerItem@@PAV1@@@IAEXPAVCAssoc@1@@Z 00407280 f i GlobalInfoManager.obj
 0001:00006280       ?FreeAssoc@?$CMap@KKPAVCGlobalUserItem@@PAV1@@@IAEXPAVCAssoc@1@@Z 00407280 f i GlobalInfoManager.obj
 0001:00006280       ?FreeAssoc@?$CMap@GGPAVCGlobalChatItem@@PAV1@@@IAEXPAVCAssoc@1@@Z 00407280 f i GlobalInfoManager.obj
 0001:000062d0       ?GetAssocAt@?$CMap@GGPAVCGlobalServerItem@@PAV1@@@IBEPAVCAssoc@1@GAAI0@Z 004072d0 f i GlobalInfoManager.obj
 0001:000062d0       ?GetAssocAt@?$CMap@GGPAVCGlobalChatItem@@PAV1@@@IBEPAVCAssoc@1@GAAI0@Z 004072d0 f i GlobalInfoManager.obj
 0001:000062d0       ?GetAssocAt@?$CMap@GGPAVCGlobalPlazaItem@@PAV1@@@IBEPAVCAssoc@1@GAAI0@Z 004072d0 f i GlobalInfoManager.obj
 0001:00006360       ?GetAssocAt@?$CMap@KKPAVCGlobalUserItem@@PAV1@@@IBEPAVCAssoc@1@KAAI0@Z 00407360 f i GlobalInfoManager.obj
 0001:000063f0       ?GetCount@?$CWHArray@PAVCGlobalServerItem@@ABQAV1@@@QBEHXZ 004073f0 f i GlobalInfoManager.obj
 0001:00006410       ?GetGameID@CGlobalUserItem@@QAEKXZ 00407410 f i GlobalInfoManager.obj
 0001:00006430       ?GetNextAssoc@?$CMap@GGPAVCGlobalPlazaItem@@PAV1@@@QBEXAAPAU__POSITION@@AAGAAPAVCGlobalPlazaItem@@@Z 00407430 f i GlobalInfoManager.obj
 0001:00006430       ?GetNextAssoc@?$CMap@GGPAVCGlobalChatItem@@PAV1@@@QBEXAAPAU__POSITION@@AAGAAPAVCGlobalChatItem@@@Z 00407430 f i GlobalInfoManager.obj
 0001:00006430       ?GetNextAssoc@?$CMap@GGPAVCGlobalServerItem@@PAV1@@@QBEXAAPAU__POSITION@@AAGAAPAVCGlobalServerItem@@@Z 00407430 f i GlobalInfoManager.obj
 0001:00006580       ?GetNextAssoc@?$CMap@KKPAVCGlobalUserItem@@PAV1@@@QBEXAAPAU__POSITION@@AAKAAPAVCGlobalUserItem@@@Z 00407580 f i GlobalInfoManager.obj
 0001:000066d0       ?GetNickName@CGlobalUserItem@@QAEPB_WXZ 004076d0 f i GlobalInfoManager.obj
 0001:000066f0       ?GetServerID@CGlobalServerItem@@QAEGXZ 004076f0 f i GlobalInfoManager.obj
 0001:00006710       ?GetStartPosition@?$CMap@KKPAVCGlobalUserItem@@PAV1@@@QBEPAU__POSITION@@XZ 00407710 f i GlobalInfoManager.obj
 0001:00006710       ?GetStartPosition@?$CMap@GGPAVCGlobalChatItem@@PAV1@@@QBEPAU__POSITION@@XZ 00407710 f i GlobalInfoManager.obj
 0001:00006710       ?GetStartPosition@?$CMap@GGPAVCGlobalServerItem@@PAV1@@@QBEPAU__POSITION@@XZ 00407710 f i GlobalInfoManager.obj
 0001:00006710       ?GetStartPosition@?$CMap@GGPAVCGlobalPlazaItem@@PAV1@@@QBEPAU__POSITION@@XZ 00407710 f i GlobalInfoManager.obj
 0001:00006740       ?InitHashTable@?$CMap@GGPAVCGlobalChatItem@@PAV1@@@QAEXIH@Z 00407740 f i GlobalInfoManager.obj
 0001:00006740       ?InitHashTable@?$CMap@KKPAVCGlobalUserItem@@PAV1@@@QAEXIH@Z 00407740 f i GlobalInfoManager.obj
 0001:00006740       ?InitHashTable@?$CMap@GGPAVCGlobalPlazaItem@@PAV1@@@QAEXIH@Z 00407740 f i GlobalInfoManager.obj
 0001:00006740       ?InitHashTable@?$CMap@GGPAVCGlobalServerItem@@PAV1@@@QAEXIH@Z 00407740 f i GlobalInfoManager.obj
 0001:00006800       ?IsStoring@CArchive@@QBEHXZ 00407800 f i GlobalInfoManager.obj
 0001:00006830       ?Lookup@?$CMap@GGPAVCGlobalChatItem@@PAV1@@@QBEHGAAPAVCGlobalChatItem@@@Z 00407830 f i GlobalInfoManager.obj
 0001:00006830       ?Lookup@?$CMap@GGPAVCGlobalServerItem@@PAV1@@@QBEHGAAPAVCGlobalServerItem@@@Z 00407830 f i GlobalInfoManager.obj
 0001:00006830       ?Lookup@?$CMap@GGPAVCGlobalPlazaItem@@PAV1@@@QBEHGAAPAVCGlobalPlazaItem@@@Z 00407830 f i GlobalInfoManager.obj
 0001:00006880       ?Lookup@?$CMap@KKPAVCGlobalUserItem@@PAV1@@@QBEHKAAPAVCGlobalUserItem@@@Z 00407880 f i GlobalInfoManager.obj
 0001:000068c0       ?NewAssoc@?$CMap@GGPAVCGlobalChatItem@@PAV1@@@IAEPAVCAssoc@1@G@Z 004078c0 f i GlobalInfoManager.obj
 0001:000068c0       ?NewAssoc@?$CMap@GGPAVCGlobalServerItem@@PAV1@@@IAEPAVCAssoc@1@G@Z 004078c0 f i GlobalInfoManager.obj
 0001:000068c0       ?NewAssoc@?$CMap@GGPAVCGlobalPlazaItem@@PAV1@@@IAEPAVCAssoc@1@G@Z 004078c0 f i GlobalInfoManager.obj
 0001:00006a40       ?NewAssoc@?$CMap@KKPAVCGlobalUserItem@@PAV1@@@IAEPAVCAssoc@1@K@Z 00407a40 f i GlobalInfoManager.obj
 0001:00006bc0       ?RemoveAll@?$CMap@GGPAVCGlobalServerItem@@PAV1@@@QAEXXZ 00407bc0 f i GlobalInfoManager.obj
 0001:00006bc0       ?RemoveAll@?$CMap@GGPAVCGlobalChatItem@@PAV1@@@QAEXXZ 00407bc0 f i GlobalInfoManager.obj
 0001:00006bc0       ?RemoveAll@?$CMap@GGPAVCGlobalPlazaItem@@PAV1@@@QAEXXZ 00407bc0 f i GlobalInfoManager.obj
 0001:00006bc0       ?RemoveAll@?$CMap@KKPAVCGlobalUserItem@@PAV1@@@QAEXXZ 00407bc0 f i GlobalInfoManager.obj
 0001:00006c60       ?RemoveAll@?$CWHArray@PAVCGlobalServerItem@@ABQAV1@@@QAEXXZ 00407c60 f i GlobalInfoManager.obj
 0001:00006cc0       ?RemoveAt@?$CWHArray@PAVCGlobalServerItem@@ABQAV1@@@QAEXHH@Z 00407cc0 f i GlobalInfoManager.obj
 0001:00006d60       ?RemoveKey@?$CMap@GGPAVCGlobalPlazaItem@@PAV1@@@QAEHG@Z 00407d60 f i GlobalInfoManager.obj
 0001:00006d60       ?RemoveKey@?$CMap@GGPAVCGlobalChatItem@@PAV1@@@QAEHG@Z 00407d60 f i GlobalInfoManager.obj
 0001:00006d60       ?RemoveKey@?$CMap@GGPAVCGlobalServerItem@@PAV1@@@QAEHG@Z 00407d60 f i GlobalInfoManager.obj
 0001:00006e10       ?RemoveKey@?$CMap@KKPAVCGlobalUserItem@@PAV1@@@QAEHK@Z 00407e10 f i GlobalInfoManager.obj
 0001:00006ec0       ?Serialize@?$CMap@GGPAVCGlobalChatItem@@PAV1@@@UAEXAAVCArchive@@@Z 00407ec0 f i GlobalInfoManager.obj
 0001:00006ec0       ?Serialize@?$CMap@GGPAVCGlobalServerItem@@PAV1@@@UAEXAAVCArchive@@@Z 00407ec0 f i GlobalInfoManager.obj
 0001:00006ec0       ?Serialize@?$CMap@GGPAVCGlobalPlazaItem@@PAV1@@@UAEXAAVCArchive@@@Z 00407ec0 f i GlobalInfoManager.obj
 0001:00006ff0       ?Serialize@?$CMap@KKPAVCGlobalUserItem@@PAV1@@@UAEXAAVCArchive@@@Z 00407ff0 f i GlobalInfoManager.obj
 0001:00007120       ?SetAt@?$CMap@GGPAVCGlobalChatItem@@PAV1@@@QAEXGPAVCGlobalChatItem@@@Z 00408120 f i GlobalInfoManager.obj
 0001:00007120       ?SetAt@?$CMap@GGPAVCGlobalServerItem@@PAV1@@@QAEXGPAVCGlobalServerItem@@@Z 00408120 f i GlobalInfoManager.obj
 0001:00007120       ?SetAt@?$CMap@GGPAVCGlobalPlazaItem@@PAV1@@@QAEXGPAVCGlobalPlazaItem@@@Z 00408120 f i GlobalInfoManager.obj
 0001:00007140       ?SetAt@?$CMap@KKPAVCGlobalUserItem@@PAV1@@@QAEXKPAVCGlobalUserItem@@@Z 00408140 f i GlobalInfoManager.obj
 0001:00007160       ?SetAtGrow@?$CWHArray@PAVCGlobalServerItem@@ABQAV1@@@QAEXHABQAVCGlobalServerItem@@@Z 00408160 f i GlobalInfoManager.obj
 0001:000071b0       ?SetSize@?$CWHArray@PAVCGlobalServerItem@@ABQAV1@@@QAEXH@Z 004081b0 f i GlobalInfoManager.obj
 0001:00007280       ?data@CPlex@@QAEPAXXZ      00408280 f i GlobalInfoManager.obj
 0001:000072a0       ??0CInitParameter@@QAE@XZ  004082a0 f   InitParameter.obj
 0001:000072c0       ??1CInitParameter@@UAE@XZ  004082c0 f   InitParameter.obj
 0001:000072e0       ?InitParameter@CInitParameter@@QAEXXZ 004082e0 f   InitParameter.obj
 0001:00007320       ?LoadInitParameter@CInitParameter@@QAEXXZ 00408320 f   InitParameter.obj
 0001:000074b0       ??$_snwprintf_s@$0BAE@@@YAHAAY0BAE@_WIPB_WZZ 004084b0 f i InitParameter.obj
 0001:000074e0       ??_ECInitParameter@@UAEPAXI@Z 004084e0 f i InitParameter.obj
 0001:000074e0       ??_GCInitParameter@@UAEPAXI@Z 004084e0 f i InitParameter.obj
 0001:00007510       __vsnwprintf_s             00408510 f i InitParameter.obj
 0001:00007540       __vsnwprintf_s_l           00408540 f i InitParameter.obj
 0001:000075a0       ??0CServiceUnits@@QAE@XZ   004085a0 f   ServiceUnits.obj
 0001:00007680       ??1CServiceUnits@@UAE@XZ   00408680 f   ServiceUnits.obj
 0001:00007720       ?StartService@CServiceUnits@@QAE_NXZ 00408720 f   ServiceUnits.obj
 0001:00007790       ?ConcludeService@CServiceUnits@@QAE_NXZ 00408790 f   ServiceUnits.obj
 0001:00007840       ?SetServiceUnitsSink@CServiceUnits@@QAE_NPAUIServiceUnitsSink@@@Z 00408840 f   ServiceUnits.obj
 0001:00007860       ?SetLogControl@CServiceUnits@@QAE_NEE@Z 00408860 f   ServiceUnits.obj
 0001:00007900       ?InitializeService@CServiceUnits@@IAE_NXZ 00408900 f   ServiceUnits.obj
 0001:00007b40       ?StartKernelService@CServiceUnits@@IAE_NXZ 00408b40 f   ServiceUnits.obj
 0001:00007bd0       ?SetServiceStatus@CServiceUnits@@AAE_NW4enServiceStatus@@@Z 00408bd0 f   ServiceUnits.obj
 0001:00007c50       ??$_snwprintf_s@$0IA@@@YAHAAY0IA@_WIPB_WZZ 00408c50 f i ServiceUnits.obj
 0001:00007c80       ??0?$CTempldateHelper@UIAttemperEngine@@@@QAE@ABU_GUID@@KPB_WPBD@Z 00408c80 f i ServiceUnits.obj
 0001:00007d10       ??0?$CTempldateHelper@UITCPNetworkEngine@@@@QAE@ABU_GUID@@KPB_WPBD@Z 00408d10 f i ServiceUnits.obj
 0001:00007da0       ??0?$CTempldateHelper@UITimerEngine@@@@QAE@ABU_GUID@@KPB_WPBD@Z 00408da0 f i ServiceUnits.obj
 0001:00007e30       ??0CAttemperEngineHelper@@QAE@XZ 00408e30 f i ServiceUnits.obj
 0001:00007e70       ??0CCriticalSection@@QAE@XZ 00408e70 f i ServiceUnits.obj
 0001:00007ef0       ??0CTCPNetworkEngineHelper@@QAE@XZ 00408ef0 f i ServiceUnits.obj
 0001:00007f30       ??0CTimerEngineHelper@@QAE@XZ 00408f30 f i ServiceUnits.obj
 0001:00007f70       ??1?$CTempldateHelper@UIAttemperEngine@@@@UAE@XZ 00408f70 f i ServiceUnits.obj
 0001:00007fc0       ??1?$CTempldateHelper@UITCPNetworkEngine@@@@UAE@XZ 00408fc0 f i ServiceUnits.obj
 0001:00008010       ??1?$CTempldateHelper@UITimerEngine@@@@UAE@XZ 00409010 f i ServiceUnits.obj
 0001:00008060       ??1CAttemperEngineHelper@@UAE@XZ 00409060 f i ServiceUnits.obj
 0001:00008080       ??1CCriticalSection@@UAE@XZ 00409080 f i ServiceUnits.obj
 0001:000080b0       ??1CTCPNetworkEngineHelper@@UAE@XZ 004090b0 f i ServiceUnits.obj
 0001:000080d0       ??1CTimerEngineHelper@@UAE@XZ 004090d0 f i ServiceUnits.obj
 0001:000080f0       ??C?$CTempldateHelper@UITimerEngine@@@@QBEPAUITimerEngine@@XZ 004090f0 f i ServiceUnits.obj
 0001:000080f0       ??C?$CTempldateHelper@UIAttemperEngine@@@@QBEPAUIAttemperEngine@@XZ 004090f0 f i ServiceUnits.obj
 0001:000080f0       ??C?$CTempldateHelper@UITCPNetworkEngine@@@@QBEPAUITCPNetworkEngine@@XZ 004090f0 f i ServiceUnits.obj
 0001:00008110       ??_G?$CTempldateHelper@UIAttemperEngine@@@@UAEPAXI@Z 00409110 f i ServiceUnits.obj
 0001:00008110       ??_E?$CTempldateHelper@UIAttemperEngine@@@@UAEPAXI@Z 00409110 f i ServiceUnits.obj
 0001:00008150       ??_E?$CTempldateHelper@UITCPNetworkEngine@@@@UAEPAXI@Z 00409150 f i ServiceUnits.obj
 0001:00008150       ??_G?$CTempldateHelper@UITCPNetworkEngine@@@@UAEPAXI@Z 00409150 f i ServiceUnits.obj
 0001:00008190       ??_E?$CTempldateHelper@UITimerEngine@@@@UAEPAXI@Z 00409190 f i ServiceUnits.obj
 0001:00008190       ??_G?$CTempldateHelper@UITimerEngine@@@@UAEPAXI@Z 00409190 f i ServiceUnits.obj
 0001:000081d0       ??_ECAttemperEngineHelper@@UAEPAXI@Z 004091d0 f i ServiceUnits.obj
 0001:000081d0       ??_GCAttemperEngineHelper@@UAEPAXI@Z 004091d0 f i ServiceUnits.obj
 0001:00008210       ??_GCCriticalSection@@UAEPAXI@Z 00409210 f i ServiceUnits.obj
 0001:00008210       ??_ECCriticalSection@@UAEPAXI@Z 00409210 f i ServiceUnits.obj
 0001:00008260       ??_GCServiceUnits@@UAEPAXI@Z 00409260 f i ServiceUnits.obj
 0001:00008260       ??_ECServiceUnits@@UAEPAXI@Z 00409260 f i ServiceUnits.obj
 0001:000082a0       ??_GCTCPNetworkEngineHelper@@UAEPAXI@Z 004092a0 f i ServiceUnits.obj
 0001:000082a0       ??_ECTCPNetworkEngineHelper@@UAEPAXI@Z 004092a0 f i ServiceUnits.obj
 0001:000082e0       ??_ECTimerEngineHelper@@UAEPAXI@Z 004092e0 f i ServiceUnits.obj
 0001:000082e0       ??_GCTimerEngineHelper@@UAEPAXI@Z 004092e0 f i ServiceUnits.obj
 0001:00008320       ?AtlThrowImpl@ATL@@YGXJ@Z  00409320 f i ServiceUnits.obj
 0001:00008340       ?CloseInstance@?$CTempldateHelper@UITCPNetworkEngine@@@@QAE_NXZ 00409340 f i ServiceUnits.obj
 0001:00008340       ?CloseInstance@?$CTempldateHelper@UITimerEngine@@@@QAE_NXZ 00409340 f i ServiceUnits.obj
 0001:00008340       ?CloseInstance@?$CTempldateHelper@UIAttemperEngine@@@@QAE_NXZ 00409340 f i ServiceUnits.obj
 0001:000083c0       ?CreateInstance@?$CTempldateHelper@UIAttemperEngine@@@@QAE_NXZ 004093c0 f i ServiceUnits.obj
 0001:000085a0       ?CreateInstance@?$CTempldateHelper@UITCPNetworkEngine@@@@QAE_NXZ 004095a0 f i ServiceUnits.obj
 0001:00008780       ?CreateInstance@?$CTempldateHelper@UITimerEngine@@@@QAE_NXZ 00409780 f i ServiceUnits.obj
 0001:00008960       ?GetInterface@?$CTempldateHelper@UITCPNetworkEngine@@@@QBEPAUITCPNetworkEngine@@XZ 00409960 f i ServiceUnits.obj
 0001:00008960       ?GetInterface@?$CTempldateHelper@UIAttemperEngine@@@@QBEPAUIAttemperEngine@@XZ 00409960 f i ServiceUnits.obj
 0001:00008960       ?GetInterface@?$CTempldateHelper@UITimerEngine@@@@QBEPAUITimerEngine@@XZ 00409960 f i ServiceUnits.obj
 0001:00008980       ?Init@CCriticalSection@@AAEJXZ 00409980 f i ServiceUnits.obj
 0001:000089c0       ?Lock@CCriticalSection@@QAEHXZ 004099c0 f i ServiceUnits.obj
 0001:000089e0       ?Lock@CCriticalSection@@UAEHK@Z 004099e0 f i ServiceUnits.obj
 0001:00008a00       ?Unlock@CCriticalSection@@UAEHXZ 00409a00 f i ServiceUnits.obj
 0001:00008a20       ?Unlock@CSyncObject@@UAEHJPAJ@Z 00409a20 f i ServiceUnits.obj
 0001:00008a40       _HRESULT_FROM_WIN32        00409a40 f i ServiceUnits.obj
 0001:00008a80       ?Init@CComCriticalSection@ATL@@QAEJXZ 00409a80 f i Stdafx.obj
 0001:00008ac0       ?_AtlInitializeCriticalSectionEx@ATL@@YAHPAU_RTL_CRITICAL_SECTION@@KK@Z 00409ac0 f i Stdafx.obj
 0001:00008ad4       ??3@YAXPAX@Z               00409ad4 f   mfc140u:mfc140u.dll
 0001:00008ada       ??2@YAPAXI@Z               00409ada f   mfc140u:mfc140u.dll
 0001:00008ae0       ??_U@YAPAXI@Z              00409ae0 f   mfc140u:mfc140u.dll
 0001:00008ae6       ??_V@YAXPAX@Z              00409ae6 f   mfc140u:mfc140u.dll
 0001:00008aec       ?OnCmdMsg@CCmdTarget@@UAEHIHPAXPAUAFX_CMDHANDLERINFO@@@Z 00409aec f   mfc140u:mfc140u.dll
 0001:00008af2       ?OnFinalRelease@CCmdTarget@@UAEXXZ 00409af2 f   mfc140u:mfc140u.dll
 0001:00008af8       ?IsInvokeAllowed@CCmdTarget@@UAEHJ@Z 00409af8 f   mfc140u:mfc140u.dll
 0001:00008afe       ?GetDispatchIID@CCmdTarget@@UAEHPAU_GUID@@@Z 00409afe f   mfc140u:mfc140u.dll
 0001:00008b04       ?GetTypeInfoCount@CCmdTarget@@UAEIXZ 00409b04 f   mfc140u:mfc140u.dll
 0001:00008b0a       ?GetTypeLibCache@CCmdTarget@@UAEPAVCTypeLibCache@@XZ 00409b0a f   mfc140u:mfc140u.dll
 0001:00008b10       ?GetTypeLib@CCmdTarget@@UAEJKPAPAUITypeLib@@@Z 00409b10 f   mfc140u:mfc140u.dll
 0001:00008b16       ?GetCommandMap@CCmdTarget@@MBEPBUAFX_OLECMDMAP@@XZ 00409b16 f   mfc140u:mfc140u.dll
 0001:00008b1c       ?GetDispatchMap@CCmdTarget@@MBEPBUAFX_DISPMAP@@XZ 00409b1c f   mfc140u:mfc140u.dll
 0001:00008b22       ?GetConnectionMap@CCmdTarget@@MBEPBUAFX_CONNECTIONMAP@@XZ 00409b22 f   mfc140u:mfc140u.dll
 0001:00008b28       ?GetInterfaceMap@CCmdTarget@@MBEPBUAFX_INTERFACEMAP@@XZ 00409b28 f   mfc140u:mfc140u.dll
 0001:00008b2e       ?GetEventSinkMap@CCmdTarget@@MBEPBUAFX_EVENTSINKMAP@@XZ 00409b2e f   mfc140u:mfc140u.dll
 0001:00008b34       ?OnCreateAggregates@CCmdTarget@@UAEHXZ 00409b34 f   mfc140u:mfc140u.dll
 0001:00008b3a       ?GetInterfaceHook@CCmdTarget@@UAEPAUIUnknown@@PBX@Z 00409b3a f   mfc140u:mfc140u.dll
 0001:00008b40       ?GetExtraConnectionPoints@CCmdTarget@@MAEHPAVCPtrArray@@@Z 00409b40 f   mfc140u:mfc140u.dll
 0001:00008b46       ?GetConnectionHook@CCmdTarget@@MAEPAUIConnectionPoint@@ABU_GUID@@@Z 00409b46 f   mfc140u:mfc140u.dll
 0001:00008b4c       ?AfxInitRichEdit2@@YGHXZ   00409b4c f   mfc140u:mfc140u.dll
 0001:00008b52       ?DoModal@CDialog@@UAEHXZ   00409b52 f   mfc140u:mfc140u.dll
 0001:00008b58       ?PreTranslateMessage@CWinThread@@UAEHPAUtagMSG@@@Z 00409b58 f   mfc140u:mfc140u.dll
 0001:00008b5e       ?PumpMessage@CWinThread@@UAEHXZ 00409b5e f   mfc140u:mfc140u.dll
 0001:00008b64       ?IsIdleMessage@CWinThread@@UAEHPAUtagMSG@@@Z 00409b64 f   mfc140u:mfc140u.dll
 0001:00008b6a       ?ProcessMessageFilter@CWinThread@@UAEHHPAUtagMSG@@@Z 00409b6a f   mfc140u:mfc140u.dll
 0001:00008b70       ?GetMainWnd@CWinThread@@UAEPAVCWnd@@XZ 00409b70 f   mfc140u:mfc140u.dll
 0001:00008b76       ?Delete@CWinThread@@UAEXXZ 00409b76 f   mfc140u:mfc140u.dll
 0001:00008b7c       ?GetRuntimeClass@CWinApp@@UBEPAUCRuntimeClass@@XZ 00409b7c f   mfc140u:mfc140u.dll
 0001:00008b82       ??0CWinApp@@QAE@PB_W@Z     00409b82 f   mfc140u:mfc140u.dll
 0001:00008b88       ?SetRegistryKey@CWinApp@@IAEXPB_W@Z 00409b88 f   mfc140u:mfc140u.dll
 0001:00008b8e       ?GetProfileIntW@CWinApp@@UAEIPB_W0H@Z 00409b8e f   mfc140u:mfc140u.dll
 0001:00008b94       ?WriteProfileInt@CWinApp@@UAEHPB_W0H@Z 00409b94 f   mfc140u:mfc140u.dll
 0001:00008b9a       ?GetProfileStringW@CWinApp@@UAE?AV?$CStringT@_WV?$StrTraitMFC_DLL@_WV?$ChTraitsCRT@_W@ATL@@@@@ATL@@PB_W00@Z 00409b9a f   mfc140u:mfc140u.dll
 0001:00008ba0       ?WriteProfileStringW@CWinApp@@UAEHPB_W00@Z 00409ba0 f   mfc140u:mfc140u.dll
 0001:00008ba6       ?GetProfileBinary@CWinApp@@UAEHPB_W0PAPAEPAI@Z 00409ba6 f   mfc140u:mfc140u.dll
 0001:00008bac       ?WriteProfileBinary@CWinApp@@UAEHPB_W0PAEI@Z 00409bac f   mfc140u:mfc140u.dll
 0001:00008bb2       ?InitLibId@CWinApp@@UAEXXZ 00409bb2 f   mfc140u:mfc140u.dll
 0001:00008bb8       ?Register@CWinApp@@UAEHXZ  00409bb8 f   mfc140u:mfc140u.dll
 0001:00008bbe       ?Unregister@CWinApp@@UAEHXZ 00409bbe f   mfc140u:mfc140u.dll
 0001:00008bc4       ?OpenDocumentFile@CWinApp@@UAEPAVCDocument@@PB_W@Z 00409bc4 f   mfc140u:mfc140u.dll
 0001:00008bca       ?OpenDocumentFile@CWinApp@@UAEPAVCDocument@@PB_WH@Z 00409bca f   mfc140u:mfc140u.dll
 0001:00008bd0       ?AddToRecentFileList@CWinApp@@UAEXPB_W@Z 00409bd0 f   mfc140u:mfc140u.dll
 0001:00008bd6       ?InitApplication@CWinApp@@UAEHXZ 00409bd6 f   mfc140u:mfc140u.dll
 0001:00008bdc       ?SaveAllModified@CWinApp@@UAEHXZ 00409bdc f   mfc140u:mfc140u.dll
 0001:00008be2       ?DoMessageBox@CWinApp@@UAEHPB_WII@Z 00409be2 f   mfc140u:mfc140u.dll
 0001:00008be8       ?DoWaitCursor@CWinApp@@UAEXH@Z 00409be8 f   mfc140u:mfc140u.dll
 0001:00008bee       ?OnDDECommand@CWinApp@@UAEHPA_W@Z 00409bee f   mfc140u:mfc140u.dll
 0001:00008bf4       ?WinHelpW@CWinApp@@UAEXKI@Z 00409bf4 f   mfc140u:mfc140u.dll
 0001:00008bfa       ?HtmlHelpW@CWinApp@@UAEXKI@Z 00409bfa f   mfc140u:mfc140u.dll
 0001:00008c00       ?WinHelpInternal@CWinApp@@UAEXKI@Z 00409c00 f   mfc140u:mfc140u.dll
 0001:00008c06       ?RegisterWithRestartManager@CWinApp@@UAEJHABV?$CStringT@_WV?$StrTraitMFC_DLL@_WV?$ChTraitsCRT@_W@ATL@@@@@ATL@@@Z 00409c06 f   mfc140u:mfc140u.dll
 0001:00008c0c       ?RegisterWithRestartManager@CWinApp@@UAEJPB_WKP6GKPAX@Z1KK@Z 00409c0c f   mfc140u:mfc140u.dll
 0001:00008c12       ?ApplicationRecoveryCallback@CWinApp@@UAEKPAX@Z 00409c12 f   mfc140u:mfc140u.dll
 0001:00008c18       ?GetDataRecoveryHandler@CWinApp@@UAEPAVCDataRecoveryHandler@@XZ 00409c18 f   mfc140u:mfc140u.dll
 0001:00008c1e       ?IsTaskbarInteractionEnabled@CWinApp@@UAEHXZ 00409c1e f   mfc140u:mfc140u.dll
 0001:00008c24       ?InitInstance@CWinApp@@UAEHXZ 00409c24 f   mfc140u:mfc140u.dll
 0001:00008c2a       ?ExitInstance@CWinApp@@UAEHXZ 00409c2a f   mfc140u:mfc140u.dll
 0001:00008c30       ?RestartInstance@CWinApp@@UAEHXZ 00409c30 f   mfc140u:mfc140u.dll
 0001:00008c36       ?Run@CWinApp@@UAEHXZ       00409c36 f   mfc140u:mfc140u.dll
 0001:00008c3c       ?OnIdle@CWinApp@@UAEHJ@Z   00409c3c f   mfc140u:mfc140u.dll
 0001:00008c42       ?ProcessWndProcException@CWinApp@@UAEJPAVCException@@PBUtagMSG@@@Z 00409c42 f   mfc140u:mfc140u.dll
 0001:00008c48       ?LoadAppLangResourceDLL@CWinApp@@UAEPAUHINSTANCE__@@XZ 00409c48 f   mfc140u:mfc140u.dll
 0001:00008c4e       ??1CWinApp@@UAE@XZ         00409c4e f   mfc140u:mfc140u.dll
 0001:00008c54       ?GetThisMessageMap@CWinApp@@KGPBUAFX_MSGMAP@@XZ 00409c54 f   mfc140u:mfc140u.dll
 0001:00008c5a       ?LoadSysPolicies@CWinApp@@UAEHXZ 00409c5a f   mfc140u:mfc140u.dll
 0001:00008c60       ?AfxEnableControlContainer@@YAXPAVCOccManager@@@Z 00409c60 f   mfc140u:mfc140u.dll
 0001:00008c66       ?AfxGetModuleState@@YGPAVAFX_MODULE_STATE@@XZ 00409c66 f   mfc140u:mfc140u.dll
 0001:00008c6c       ?DDX_Control@@YGXPAVCDataExchange@@HAAVCWnd@@@Z 00409c6c f   mfc140u:mfc140u.dll
 0001:00008c72       ?PreSubclassWindow@CWnd@@UAEXXZ 00409c72 f   mfc140u:mfc140u.dll
 0001:00008c78       ?Create@CWnd@@UAEHPB_W0KABUtagRECT@@PAV1@IPAUCCreateContext@@@Z 00409c78 f   mfc140u:mfc140u.dll
 0001:00008c7e       ?CreateEx@CWnd@@UAEHKPB_W0KHHHHPAUHWND__@@PAUHMENU__@@PAX@Z 00409c7e f   mfc140u:mfc140u.dll
 0001:00008c84       ?CreateEx@CWnd@@UAEHKPB_W0KABUtagRECT@@PAV1@IPAX@Z 00409c84 f   mfc140u:mfc140u.dll
 0001:00008c8a       ?DestroyWindow@CWnd@@UAEHXZ 00409c8a f   mfc140u:mfc140u.dll
 0001:00008c90       ?PreCreateWindow@CWnd@@UAEHAAUtagCREATESTRUCTW@@@Z 00409c90 f   mfc140u:mfc140u.dll
 0001:00008c96       ?CalcWindowRect@CWnd@@UAEXPAUtagRECT@@I@Z 00409c96 f   mfc140u:mfc140u.dll
 0001:00008c9c       ?GetDlgItem@CWnd@@QBEPAV1@H@Z 00409c9c f   mfc140u:mfc140u.dll
 0001:00008ca2       ?SetWindowTextW@CWnd@@QAEXPB_W@Z 00409ca2 f   mfc140u:mfc140u.dll
 0001:00008ca8       ?GetMenu@CWnd@@UBEPAVCMenu@@XZ 00409ca8 f   mfc140u:mfc140u.dll
 0001:00008cae       ?SetMenu@CWnd@@UAEHPAVCMenu@@@Z 00409cae f   mfc140u:mfc140u.dll
 0001:00008cb4       ?OnToolHitTest@CWnd@@UBEHVCPoint@@PAUtagTOOLINFOW@@@Z 00409cb4 f   mfc140u:mfc140u.dll
 0001:00008cba       ?EnableWindow@CWnd@@QAEHH@Z 00409cba f   mfc140u:mfc140u.dll
 0001:00008cc0       ?GetScrollBarCtrl@CWnd@@UBEPAVCScrollBar@@H@Z 00409cc0 f   mfc140u:mfc140u.dll
 0001:00008cc6       ?WinHelpW@CWnd@@UAEXKI@Z   00409cc6 f   mfc140u:mfc140u.dll
 0001:00008ccc       ?HtmlHelpW@CWnd@@UAEXKI@Z  00409ccc f   mfc140u:mfc140u.dll
 0001:00008cd2       ?WinHelpInternal@CWnd@@UAEXKI@Z 00409cd2 f   mfc140u:mfc140u.dll
 0001:00008cd8       ?ContinueModal@CWnd@@UAEHXZ 00409cd8 f   mfc140u:mfc140u.dll
 0001:00008cde       ?EndModalLoop@CWnd@@UAEXH@Z 00409cde f   mfc140u:mfc140u.dll
 0001:00008ce4       ?OnDrawIconicThumbnailOrLivePreview@CWnd@@UAEXAAVCDC@@VCRect@@VCSize@@HAAH@Z 00409ce4 f   mfc140u:mfc140u.dll
 0001:00008cea       ?GetInterfaceMap@CWnd@@MBEPBUAFX_INTERFACEMAP@@XZ 00409cea f   mfc140u:mfc140u.dll
 0001:00008cf0       ?EnsureStdObj@CWnd@@UAEJXZ 00409cf0 f   mfc140u:mfc140u.dll
 0001:00008cf6       ?get_accParent@CWnd@@UAEJPAPAUIDispatch@@@Z 00409cf6 f   mfc140u:mfc140u.dll
 0001:00008cfc       ?get_accChildCount@CWnd@@UAEJPAJ@Z 00409cfc f   mfc140u:mfc140u.dll
 0001:00008d02       ?get_accChild@CWnd@@UAEJUtagVARIANT@@PAPAUIDispatch@@@Z 00409d02 f   mfc140u:mfc140u.dll
 0001:00008d08       ?get_accName@CWnd@@UAEJUtagVARIANT@@PAPA_W@Z 00409d08 f   mfc140u:mfc140u.dll
 0001:00008d0e       ?get_accValue@CWnd@@UAEJUtagVARIANT@@PAPA_W@Z 00409d0e f   mfc140u:mfc140u.dll
 0001:00008d14       ?get_accDescription@CWnd@@UAEJUtagVARIANT@@PAPA_W@Z 00409d14 f   mfc140u:mfc140u.dll
 0001:00008d1a       ?get_accRole@CWnd@@UAEJUtagVARIANT@@PAU2@@Z 00409d1a f   mfc140u:mfc140u.dll
 0001:00008d20       ?get_accState@CWnd@@UAEJUtagVARIANT@@PAU2@@Z 00409d20 f   mfc140u:mfc140u.dll
 0001:00008d26       ?get_accHelp@CWnd@@UAEJUtagVARIANT@@PAPA_W@Z 00409d26 f   mfc140u:mfc140u.dll
 0001:00008d2c       ?get_accHelpTopic@CWnd@@UAEJPAPA_WUtagVARIANT@@PAJ@Z 00409d2c f   mfc140u:mfc140u.dll
 0001:00008d32       ?get_accKeyboardShortcut@CWnd@@UAEJUtagVARIANT@@PAPA_W@Z 00409d32 f   mfc140u:mfc140u.dll
 0001:00008d38       ?get_accFocus@CWnd@@UAEJPAUtagVARIANT@@@Z 00409d38 f   mfc140u:mfc140u.dll
 0001:00008d3e       ?get_accSelection@CWnd@@UAEJPAUtagVARIANT@@@Z 00409d3e f   mfc140u:mfc140u.dll
 0001:00008d44       ?get_accDefaultAction@CWnd@@UAEJUtagVARIANT@@PAPA_W@Z 00409d44 f   mfc140u:mfc140u.dll
 0001:00008d4a       ?accSelect@CWnd@@UAEJJUtagVARIANT@@@Z 00409d4a f   mfc140u:mfc140u.dll
 0001:00008d50       ?accLocation@CWnd@@UAEJPAJ000UtagVARIANT@@@Z 00409d50 f   mfc140u:mfc140u.dll
 0001:00008d56       ?accNavigate@CWnd@@UAEJJUtagVARIANT@@PAU2@@Z 00409d56 f   mfc140u:mfc140u.dll
 0001:00008d5c       ?accHitTest@CWnd@@UAEJJJPAUtagVARIANT@@@Z 00409d5c f   mfc140u:mfc140u.dll
 0001:00008d62       ?accDoDefaultAction@CWnd@@UAEJUtagVARIANT@@@Z 00409d62 f   mfc140u:mfc140u.dll
 0001:00008d68       ?put_accName@CWnd@@UAEJUtagVARIANT@@PA_W@Z 00409d68 f   mfc140u:mfc140u.dll
 0001:00008d6e       ?put_accValue@CWnd@@UAEJUtagVARIANT@@PA_W@Z 00409d6e f   mfc140u:mfc140u.dll
 0001:00008d74       ?SetProxy@CWnd@@UAEJPAUIAccessibleProxy@@@Z 00409d74 f   mfc140u:mfc140u.dll
 0001:00008d7a       ?CreateAccessibleProxy@CWnd@@UAEJIJPAJ@Z 00409d7a f   mfc140u:mfc140u.dll
 0001:00008d80       ?OnCommand@CWnd@@MAEHIJ@Z  00409d80 f   mfc140u:mfc140u.dll
 0001:00008d86       ?OnNotify@CWnd@@MAEHIJPAJ@Z 00409d86 f   mfc140u:mfc140u.dll
 0001:00008d8c       ?GetSuperWndProcAddr@CWnd@@MAEPAP6GJPAUHWND__@@IIJ@ZXZ 00409d8c f   mfc140u:mfc140u.dll
 0001:00008d92       ?OnAmbientProperty@CWnd@@UAEHPAVCOleControlSite@@JPAUtagVARIANT@@@Z 00409d92 f   mfc140u:mfc140u.dll
 0001:00008d98       ?WindowProc@CWnd@@MAEJIIJ@Z 00409d98 f   mfc140u:mfc140u.dll
 0001:00008d9e       ?OnWndMsg@CWnd@@MAEHIIJPAJ@Z 00409d9e f   mfc140u:mfc140u.dll
 0001:00008da4       ?DefWindowProcW@CWnd@@MAEJIIJ@Z 00409da4 f   mfc140u:mfc140u.dll
 0001:00008daa       ?PostNcDestroy@CWnd@@MAEXXZ 00409daa f   mfc140u:mfc140u.dll
 0001:00008db0       ?OnChildNotify@CWnd@@MAEHIIJPAJ@Z 00409db0 f   mfc140u:mfc140u.dll
 0001:00008db6       ?OnTouchInputs@CWnd@@MAEHIPAUtagTOUCHINPUT@@@Z 00409db6 f   mfc140u:mfc140u.dll
 0001:00008dbc       ?OnTouchInput@CWnd@@MAEHVCPoint@@HHPAUtagTOUCHINPUT@@@Z 00409dbc f   mfc140u:mfc140u.dll
 0001:00008dc2       ?GetGestureStatus@CWnd@@MAEKVCPoint@@@Z 00409dc2 f   mfc140u:mfc140u.dll
 0001:00008dc8       ?OnGestureZoom@CWnd@@MAEHVCPoint@@J@Z 00409dc8 f   mfc140u:mfc140u.dll
 0001:00008dce       ?OnGesturePan@CWnd@@MAEHVCPoint@@0@Z 00409dce f   mfc140u:mfc140u.dll
 0001:00008dd4       ?OnGestureRotate@CWnd@@MAEHVCPoint@@N@Z 00409dd4 f   mfc140u:mfc140u.dll
 0001:00008dda       ?OnGestureTwoFingerTap@CWnd@@MAEHVCPoint@@@Z 00409dda f   mfc140u:mfc140u.dll
 0001:00008de0       ?OnGesturePressAndTap@CWnd@@MAEHVCPoint@@J@Z 00409de0 f   mfc140u:mfc140u.dll
 0001:00008de6       ?ResizeDynamicLayout@CWnd@@MAEXXZ 00409de6 f   mfc140u:mfc140u.dll
 0001:00008dec       ?IsFrameWnd@CWnd@@UBEHXZ   00409dec f   mfc140u:mfc140u.dll
 0001:00008df2       ?OnFinalRelease@CWnd@@UAEXXZ 00409df2 f   mfc140u:mfc140u.dll
 0001:00008df8       ?CreateControlContainer@CWnd@@MAEHPAPAVCOleControlContainer@@@Z 00409df8 f   mfc140u:mfc140u.dll
 0001:00008dfe       ?CreateControlSite@CWnd@@MAEHPAVCOleControlContainer@@PAPAVCOleControlSite@@IABU_GUID@@@Z 00409dfe f   mfc140u:mfc140u.dll
 0001:00008e04       ?GetRuntimeClass@CDialog@@UBEPAUCRuntimeClass@@XZ 00409e04 f   mfc140u:mfc140u.dll
 0001:00008e0a       ?Create@CDialog@@UAEHPB_WPAVCWnd@@@Z 00409e0a f   mfc140u:mfc140u.dll
 0001:00008e10       ?CreateIndirect@CDialog@@UAEHPBUDLGTEMPLATE@@PAVCWnd@@PAX@Z 00409e10 f   mfc140u:mfc140u.dll
 0001:00008e16       ?CreateIndirect@CDialog@@UAEHPAXPAVCWnd@@@Z 00409e16 f   mfc140u:mfc140u.dll
 0001:00008e1c       ??0CDialog@@QAE@IPAVCWnd@@@Z 00409e1c f   mfc140u:mfc140u.dll
 0001:00008e22       ?OnInitDialog@CDialog@@UAEHXZ 00409e22 f   mfc140u:mfc140u.dll
 0001:00008e28       ?OnSetFont@CDialog@@UAEXPAVCFont@@@Z 00409e28 f   mfc140u:mfc140u.dll
 0001:00008e2e       ?OnCancel@CDialog@@MAEXXZ  00409e2e f   mfc140u:mfc140u.dll
 0001:00008e34       ??1CDialog@@UAE@XZ         00409e34 f   mfc140u:mfc140u.dll
 0001:00008e3a       ?PreTranslateMessage@CDialog@@UAEHPAUtagMSG@@@Z 00409e3a f   mfc140u:mfc140u.dll
 0001:00008e40       ?OnCmdMsg@CDialog@@UAEHIHPAXPAUAFX_CMDHANDLERINFO@@@Z 00409e40 f   mfc140u:mfc140u.dll
 0001:00008e46       ?CheckAutoCenter@CDialog@@UAEHXZ 00409e46 f   mfc140u:mfc140u.dll
 0001:00008e4c       ?SetOccDialogInfo@CDialog@@MAEHPAU_AFX_OCC_DIALOG_INFO@@@Z 00409e4c f   mfc140u:mfc140u.dll
 0001:00008e52       ?GetOccDialogInfo@CDialog@@MAEPAU_AFX_OCC_DIALOG_INFO@@XZ 00409e52 f   mfc140u:mfc140u.dll
 0001:00008e58       ?PreInitDialog@CDialog@@MAEXXZ 00409e58 f   mfc140u:mfc140u.dll
 0001:00008e5e       ?GetThisMessageMap@CDialog@@KGPBUAFX_MSGMAP@@XZ 00409e5e f   mfc140u:mfc140u.dll
 0001:00008e64       ?AfxMessageBox@@YGHPB_WII@Z 00409e64 f   mfc140u:mfc140u.dll
 0001:00008e6a       ?AfxThrowInvalidArgException@@YGXXZ 00409e6a f   mfc140u:mfc140u.dll
 0001:00008e70       ?AfxThrowArchiveException@@YGXHPB_W@Z 00409e70 f   mfc140u:mfc140u.dll
 0001:00008e76       ?GetRuntimeClass@CObject@@UBEPAUCRuntimeClass@@XZ 00409e76 f   mfc140u:mfc140u.dll
 0001:00008e7c       ?Read@CArchive@@QAEIPAXI@Z 00409e7c f   mfc140u:mfc140u.dll
 0001:00008e82       ?Write@CArchive@@QAEXPBXI@Z 00409e82 f   mfc140u:mfc140u.dll
 0001:00008e88       ?ReadCount@CArchive@@QAEKXZ 00409e88 f   mfc140u:mfc140u.dll
 0001:00008e8e       ?WriteCount@CArchive@@QAEXK@Z 00409e8e f   mfc140u:mfc140u.dll
 0001:00008e94       ??0CMapStringToPtr@@QAE@H@Z 00409e94 f   mfc140u:mfc140u.dll
 0001:00008e9a       ?Lookup@CMapStringToPtr@@QBEHPB_WAAPAX@Z 00409e9a f   mfc140u:mfc140u.dll
 0001:00008ea0       ??ACMapStringToPtr@@QAEAAPAXPB_W@Z 00409ea0 f   mfc140u:mfc140u.dll
 0001:00008ea6       ?RemoveKey@CMapStringToPtr@@QAEHPB_W@Z 00409ea6 f   mfc140u:mfc140u.dll
 0001:00008eac       ?RemoveAll@CMapStringToPtr@@QAEXXZ 00409eac f   mfc140u:mfc140u.dll
 0001:00008eb2       ?InitHashTable@CMapStringToPtr@@QAEXIH@Z 00409eb2 f   mfc140u:mfc140u.dll
 0001:00008eb8       ??1CMapStringToPtr@@UAE@XZ 00409eb8 f   mfc140u:mfc140u.dll
 0001:00008ebe       ?Create@CPlex@@SGPAU1@AAPAU1@II@Z 00409ebe f   mfc140u:mfc140u.dll
 0001:00008ec4       ?FreeDataChain@CPlex@@QAEXXZ 00409ec4 f   mfc140u:mfc140u.dll
 0001:00008eca       ?AfxThrowMemoryException@@YGXXZ 00409eca f   mfc140u:mfc140u.dll
 0001:00008ed0       ?AfxThrowOleException@@YGXJ@Z 00409ed0 f   mfc140u:mfc140u.dll
 0001:00008ed6       ?AfxLoadLibrary@@YGPAUHINSTANCE__@@PB_W@Z 00409ed6 f   mfc140u:mfc140u.dll
 0001:00008edc       ?AfxFreeLibrary@@YGHPAUHINSTANCE__@@@Z 00409edc f   mfc140u:mfc140u.dll
 0001:00008ee2       ??0CSyncObject@@QAE@PB_W@Z 00409ee2 f   mfc140u:mfc140u.dll
 0001:00008ee8       ??1CSyncObject@@UAE@XZ     00409ee8 f   mfc140u:mfc140u.dll
 0001:00008eee       ?GetRuntimeClass@CCriticalSection@@UBEPAUCRuntimeClass@@XZ 00409eee f   mfc140u:mfc140u.dll
 0001:0000911c       _wWinMainCRTStartup        0040a11c f   msvcrt:exe_wwinmain.obj
 0001:00009126       ??3@YAXPAXI@Z              0040a126 f   msvcrt:delete_scalar_size.obj
 0001:00009178       ___scrt_acquire_startup_lock 0040a178 f   msvcrt:utility.obj
 0001:000091ad       ___scrt_initialize_crt     0040a1ad f   msvcrt:utility.obj
 0001:000091e6       ___scrt_initialize_onexit_tables 0040a1e6 f   msvcrt:utility.obj
 0001:0000927d       ___scrt_is_nonwritable_in_current_image 0040a27d f   msvcrt:utility.obj
 0001:00009307       ___scrt_release_startup_lock 0040a307 f   msvcrt:utility.obj
 0001:00009324       ___scrt_uninitialize_crt   0040a324 f   msvcrt:utility.obj
 0001:0000934c       __onexit                   0040a34c f   msvcrt:utility.obj
 0001:00009387       _atexit                    0040a387 f   msvcrt:utility.obj
 0001:0000939c       @__security_check_cookie@4 0040a39c f   msvcrt:_secchk_.obj
 0001:000093b0       __chkstk                   0040a3b0 f   msvcrt:chkstk.obj
 0001:000093b0       __alloca_probe             0040a3b0 f   msvcrt:chkstk.obj
 0001:000093dd       ??_Gtype_info@@UAEPAXI@Z   0040a3dd f i msvcrt:std_type_info_static.obj
 0001:000093dd       ??_Etype_info@@UAEPAXI@Z   0040a3dd f i msvcrt:std_type_info_static.obj
 0001:000094c0       ??$__crt_fast_encode_pointer@P6GXPAU_RTL_CONDITION_VARIABLE@@@Z@@YAP6GXPAU_RTL_CONDITION_VARIABLE@@@ZQ6GX0@Z@Z 0040a4c0 f i msvcrt:thread_safe_statics.obj
[...]
 0002:00003020       $SG65488                   0040f020     Stdafx.obj
 0002:00003028       $SG65489                   0040f028     Stdafx.obj
 0002:00003034       $SG65490                   0040f034     Stdafx.obj
 0002:00003040       $SG65491                   0040f040     Stdafx.obj
 0002:0000304c       $SG65492                   0040f04c     Stdafx.obj
 0002:00003058       $SG65493                   0040f058     Stdafx.obj
 0002:00003064       $SG65494                   0040f064     Stdafx.obj
 0002:00003070       $SG65495                   0040f070     Stdafx.obj
 0002:0000307c       $SG65496                   0040f07c     Stdafx.obj
 0002:00003088       $SG65497                   0040f088     Stdafx.obj
 0002:00003094       $SG65498                   0040f094     Stdafx.obj
 0002:000030a0       $SG65499                   0040f0a0     Stdafx.obj
 0002:000030ac       $SG64475                   0040f0ac     Stdafx.obj
 0002:000030c8       $SG65500                   0040f0c8     Stdafx.obj
 0002:000030d4       $SG65501                   0040f0d4     Stdafx.obj
 0002:000030e0       $SG65502                   0040f0e0     Stdafx.obj
 0002:000030ec       $SG65503                   0040f0ec     Stdafx.obj
 0002:000030f8       $SG65504                   0040f0f8     Stdafx.obj
 0002:00003104       $SG65505                   0040f104     Stdafx.obj
 0002:00003110       $SG65506                   0040f110     Stdafx.obj
 0002:0000311c       $SG65507                   0040f11c     Stdafx.obj
 0002:00003128       $SG65508                   0040f128     Stdafx.obj
 0002:00003130       $SG65509                   0040f130     Stdafx.obj
 0002:0000313c       $SG65510                   0040f13c     Stdafx.obj
 0002:00003144       $SG65511                   0040f144     Stdafx.obj
 0002:00003150       $SG65512                   0040f150     Stdafx.obj
 0002:00003158       $SG65513                   0040f158     Stdafx.obj
 0002:00003164       $SG65514                   0040f164     Stdafx.obj
 0002:0000316c       $SG65515                   0040f16c     Stdafx.obj
 0002:00003178       $SG65516                   0040f178     Stdafx.obj
 0002:00003180       $SG65517                   0040f180     Stdafx.obj
 0002:0000318c       $SG65518                   0040f18c     Stdafx.obj
 0002:00003194       $SG65519                   0040f194     Stdafx.obj
 0002:000031a0       $SG65520                   0040f1a0     Stdafx.obj
 0002:000031ac       $SG65521                   0040f1ac     Stdafx.obj
 0002:000031b8       $SG65522                   0040f1b8     Stdafx.obj
 0002:000031c4       $SG65523                   0040f1c4     Stdafx.obj
 0002:000031d0       $SG65524                   0040f1d0     Stdafx.obj
 0002:000031dc       $SG65525                   0040f1dc     Stdafx.obj
 0002:000031e4       $SG65526                   0040f1e4     Stdafx.obj
 0002:000031f0       $SG65527                   0040f1f0     Stdafx.obj
 0002:000031f8       $SG65528                   0040f1f8     Stdafx.obj
 0002:00003204       $SG65529                   0040f204     Stdafx.obj
 0002:0000320c       $SG65530                   0040f20c     Stdafx.obj
 0002:00003218       $SG65531                   0040f218     Stdafx.obj
 0002:00003220       $SG65532                   0040f220     Stdafx.obj
 0002:0000322c       $SG65533                   0040f22c     Stdafx.obj
 0002:00003234       ?IID_IDataBaseEngine@@3U_GUID@@B 0040f234     Stdafx.obj
 0002:00003244       $SG65534                   0040f244     Stdafx.obj
 0002:00003250       $SG65535                   0040f250     Stdafx.obj
 0002:000032d4       _GS_ExceptionPointers      0040f2d4     msvcrt:gs_report.obj
 0002:00004288       __unwindtable$??0CAttemperEngineSink@@QAE@XZ 00410288     AttemperEngineSink.obj
 0002:00004290       __catchsym$?OnAttemperEngineConclude@CAttemperEngineSink@@UAE_NPAUIUnknownEx@@@Z$2 00410290     AttemperEngineSink.obj
 0002:000042a0       __unwindtable$?OnAttemperEngineConclude@CAttemperEngineSink@@UAE_NPAUIUnknownEx@@@Z 004102a0     AttemperEngineSink.obj
 0002:000042b0       __tryblocktable$?OnAttemperEngineConclude@CAttemperEngineSink@@UAE_NPAUIUnknownEx@@@Z 004102b0     AttemperEngineSink.obj
 0002:000042c4       __ehfuncinfo$?OnAttemperEngineConclude@CAttemperEngineSink@@UAE_NPAUIUnknownEx@@@Z 004102c4     AttemperEngineSink.obj
 0002:000042e8       __ehfuncinfo$??0CAttemperEngineSink@@QAE@XZ 004102e8     AttemperEngineSink.obj
 0002:0000430c       __catchsym$?_Reallocate@?$vector@UtagOtherServerLogInfo@@V?$allocator@UtagOtherServerLogInfo@@@std@@@std@@IAEXI@Z$2 0041030c     AttemperEngineSink.obj
 0002:0000431c       __unwindtable$?_Reallocate@?$vector@UtagOtherServerLogInfo@@V?$allocator@UtagOtherServerLogInfo@@@std@@@std@@IAEXI@Z 0041031c     AttemperEngineSink.obj
 0002:0000432c       __tryblocktable$?_Reallocate@?$vector@UtagOtherServerLogInfo@@V?$allocator@UtagOtherServerLogInfo@@@std@@@std@@IAEXI@Z 0041032c     AttemperEngineSink.obj
 0002:00004340       __ehfuncinfo$?_Reallocate@?$vector@UtagOtherServerLogInfo@@V?$allocator@UtagOtherServerLogInfo@@@std@@@std@@IAEXI@Z 00410340     AttemperEngineSink.obj
 0002:00004364       __catchsym$?_Reallocate@?$vector@UtagLogUserInfo@@V?$allocator@UtagLogUserInfo@@@std@@@std@@IAEXI@Z$2 00410364     AttemperEngineSink.obj
 0002:00004374       __unwindtable$?_Reallocate@?$vector@UtagLogUserInfo@@V?$allocator@UtagLogUserInfo@@@std@@@std@@IAEXI@Z 00410374     AttemperEngineSink.obj
 0002:00004384       __tryblocktable$?_Reallocate@?$vector@UtagLogUserInfo@@V?$allocator@UtagLogUserInfo@@@std@@@std@@IAEXI@Z 00410384     AttemperEngineSink.obj
 0002:00004398       __ehfuncinfo$?_Reallocate@?$vector@UtagLogUserInfo@@V?$allocator@UtagLogUserInfo@@@std@@@std@@IAEXI@Z 00410398     AttemperEngineSink.obj
 0002:000043bc       __unwindtable$?InitInstance@CLogServerApp@@UAEHXZ 004103bc     LogServer.obj
 0002:000043c4       __ehfuncinfo$?InitInstance@CLogServerApp@@UAEHXZ 004103c4     LogServer.obj
 0002:000043e8       __catchsym$?OnBnClickedStopService@CLogServerDlg@@IAEXXZ$2 004103e8     LogServerServerDlg.obj
 0002:000043f8       __unwindtable$?OnBnClickedStopService@CLogServerDlg@@IAEXXZ 004103f8     LogServerServerDlg.obj
 0002:00004408       __catchsym$?OnBnClickedStartService@CLogServerDlg@@IAEXXZ$2 00410408     LogServerServerDlg.obj
 0002:00004418       __unwindtable$?OnBnClickedStartService@CLogServerDlg@@IAEXXZ 00410418     LogServerServerDlg.obj
 0002:00004428       __unwindtable$??0CLogServerDlg@@QAE@XZ 00410428     LogServerServerDlg.obj
 0002:00004438       __tryblocktable$?OnBnClickedStopService@CLogServerDlg@@IAEXXZ 00410438     LogServerServerDlg.obj
 0002:0000444c       __tryblocktable$?OnBnClickedStartService@CLogServerDlg@@IAEXXZ 0041044c     LogServerServerDlg.obj
 0002:00004460       __ehfuncinfo$?OnBnClickedStopService@CLogServerDlg@@IAEXXZ 00410460     LogServerServerDlg.obj
 0002:00004484       __ehfuncinfo$?OnBnClickedStartService@CLogServerDlg@@IAEXXZ 00410484     LogServerServerDlg.obj
 0002:000044a8       __ehfuncinfo$??0CLogServerDlg@@QAE@XZ 004104a8     LogServerServerDlg.obj
 0002:000044cc       __unwindtable$??0CGlobalServerItem@@IAE@XZ 004104cc     GlobalInfoManager.obj
 0002:000044d4       __catchsym$?CreateGlobalChatItem@CGlobalInfoManager@@AAEPAVCGlobalChatItem@@XZ$3 004104d4     GlobalInfoManager.obj
 0002:000044e4       __catchsym$?CreateGlobalServerItem@CGlobalInfoManager@@AAEPAVCGlobalServerItem@@XZ$3 004104e4     GlobalInfoManager.obj
 0002:000044f4       __catchsym$?CreateGlobalPlazaItem@CGlobalInfoManager@@AAEPAVCGlobalPlazaItem@@XZ$3 004104f4     GlobalInfoManager.obj
 0002:00004504       __catchsym$?CreateGlobalUserItem@CGlobalInfoManager@@AAEPAVCGlobalUserItem@@XZ$3 00410504     GlobalInfoManager.obj
 0002:00004514       __catchsym$??1CGlobalInfoManager@@UAE@XZ$29 00410514     GlobalInfoManager.obj
 0002:00004524       __catchsym$??1CGlobalInfoManager@@UAE@XZ$28 00410524     GlobalInfoManager.obj
 0002:00004534       __catchsym$??1CGlobalInfoManager@@UAE@XZ$27 00410534     GlobalInfoManager.obj
 0002:00004544       __catchsym$??1CGlobalInfoManager@@UAE@XZ$26 00410544     GlobalInfoManager.obj
 0002:00004554       __catchsym$??1CGlobalInfoManager@@UAE@XZ$25 00410554     GlobalInfoManager.obj
 0002:00004564       __catchsym$??1CGlobalInfoManager@@UAE@XZ$24 00410564     GlobalInfoManager.obj
 0002:00004574       __catchsym$??1CGlobalInfoManager@@UAE@XZ$23 00410574     GlobalInfoManager.obj
 0002:00004584       __catchsym$??1CGlobalInfoManager@@UAE@XZ$22 00410584     GlobalInfoManager.obj
 0002:00004594       __tryblocktable$?CreateGlobalChatItem@CGlobalInfoManager@@AAEPAVCGlobalChatItem@@XZ 00410594     GlobalInfoManager.obj
 0002:000045a8       __tryblocktable$?CreateGlobalServerItem@CGlobalInfoManager@@AAEPAVCGlobalServerItem@@XZ 004105a8     GlobalInfoManager.obj
 0002:000045bc       __tryblocktable$?CreateGlobalPlazaItem@CGlobalInfoManager@@AAEPAVCGlobalPlazaItem@@XZ 004105bc     GlobalInfoManager.obj
 0002:000045d0       __tryblocktable$?CreateGlobalUserItem@CGlobalInfoManager@@AAEPAVCGlobalUserItem@@XZ 004105d0     GlobalInfoManager.obj
 0002:000045e4       __unwindtable$?CreateGlobalChatItem@CGlobalInfoManager@@AAEPAVCGlobalChatItem@@XZ 004105e4     GlobalInfoManager.obj
 0002:000045fc       __unwindtable$?CreateGlobalServerItem@CGlobalInfoManager@@AAEPAVCGlobalServerItem@@XZ 004105fc     GlobalInfoManager.obj
 0002:00004614       __unwindtable$?CreateGlobalPlazaItem@CGlobalInfoManager@@AAEPAVCGlobalPlazaItem@@XZ 00410614     GlobalInfoManager.obj
 0002:0000462c       __unwindtable$?CreateGlobalUserItem@CGlobalInfoManager@@AAEPAVCGlobalUserItem@@XZ 0041062c     GlobalInfoManager.obj
 0002:00004644       __ehfuncinfo$?CreateGlobalChatItem@CGlobalInfoManager@@AAEPAVCGlobalChatItem@@XZ 00410644     GlobalInfoManager.obj
 0002:00004668       __ehfuncinfo$?CreateGlobalServerItem@CGlobalInfoManager@@AAEPAVCGlobalServerItem@@XZ 00410668     GlobalInfoManager.obj
 0002:0000468c       __ehfuncinfo$?CreateGlobalPlazaItem@CGlobalInfoManager@@AAEPAVCGlobalPlazaItem@@XZ 0041068c     GlobalInfoManager.obj
 0002:000046b0       __ehfuncinfo$?CreateGlobalUserItem@CGlobalInfoManager@@AAEPAVCGlobalUserItem@@XZ 004106b0     GlobalInfoManager.obj
 0002:000046d4       __ehfuncinfo$??1CGlobalInfoManager@@UAE@XZ 004106d4     GlobalInfoManager.obj
 0002:000046f8       __ehfuncinfo$??0CGlobalInfoManager@@QAE@XZ 004106f8     GlobalInfoManager.obj
 0002:0000471c       __ehfuncinfo$??0CGlobalServerItem@@IAE@XZ 0041071c     GlobalInfoManager.obj
 0002:00004740       __unwindtable$??0CGlobalInfoManager@@QAE@XZ 00410740     GlobalInfoManager.obj
 0002:00004770       __tryblocktable$??1CGlobalInfoManager@@UAE@XZ 00410770     GlobalInfoManager.obj
 0002:00004810       __unwindtable$??1CGlobalInfoManager@@UAE@XZ 00410810     GlobalInfoManager.obj
 0002:000048c0       __unwindtable$?NewAssoc@?$CMap@KKPAVCGlobalUserItem@@PAV1@@@IAEPAVCAssoc@1@K@Z 004108c0     GlobalInfoManager.obj
 0002:000048c0       __unwindtable$?NewAssoc@?$CMap@GGPAVCGlobalServerItem@@PAV1@@@IAEPAVCAssoc@1@G@Z 004108c0     GlobalInfoManager.obj
 0002:000048c0       __unwindtable$?NewAssoc@?$CMap@GGPAVCGlobalPlazaItem@@PAV1@@@IAEPAVCAssoc@1@G@Z 004108c0     GlobalInfoManager.obj
 0002:000048c0       __unwindtable$?NewAssoc@?$CMap@GGPAVCGlobalChatItem@@PAV1@@@IAEPAVCAssoc@1@G@Z 004108c0     GlobalInfoManager.obj
 0002:000048c8       __ehfuncinfo$?NewAssoc@?$CMap@GGPAVCGlobalPlazaItem@@PAV1@@@IAEPAVCAssoc@1@G@Z 004108c8     GlobalInfoManager.obj
 0002:000048c8       __ehfuncinfo$?NewAssoc@?$CMap@KKPAVCGlobalUserItem@@PAV1@@@IAEPAVCAssoc@1@K@Z 004108c8     GlobalInfoManager.obj
 0002:000048c8       __ehfuncinfo$?NewAssoc@?$CMap@GGPAVCGlobalChatItem@@PAV1@@@IAEPAVCAssoc@1@G@Z 004108c8     GlobalInfoManager.obj
 0002:000048c8       __ehfuncinfo$?NewAssoc@?$CMap@GGPAVCGlobalServerItem@@PAV1@@@IAEPAVCAssoc@1@G@Z 004108c8     GlobalInfoManager.obj
 0002:000048ec       __unwindtable$?LoadInitParameter@CInitParameter@@QAEXXZ 004108ec     InitParameter.obj
 0002:000048f4       __ehfuncinfo$?LoadInitParameter@CInitParameter@@QAEXXZ 004108f4     InitParameter.obj
 0002:00004918       __unwindtable$??0CCriticalSection@@QAE@XZ 00410918     ServiceUnits.obj
 0002:00004920       __ehfuncinfo$??0CCriticalSection@@QAE@XZ 00410920     ServiceUnits.obj
 0002:00004944       __unwindtable$?CreateInstance@?$CTempldateHelper@UITimerEngine@@@@QAE_NXZ 00410944     ServiceUnits.obj
 0002:00004954       __tryblocktable$?CreateInstance@?$CTempldateHelper@UITimerEngine@@@@QAE_NXZ 00410954     ServiceUnits.obj
 0002:00004968       __catchsym$?CreateInstance@?$CTempldateHelper@UITimerEngine@@@@QAE_NXZ$3 00410968     ServiceUnits.obj
 0002:00004988       __ehfuncinfo$?CreateInstance@?$CTempldateHelper@UITimerEngine@@@@QAE_NXZ 00410988     ServiceUnits.obj
 0002:000049ac       __ehfuncinfo$??1?$CTempldateHelper@UITimerEngine@@@@UAE@XZ 004109ac     ServiceUnits.obj
 0002:000049ac       __ehfuncinfo$??1?$CTempldateHelper@UIAttemperEngine@@@@UAE@XZ 004109ac     ServiceUnits.obj
 0002:000049ac       __ehfuncinfo$??1?$vector@UtagLogUserInfo@@V?$allocator@UtagLogUserInfo@@@std@@@std@@QAE@XZ 004109ac     AttemperEngineSink.obj
 0002:000049ac       __ehfuncinfo$??0?$vector@UtagLogUserInfo@@V?$allocator@UtagLogUserInfo@@@std@@@std@@QAE@XZ 004109ac     AttemperEngineSink.obj
 0002:000049ac       __ehfuncinfo$??1?$CMap@GGPAVCGlobalPlazaItem@@PAV1@@@UAE@XZ 004109ac     GlobalInfoManager.obj
 0002:000049ac       __ehfuncinfo$??1?$CMap@GGPAVCGlobalServerItem@@PAV1@@@UAE@XZ 004109ac     GlobalInfoManager.obj
 0002:000049ac       __ehfuncinfo$??1?$CMap@GGPAVCGlobalChatItem@@PAV1@@@UAE@XZ 004109ac     GlobalInfoManager.obj
 0002:000049ac       __ehfuncinfo$??1?$vector@UtagOtherServerLogInfo@@V?$allocator@UtagOtherServerLogInfo@@@std@@@std@@QAE@XZ 004109ac     AttemperEngineSink.obj
 0002:000049ac       __ehfuncinfo$??0?$vector@UtagOtherServerLogInfo@@V?$allocator@UtagOtherServerLogInfo@@@std@@@std@@QAE@XZ 004109ac     AttemperEngineSink.obj
 0002:000049ac       __ehfuncinfo$??1?$CTempldateHelper@UITCPNetworkEngine@@@@UAE@XZ 004109ac     ServiceUnits.obj
 0002:000049ac       __ehfuncinfo$??1?$CMap@KKPAVCGlobalUserItem@@PAV1@@@UAE@XZ 004109ac     GlobalInfoManager.obj
 0002:000049d0       __unwindtable$?CreateInstance@?$CTempldateHelper@UIAttemperEngine@@@@QAE_NXZ 004109d0     ServiceUnits.obj
 0002:000049e0       __tryblocktable$?CreateInstance@?$CTempldateHelper@UIAttemperEngine@@@@QAE_NXZ 004109e0     ServiceUnits.obj
 0002:000049f4       __catchsym$?CreateInstance@?$CTempldateHelper@UIAttemperEngine@@@@QAE_NXZ$3 004109f4     ServiceUnits.obj
 0002:00004a14       __ehfuncinfo$?CreateInstance@?$CTempldateHelper@UIAttemperEngine@@@@QAE_NXZ 00410a14     ServiceUnits.obj
 0002:00004a38       __unwindtable$?CreateInstance@?$CTempldateHelper@UITCPNetworkEngine@@@@QAE_NXZ 00410a38     ServiceUnits.obj
 0002:00004a48       __tryblocktable$?CreateInstance@?$CTempldateHelper@UITCPNetworkEngine@@@@QAE_NXZ 00410a48     ServiceUnits.obj
 0002:00004a5c       __catchsym$?CreateInstance@?$CTempldateHelper@UITCPNetworkEngine@@@@QAE_NXZ$3 00410a5c     ServiceUnits.obj
 0002:00004a7c       __ehfuncinfo$?CreateInstance@?$CTempldateHelper@UITCPNetworkEngine@@@@QAE_NXZ 00410a7c     ServiceUnits.obj
 0002:00004aa0       __ehfuncinfo$??1CServiceUnits@@UAE@XZ 00410aa0     ServiceUnits.obj
 0002:00004ac4       __ehfuncinfo$??0CServiceUnits@@QAE@XZ 00410ac4     ServiceUnits.obj
 0002:00004ae8       __unwindtable$??0CServiceUnits@@QAE@XZ 00410ae8     ServiceUnits.obj
 0002:00004b18       __sehtable$?__scrt_common_main_seh@@YAHXZ 00410b18     msvcrt:exe_wwinmain.obj
 0002:00004b38       __sehtable$___scrt_is_nonwritable_in_current_image 00410b38     msvcrt:utility.obj
 0002:0000510c       .idata$6                   0041110c     mfc140u:mfc140u.dll
 0002:0000532e       .idata$6                   0041132e     kernel32:KERNEL32.dll
 0002:00005374       .idata$6                   00411374     user32:USER32.dll
 0002:00005380       .idata$6                   00411380     comctl32:COMCTL32.dll
 0002:000053c8       .idata$6                   004113c8     msvcprt:MSVCP140.dll
 0002:000054ea       .idata$6                   004114ea     ServiceCore:ServiceCore.dll
 0002:00005578       .idata$6                   00411578     KernelEngine:KernelEngine.dll
 0002:0000562a       .idata$6                   0041162a     vcruntime:VCRUNTIME140.dll
 0002:000058b8       .idata$6                   004118b8     ucrt:api-ms-win-crt-runtime-l1-1-0.dll
 0002:000058da       .idata$6                   004118da     ucrt:api-ms-win-crt-filesystem-l1-1-0.dll
 0002:00005900       .idata$6                   00411900     ucrt:api-ms-win-crt-stdio-l1-1-0.dll
 0002:00005920       .idata$6                   00411920     ucrt:api-ms-win-crt-locale-l1-1-0.dll
 0002:00005942       .idata$6                   00411942     ucrt:api-ms-win-crt-time-l1-1-0.dll
 0002:00005962       .idata$6                   00411962     ucrt:api-ms-win-crt-utility-l1-1-0.dll
 0002:00005984       .idata$6                   00411984     ucrt:api-ms-win-crt-heap-l1-1-0.dll
 0002:000059a4       .idata$6                   004119a4     ucrt:api-ms-win-crt-math-l1-1-0.dll
 0003:00000000       ?PADDING@@3PAEA            00412000     Stdafx.obj
 0003:00000694       ?module_local_atexit_table@@3U_onexit_table_t@@A 00412694     msvcrt:utility.obj
 0003:000006a0       ?module_local_at_quick_exit_table@@3U_onexit_table_t@@A 004126a0     msvcrt:utility.obj
 0003:000006ac       ?is_initialized_as_dll@@3_NA 004126ac     msvcrt:utility.obj
 0003:000006b0       ?_Tss_mutex@@3U_RTL_CRITICAL_SECTION@@A 004126b0     msvcrt:thread_safe_statics.obj
 0003:000006c8       ?_Tss_cv@@3U_RTL_CONDITION_VARIABLE@@A 004126c8     msvcrt:thread_safe_statics.obj
 0003:000006cc       ?_Tss_event@@3PAXA         004126cc     msvcrt:thread_safe_statics.obj
 0003:000006d0       ?encoded_sleep_condition_variable_cs@@3P6GHPAU_RTL_CONDITION_VARIABLE@@PAU_RTL_CRITICAL_SECTION@@K@ZA 004126d0     msvcrt:thread_safe_statics.obj
 0003:000006d4       ?encoded_wake_all_condition_variable@@3P6GXPAU_RTL_CONDITION_VARIABLE@@@ZA 004126d4     msvcrt:thread_safe_statics.obj
 0003:00000700       _GS_ExceptionRecord        00412700     msvcrt:gs_report.obj
 0003:00000750       _GS_ContextRecord          00412750     msvcrt:gs_report.obj
 0004:00000000       __guard_fids__             00413000     msvcrt:exe_wwinmain.obj
 0004:00000004       __guard_fids__             00413004     msvcrt:exe_wwinmain.obj
 0004:00000008       __guard_fids__             00413008     msvcrt:exe_wwinmain.obj
 0004:0000000c       __guard_fids_?pre_c_initialization@@YAHXZ 0041300c     msvcrt:exe_wwinmain.obj
 0004:00000014       __guard_fids__             00413014     msvcrt:std_type_info_static.obj
 0004:00000018       __guard_fids__             00413018     msvcrt:thread_safe_statics.obj
 0004:0000001c       __guard_fids_?__scrt_initialize_thread_safe_statics@@YAHXZ 0041301c     msvcrt:thread_safe_statics.obj
 0004:00000020       __guard_fids___except_handler4 00413020     msvcrt:_chandler4gs_.obj
 0004:00000024       __guard_fids____scrt_set_unhandled_exception_filter 00413024     msvcrt:utility_desktop.obj
 0004:00000028       __guard_fids__             00413028     msvcrt:guard_support.obj
 0004:0000002c       __guard_fids_??__E_AtlBaseModule@ATL@@YAXXZ 0041302c     atls:atlbase.obj
 0004:00000030       __guard_fids__             00413030     atls:atlbase.obj
 0004:00000034       __guard_fids__             00413034     mfcs140u:appmodul.obj
 0006:00000180       $R000000                   00415180     LogServer.res
 0006:00001e28       $R001CA8                   00416e28     LogServer.res
 0006:00001e40       $R001CC0                   00416e40     LogServer.res
 0006:00002088       $R001F08                   00417088     LogServer.res
 0006:00002388       $R002208                   00417388     LogServer.res
